==============
далее. 
certbot





# yum install epel-release
# yum install certbot

запускаем команду которая в папку /etc/letsencrypt положит сертификат и приватный ключ:
# certbot certonly --webroot -d paidsupport.example.kz -w /srv/www/paidsupport.example.kz

где:
-d paidsupport.example.kz = название сайта
-w /srv/www/paidsupport.example.kz = путь к папке



вывод на экран:

IMPORTANT NOTES:
 - Congratulations! Your certificate and chain have been saved at:
   /etc/letsencrypt/live/paidsupport.example.kz/fullchain.pem
   Your key file has been saved at:
   /etc/letsencrypt/live/paidsupport.example.kz/privkey.pem
   Your certificate will expire on 2023-01-21. To obtain a new or
   tweaked version of this certificate in the future, simply run
   certbot again. To non-interactively renew *all* of your
   certificates, run "certbot renew"
 - If you like Certbot, please consider supporting our work by:

   Donating to ISRG / Let's Encrypt:   https://letsencrypt.org/donate
   Donating to EFF:                    https://eff.org/donate-le


справка по certbot
$ certbot --help all
параметр certonly = Obtain or renew a certificate, but do not install it


в итоге всталяем параеметры ключа в nginx вот так :
вставляем в файл : 
/etc/nginx/conf.d/paidsupport.example.kz.conf

 listen 443 ssl;
 ssl_certificate_key /etc/letsencrypt/live/paidsupport.example.kz/privkey.pem;    = путь к притваному ключу
 ssl_certificate /etc/letsencrypt/live/paidsupport.example.kz/fullchain.pem;      = путь к сертификату


активируем таймер(на centos):
$ sudo systemctl enable --now certbot-renew.timer

активируем таймер (на ubuntu):
$ sudo systemctl enable --now certbot.timer


содрежимое systemd службы которую системд таймер вызывает 
$ sudo cat /usr/lib/systemd/system/certbot-renew.service
[Unit]
Description=This service automatically renews any certbot certificates found

[Service]
EnvironmentFile=/etc/sysconfig/certbot
Type=oneshot
ExecStart=/usr/bin/certbot renew --noninteractive --no-random-sleep-on-renew $PRE_HOOK $POST_HOOK $RENEW_HOOK $DEPLOY_HOOK $CERTBOT_ARGS

$ cat /usr/lib/systemd/system/certbot-renew.timer
[Unit]
Description=This is the timer to set the schedule for automated renewals

[Timer]
OnCalendar=*-*-* 00/12:00:00
RandomizedDelaySec=12hours
Persistent=true

[Install]
WantedBy=timers.target


якобы в эту папаку нужно положить +x скрипт который рестаиртит нжинкс /etc/letsencrypt/renewal-hooks/post
чтобы после обновления сертификатов нжин перечитал конфиг.



Issued On Sunday, October 23, 2022 at 5:35:40 PM
Expires On  Saturday, January 21, 2023 at 5:35:39 PM

Issued On Sunday, October 23, 2022 at 5:41:00 PM
Expires On  Saturday, January 21, 2023 at 5:40:59 PM

команда 
# sudo  certbot certonly --force-renew -d paidsupport.example.kz --webroot -w /srv/www/paidsupport.example.kz/
не вызывает автоматичекий нжинкс релоад конфига.


по поводу ключа -d: The -d option specifies the domain name, or "subject", to be used in the certificate. Multiple -d options create a single certificate that contains multiple subjects. The first -d is used for the main subject. The "Certificate Subject Alt Name" (Firefox term) or "X509v3 Subject Alternative Name" (OpenSSL term) lists all subjects, including the main subject. Certbot stores the certificate material in a folder named after the main subject (i.e. the first -d).

далее
$sudo certbot renew --force-renewal
когда неуывазваем кокнертный домен для обновления. то certbot и несрпашивает тогда про webroot папаку ( он ее берет из папки 
/etc/letsencrypt/renewal/имя_домена для каждого домена ) и также выполняет 
posthook из папки /etc/letsencrypt/renewal-hooks/post


модуль nginx ( я про этот файл говорю) ставить ненужно неоябязательно, ибо то что он делает он меняет конфиг нжинкс а мы это можем делать и руками. 

что происходит когда мы имеем сертиификат и получаем новый. путь к сертификату остается тот же самый:
/etc/letsencrypt/live/paidsupport.example.kz/fullchain.pem
просто это симлинк на файл /etc/letsencrypt/archive/paidsupport.example.kz/fullchain4.pem
тоесть каждый раз когда обновляем мы сертификат то в этой папке доавляется файлик вида fullchainN.pem
а для нжинкса путь остается тем же самым /etc/letsencrypt/live/paidsupport.example.kz/fullchain.pem
поэтому в конфиге жинкса ничего менять ненадо после обновления серта. надо просто попрсить нжинкс переоткрыть файл с сертом
тоесть перечитать свой конфиг systemctl reoad nginx. 
это очень удобно. и главное что понятно что просиходит  со старым сертификатом что происходит  сновым сертификатом.

далее. когда мы запрашиваем сертфиикат то certbot может сделать свое дело двумя способами. первый способ это он 
поднимает свой веб сервер на питоне и садитться на порт 80. нам этот метод неудобен потому что у нас на порту 80 уже 
сидит нжюинкс. (метод называется standlakone server). есть второй способ называется webroot это когда унас certbot
спрашивает корневую папку для нашего домена на уже запущенном нашем веб сервере. и тогда он в той папке создает
некую спец папку и туда кладет файл. а потом снаружи сайт леценкрипт ищет этот файл по пути вида http://домен/.well-known/имя файла. если он находит то выдается сертификат. поэтому когдмы мы первый раз для домена запрмшивает сертфиикат то 
мы всегда должны уаазать папку под webroot через ключи  --webroot -w тоесть

# certbot certonly  -d paidsupport.example.kz --webroot -w /srv/www/paidsupport.example.kz


под каким правами запускать certbot? хз. но минимум под такими чтобы у него были права сделать запись в папку 
с нашим сайтом /srv/www/paidsupport.example.kz,  проще всего под root


как только серьификат получен он просто кладется в папку /etc/letsencrypt/имя_домена/ и все
на конфиге нжмнкса сертбот ничего неделает неменяет. это уже наша забота туда подставить путь к сертификату.


как только первй раз для домена сертифкат получен то настройки при кооторых он был получен сохранятся в файл:
/etc/letsencrypt/renewal/имя_домена

например 
# cat  /etc/letsencrypt/renewal/paidsupport.example.kz.conf 
# renew_before_expiry = 30 days
version = 1.11.0
archive_dir = /etc/letsencrypt/archive/paidsupport.example.kz
cert = /etc/letsencrypt/live/paidsupport.example.kz/cert.pem
privkey = /etc/letsencrypt/live/paidsupport.example.kz/privkey.pem
chain = /etc/letsencrypt/live/paidsupport.example.kz/chain.pem
fullchain = /etc/letsencrypt/live/paidsupport.example.kz/fullchain.pem

# Options used in the renewal process
[renewalparams]
account = e71d5d0afe7506709699fb5a3aada224
manual_public_ip_logging_ok = None
server = https://acme-v02.api.letsencrypt.org/directory
authenticator = webroot
webroot_path = /srv/www/paidsupport.example.kz,


это удобно когда мы будем обновлять все сертифкаты за раз то к нам небует вопросов например о папке webroot.

ключ renew работает только на обновлаение всех сертификаов за раз, какойто конкретный сертификат через renew неполучится
обновить. 

ключ certonly наоборот необновляет все сразу  а обновляет только какойто кокнретный домен.
это значит что ему обязательно нужно подслсывать и название домена и его web root папку

а так посути что renew что certonly обнволят сертификат или сертификаты в /etc/letsecnrypt и ничего неменяют
в нжинкс. ( при условии что мы неукзываем опцию certbot --nginx)
Еще насколько я понимаю renew запускает постхук сам = /etc/letsencrypt/renewal-hooks/post/...


опуция --dry-run насколько я понимаю делает то что она кладет файлы в папки веб серевера и пытается счиать снаружи.
но сами сертификаты при этом нескачиываются и не сохранются на системе.

еще раз подчеркну такой момент. при запуске certbot можно указать ключ --nginx  этот ключ дает то что 
сербот обноавляет сертификаты в папке /etc/letsencrypt/... а ключ --nginx потом лезе в конфиг нжинкс и делает 
там изменнеия вставляя туда строки которые описывают нжинксу где брать сертификаты. важно здесь подчеркнуть то что 
ключ --nginx будет работать только и только если в системе установлен пакет python2-certbot-nginx.noarch
если он неустановлен то ключ --nginx небудет рабоатть! и все что будет делать certbot это только обноавлять сертифкаты
в папке /etc/letsencrypt. а в конифге нжинкса менять мы должны сами руками.


далее речь пойдет о юнитах systemd\systemctl поэтому сразу тут я хочу сказать что чтобы вспомнить все юнитах нужно прочитать мою статью про systemd\systemctl= https://github.com/aceqbaceq/docs/blob/master/systemd.txt

итак я хочу сказать - при установке пакета certbot в systemd устанавливается два юнита (в centos)
$ rpm -ql certbot
/usr/lib/systemd/system/certbot-renew.service
/usr/lib/systemd/system/certbot-renew.timer

а в ubuntu 

/lib/systemd/system/certbot.service
/lib/systemd/system/certbot.timer


что они нам дают. они дают нам вместо cron job механизм автоматического обновления сертификатов!
один юнит это таймер=certbot-renew.timer. 
второй юнит это юнит=certbot-renew.service который этот таймер периодически запускает. и когда его 
запускают он то и занимается обновлением сертификатов.
значит когда мы поставили пакет certbot то чтобы обновление сертификатов заработало нам надо активировать таймер:
$ sudo systemctl enable --now certbot-renew.timer
опция enable --now дает то что юнит нетолько будет запускаться при boot он еще будет запущен и прям щас.
итак таймер мы запустили и засунули его в boot. а вот  certbot-renew.service его трогать ненадо! его будет дергать 
тогда когда надо наш таймер!

вот так можно всегда посмотреть через сколько будет запущен наш таймер:
$ sudo systemctl list-timers | grep -E "LAST|certbot"
NEXT                          LEFT       LAST                          PASSED      UNIT                         ACTIVATES
Ср 2022-10-26 11:54:46 UTC  15h left   Вт 2022-10-25 16:01:18 UTC  4h 4min ago certbot-renew.timer          certbot-renew.service

кстати в строке видно что наш таймер активирует certbot-renew.service

также всегда можно посмотреть логи запуска нашего certbot-renew.service
сделать это очень просто:
$ sudo journalctl -u certbot-renew.service
-- Logs begin at Вс 2022-10-23 10:11:45 UTC, end at Вт 2022-10-25 20:07:57 UTC. --
окт 23 15:10:34 kvs10-test.8.8.8.8 systemd[1]: Starting This service automatically renews any certbot certificates found...
окт 23 15:10:35 kvs10-test.8.8.8.8 certbot[2293]: Saving debug log to /var/log/letsencrypt/letsencrypt.log
окт 23 15:10:35 kvs10-test.8.8.8.8 certbot[2293]: - - - - - - - - - - - - - - - - - - - - - - - - - - - - - - - - - - - - - - - -
окт 23 15:10:35 kvs10-test.8.8.8.8 certbot[2293]: Processing /etc/letsencrypt/renewal/paidsupport.example.kz.conf
окт 23 15:10:35 kvs10-test.8.8.8.8 certbot[2293]: - - - - - - - - - - - - - - - - - - - - - - - - - - - - - - - - - - - - - - - -
окт 23 15:10:35 kvs10-test.8.8.8.8 certbot[2293]: Cert not yet due for renewal

из логов мы всегда увидим запускается ли перидически проверка на обновление сертификатов и насколько она успешно
проходит!


итак cron job нам ненужен. у нас есть systemd юниты для этого.


далее. запускаю команду
$ sudo certbot renew --dry-run
она автоматом запускает скрипт в папке:
Running post-hook command: /etc/letsencrypt/renewal-hooks/post/nginx.bash
таким образом опция renew имеет важные свойства. первое - она обновляет все сертфиикаты. второе 
она автоматом запускает renewal-hooks/post/ скрипт! третье опция renew она сама автоматом читает в какой папке webroot
ей класть well-known файлы. а именно она смотрит в папку /etc/letsencrypt/renewal/ и там в файлах для каждого сайта 
он ищет настройки для webroot


далее. на сайте у клиента для папки .well-known заведена отдельна папка (location) а именно.
есть файл 


# cat /etc/nginx/vhost.inc.conf 
location /.well-known/ {
                     root /var/www/letsencrypt/;
                     auth_basic          off;
                     allow all;
                        }

в нем указано что для URI /.well-known/ использовать  папку /var/www/letsencrypt/
и далее мы для конкретного сайта мы вставляем  vhost.inc.conf:


# cat /etc/nginx/conf.d/paidsupport.example.kz.conf 
server {

        ...
        include vhost.inc.conf;
                                                                                  
        }
        
        

таким образом у нас URI  /.well-known/ будет браться из папки /var/www/letsencrypt/



далее:
  я прояснил следущий вопрос - вопрос был такой. вот у меня есть целый каталог сертификатов. тоесть:


# ls -1
cert1.pem
cert2.pem
chain1.pem
chain2.pem
fullchain1.pem
fullchain2.pem
privkey1.pem
privkey2.pem



и вознкиает вопрос - что будет если я подсуну в нжинкс неновый сертфикат а старый сертификат. я проверил - 
старый сертификат тоже валиден. тоесть при выпуске нового сертификата леценкрипт недизейблит прошлый сертфиикат.
таким образом можно иметь сразу несколько валидных сертификатов. 


вопрос: 
как приудиельно обновить сертификаты(все).
ответ: используем опцию renew
$ sudo certbot renew --force-renew 
...
Running post-hook command: /etc/letsencrypt/renewal-hooks/post/nginx.bash

что классно это то что команда автоматом запустит  renewal-hooks/post скрипт.


вопрос: 
как обновить конкретный сертфиикат.
ответ: используем certonly
# sudo certbot certonly --webroot -d paidsupport.example.kz -w /srv/www/paidsupport.example.kz
вывод на экран:
значит что примечательно то команда спросит хотим ли мы обновить сертификат.


What would you like to do?
- - - - - - - - - - - - - - - - - - - - - - - - - - - - - - - - - - - - - - - -
1: Keep the existing certificate for now
2: Renew & replace the certificate (may be subject to CA rate limits)
- - - - - - - - - - - - - - - - - - - - - - - - - - - - - - - - - - - - - - - -

далее.
что хранится в папках /etc/letsencrypt/...
archive =>(здесь реально хранятся сертификаты)
csr =>(здесь лежат приватные ключи. их дубликаты лежат также в папке archive)
live =>(здесь лежат символические ссылки на сертификаты в папке archive)
renewal =>(здесь лежат файлы для каждого сайта , в них находятся настройки для того чтобы сертбот мог в следущий раз 
автономно обновить сертификаты , например там находятся настройки где лежит папка webroot для каждого сайта).
renewal-hooks => (тут папки в которые нужно класть свои самописные скрипты которые сербот при определенных условиях запускает 
в случае обновления сертификатов. по сути эта папка нужно чтобы сюда класть скрипты перезагрузки нжинкс чтобы он переоткрыл
файлы с сертификатами и таким макаром нжинкс увидел обноавленные сертфиикаты)


следущий вопрос:
как удалить сертификат который нам больше ненужен. 
ответ: очень просто

команда:
# sudo certbot delete

сертбот нарисует какие сертификаты есть и прредложить выбрать сертифкаты которые нужно удалить.
супер!

вывод на экран:
Saving debug log to /var/log/letsencrypt/letsencrypt.log

Which certificate(s) would you like to delete?
- - - - - - - - - - - - - - - - - - - - - - - - - - - - - - - - - - - - - - - -
1: paidsupport.example.kz
2: paidsupport2.example.kz
- - - - - - - - - - - - - - - - - - - - - - - - - - - - - - - - - - - - - - - -
Select the appropriate numbers separated by commas and/or spaces, or leave input
blank to select all options shown (Enter 'c' to cancel): 2

- - - - - - - - - - - - - - - - - - - - - - - - - - - - - - - - - - - - - - - -
The following certificate(s) are selected for deletion:

  * paidsupport2.example.kz

Are you sure you want to delete the above certificate(s)?
- - - - - - - - - - - - - - - - - - - - - - - - - - - - - - - - - - - - - - - -
(Y)es/(N)o: y
Deleted all files relating to certificate paidsupport2.example.kz.


далее. как бы можно указать сразу сертификат сайта который удалить:
$ sudo certbot delete --cert-name example.com


далее. еще раз замечу что:
# certbot renew   (обноавляет все установленые сертификаты если их срок меньше 30 дней)
# certbot renew --force-renewal ( обноавляет все установленные сертификаты даже если их срок бльше 30 дней)



далее. полезняшка.
если мы хотим создать wildcard сертификат  то тогда надо юзать не .well-known метод проверки(через папку на веб сервере) того что мы владеем доменом а DNS методом проверки. это когда мы на dns сервере создаем спец запись типа CNAME. почему то в интернете пищут что записиь типа TXT но на практике я сам делал и запись создается вида CNAME.

вот пример такой записи

зона example.kz 
и в ней создается запись

$ nslookup -type=cname _acme-challenge.example.kz
Non-authoritative answer:
_acme-challenge.example.kz  canonical name = 5f5c6ace-627f-496d-a08d-92031b7d7055.auth.acme-dns.io.

хочу заметить что если сертбот будет пытаться проверять но по днс изменения еще необновились то он будет сука писать что 
записи типа TXT он ненаходит. надо и ты такойдумаешь какая нахер TXT запись когда по интсруккции у нас запись CNAME.
так вот запись именно CNAME. а не TXT. просто надо дождатся пока она долетт до ближайшего днс. сертбот прсто пока неувидел ее.
итого - на днс создаем запись именно вида CNAME а не txt.
==











вопросы:
renewal-hooks === узнать как и когда эта папка работает.
начнем с ситуации попроще. с командной строки. 
опция renew. команда:
$ sudo certbot renew --pre-hook "service nginx stop" --post-hook "service nginx start"
в доке (https://eff-certbot.readthedocs.io/en/stable/using.html#renewing-certificates) сказано
что если сертификат подлежит обновлению то срабатыает прехук и постхук. то есть: When Certbot detects that a certificate is due for renewal, --pre-hook and --post-hook hooks run before and after each attempt to renew it.  тут важно подчеркнуть что 
оба хука отработают в любом случае и если сертификат обновлен удачно и если он обновлен неудачно,  если неполучилось.
так вот есть еще один хук называется --deploy-hook он в отличие от постхука отрабатывает только только и только если 
сертиификат получилось удачно обновить. итак еще раз постхук отработает в любом случае неавжно получилось обноавить сертификат
или если неполучилось а --deploy-hook отработает только если сертиификат успешно обновился.
еще раз - Certbot supports running so-called "pre hooks", "post hooks" and "deploy hooks", which are scripts or other executables that run before or after a renewal attempt. A "deploy hook" is run only if the renewal process was successful, whereas the "post hook" runs even if the renewal process failed. по поводу хуков я вот что еще нашел\понял - сертбот берет сертификат и проверяет
его нужно обновлять или нет. если да то выполняется прехук. потом попытка обновить сертификат потом постхук. если сертбот 
видит что сертификат обноавлять ненужно тогда прехук невыполняется. это важно понимать. ( у меня остается еще вопрос - а если у нас есть и постхук и деплой хук и предположим что сертификат успешно обновился что тогда и постхук выполняется и деплохук??)
еще раз подчеркну - If Certbot finds that a certificate does not need renewal, it won't run any hooks. тоесть такого нет что
выполняется прехук а потом сербот уже смотрит а нужно ли было сертификат обноавлять. нет. вначале сертбот смотрит нужно ли 
обновлять сертфиикат и если да то выполняется прехук скрипт. хуки выполняются запускаются для каждого обновляемого сертфииката.

пример того как запускаются хуки. куда их пихать:
# certbot renew --pre-hook "/path/to/hook-script.sh"
# certbot renew --post-hook "/path/to/hook-script.sh"
# certbot renew --deploy-hook "/path/to/hook-script.sh"

далее мы вспоминаем что у нас для хуков есть еще спец папки. когда и как они вызываются? в статье (https://wiki.herzbube.ch/index.php/LetsEncrypt#:~:text=Certbot%20supports%20running%20so%2Dcalled,if%20the%20renewal%20process%20failed.) я нашел:

Certbot also runs any executable files that it finds in one of the following folders. Executables are run in alphabetical order of their file names. Hooks specified on the command line run after hooks found in the filesystem:
/etc/letsencrypt/renewal-hooks/pre
/etc/letsencrypt/renewal-hooks/post
/etc/letsencrypt/renewal-hooks/deploy

получается что хуки в папках выполняются первыми если мы юзаем опцию renew  а уже потом запукаются хуки которые мы указали
в командной строке.



вопрос --- тоесть хуки в папках выполняются при опции renew и выполняются при обноавлении каждого сертификата? 
а если я хочу чтобы deploy хук из папки выполнился после обноавления всех сертификатов ? ответ походу никак.


далее. я выяснил что можно заставить сертбот выполнять хуки и при опции certbot. хук прописывается в командной строке.
$ sudo certbot certonly --webroot -d paidsupport2.example.kz -w /srv/www/paidsupport2.example.kz --deploy-hook /etc/letsencrypt/renewal-hooks/deploy/nginx.bash

вывод на экран:
Requesting a certificate for paidsupport2.example.kz
Running deploy-hook command: /etc/letsencrypt/renewal-hooks/deploy/nginx.bash


а вот как выглядит файл с настройками для этого домена paidsupport2.example.kz после  команды certonly 
что мы только что вызывали:

# cat /etc/letsencrypt/renewal/paidsupport2.example.kz.conf 

# renew_before_expiry = 30 days
version = 1.11.0
archive_dir = /etc/letsencrypt/archive/paidsupport2.example.kz
cert = /etc/letsencrypt/live/paidsupport2.example.kz/cert.pem
privkey = /etc/letsencrypt/live/paidsupport2.example.kz/privkey.pem
chain = /etc/letsencrypt/live/paidsupport2.example.kz/chain.pem
fullchain = /etc/letsencrypt/live/paidsupport2.example.kz/fullchain.pem

# Options used in the renewal process
[renewalparams]
account = e71d5d0afe7506709699fb5a3aada224
manual_public_ip_logging_ok = None
renew_hook = /etc/letsencrypt/renewal-hooks/deploy/nginx.bash
server = https://acme-v02.api.letsencrypt.org/directory
authenticator = webroot
webroot_path = /srv/www/paidsupport2.example.kz,
[[webroot_map]]

так вот что интересно. если мы в командной строке указывали хук то он попадает в этот файл(файл называется renew config file. лежат эти файлы в папке /etc/letsencrypt/renewal/ ).
а вот как в нем выглядит хук который мы укаазали руками в командной строке:
renew_hook = /etc/letsencrypt/renewal-hooks/deploy/nginx.bash



на счет как застаавить сертбот перечиать нжинкс после обновления сертфииката. ответ надо поместить скрипт
который systemctl reload nginx в папку /etc/letsencrypt/renewal-hooks/deploy и тогда когда мы будем
запускать certbot с ключом renew он после кажодого успешного обноавления каждого сертфикиата будет запускать 
этот скрипт!



далее.
по поводу wildcard сертификата. я уже сказал что для создания такого сертфииката сертбот должен ( с помощью спец плагина который может достучаться до провайдера dns сервера) должен войти на dns сервер и создать там спец CNAME запись. тут важно понять что
эта запись на dns создается не человеком руками а сертботом через плагин. поэтому чтобы эта съема работала надо чтобы у сертбот
был плагин который умеет рабоатть с конкретным провайдером dns сервера кооторый у нас есть. но не руками. без плагина 
никуда






вопросы:
- когда certbot renew начинает обноавлять сертфиикаты
(ответ: когда у сертификата дата годности меньше 30 дней)

- как сертбот  меняет серты на  лету 
(ответ: в папке /etc/letsencrypt/archive закачиваются новые сертификаты. а потом сертбот в папке /etc/letsencrypt/live 
создает симлинки на папку archive. таким макаром если нжинкс сслыается на файлы из live то в нжинксе ненужно менять конфиг,
надо только попросить перечитать нжинкс свой конфинг)

- как обновит кучу сертификатов
(ответ: sudo certbot renew  или sudo certbot renew --force-renew)

- какая опция обновления стоит в кроне либо в системд таймере?
(ответ: крон джоба у меня нет. а в systemd юните вот что:
$ sudo systemctl status certbot-renew.service

 ExecStart=/usr/bin/certbot renew --noninteractive --no-random-sleep-on-renew $PRE_HOOK $POST_HOOK $RENEW_HOOK $DEPLOY_HOOK $CERTBOT_ARGS

единственное я не понял чему равны переменные. но по идее renew помимо хуков из переменных (которые могут быть равны нулю) 
сертбот выполняет хуки из спецпапок /etc/letsencrypt/renewal-hooks

из оф документации  я тоже нашел подотверждение своих слов - о том что вместо хуков в командной строке можно хуки
поместить в спец папки. хуки оттуда отрабатывают перед хуками из командной строки. цитирую - You can also specify hooks by placing files in subdirectories of Certbot’s configuration directory. Assuming your configuration directory is /etc/letsencrypt, any executable files found in /etc/letsencrypt/renewal-hooks/pre, /etc/letsencrypt/renewal-hooks/deploy, and /etc/letsencrypt/renewal-hooks/post will be run as pre, deploy, and post hooks respectively when any certificate is renewed with the renew subcommand. These hooks are run in alphabetical order and are not run for other subcommands.
Оф документация получается подтверждает такой момент важный - что хуки нежвано из командной строки или из спец папок
вызываются для каждого сертификатат который будет обновлен. и также важно отметить из оф документации что хуки вызываются сертботом на автомате только когда мы юзаем команду renew.  


)
надо проерить что систмд таймер на моей тестовой системе по факту обновляет автоматом сертфиикат
за сколко времени до оночания сертификата certbot обновляет его ? (за 30 дней)
а что если домен резолавится в два разных IP ?
а что происходит с сертификатом которые еще валиден если выпустили новый сертификат? старый по прежнему
валииден или уже нет? ( эксперимент показал что валидны оба сертфикаты главное чтобы дата была непрошедшая)


очень хоршая статья по сертботу которую полезно прочитать под конец= https://wiki.herzbube.ch/index.php/LetsEncrypt#:~:text=Certbot%20supports%20running%20so%2Dcalled,if%20the%20renewal%20process%20failed.

из этой статья я узнал как отозвать сертфиикат (тоесть он станет невалидным):
# certbot revoke --cert-path /etc/letsencrypt/live/CERTNAME/cert.pem

после этого его также можно удалить из фс:
# certbot delete --cert-name CERTNAME

офиуциальная страница документации : https://eff-certbot.readthedocs.io/en/stable/using.html#renewing-certificates


вопрос:
дочитать доку
попрообвать создать сертфикат у которого два сайта прописано сразу
описать как надо действовать если у нас 1 домен и у него несколько ip (https://allanjohn909.medium.com/letsencrypt-multiple-ip-address-one-domain-4fd95afa176f)


на одной сисеме нашел скрипт крона. ( привожу чисто для академекского интеерса)

# cat /etc/cron.d/certbot 
00 03 * * * root /usr/bin/certbot -q renew --post-hook='systemctl reload nginx'

считаю что нужно не --post-hook а --post-deploy юзать

вконце будут писать чтото.
у сертбота есть два типа плагинов. одни называются authenticator plugins - они предназначены для того чтобы
доказать леценкрипту что мы владелец домена, эта группа плагинов нужна чтобы успешно получить сертификат и записать его на фс.  installator plugins - это плагины нужны чтобы взять скачанный ранее сетификат и автоматом его впихнуть в ту прогу для которой
нам нужен наш сертификат. примеры таких прог это нжинкс , апач. тоесть эти плагины позволяют нам не руками менять конфиги 
апача и жинкса пытаясь туда прописать серфификат а сертбот с помощью этих плагинов типа умеет модифицровать конфиги апача жинкса сам без нашего участия.

аутентификатор плагины исользуют либо порт 80 для своих целей тоесть протокол http
либо на dns сервере создают CNAME запись.


далее. certonly опция которая во первых говорит что мы хотим только получить новый сертификат но модифицироват конфиг 
нжинкса мы нехотим. и второе нам обязательно нужно будет указать для какого домена или доменов мы хотим получить сертификат.
тут еще важно понять что в результате certbot certonly мы получим только один сертификат. ровно один. даже если мы укажем
несколько доменов. просто все эти домены будут засунунты в один сертификат. если мы указываем неколько доменов то леценкрипту
надо убедиться что мы владеемм всеми доменами. значит ему надо будет указать для каждого домена папку в которую он положит
.well-known/..... чтобы потом позвонить на http://domain1/.well-known, http://domain2/.well-known и проверить доступность. 
поэтому 

# certbot certonly --webroot -w /var/www/example -d www.example.com -d example.com -w /var/www/other -d other.example.net -d another.other.example.net

эта команда она породит 1 сертификат но он будет мулььидоменный. 
для www.example.com и example.com  будет использована папка /var/www/example
а для other.example.net будет использована папка nother.other.example.net


--webroot это название плагина аутентификатора 
-w это папка куда плагин положит свои файлы.


The webroot plugin works by creating a temporary file for each of your requested domains in ${webroot-path}/.well-known/acme-challenge. Then the Let’s Encrypt validation server makes HTTP requests to validate that the DNS for each requested domain resolves to the server running certbot. 

Note that to use the webroot plugin, your server must be configured to serve files from hidden directories. If /.well-known is treated specially by your webserver configuration, you might need to modify the configuration to ensure that files inside /.well-known/acme-challenge are served by the webserver.

итак еще раз что делает плагин webroot. он кладет файл в указанную папку а потом снаружи лецнекрипт пытается считать 
этот файл по URL пути. если получается значит мы владелец домена. плагин вебрут подразумевает что у нас уже работает на хосте
некий сторонний http сервер.

--
далее я вот на какой случай столкнулся.
это очень важный случай.
я получил сертификат для домена paidsupport.example.kz , и система записала  параметры при которых был получен сертификат.
а именно:

# cat /etc/letsencrypt/renewal/paidsupport.example.kz.conf 
...
authenticator = webroot
webroot_path = /srv/www/paidsupport.example.kz,
[[webroot_map]]


в этом файле указано что challenge файл нужно поместить в папку /srv/www/paidsupport.example.kz

а далее я сделал вот что, я для этого домена в нжинкс сделал изменеие:
# cat /etc/nginx/conf.d/paidsupport.example.kz.conf 
server {
...
        include vhost.inc.conf;
                                                                                  
        }


# cat /etc/nginx/vhost.inc.conf 
location /.well-known/ {
                     root /var/www/letsencrypt/;
                     auth_basic          off;
                     allow all;
                        }


тоесть это значит что теперь URL:/paidsupport.example.kz/.well-known/ будет вести в папку /var/www/letsencrypt/
но леценкрипт об этом незнает!! он по прежнему считает что файлы нужно класть в /srv/www/paidsupport.example.kz
поэтому когда я запустил 

# certbot renew --dry-run 
то получил ошибки.

мораль басни такова: если мы запустили certbot renew и получили ошибки то на всякий случай на слазить 
в папку /etc/letsencrypt/renewal/ посмотреть куда там ведет папка webroot а потом пойти на нжинкс и для данного домена
посмотреть где там указано папка для URL:/домен/.well-known 
потому что ( еще раз ) может так случиться что после генерации сертфииката ктот защел на нжинкс и поменял настройки
для URL://домен/.well-known но леценкрипт об этом же не вкурсе!!!

что я сделал чтбы исправиить ситуацию - я зашел в  /etc/letsencrypt/renewal/paidsupport.example.kz.conf
и поменял 
было:
webroot_path = /srv/www/paidsupport.example.kz,
стало:
webroot_path = var/www/letsencrypt/

и после этого все заработало

# certbot renew --dry-run


тоесть еще раз. если мы запустили certbot renew и он показал ошибки то прежде всего надо залезть 
в папку /etc/letsencrypt/renewal/ проанализироовать конфиг. а потом залезть в конфиг нжинкс и посмотреть насколько 
там законфигурировано тоже самое. возмонов нжинкседругой конфиг
----

напишу важную вещь.
для того чтобы при обновлении сертикатов через renew ненужно быол в командной строке писать постуки прехуки деплой хуки
то надо создать файл вместо этого:

# cat /etc/letsencrypt/renewal-hooks/deploy/nginx.bash 
#!/bin/bash
/usr/bin/systemctl reload nginx

тогда каждый раз когда cerrbot renew будет обновлять очередной серфикат он будет запускать этот скрипт автоматом
причем этот скрипт запускается только и только если сертификат был успешно обновлен. если сертфиикат неудалось 
обновить тогда и скрипт незпускается ибо незачем


ДАЛЕЕ!!!! ВАЖНО!!! НАПОРРЛОЛСЯ НА ВАЖНЫЙ МОМЕНТ!!!!
значит запустил обновление сертификатов и вижу на экране:
# certbot renew --force-renewal


- - - - - - - - - - - - - - - - - - - - - - - - - - - - - - - - - - - - - - - -
Processing /etc/letsencrypt/renewal/paidsupport2.example.kz.conf
- - - - - - - - - - - - - - - - - - - - - - - - - - - - - - - - - - - - - - - -
Plugins selected: Authenticator webroot, Installer None
Starting new HTTPS connection (1): acme-v02.api.letsencrypt.org
Renewing an existing certificate for paidsupport2.example.kz
Running deploy-hook command: /etc/letsencrypt/renewal-hooks/deploy/nginx.bash
Skipping deploy-hook '/etc/letsencrypt/renewal-hooks/deploy/nginx.bash' as it was already run.

и я как бы непонял почему /etc/letsencrypt/renewal-hooks/deploy/nginx.bash небыло выполнен, что значит он якобы
уже был выполнен ранее. а потом я понял.

с одной стороны у меня есть общесистемный деплой хук /etc/letsencrypt/renewal-hooks/deploy/nginx.bash

а с другой стороны у меня есть хук который прописан в renew файле для этого домена:

# cat /etc/letsencrypt/renewal/paidsupport2.example.kz.conf 
...
renew_hook = /etc/letsencrypt/renewal-hooks/deploy/nginx.bash


таким образом (согласно докам) первым отрабатывает хук который прописан в renew файле для домена а далее уже 
запускаются хуки которые общесистемные из папки /etc/letsencrypt/renewal-hooks/ и получется что второй раз запускать
один и тот же хук нет смысла! поэтому все правильно все коректно! но важно понимать откуда ноги растут.
а то  я вначале подумал может такая фигня из за того что /etc/letsencrypt/renewal-hooks/deploy/nginx.bash уже отработал
при обноавлении сертификта для другого домена, но было непонятно ведь это был бы бред. типа обноавился первый сертификат
далее запустился хук, и далее система обноавляет следущий сертификат и незапускает хук думая ну я же запускала хук
для прошлого сертификта. это был бы бред. к ссчастью все прояснилось. просто из за того что хуки у нас пропсиываются в двух
местах - одно место это общесистемное а второе это в индивидуаьных renew файлах для индивдуального домена то получается 
что если в одном месте хук отработал то запускать ровно такойже хук из другого места уже нет смысла. все понятно
все проянсилось.

напомню откуда в /etc/letsencrypt/renewal/ берутся конфиг файлы для доменов. они там берутся 
из параметров командной строки когда мы первый раз для конкретного домена через сертбот создаем сертфиикат. тоесть
вот есть у нас домен. без сертфииката. мы первый раз запускаем для него сертбот


# certbot certonly --webroot -d paidsupport.example.kz -w /srv/www/paidsupport.example.kz  --deploy-hook "/bin/systemctl reload nginx"


так вот после исполнения этого файла параметры с которым мы создавали сертфикат будут записан в в конфиг в renew папке
/etc/letsencrypt/renewal/paidsupport.example.kz.conf

таким образом параметры хука в этом файле это параметры хука в командной строке когда мы первый раз создавали сертфикат.
понятно?!

вот пример.
берем домен новый paidsupport3.example.kz
и заказываем для него первый раз сертификат

# certbot certonly  -d paidsupport3.example.kz --webroot -w /var/www/letsencrypt  --post-hook "/bin/systemctl reload nginx"

и после успешной отработки команды у нас появляется файл конфина в renewal папке

# cat /etc/letsencrypt/renewal/paidsupport3.example.kz.conf 
...
[renewalparams]
post_hook = /bin/systemctl reload nginx
authenticator = webroot
webroot_path = /var/www/letsencrypt,
[[webroot_map]]
paidsupport3.example.kz = /var/www/letsencrypt

в нем мы видим параметр post_hook
а также параметр webroot
но нас щас интересует именно post_hook


а далее интерсная ситуация с одной стороны у нас в renewal конфиге для домена прописан post_hook
с другой стороны у нас в общесистемной папке лежит деплой хук /etc/letsencrypt/renewal-hooks/deploy/nginx.bash
и вот вопрос при запуске обноавления через renewal оба хука будут запущены или какото один? какой возобладает или оба?

делаю эксперимент:
# certbot renew --force-renewal


- - - - - - - - - - - - - - - - - - - - - - - - - - - - - - - - - - - - - - - -
Processing /etc/letsencrypt/renewal/paidsupport3.example.kz.conf
- - - - - - - - - - - - - - - - - - - - - - - - - - - - - - - - - - - - - - - -
Plugins selected: Authenticator webroot, Installer None
Starting new HTTPS connection (1): acme-v02.api.letsencrypt.org
Renewing an existing certificate for paidsupport3.example.kz
Running deploy-hook command: /etc/letsencrypt/renewal-hooks/deploy/nginx.bash

- - - - - - - - - - - - - - - - - - - - - - - - - - - - - - - - - - - - - - - -
new certificate deployed without reload, fullchain is
/etc/letsencrypt/live/paidsupport3.example.kz/fullchain.pem
- - - - - - - - - - - - - - - - - - - - - - - - - - - - - - - - - - - - - - - -

из вывода на видно что (как я понимаю) был в итоге запущен общесистемный деплой хук
deploy-hook command: /etc/letsencrypt/renewal-hooks/deploy/nginx.bash

а чтоже случилось с индивдуальным для этого домена постухуком из файла /etc/letsencrypt/renewal/paidsupport3.example.kz.conf
он что не был запущен? согласно выводу на экран небыл. согласно документации он должен тоже был быть запущен потому что 
он аналог пост хука из командной строки а документация говорит о том что вначале запускаются хуки из командной строки а 
потом общесистмные хуки. так вот я выяснил!! я засунул в /etc/letsencrypt/renewal/paidsupport3.example.kz.conf в качестве 
постхука не перезапуск нжинкс а запись в файл и еще раз запустил certbot renewal и файл на диске создался!!!! 
ЭТО ЗНАЧИТ ЧТО : это значит что во время certbot renewal  запускаются все хуки и хуки индивидуальные из /etc/letsencrypt/renewal/
и хуки общесистемные из /etc/letsencrypt/renewal-hooks/ но на экране леценкрипт ( и это баг) пишет о запуске только 
общесистемных хуков. наверное если общесистемные хуки остуствуют ( а они часто остуствуют) тогда леценкрипт напишет о выполнении
индивидульных хуков. у меня суммарно вывод такой :  при запуске certbot renewal леценкрипт запускает все хуки и индивидуальные 
и общесистемные а на экран выводит уведомление о запуске какого-то одного. но это незначит что был запущен только один, были 
запущены все. я это проверил на практике.

общий мой вывод:  в логе леценкрипта пишется не вся правда про хуки. и то что очень хороо и прекрасно 
завести общесистемный деплой хук /etc/letsencrypt/renewal-hooks/deploy/nginx.bash потому что тогда мы точно будем 
уверены что после обноваления сертфикиата у нас идет перзагрузка нжинкса внезавиимости от того что  в плане хуков
написано в /etc/letsencrypt/renewal файлах. Тоесть /etc/letsencrypt/renewal-hooks/deploy/nginx.bash это некое 
действие по умолчанию котрое 100% отработает внезависиомости от reneweal файлов.

----
еще один интереснейший случай.


предположим у нас уже есть сертификат для домена paidsupport3.example.kz

а что будет если мы запросим сертификат у которого будет этот домен и еще дополнительный домен, тоесть


# certbot certonly --webroot -d paidsupport3.example.kz -d www.paidsupport3.example.kz -w /var/www/letsencrypt


теость здсь мы просим сделать сертификат у которого будет сразу два домена
paidsupport3.example.kz
www.paidsupport3.example.kz


вопрос что будет делать леценкрипт. ответ - он отлично справится с этой задачей:
вывод на экран:




- - - - - - - - - - - - - - - - - - - - - - - - - - - - - - - - - - - - - - - -
You have an existing certificate that contains a portion of the domains you
requested (ref: /etc/letsencrypt/renewal/paidsupport3.example.kz.conf)

It contains these names: paidsupport3.example.kz

You requested these names for the new certificate: paidsupport3.example.kz,
www.paidsupport3.example.kz.

Do you want to expand and replace this existing certificate with the new
certificate?
- - - - - - - - - - - - - - - - - - - - - - - - - - - - - - - - - - - - - - - -
(E)xpand/(C)ancel: 
(E)xpand/(C)ancel: E



тоесть он пишет что такой сертификат уже есть. и хочу ли я заменить его новым сертификатом. 
отлично.



Renewing an existing certificate for paidsupport3.example.kz and www.paidsupport3.example.kz
Performing the following challenges:
http-01 challenge for www.paidsupport3.example.kz
Using the webroot path /var/www/letsencrypt for all unmatched domains.
Waiting for verification...
Cleaning up challenges
Running deploy-hook command: /etc/letsencrypt/renewal-hooks/deploy/nginx.bash


что еще примечательно. что хотя бы запускали сертбот с ключом certonly но все равно сработал общесистемный деплой хук.
( не разбирался почему. ведь по идее хуки отрабатывают только на ключ renew.) 

получается что леценкрипт без проблем заменить файл сертификата однодоменный на многодоменный если мы его попросим.
Также важный аспект что если папка в которой хостятся домены на веб серверы одна точнее даже не так, а так 
что если URL:/domain1/.well-acme и URL://domain2/.well-acme лежат в одной папке то  нужно указать только один 
ключ -w а если  URL:/domain1/.well-acme и URL://domain2/.well-acme   уходят в разные папки в нжикнсе то нужно указывать
для каждого домена свой ключ -w. тоесть  вот так:

# certbot certonly --webroot -d paidsupport3.example.kz -w /folder1 -d www.paidsupport3.example.kz -w /folder2

у меня просто оба сайта ведут в одну папку в нжинксе поэтому мне хватило одного ключа -w

также понятно что чтобы мультидоменный сертиификат получить нужно чтобы acme проверка успешно
прошла для всех доменов заказазнных в сертификате.

---
# certbot renew  = для обновления всех сертификатов 
# certbot certonly = для обновляения одного сертификата с указанием для какого домена

renew ищет хуки либо в renewel папке либо в renew-hooks папке

а вот certonly неищет хуки нигде поэтому certonly желалтельно юзать  с хуками указанными в командной строке.
если мы первый раз заказываем сертификат то хук ненужен ибо у нас в нжинкс скорей всего пока нет ни 443 порта ни путей к сертфикату ведь сертификата нет. а вот если мы обновляем уже имеющийся сертифкат для одного домена через certonly 
то хук желателен. иначе после обговаления сертфиката нам езще нужно руками перезугружать нжикс  и в конфиг в папку renewel
этот хук незапишется если его неуказать в командной строке а это плохо потому что потом когда этот серти будет обновлятьс через
renew то надежда будет только на то что у нас происан общесистемный хук в renew-hooks папке, поэтому
общее правило:

# certbot renew

# certbot certonly -d domain1  --webroot -w folder1  --deploy-hook /путь_к_хук_скрипту
либо
# certbot certonly -d domain1  --webroot -w folder1  --deploy-hook  "systemctl reload nginx"


----
ксатти

когда мы заказыаем сертфиикат по HTTP тоесть по порту 80 то нет проблем если в настройкам сайта стоит 
редирект на https порт 443. сертбот нормально с этим работает. главое чтобы изначально на серверер слушался порт 80
как начальная отправаня точка. а то  что потом идет редирект на 443 порт и протокол https с этим у сертбота проблем нет.
( просто везде пишут что сертбот работает только по http то есть как бутто он не умеет работать с https . так вот нет.
он умеет просто вначале он должен постучать на 80 порт по http. если потом его заредиректят на https да без проблем.)

-----


wildcard
dns
CNAME

как получить wildcard сертификат через dns chalenge причем в ручном режиме. главное чтобы у нас был доступ на 
dns сервер.


значит пользоватлся этой статьей:  https://www.digitalocean.com/community/tutorials/how-to-acquire-a-let-s-encrypt-certificate-using-dns-validation-with-acme-dns-certbot-on-ubuntu-18-04


что надо сделать:

идем в 

# cd /etc/letsencrypt

и качаем туда скрипт

# wget https://github.com/joohoi/acme-dns-certbot-joohoi/raw/master/acme-dns-auth.py
# chmod +x acme-dns-auth.py
редактируем в его шапке чтобы он через питон третий работал:
#!/usr/bin/env python3

ставим третий питон:
# dnf install python3

еще надо поставить один питон модуль:
# dnf install python36-requests.noarch


и теперь сама команда по генерации сертификта:
# sudo certbot certonly --manual --manual-auth-hook /etc/letsencrypt/acme-dns-auth.py --preferred-challenges dns --debug-challenges -d \*.example.kz



ВАЖНО!!! хочу заметить что если сертбот будет пытаться проверять но по днс изменения еще необновились то он будет сука писать что 
записи типа TXT он ненаходит. надо и ты такойдумаешь какая нахер TXT запись когда по интсруккции у нас запись CNAME.
так вот запись именно CNAME. а не TXT. просто надо дождатся пока она долетт до ближайшего днс. сертбот прсто пока неувидел ее.
итого - на днс создаем запись именно вида CNAME а не txt.



????????????????????????????????? закрнчил тут ???????????????????????????????????????????????????




вот как выглядит renewal конфиг после получения такого сертификата


# cat /etc/letsencrypt/renewal/example.kz.conf 
# renew_before_expiry = 30 days
version = 1.11.0
archive_dir = /etc/letsencrypt/archive/example.kz
cert = /etc/letsencrypt/live/example.kz/cert.pem
privkey = /etc/letsencrypt/live/example.kz/privkey.pem
chain = /etc/letsencrypt/live/example.kz/chain.pem
fullchain = /etc/letsencrypt/live/example.kz/fullchain.pem

# Options used in the renewal process
[renewalparams]
account = e71d5d0afe7506709699fb5a3aada224
manual_public_ip_logging_ok = None
manual_auth_hook = /etc/letsencrypt/acme-dns-auth.py
server = https://acme-v02.api.letsencrypt.org/directory
authenticator = manual
pref_challs = dns-01,


обратим внимаие на 
authenticator = manual

в обычном файле когда мы получааем сертифкат через папку webroot у нас в конфиге будет строки:
authenticator = webroot
webroot_path = /var/www/letsencrypt/



получается authenticator плагин означает вид плагина который занимается помещением challenge информации куда то.
 в случае когда аутентификатор плагин это webroot то сам сертбот кладет challenge файл в папку,
 когда аутентификатор плагин manual то человек своими руками создает challenge запись в DNS.
 таким образом раскрывается смысл аутентификатор плагинов. 


--
сайт который позволяет оценить степень крутости HTTPS содениения с вашим сайтом
https://www.ssllabs.com/ssltest/analyze.html?d=paidsupport.example.kz&latest
----


еще nginx можно вот так попросить перечитать конфиг:

$ /usr/sbin/nginx -s reload
====
