-----
info
info info
man man

-----
logrototate = –∫–∞–∫ –æ–Ω –∑–∞—Å—Ç–∞–≤–ª—è–µ—Ç –ø—Ä–∏–æ–ª–æ–∂–µ–Ω–∏–µ –∑–∞–∫—Ä—ã—Ç—å —Ñ–∞–π–ª –≤ –∫–æ—Ç–æ—Ä—ã–π –ø—Ä–∏–ª–æ–∂–µ–Ω–∏–µ –ø–∏—à–µ—Ç
umask = –∫–∞–∫ —ç—Ç–æ —Ä–∞–±–æ—Ç–∞–µ—Ç
rename = –∫–∞–∫–æ–π —Å–∏—Å–∫–æ–ª–ª
rm = –∫–∞–∫–æ–π —Å–∏—Å–∫–æ–ª–ª

–∫–∞–∫ —Ä–∞–±–æ—Ç–∞–µ—Ç —ç—Ç–∞ —Ö—Ä–µ–Ω—å —á—Ç–æ –º–µ—Å—Ç–æ –Ω–∞ –¥—Å–∏–∫–µ –æ—Å–≤–æ–æ–æ–∂–¥–∞–µ—Ç—Å—è
–∫–æ–≥–¥–∞ –∑–∞–∫—Ä—ã—Ç –ø–æ—Å–ª–µ–¥–Ω–∏–π —Ñ–∞–π–ª–æ–≤—ã–π –¥–µ—Å–ø—Ä–∏–ø—Ç–æ—Ä –∫ —Ñ–∞–π–ª—É


touch –∏—Å–ø–æ–ª—å–∑—É–µ—Ç openat()
openat(AT_FDCWD, "1.txt", O_WRONLY|O_CREAT|O_NOCTTY|O_NONBLOCK, 0666) = 3



–ø—Ä–∏–∫–æ–ª udev /dev —Ö–æ—Å–∏—Ç—Å—è –≤ –ø–∞–º—è—Ç–∏
# df .
Filesystem     1K-blocks  Used Available Use% Mounted on
udev             8033820     0   8033820   0% /dev

–∏ —Ç—É–¥–∞ —Å–ø–æ–∫–æ–π–Ω–æ –º–æ–∂–Ω–æ —Å–æ–∂–¥–∞–≤–∞–≤—Ç—å –ø–∞–ø–∫–∏ –∏ –ø–∏—Å–∞—Ç—å –æ–±—ã—á–Ω—ã–µ —Ñ–∞–π–ª—ã



tty - controlling terminal - controlling process - session leader - session - process group - 

uid, euid, ruis, fuid , ouid, suid
$ ps o uid,euid,ruid,fuid,ouid,suid  -p $$
  UID  EUID  RUID  FUID OWNER  SUID
 1000  1000  1000  1000 1000   1000


 –ö–æ–≥–¥–∞ –≤—ã –ø—Ä–∏–º–µ–Ω—è–µ—Ç–µ sticky bit, –ø–æ–ª—å–∑–æ–≤–∞—Ç–µ–ª—å –º–æ–∂–µ—Ç —É–¥–∞–ª—è—Ç—å —Ñ–∞–π–ª—ã, —Ç–æ–ª—å–∫–æ –µ—Å–ª–∏ –≤—ã–ø–æ–ª–Ω—è–µ—Ç—Å—è –æ–¥–Ω–æ –∏–∑ —Å–ª–µ–¥—É—é—â–∏—Ö —É—Å–ª–æ–≤–∏–π:

–ü–æ–ª—å–∑–æ–≤–∞—Ç–µ–ª—å —è–≤–ª—è–µ—Ç—Å—è –≤–ª–∞–¥–µ–ª—å—Ü–µ–º —Ñ–∞–π–ª–∞;
–ü–æ–ª—å–∑–æ–≤–∞—Ç–µ–ª—å —è–≤–ª—è–µ—Ç—Å—è –≤–ª–∞–¥–µ–ª—å—Ü–µ–º –∫–∞—Ç–∞–ª–æ–≥–∞, –≤ –∫–æ—Ç–æ—Ä–æ–º –Ω–∞—Ö–æ–¥–∏—Ç—Å—è —Ñ–∞–π–ª.



—Å–æ–∑–¥–∞–ª –ø–∞–ø–∫—É ./root c –ø—Ä–∞–≤–∞–º–∏
Access: (0754/drwxr-xr--)  Uid: (    0/    root)   Gid: (    0/    root)
—Å—É—â–µ—Å—Ç–≤–µ–Ω–Ω–æ —Ç–æ —á—Ç–æ –¥–ª—è others —Ä–∞–∑—Ä–µ—à–µ–Ω–æ —Ç–æ–ª—å–∫–æ —á—Ç–µ–Ω–∏–µ (–∑–∞–ø–∏—Å—å –∏ execute –∑–∞–ø—Ä–µ—à–µ–Ω–∞)

–¥–∞–ª–µ–µ —é–∑–µ—Ä–æ–º –≤–∞—Å–µ–π –ø—ã—Ç–∞—é—Å—å —á–∏—Ç–∞—Ç—å —Å–ø–∏—Å–æ–∫ —Ñ–∞–π–ª–æ–≤ –≤–Ω—É—Ç—Ä–∏ —ç—Ç–æ–π –ø–∞–ø–∫–∏ –∏ –ø–æ–ª—É—á–∞—é:
$ ls  -1 ./root
ls: cannot access './root/root2.txt': Permission denied
ls: cannot access './root/root.txt': Permission denied
ls: cannot access './root/root-dir': Permission denied
root2.txt
root-dir
root.txt


$ ls  -1al ./root
ls: cannot access './root/root2.txt': Permission denied
ls: cannot access './root/.': Permission denied
ls: cannot access './root/root.txt': Permission denied
ls: cannot access './root/root-dir': Permission denied
ls: cannot access './root/..': Permission denied
total 0
d????????? ? ? ? ?            ? .
d????????? ? ? ? ?            ? ..
-????????? ? ? ? ?            ? root2.txt
d????????? ? ? ? ?            ? root-dir
-????????? ? ? ? ?            ? root.txt


—Ç–æ–µ—Å—Ç—å –æ–Ω —Å–ø–∏—Å–æ–∫ —Ñ–∞–π–ª–æ–≤ —á–∏—Ç–∞–µ—Ç –∏–∑ –ø–∞–ø–∫–∏ –Ω–æ –Ω–µ–º–æ–∂–µ—Ç –ø—Ä–æ—á–∏—Ç–∞—Ç—å –ø–µ—Ä–º–∏—à–Ω—Å—ã –æ—Ç –Ω–∏—Ö

–∏ —Ç–æ–ª—å–∫–æ –µ—Å–ª–∏ —è –Ω–∞ –ø–∞–ø–∫—É ./root –¥–æ–±–∞–≤–ª—è—é –ø–µ—Ä–º–∏—à–Ω—Å execute
—Ç–æ–ª—å–∫–æ —Ç–æ–≥–¥–∞ –æ–Ω —á–∏—Ç–∞–µ—Ç –∏ –∏ —Å–ø–∏—Å–æ–∫ —Ñ–∞–π–ª–æ–≤ –∏ –∏—Ö –ø–µ—Ä–º–∏—à–Ω—Å—ã

$ ls  -1al ./root
total 12
drwxr-xr-x 3 root  root  4096 –∏—é–Ω 16 11:15 .
drwxrwxrwx 3 vasya vasya 4096 –∏—é–Ω 16 11:11 ..
-rw-r--r-- 1 root  root     0 –∏—é–Ω 16 11:15 root2.txt
drwxr--r-- 2 root  root  4096 –∏—é–Ω 16 11:15 root-dir
-rw-r--r-- 1 root  root     0 –∏—é–Ω 16 11:14 root.txt


–ø–æ—Ö–æ–¥—É —è –ø–æ–Ω—è–ª.
–ø–∞–ø–∫–∞ —ç—Ç–æ –ø–æ —Ñ–∞–∫—Ç—É —Ñ–∞–π–ª. —Ñ–∞–π–ª —ç—Ç–æ—Ç —Ö—Ä–∞–Ω–∏—Ç —Å–ø–∏—Å–æ–∫ —Ñ–∞–π–ª–æ–≤
—Ç–æ–µ—Å—Ç—å –Ω–∞—à–∞ –ø–∞–ø–∫–∞ —ç—Ç–æ –Ω–∞ –¥–∏—Å–∫–µ —Ñ–∞–π–ª–∞ —Ç–∏–ø–∞ –ø–∞–ø–∫–∞.txt —Å —Å–æ–æ–µ–¥–µ–æ—Ä–∂–º–∏–º—ã–º –≤–Ω—É—Ç—Ä–∏:
root2.txt
root-dir
root.txt

–∞ –∫–∞–∫ –∂–µ —Ç–æ–≥–∞ –º—ã –ø—Ä–æ–≤–∞–ª–∏–≤–∞–µ–º—Å—è –≤ –ø–∞–ø–∫—É —á—Ç–æ –ø—Ä–æ–∏—Å—Ö–æ–¥–∏—Ç?
–ø–æ —Ñ–∞–∫—Ç—É –º—ã –Ω–µ–º–æ–∂–µ–º –Ω–∏–∫—É–¥–∞ –ø–µ—Ä–µ–π—Ç–∏ –ø–æ—Ç–æ–º—É —á—Ç–æ –ø–∞–ø–∫–∞ —ç—Ç–æ —Ñ–∞–π–ª. –º—ã —Ç–æ–ª—å–∫–æ –º–æ–∂–µ–º
—Å—á–∏—Ç–∞—Ç—å —Ñ–∞–π–ª –Ω–æ –Ω–∏–∫–∞–∫ —Ç—É–¥–∞ –Ω–µ"–ø–µ—Ä–µ–π—Ç–∏"
–∫–æ–≥–¥–∞ –º—ã —Ç—ã–∫–∞–µ–º –≤ mc –≤–æ–π—Ç–∏ –≤ –ø–∞–ø–∫—É —ç—Ç–æ –ø–æ —Ñ–∞–∫—Ç—É –º—ã –Ω–∏–∫—É–¥–∞ –Ω–µ–ø—Ä–æ–≤–∞–ª–∏–≤–∞–µ–º–º—Å—è –∞ –º—ã —á–∏—Ç–∞–µ–º
—Å–æ–¥–µ—Ä–∂–∏–º–æ–µ —Ñ–∞–π–ª–∞-–ø–∞–ø–∫–∞ –∏ –ø–æ–ª—É—á–∞–µ–º —Å–ø–∏—Å–æ–∫ —Ñ–∞–π–ª–æ–≤ –∏ –æ–Ω —ç—Ç–æ—Ç —Å–ø–º—Å–æ–∫ –æ—Ç—Ä—Å–∏–æ—ã–≤–∞—ã–µ—Ç –∞ –Ω–∞–º –∫–∞–∂–µ—Ç—Å—è
—á—Ç–æ –º—ã –ø—Ä–æ–≤–∞–ª–∏–ª–∏—Å—å –≤ –ø–∞–ø–∫—É. –∞  –ø–æ —Ñ–∞–∫—Ç—É –º—ã –ø—Ä–æ—Å—Ç–æ —Å—á–∏—Ç–∞–ª–∏ —Å–æ–¥–µ–∂–∏–º—Ä–µ —Ñ–∞–π–ª–∞.
—Ç–∞–∫ –≤–æ—Ç 

read –Ω–∞ –ø–∞–ø–∫—É  - –¥–∞–µ—Ç —Ç–æ —á—Ç–æ –º—ã –º–æ–∂–µ–º —á–∏—Ç–∞—Ç—å —Å–æ–¥–µ—Ä–∂–∏–º–æ–µ —ç—Ç–æ–≥–æ —Ñ–∞–π–ª–∞ —Ç–æ–µ—Å—Ç—å –ø—Ä–æ—á–∏—Ç–∞—Ç—å —Å–æ–ª–µ–∂–∏–º–æ–µ –∞—Ñ–∞–π–ª–∞. –ø–æ—Å–∫–æ–ª—å–∫—É –≤–Ω—É—Ç—Ä–∏ —Ñ–∞–π–ª–∞ —Å–ø—Å–æ–∫ —Ç–æ –º—ã —á–∏—Ç–∞—è –ø–æ–ª—É—á–∏–º —Å–ø–∏—Å–æ–∫ —Ñ–∞–π–ª–æ—ã

—Ç–∞–∫ –ø–æ—á–µ–º—É –∂–µ –º—ã –Ω–µ–º–æ–∂–µ–º –ø—Ä–∏ —ç—Ç–æ —É–≤–∏–¥–µ—Ç—å –ø–µ—Ä–º–∏—à–Ω—Å—ã –Ω–∞ —Ñ–∞–π–ª—ã. –ø–æ—Ç–æ–º—É —á—Ç–æ 
–Ω–∞—à–∞ –ø–∞–ø–∫–∞-—Ñ–∞–π–ª —Ö—Ä–∞–Ω–∏—Ç —Ç–æ–ª—å–∫–æ –∏–º—è —Ñ–∞–π–ª—ã –∏ –µ–≥–æ –∏–Ω–æ–¥—É. –∞ –ø–µ—Ä–º–∏—à–Ω—Å—ã –æ—Ç —Ñ–∞–π–ª–∞ –æ–Ω–∏ —Ö—Ä–∞–Ω—è—Ç—Å—è –≤–Ω—É—Ç—Ä–∏ –∏–Ω–æ–¥—ã –∞ –Ω–µ –≤–Ω—É—Ç—Ä–∏ –ø–∞–ø–∫–∏—Ñ–∞–π–ª–∞. —Ç–æ–µ—Å—Ç –≤–Ω—É—Ç—Ä–∏ –ø–∞–ø–∫–∏ —Ñ–∞–π–ª–∞ –Ω–µ—Ç –∏–Ω—Ñ–æ—Ä–º–∞—Ü–∏–∏ –æ –ø–µ—Ä–º–∏—à–Ω—Å–∞—Ö –Ω–∞ —Ñ–∞–π–ª.

—Ç–æ—Å—Ç—å —á–∏—Ç–∞–π –Ω–µ—á–∏—Ç–∞–π –Ω–∞—à–∞ —Ñ–∞–π–ª-–ø–∞–ø–∫–∞ –≤ –Ω–µ–º —ç—Ç–æ–π –∏–Ω—Ñ–æ –ø—Ä–æ—Å—Ç–æ –Ω–µ—Ç!!!!
—á—Ç–æ–±—ã –ø–ø–æ–ª—É—á–∏–∏—Ç—å –ø–µ—Ä–º–∏—à–Ω—Å—ã –Ω–∞ —Ñ–∞–π–ª –Ω–∞–¥–æ –ø–µ—Ä–µ–π—Ç–∏ –Ω–∞ –∏–Ω–æ–¥—É –Ω–∞ –¥–∏—Å–∫–µ –∏ —Å—á–∏—Ç–∞—Ç—å —Å –Ω–µ–µ –ø–µ—Ä–º–∏—à–Ω—Å—ã
–Ω–∞ —Ñ–∞–π–ª.

(–Ω–∞–π—Ç–∏ –∏–º—è —Ñ–∞–π–ª–∞ –ø–æ –µ–≥–æ –∏–Ω–æ–¥–µ.)

(–ø—Ä–∏–∫–æ–ª –µ—â–µ –≤ —Ç–æ–º —á—Ç–æ —Ñ–∞–π–ª –ø–æ —Ñ–∞–∫—Ç—É —ç—Ç–æ –∏–Ω–æ–¥–∞ + —Ç–µ–ª–æ. –ø–æ—ç—Ç–æ–º—É —Ñ–∞–π–ª –ø–æ–Ω—è—Ç–∏–µ –Ω–µ–∏–º–µ–µ—Ç –æ —Ç–æ–º 
–≤ –∫–∞–∫–æ–π –ø–∞–ø–∫–µ –æ –Ω–µ–º —É–ø–æ–º–∏–Ω–∞–µ—Ç—Å—è. —ç—Ç–æ –∫–∞–∫ —Å—Ç–∏—Ö–æ—Ç–≤–æ—Ä–µ–Ω–∏–µ –≤ –∫–Ω–∏–≥–µ. –∫–Ω–∏–≥–∞ –∏ —Å—Ç–∏—ä–æ—Ç–≤–æ–µ—Ä–Ω–∏–µ—è –ø–æ–Ω—è—Ç–∏—è –Ω–µ–∏–º—é—Ç –≤ –∫–∞–∫–æ–π –≥–∞–∑–µ—Ç–µ –æ –Ω–∏—Ö –ø–∏—à—É—Ç. –≤–æ—Ç —Ç–∞–∫–∞—è –∂–µ —Å–∞–≤—è–∑—å –º–µ–∂–¥—É —Ñ–∞–π–ª–æ–º –∏ –∑–∞–ø–∏—Å—å—é –æ –Ω–µ–º –≤ –ø–∞–ø–∫–∞—Ö)

(–∏–Ω—Ç–µ—Ä–µ—Å–Ω—è —à—Ç—É–∫–∞

fstat(1, {st_dev=makedev(0, 24), st_ino=185, st_mode=S_IFCHR|0620, st_nlink=1, st_uid=1000, st_gid=5, st_blksize=1024, st_blocks=0, st_rdev=makedev(136, 182), st_atime=1655368744 /* 2022-06-16T11:39:04.464846020+0300 */, st_atime_nsec=464846020, st_mtime=1655368744 /* 2022-06-16T11:39:04.464846020+0300 */, st_mtime_nsec=464846020, st_ctime=1655366519 /* 2022-06-16T11:01:59.464846020+0300 */, st_ctime_nsec=464846020}) = 0

fstat - –∑–Ω–∞—á–∏—Ç —Å–º–æ—Ç—Ä–µ–ª–∏ —Å–≤–æ–π—Å—Ç–≤–∞ —Ñ–∞–π–ª–∞. 
–∞ —á—Ç–æ –∂–µ —ç—Ç–æ –∑–∞ —Ñ–∞–π–ª?

–ª–µ–∂–∏—Ç —ç—Ç–æ—Ç —Ñ–∞–π–ª –Ω–∞ —É—Å—Ç—Ä–æ–π—Å—Ç–≤–µ —Å –º–∞–∂—Ä–æ–º 0 –∏ –º–∏–Ω–æ—Ä–æ–º 24 =  st_dev=makedev(0, 24)



)



(sort


$ cat 04.txt; echo "========"; cat 04.txt | sort -k 2.2  -b
111      215    456
222      123    678
111      123    090
222      419    965

========

111      215    456
222      419    965
111      123    090
222      123    678
$ cat 04.txt; echo "========"; cat 04.txt | sort -k 2.2  
111      215    456
222      123    678
111      123    090
222      419    965

========

111      123    090
222      123    678
111      215    456
222      419    965

–æ–ø—á–µ–º—É ??

–¥–µ—Ñ–æ–ª—Ç–æ–≤—ã–π —Ä–∞–∑–¥–µ–ª–∏—Ç–µ–ª—å –ø–æ–ª–µ–π (fileeds sepratator) —ç—Ç–æ   
 -t, --field-separator=SEP
              use SEP instead of non-blank to blank transition

$ cat 04.txt; echo "========"; cat 04.txt | sort  -t"*" -k2.3
111***!15
222***123
111***123
222***459


========


111***123
222***123
111***!15
222***459
vasya@vasya-Lenovo-IdeaPad-L340-15IWL:~/bash$ 
vasya@vasya-Lenovo-IdeaPad-L340-15IWL:~/bash$ cat 04.txt; echo "========"; cat 04.txt | sort  -t"*" -k2.4
111***!15
222***123
111***123
222***459


========


111***!15
111***123
222***123
222***459
vasya@vasya-Lenovo-IdeaPad-L340-15IWL:~/bash$ cat 04.txt; echo "========"; cat 04.txt | sort  -t"*" -k2.5
111***!15
222***123
111***123
222***459


========


111***123
222***123
111***!15
222***459

–Ω–µ–ø–æ–Ω—è—Ç–Ω–æ –ø–æ—á–µ–º—É ! —Å—Ç–æ–∏—Ç –Ω–∏–∂–µ —á–µ–º 1 –≤–µ–¥—å ! –≤ ascii\utf-8 –∏–º–µ–µ—Ç –±–æ–ª–µ–µ –º–∞–ª–µ–Ω—å–∫–∏–π –∫–æ–¥



LC_CTYPE=C.UTF-8

! = 041h
1 = 061h
: = 072h
> = 076h
? = 077h

LC_CTYPE=en_US.UTF-8

! = 041h
1 = 061h
: = 072h
> = 076h
? = 077h

ASCII

! = 021h
1 = 031h
: = 03Ah
> = 03Eh
? = 03Fh

—Ö–º.. –∫–æ–¥—ã —Ö—É–π–Ω—è—è. —Ç–∞–∫ —á—Ç–æ –æ–Ω–∏–ø–æ–∫–∞–∑—ã–≤–∞—é—Ç?
–≤ —á–µ–º —Ä–∞–∑–Ω–∏—Ü–∞ –º–µ–∂–¥—É locale –∏ utf-8 ?

–ª–±—â–∞—è –∫–∞–Ω–≤–∞ 

ld /dev | sort --> sort ---> c.utf-8 vs en_us.utf-8 ---> locale --> locale vs utf-8 -->
locale vs encoding vs charset ?

–≤—Å–µ —Ä—É—Å–∫–∏–µ –±—É–∫–≤—ã –≤ utf-16

$ LC_CTYPE=ru_RU.utf8; for i in {0..47}; do  printf "\xd0\x$(echo "obase=16; ibase=10; 144+$i"| bc)";  done;  LC_CTYPE=ru_RU.utf8; for i in {0..15}; do  printf "\xd1\x$(echo "obase=16; ibase=10; 128+$i"| bc)";  done; echo

–ê–ë–í–ì–î–ï–ñ–ó–ò–ô–ö–õ–ú–ù–û–ü–†–°–¢–£–§–•–¶–ß–®–©–™–´–¨–≠–Æ–Ø–∞–±–≤–≥–¥–µ–∂–∑–∏–π–∫–ª–º–Ω–æ–ø—Ä—Å—Ç—É—Ñ—Ö—Ü—á—à—â—ä—ã—å—ç—é—è


utf8 vs utf16 vs unicode ?


17 16-bit "planes"‚Ä°‚Ä° (log‚ÇÇ(17√ó2¬π‚Å∂)‚âà20.1bits).

unicode:
$ builtin echo -e "\u0428"
–®

$ builtin echo -e "\u0410"
–ê

$ builtin echo -e "\u0048 \u0045 \u004C \u004C \u004F"
H E L L O

u0048 = code point. ( –ø–æ –º–Ω–µ —ç—Ç–æ –±—É–∫–≤–∞ –¥—Ä—É–≥–∏–º–∏ —Å–ª–æ–≤–∞–º–∏)

–Ω–∞ —Å–∞–π—Ç–µ —é–Ω–∏–∫–æ–¥–∞ —è –≤–∏–∂—É —á—Ç–æ code point –∏–º–µ–µ—Ç –≤–∏–¥ 4 –∏–ª–∏ 5 —Ü–∏—Ñ—Ä –≤ hex —Ñ–æ—Ä–º–∞—Ç–µ
5 —Ü–∏—Ñ—Ä–∞ –≤ hex —ç—Ç–æ = 1 048 575 –±—É–∫–≤ –∑–∞–∫–æ–¥–∏—Ä–æ–≤–∞–Ω–æ —É–∂–µ –≤ —é–Ω–∏–∫–æ–¥

–µ—â–µ –Ω–∞—à–µ–ª —Ç–∞–∫–æ–µ –æ–ø—Ä–µ–¥–µ–ª–µ–Ω–∏–µ —é–Ω–∏–∫–æ–¥–∞ : Unicode - a mapping of characters to integers ("code points") in the range 0 through 1,114,111 (–æ—Ç–∫—É–¥–∞ —ç—Ç–∞ —Ü—Ñ–∏–∞—Ä –Ω–µ–∑–Ω–∞—é)

–∏—Ç–∞–∫ —é–Ω–∏–∫–æ–¥ —ç—Ç–æ –º–∞–ø–ø–∏–Ω–≥ –±—É–∫–≤—ã –≤ —á–∏—Å–ª–æ. –¥–ª—è –∫–∞–∂–¥–æ–π –±—É–∫–≤—ã (—Å–∏–º–≤–æ–ª–∞) –∑–∞–¥–∞–µ—Ç—Å—è —á–∏—Å–ª–æ. 
–Ω–∞–∑—ã–≤–∞–µ—Ç—Å—è —ç—Ç–æ —á–∏—Å–ª–æ code point. –æ–±–æ–∑–Ω–∞—á–∞–µ—Ç—Å—è U-XXXXX –≥–¥–µ X —ç—Ç–æ —Ü–∏—Ñ—Ä–∞ –∏–∑ hex —Ñ–æ—Ä–º–∞—Ç–∞.

Unicode provides a unique number for every character, no matter what the platform, no matter what the program, no matter what the language.

encoding? codepage? charset?

–≤ —á–µ–º —Ä–∞–∑–Ω–∏—Ü–∞ –ø—Ä–µ–æ—é—Ä–≤–∑–∞–æ–≤–∞–Ω–∏—è unicode –≤ utf8 –ø—Ä–æ—Ç–∏–≤ utf16?
–±—É–∫–≤–∞ –Å
Unicode  = U-0401
UTF-8 = D081h	
UTF-16BE = 0401h
UTF-16LE = 0104h


$echo -e "\u0401"
–Å
$echo -e "\xd0\x81"
–Å

—Ç–∞–∫ –Ω–∞—Å–∫–æ–ª–∫–æ —è –ø–æ–Ω—è–ª –∏–∑ pdf –¥–æ–∫—É–º–µ–Ω—Ç–∞ –æ —é–Ω–∏–∫–æ–¥–µ code points –æ–Ω–∏ –Ω–∞—á–Ω–∞—é—Ç—Å—è —Å U-0000
–∏ –∑–∞–∫–∞–Ω—á–∏–≤–∞—é—Ç—Å—è U-10FFFF
–ø–æ–ª—É—á–∞–µ—Ç—Å—è —á—Ç–æ —ç—Ç–∏–º –º–æ–∂–Ω–æ –∑–∞–∫–æ–¥–∏—Ä–æ–≤–∞—Ç—å 1 114 112 –±—É–∫–≤(—Å–∏–º–≤–æ–ª–æ–≤)

–∫–∞–∫ —è –ø–æ–Ω—è–ª unicode –æ–Ω –¥–µ–ª–∞–µ—Ç —Å–æ–æ—Ç–≤–µ—Å—Ç–≤–∏–µ –º–µ–∂–¥—É –º–Ω–æ–∂–µ—Å—Ç–≤–æ–º —Å–∏–º–≤–æ–ª–æ–≤ –∏ —Ü–µ–ª—ã–º–∏ —á–∏—Å–ª–∞–º–∏.
–∏ —ç—Ç–æ —á–∏—Å—Ç–æ —Ç–∞–∫–∞—è –º–∞—Ç–µ–º–∞—Ç–∏—á–µ—Å–∫–∞—è –∞–±—Å—Ç—Ä–∞–∫—Ü–∏—è –±–µ–∑ –ø—Ä–∏–≤—è–∑–∫–∏ –∫ –∫–æ–º–ø–∞–º.
–∏ —é–Ω–∏–∫–æ–¥ —ç—Ç–æ –Ω–µ –∫–æ–¥–∏—Ä–æ–≤–∫–∞.

–∞ –¥–∞–ª–µ–µ –≤—Å—Ç—É–ø–∞–µ—Ç –≤ –±–æ–π —É–∂–µ –∫–æ–¥–∏—Ä–æ–≤–∫–∞. —Ç–∞–∫–∞—è –∫–∞–∫ utf-8,utf16,utf32.
—á—Ç–æ –æ–Ω–∏ –¥–µ–ª–∞—é—Ç. –æ–Ω–∏ –±–µ—Ä—É—Ç —ç—Ç–æ —Ü–µ–ª–æ–µ —á–∏—Å–ª–æ –∏–∑ –ø—Ä–µ–¥—ã–¥—É—â–µ–≥–æ –ø—É–Ω–∫—Ç–∞ –∏ —Ç—Ä–∞–Ω—Å—Ñ–æ—Ä–º–∏—Ä—É—é—Ç –µ–≥–æ 
–≤ –¥—Ä—É–≥–æ–µ —á–∏—Å–ª–æ –∫–æ—Ç–æ—Ä–æ—É —É–∂–µ –ø—Ä–∏–≤—è–∑–∞–Ω–æ –∫ –∫–æ–º–ø—å—é—Ç–µ—Ä—É.

–≤ —á–µ–º –ø—Ä–∏–∫–æ–ª —Ç–∞–∫–æ–π —Å—Ö–µ–º—ã –≤ —Ç–æ–º —á—Ç–æ –º—ã –≤–≤–µ–ª–∏ –¥–æ–ø–æ–ª–Ω—Ç–µ–ª—å–Ω—ã–π —É—Ä–æ–≤–µ–Ω—å –∞–±—Å—Ç—Ä–∞–∫—Ü–∏–∏. 
—á—Ç–æ —ç—Ç–æ –¥–∞–µ—Ç. —Ç–∞–∫ –∫–∞–∫ –∫–æ–¥–∏—Ä–æ–≤–∫–∞ –≤ —Ç–æ–π –∏–ª–∏ –∏–Ω–æ–π –º–µ—Ä–µ –∑–∞–≤—è–∑–∞–Ω–∞ –Ω–∞ –ø–æ–¥—Ä–æ–±–Ω–æ—Å—Ç–∏ –∫–æ–º–ø–∞ 
—Ç–æ –µ—Å–ª–∏ –∞—Ä—Ö–∏—Ç–µ—Ç–∫—Ç—É—Ä–∞ –∫–æ–º–ø–∞ –º–µ–Ω—è–µ—Ç—Å—è —Ç–æ —É –Ω–∞—Å –ø—Ä–µ—Ä—ã–¥—É—â–∏–π –ø—É–Ω–∫—Ç –æ—Å–∞—Ç–µ—Ç—Å—è –±–µ–∑ –∏–∑–º–µ–Ω–µ–Ω–∏–π
–∞ —Ç–æ–ª—å–∫ –º–µ–Ω—è–µ—Ç—Å—è –≤–æ—Ç —ç—Ç–æ—Ç –ø—É–Ω–∫—Ç –∫–æ—Ç–æ—Ä–π—ã–π –Ω–∏–∂–µ–ª–µ–∂–∞—â–∏–π. –∏ –µ—Å–ª–∏—Å–∫–∞–∂–µ–º –ø—Ä–æ–≥—Ä–∞–º–º–∞ —Ä–∞–±–æ—Ç–∞–µ—Ç –Ω–∞ —É—Ä–æ–≤–Ω–µ
–ø—Ä–µ–¥—ã–¥—É—â–µ–≥–æ –ø—É–Ω–∫–∞ —Ç–æ –µ–µ –ø–µ—Ä–µ–ø–∏—Å—ã–∞—Ç—å –Ω–µ–Ω–∞–¥–æ –∏–±–æ –æ—Ç –Ω–µ–µ –Ω–∏–∂–Ω–∏–π —É—Ä–æ–≤–µ–Ω—å –∞–±—Å—Ç—Ä–∞–∫—Ü–∏–∏ —Å–∫—Ä—ã—Ç.
–ø–æ–∫–∞ –∫–∞–∫ —Ç–æ —Ç–∞–∫.

As of Unicode version 14.0, there are 144,697 characters

 ISO/IEC 10646-1: 1993 –ø–æ–ª–Ω–æ—Å—Ç—å—é —Å–æ–≤–ø–¥–∞—Ç–∞–µ—Ç —Å unicode 2.0

 –≤–æ–±—â–µ–º –Ω–∞—Å–∫–æ–ª–∫–æ —è –ø–æ–Ω—è–ª —é–Ω–∏–∫–æ–¥ —á—Ç–æ –æ–Ω –ø–æ —Å—É—Ç–∏ –¥–µ–ª–∞–µ—Ç –æ–Ω –±–µ—Ä–µ—Ç —Å–∏–º–≤–æ–ª –∏ –¥–∞–µ—Ç –µ–º—É –Ω–æ–º–µ—Ä –ø–æ—Ä—è–¥–∫–æ–≤—ã–π - –Ω–∞–∑—ã–≤–∞–µ—Ç—Å—è —ç–Ω–∏–∫–æ–¥ —á–∏—Å–ª–æ –∏ –æ–±—Ä–∑–Ω–∞—á–∞–µ—Ç—Å—è U-—á–∏—Å–ª–æ. —á–∏—Å–ª–æ –æ–±—ã—á–Ω–æ –≤ hex —Ñ–æ—Ä–º–∞—Ç–µ.
 –Ω–æ–º–µ—Ä–∞ –∏–¥—É—Ç –≤ –¥–∏–∞–ø–∞–∑–æ–Ω–µ 0-10FFFF (10FFFF —ç—Ç–æ –ø–æ—á—Ç–∏ —Ç—Ä–∏ –±–∞–π—Ç–∞) —ç—Ç–æ –≥–¥–µ —Ç–æ –ª–∏–º–æ–Ω —Å–∏–º–≤–æ–ª–æ–≤ –º–æ–∂–Ω–æ –∑–∞–∫–æ–¥–∏—Ä–æ–≤–∞—Ç—å. 
 –Ω–æ —ç—Ç–æ —á–∏—Å—Ç–æ –º–∞—Ç–µ–º–∞—Ç–∏—á–µ—Å–∫–∞—è —Ö—Ä–µ–Ω—å –∫ –ø—Ä–∏–º–µ–Ω–µ–Ω–∏—é –Ω–∞ –∫–æ–º–ø–µ —ç—Ç–æ –µ—â–µ –Ω–µ–≥–æ–¥–∏—Ç—Å—è. –¥–∞–ª–µ–µ —é–Ω–∏–∫–æ–¥ 
 –ø—Ä–µ–¥–ª–∞–≥–∞–µ—Ç –¥–æ–ø–æ–ª–Ω–∏–µ–ª—å–Ω–æ–µ –ø—Ä–µ–æ–±—Ä–∞–∑–æ–≤–∞–Ω–∏–µ(–ø—Ä–µ–æ–±—Ä–∞–∑–æ–≤–∞–Ω–∏—è –±—ã–≤–∞—é—Ç UTF-8, UTF-16LE, UTF-16BE, UTF-32 –∏ –æ–Ω–∏ –ø—Ä–æ–ø–∏—Å–∞–Ω—ã –≤ —Å—Ç–∞–Ω–¥–∞—Ä—Ç–µ —é–Ω–∏–∫–æ–¥–∞) –∫–æ—Ç–æ—Ä–æ–µ –±–µ—Ä–µ—Ç —é–Ω–∏–∫–æ–¥ —á–∏—Å–ª–æ –∏ –ø—Ä–µ–æ–±—Ä–∑—É–µ—Ç –≤ –¥—Ä—É–≥–æ–µ
 —á–∏—Å–ª–æ –∏ –≤–æ—Ç —ç—Ç–æ —É–∂–µ —á–∏—Å–ª–æ –ø—Ä–µ–¥–ª–≥–∞–µ—Ç—Å—è –∏—Å–ø–æ–ª—å–∑–æ–≤–∞—Ç—å –¥–ª—è –æ–±—Ä–∑–Ω–∞—á–µ–Ω–∏—è —Å–∏–º–≤–æ–ª –≤ —Ç–µ–∫—Å—Ç–æ–≤—ã—Ö 
 —Ñ–∞–π–ª–∞—Ö –Ω–∞ –∫–æ–º–ø–µ. –µ—â–µ —è —Ö–æ—á—É —Å–∫–∞–∑–∞—Ç—å —á—Ç–æ –ø–æ–ª–Ω—ã–π –Ω–∞–±–æ—Ä —Å–∏–º–≤–æ–ª–æ–≤ —é–Ω–∏–∫–æ–¥–∞ –Ω–∞–ø–æ–º–∏–Ω–∞–µ—Ç —è–∑–±—É–∫—É 
 —Ç–æ–ª—å–∫–æ –º–∏—Ä–æ–≤—É—é. —Ç—É–¥–∞ —Å–æ–±—Ä–∞–Ω—ã –≤—Å–µ —Å–∏–º–≤–æ–ª—ã –≤—Å–µ—Ö –∞–ª—Ñ–∞–≤–∏—Ç–æ–≤ –º–∏—Ä–∞. –ø–æ–ª–Ω–π—ã –Ω–∞–±–æ—Ä —Å–∏–º–≤–æ–ª–æ–≤ —é–Ω–∏–∫–æ–¥–∞ 
 –æ—Ç U-0 –¥–æ U-10FFFF –Ω–∞–∑—ã–≤–∞–µ—Ç—Å—è —Ä–µ–ø–µ—Ä—Ç—É–∞—Ä–æ–º.
  –∏—Ç–∞–∫ –µ—â–µ —Ä–∞–∑ –≤—ã–≥–ª—è–¥–∏—Ç —ç—Ç–æ —Ç–∞–∫


 —Å–∏–º–≤–æ–ª –Å --> U-0401 ---> (–¥–æ–ø –ø—Ä–µ–æ–±—Ä–∞–∑–æ–≤–∞–Ω–∏–µ) ----> 81d0
–∏ –∏–º–µ–Ω–Ω–æ –≤–æ—Ç —ç—Ç–æ—Ç 81d0 –º–æ–∂–Ω–æ –∏—Å–ø–æ–ª—å–∑–æ–∞—Ç—å –≤ —Ç–µ–∫—Å—Ç–æ–≤—ã—Ö —Ñ–∞–π–ª–∞—Ö –¥–ª—è –æ–±–æ—Ö–Ω–∞—á–µ–Ω–∏–µ –±—É–∫–≤—ã –Å.




 	- –∑–∞—á–µ–º –¥–≤–æ–π–Ω–æ–µ –ø—Ä–µ–æ–±—Ä–∞–∑–æ–≤–∞–Ω–∏–µ , –ø–æ—á–µ–º—É –≤–º–µ—Å—Ç–æ 0x81d0 –Ω–µ–∏—Å–ø–æ–ª—å–∑–æ–≤–∞—Ç—å –≤ —Ç–µ–∫—Å—Ç–æ–≤—ã—Ö —Ñ–∞–π–ª–∞—Ö —Å—Ä–∞–∑—É —á–∏—Å–ª–æ 0x0401. —Ä–µ–∑–æ–Ω–Ω—ã–π –≤–æ–ø—Ä–æ—Å. 

 	- –µ—Å—Ç—å –Ω–µ—Å–∫–æ–ª—å–∫–æ –ø—Ä–µ–æ–±—Ä–∞–∑–æ–≤–∞–Ω–∏–π. –∑–∞—á–µ–º –Ω–µ—Å–∫–æ–ª–∫–æ ?
 	- –≤–æ–ø—Ä–æ—Å—ã echo –∏ printf –æ–Ω–∏ –∫–∞–∫–æ–π  –ø–æ–¥–¥–µ—Ä–∂–∏–≤–∞—é—Ç utf8, utf16, utf32?
 	- utf8 –æ–Ω –¥–æ 1 –¥–æ 4 –±–∞–π—Ç. utf16 –æ–Ω 2 –∏–ª–∏ 4 –±–∞–π—Ç–∞ utf32 –æ–Ω 4 –±–∞–π—Ç–∞ —Ç–æ–ª–∫–æ.
 –≤—Å–µ –æ–Ω–∏ –ø–æ–¥–¥–µ—Ä–∂–∏–≤–∞—é—Ç –∫–æ–¥–∏—Ä–æ–≤–∞–Ω–∏–µ –≤—Å–µ—Ö U- —Å–∏–º–≤–æ–ª–æ–≤. —Ç–æ–µ—Å—Ç—å –ø–æ–ª–Ω—ã–π –Ω–∞–±–æ—Ä (–∏–ª–∏ –≥–æ–≤–æ—Ä—è —è–∑—ã–∫–æ–º
 —é–Ω–∏–∫–æ–¥ –¥–æ–∫—É–º–µ–Ω—Ç–∞ –≤–µ—Å—å —Ä–µ–ø–µ—Ä—Ç—É–∞—Ä). UTF-8 –æ–Ω –º–æ–∂–µ—Ç –¥–ª—è –∫–æ–¥–∏—Ä–æ–≤–∞–Ω–∏—è –æ–¥–Ω–æ–≥–æ —Å–∏–º–≤–æ–ª–∞ –∏—Å–ø–æ–ª—å–∑–æ–≤–∞—Ç—å
 —Ç–æ 1 –¥–æ 4 –±–∞–π—Ç. –¥–∞–¥–∞. –¥–ª—è –∫–∞–∫–∏—Ö —Ç–æ —Å–∏–º–≤–æ–ª–æ–≤ —Ö–≤–∞—Ç–∏—Ç –∏ –æ–¥–Ω–æ–≥–æ –±–∞–π—Ç–∞ –∞ –¥–ª—è –∫–∞–∫–∏—Ö —Ç–æ —Ü–µ–ª—ã—Ö —á–µ—Ç—ã—Ä–µ.
UTF-16 –∫–æ–¥–∏—Ä—É–µ—Ç —Å–∏–º–≤–æ–ª –ª–∏–±–æ —á–µ—Ä–µ–∑ 2 –±–∞–π—Ç–∞ –ª–∏–±–æ —á–µ—Ä–µ–∑ 4. UTF-32 –∫–æ–¥–∏—Ä—É–µ—Ç —Å–∏–º–≤–æ–ª –≤—Å–µ–≥–¥–∞ —á–µ—Ä–µ–∑ 4 –±–∞–π—Ç–∞. –Ω–∞—Ñ–∏–≥–∞ —Ç–∞–∫–∞—è —á–µ—Ö–∞—Ä–¥–∞. –∫–∞–∂–¥—ã–π encoding –∏–º–µ–µ—Ç —Å–≤–æ–∏ –ø–ª—é—Å—ã –∏ –º–∏–Ω—É—Å—ã. —Ä–∞—Å–º–æ—Ç—Ä–∏–º UTF-8 –µ–≥–æ —Ñ–∏—à–∫–∞ –≤ —Ç–æ–º —á—Ç–æ –µ—Å–ª–∏ —É –Ω–∞—Å —Ç–µ–∫—Å—Ç —Å–æ—Å–æ—Ç–æ–∏—Ç –∏–∑ –∞–Ω–≥–ª–∏–π—Å–∫–∏—Ö —Å–∏–º–≤–æ–ª–æ–≤ —Ç–æ UTF-8 –∫–æ–¥–∏—Ä—É–µ—Ç –∫–∞–∂–¥—ã–π –∞–Ω–≥–ª–∏–π—Å–∫–π —Å–∏–º–æ–ª –∏—Å–ø–æ–ª—å–∑—É—è —Ç–æ–ª—å–∫–æ –æ–¥–∏–Ω –±–∞–π—Ç. –µ—Å–ª–∏ –±—ã –º—ã –∏—Å–ø–æ–ª—å–∑–æ–≤–∞–ª–∏ –ø–æ—Ä—è–¥–∫–æ–≤—ã–π –Ω–æ–º–µ—Ä —é–Ω–∏–∫–æ–¥–∞ 
—Ç–æ –Ω–∞–º –±—ã –Ω—É–∂–Ω–æ –±—ã–ª–æ –¥–ª—è –∫–∞–∂–¥–æ–≥–æ —Å–∏–º–≤–æ–ª–∞ –∏—Å–ø–æ–ª—å–∑–æ–≤–∞—Ç—å —Ç—Ä–∏ –±–∞–π—Ç–∞ –∞ —Ç—É—Ç –¥–ª—è –∞–Ω–≥–ª–∏–π—Å–∫–∏—Ö —Å–∏–º–≤–ª–æ–≤ –≤—Å–µ–≥–æ –æ–¥–∏–Ω . –ø–æ–ª—É—á–∞–µ–º —Å—É–º–∞—à–µ–¥—à—É —ç–∫–æ–Ω–æ–º–∏—é –≤ —Ç—Ä–∏ —Ä–∞–∑–∞ –¥–∏—Å–∫–æ–≤–æ–≥–æ –º–µ—Å—Ç–∞. –ø–ª—é—Å –∫–æ–¥—ã —Å–∏–º–≤–æ–ª–æ–≤ 
–≤ UTF-8 –¥–ª—è –∞–Ω–≥–ª–∏–π—Å–∫–∏—Ö —Å–º–∏–≤–æ–ª–æ–≤ —Å–æ–≤–ø–∞—é–∞—é—Ç —Å –∫–æ–¥–∞–º–∏ –∞–Ω–≥–ª–∏–π—Å–∫–∏—Ö —Å–∏–º–≤–æ–ª–æ–≤ –≤ ASCII encoding
—Ç–∞–∫–∏–º –æ–±—Ä–∞–∑–æ–º –µ—Å–ª–∏ –º—ã –∑–∞–∫–æ–¥–∏—Ä–æ–≤–∞–ª–∏ –∞–Ω–ª–∏–π—Å–∫–∏–π —Ç–µ–∫—Å—Ç–≤ UTF-8 –∏ –æ—Ç—Å–æ–ª–∞–ª–∏ –Ω–∞ –∫–æ–º–ø –∫–æ—Ç–æ—Ä—ã–π –Ω–µ—É–º–µ–µ—Ç 
—á–∏—Ç–∞—Ç—å UTF-8 –∞ —É–º–µ–µ—Ç —Ç–æ–ª—å–∫–æ ASCII —Ç–æ –æ–Ω –ø–æ–∫–∞–∂–µ—Ç —Ç–µ–∫—Å—Ç –∞–±—Å–æ–ª—é—Ç–Ω–æ –∫–æ—Ä–µ–∫—Ç–Ω–æ! –≤ —ç—Ç–æ–º —Ç–æ–∂–µ 
—á—É–¥–µ—Å–Ω–∞—è –æ—Å–æ–±–µ–Ω–Ω–æ—Å—Ç—å UTF-8 –µ–≥–æ –ø—Ä–µ–∏–º—É—â–µ—Å—Ç–≤–æ. –±—É–∫–≤—ã —Ä—É—Å–∫–æ–≥–æ –∞–ª—Ñ–∞–≤—Ç–∞ –∑–∞–Ω–∏–º–≤ –∞—é—Ç –ø–æ 2 –±–∞–π—Ç–∞ –Ω–∞ —Å–∏–º–≤–æ–ª —ç—Ç–æ —É–∂–µ –∫–æ–Ω–µ—á–Ω–æ –±–æ–ª—å—à–µ —á–µ–º –æ–¥–∏–Ω –±–∞–π—Ç –Ω–∞ —Å–∏–º–≤–æ–ª –¥–ª—è –∞–Ω–ª–≥–ª–∏–π—Å–∫–æ–π –±—É–∫–≤—ã –Ω–æ —ç—Ç–æ –∑–∞–Ω–∏–º–∞–µ—Ç 
–º–µ–Ω—å—à–µ —á–µ–º —Ç—Ä–∏ –±–∞–π—Ç–∞ –µ—Å–ª–∏ –±—ã –º—ã –∏—Å–ø–ª—å–∑–æ–≤–∞–ª–∏ –≤ –∫–∞—á–µ—Å—Ç–≤–µ –±–∞–π—Ç–æ–≤ unicod –Ω–æ–º–µ—Ä –∫–æ—Ç–æ—Ä—ã–π —Ç—Ä–∏ –±–∞–π—Ç–∞ –¥–ª–∏–Ω–Ω–æ–π. –µ—Å–ª–∏ –º—ã –Ω–∞—Å—É–µ–º –≤ –æ–¥–∏–Ω–∏ —Ç–æ—Ç –∂–µ —Ç–µ–∫—Å—Ç–æ–≤—ã–π —Ñ–∞–π–ª –±—É–∫–≤—ã –∏–∑ –∞–Ω–≥–ª–∏–π—Å–∫–æ–≥–æ –∏ —Ä—É—Å–∫–æ–≥–æ –∞–ª—Ñ–∞–≤–∏—Ç–∞
–≤ –∫–æ–¥–∏—Ä–æ–≤–∫–µ UTF-8 –∏ –ø–æ—à–ª–µ–º –Ω–∞ –∫–æ–º–ø –∫–æ—Ç–æ—Ä—ã–π —Ç–æ–ª—å–∫–æ —É–º–µ–µ—Ç ASCII –ø–æ–∫–∞–∑—ã–≤–∞—Ç—å —Ç–æ —á–µ–ª–æ–≤–µ–∫ —Ç–∞–º —É–≤–∏–¥–∏—Ç 
—Ç–æ–ª—å–∫–æ –∞–Ω–≥–∏–π—Å–∫–∏–µ –±—É–∫–≤—ã –∫–æ—Ä–µ–∫—Ç–Ω–æ. —Ç–∞–∫ —á—Ç–æ —Ç–æ —á—Ç–æ —Å–∏–º–≤–æ–ª—ã U-0 U-127 –∫–æ—Ç–æ—Ä—ã–µ –æ—Ç–≤–µ—á–∞—é—Ç –∑–∞ –∞–Ω–≥–ª–∏–π—Å–∫–∏–π –∞–ª—Ñ–∞–≤–∏—Ç –æ–Ω–∏ –∫–æ–¥–∏—Ä—É—Ç—Å—è –≤—Å–µ–≥–æ –æ–¥–Ω–∏–º –±–∞–π—Ç–æ–º –∏ —ç—Ç–∏ –±–∞–π—Ç—ã —Å–æ–≤–ø–∞–¥–∞—é—Ç —Å –∫–æ–¥–∏–æ–≤–∫–æ–π ASCII —ç—Ç–æ –æ—á–µ–Ω—å –¥–∞–∂–µ –±–æ–ª—å—à–æ–π –ø–ª—é—Å.
>B —á–µ–º –ø—Ä–∏–∫–æ–ª utf16. –≤–æ –ø–µ—Ä–≤—ã—Ö –æ–Ω–∞ —É–∂–µ –Ω–µ—Å–æ–≤–º–µ—Å—Ç–∏–º–∞ —Å ASCII. —É–ø—Å! –Ω–µ—Å–º–µ—Ä—Ç–µ–ª—å–Ω–æ –Ω–æ –Ω–µ–ø—Ä–∏—è—Ç–Ω–æ. 
—É –Ω–∞—Å –º–æ–≥—É—Ç –±—ã—Ç—å —Å—Ç–∞—Ä—ã–µ –ø—Ä–æ–≥–∏ –∫–æ—Ç–æ—Ä—ã–µ –≤—ã–¥–∞—é—Ç –ø–æ—Ç–æ–∫ –±–∞–π—Ç–æ–≤ –Ω–∞—Ä—É–∂—É –¥—É–º–∞—è —á—Ç–æ –Ω–∞–¥–æ –≤—ã–¥–∞–≤–∞—Ç—å ASCII. –ø–æ—ç—Ç–æ–º—É –ø—Ä–æ–≥—Ä–∞–º–º –±—É–¥—Ç –¥—É–º–∞—Ç—å —á—Ç–æ –æ–Ω–∞ –≤—ã–¥–∞–µ—Ç –±—É–∫–≤—ã AB –∞ UTF16 –±—É–¥–µ—Ç –¥—É–º–∞—Ç—å —á—Ç–æ –Ω–∞–¥–æ –ø–µ—á–∞—Ç–∞—Ç–∞—å –Ω–∞ —ç–∫—Ä–∞–Ω–µ QW. –ø—Ä–∏–∫–æ–ª UTF16 –≤ —Ç–æ–º —á—Ç–æ  –≤ —é–Ω–∏–∫–æ–¥–µ –≤–µ—Å—å –Ω–∞–±–æ—Ä —Å–∏–º–æ–≤–æ–ª–æ–≤ –≤—Å–µ –º–Ω–æ–∂–µ—Å—Ç–≤–æ (–∏–ª–∏ –∫–∞–∫ –æ–Ω–∏ –≥–æ–≤–æ—Ä—è—Ç —Ä–µ–ø–µ—Ä—Ç—É–∞—Ä) –æ–Ω —Ä–∞–∑–¥–µ–ª–µ–Ω –Ω–∞ planes. –∫–∞–∂–¥—ã–π plane —ç—Ç–æ 65536 —Å–∏–º–≤–æ–ª–æ–≤. —Ç–∞–∫ –≤–æ—Ç  –≤ plane 0 –∫–æ—Ç–æ—Ä—ã–π –∑–æ–≤–µ—Ç—Å—è BMP –æ–Ω–∏ –≤–∫–ª—é—á–∏–ª–∏ —Å–∞–º—ã–µ —á–∞—Å—Ç–æ –∏—Å–ø–æ–ª—å–∑—É–µ–º—ã–µ —Å–∏–º–≤–æ–ª—ã.  –∞ —Ç–∞–∫ –∫–∞–∫ 
65536 —ç—Ç–æ 16–±–∏—Ç —Ç–æ –ø–æ–ª—É—á–∞–µ—Ç—Å—è —á—Ç–æ —á–µ—Ä–µ–∑ UTF-16 –≤–µ—Å—å —ç—Ç–æ—Ç –Ω–∞–±–æ—Ä —Å–∏–º–≤–æ–ª–æ–≤ BMP –æ–Ω –≤–º–µ—â–∞–µ—Ç—Å—è
–≤ –∫–æ–¥–∏—Ä–æ–≤–∫—É —á–µ—Ä–µ–∑ –¥–≤–∞ –±–∞–π—Ç–∞. —ç—Ç–æ –¥–∞–µ—Ç —Ç–æ —á—Ç–æ –µ—Å–ª–∏ —É –Ω–∞—Å —Ç–µ–∫—Å—Ç—ã –º–Ω–æ–≥–æ—è–∑—ã—á–Ω—ã–µ –∏ –º—ã –±—É–¥–µ–º 
–∏—Ö –∫–æ–¥–∏—Ä–æ–≤–∞—Ç—å —á–µ—Ä–µ–∑ UTF-8 –∏ UTF-16 —Ç–æ —Å–∫–æ—Ä–µ–π –≤—Å–µ–≥–æ –Ω–∞ UTF-8 —Å –æ–¥–Ω–æ–π —Å—Ç–æ—Ä–æ–Ω—ã —á–∞—Å—Ç—å —Å–∏–º–≤–æ–ª–æ–≤ 
–±—É–¥–µ—Ç –ø—Ä–µ–¥—Å—Ç–∞–≤–ª–µ–Ω–∞ —á–µ—Ä–µ–∑ –æ–¥–Ω–æ–±–∞–π—Ç–Ω–æ–µ –≤—ã—Ä–∞–∂–µ–Ω–∏–µ (–∞–Ω–≥–ª–∏–π—Å–∫–∏–µ —Å–∏–º–≤–æ–ª—ã) —á—Ç–æ –±–æ–ª–µ–µ –≤—ã–∏–≥—Ä—ã—à–Ω–æ
–ø–æ —Å—Ä–∞–≤–Ω–Ω–µ–∏—é —Å –¥–≤—É—Ö –±–∞–π—Ç–Ω—ã–º –≤ UTF-16 –Ω–æ —á–∞—Å—Ç—å —Å–∏–º–≤–æ–ª–æ–≤ –±—É–¥–µ—Ç –∏–¥—Ç–∏ –≤ —Ç—Ä–µ—Ö–±–∞–π—Ç–Ω–æ–º –ø—Ä–µ–¥—Å—Ç–∞–≤–ª–µ–Ω–∏–∏
 —á—Ç–æ –º–µ–Ω–µ–µ –≤—ã–≥—Ä—ã–Ω–æ –ø–æ —Å—Ä–∞–≤–Ω–µ–∏—é —Å UTF-16. –∫–æ–Ω–µ—á–Ω–æ –∂–µ —á–∞—Å—Ç—å —Å–∏–º–≤–æ–ª–æ–≤ –≤ UTf8 –±—É–¥–µ—Ç –∏–¥—Ç–∏ –≤ –¥–≤—É—Ö–±–∞–π—Ç–Ω–æ–º –≤—ã—Ä–∞–∂–µ–Ω–∏–∏ —Ç–∞–∫–∂–µ –∫–∞–∫ —ç—Ç–æ –µ—Å—Ç—å –≤ UTF-16 —á—Ç–æ –Ω–µ–¥–µ–ª–∞–µ—Ç —Ä–∞–∑–Ω–∏—Ü—ã. —Ç–∞–∫–∏–º –æ–±—Ä–∞–∑–æ–º
 –Ω–∞ –∫–∞–∫–∏—Ö—Ç–æ —Ç–µ–∫—Å—Ç–∞—Ö –∏ –∫–∞–∫–∏—Ö —Ç–æ –æ–±—å–µ–º–∞—Ö UTF16 –º–æ–∂–µ—Ç –¥–∞—Ç—å –º–µ–Ω—å—à–∏–π –æ–±—å–µ–º –Ω–∞ –¥–∏—Å–∫–µ –≤ —Å–ª—É—á–∞–µ –∫–æ–≥–¥–∞ —Ç–µ–∫—Å—Ç—ã –º–Ω–æ–≥–æ—è–∑—ã—á–Ω—ã–µ. —è —Ç–∞–∫ –ø–æ–Ω–∏–º–∞—é. –Ω–æ –∫–æ–Ω–µ—à–Ω–æ –æ—á–µ–Ω—å —Å–µ—Ä—å–µ–∑–Ω—ã–µ –º–∏–Ω—É—Å—ã UTF-16  –≤ —Ç–æ–º —á—Ç–æ
 –µ—Å–ª–∏ —Ç–µ–∫—Å—Ç—ã –∞–Ω–≥–∏–π—Å–∫–∏–π —Ç–æ –æ–Ω –±—É–¥–µ—Ç –∑–∞–Ω–∏–º–∞—Ç—å –≤ 2 —Ä–∞–∑–∞ –±–æ–ª—å—à–µ —á–µ–º –≤ UTF8. –∏ —Ç–æ —á—Ç–æ –æ–Ω ASCII –Ω–µ—Å–æ–≤–º–µ—Å—Ç–∏–º. –µ—Å—Ç—å –ø—Ä–∞–≤–¥–∞ –æ—á–µ–Ω—å —Å–∏–ª—å–Ω—ã–π –ø–ª—é—Å utf16  –≤ —Ç–æ–º —á—Ç–æ –µ—Å–ª–∏ –º—ã —Ö–æ—Ç–∏–º –Ω–∞–ø–µ—á–∞—Ç–∞—Ç—å –±—É–∫–≤—É –∏–∑ –∫–∞–∫–æ–≥–æ —Ç–æ —è–∑—ã–∫–∞ —Ç–æ —Å –æ–≥—Ä–æ–º–Ω–æ–π –¥–æ–æ–ª–µ–π –≤–µ—Ä–æ—è—Ç–Ω–æ—Å—Ç–∏ –æ–Ω–∞ –≤—Ö–æ–∏—Ç –≤ plane0 –∏ —ç—Ç–æ –∑–Ω–∞—á–∏—Ç —á—Ç–æ 
 –Ω–æ–º–µ—Ä –≤ —Ñ–æ—Ä–º–∞—Ç–µ —é–Ω–∏–∫–æ–¥–∞ U-1234 –∞–≤—Ç–æ–º–∞—Ç–æ–º –Ω–∞–º –¥–∞–µ—Ç –±–∞–π—Ç–æ–≤–æ–µ –ø—Ä–µ–¥—Å—Ç–∞–≤–ª–µ–Ω–∏–µ –≤ –∫–æ–¥–∏—Ä–æ–≤–∫–µ UTF16
 –ø–æ—Ç–æ–º—É —á—Ç–æ –æ–Ω–∞ –±—É–¥–µ—Ç —Ç–æ—á–Ω–æ —Ç–∞–∫–∞—è –∂–µ. –ø—Ä–∏–º–µ—Ä—ã:
–±—É–∫–≤–∞  –Å 
Unicode: U-0401
UTF-16 Encoding:	0x0401

–∞—Ä–∞–±—Å–∫–∞—è –±—É–∫–≤–∞ ÿà
Unicode:U-0608
UTF-16: 0x0608

—Ç–∞–∫–∏–º –∑–Ω–∞—è –ø–æ—Ä—è–¥–∫–æ–≤—ã–π –Ω–æ–º–µ—Ä –±—É–∫–≤—ã –≤ —é–Ω–∏–∫–æ–¥–µ –º—ã —Å—Ä–∞–∑—É —Å –æ–≥—Ä–æ–º–Ω–æ–π –¥–æ–ª–µ–π –≤–µ—Ä–æ—è—Ç–Ω–æ—Å—Ç–∏ –º–æ–∂–µ–º
–∫–æ—Ä–µ–∫—Ç–Ω–æ –Ω–∞–ª–µ—Ç—É –ø–æ–ª—É—á–∏—Ç—å –±–∞–π—Ç–æ–≤–æ–µ –ø—Ä–µ–¥—Å—Ç–∞–≤–ª–µ–Ω–∏ –≤ UTF16. –ø–æ—Ç–æ–º—É —á—Ç–æ –æ–Ω–æ —Ä–æ–≤–Ω–æ —Ç–∞–∫–æ–µ–∂–µ.
–î–ª—è —Å—Ä–∞–≤–Ω–µ–Ω–∏—è –¥–≤—É—Ö–±–∞–π—Ç–æ–≤–æ–µ –ø—Ä–µ–¥—Å—Ç–∞–≤–ª–µ–Ω–∏–µ –≤ UTF-8 –æ–Ω–æ –∫–æ—Ä–µ–Ω–Ω—ã–º –æ–±—Ä–∞–∑–æ–º –Ω–µ–ø—Ä–æ—Å—Ç–æ–µ –∏–∑ —é–Ω–∏–∫–æ–¥ –Ω–æ–º–µ—Ä–∞. –Ω–∞–ø—Ä–∏–º–µ—Ä –±—É–∫–≤–∞ –Å(U-0401) –≤ UTf-8 –∏–º–µ–µ—Ç –≤–∏–¥ 0xD081. —Å–æ–≥–ª–∞—Å–∏—Å—å —á—Ç–æ 0401 –≤ D081 –Ω–∏–∫–∞–∫ –Ω–∞–ª–µ—Ç—É –Ω–µ–ø–æ–ª—É—á–∏—Ç—å –≤ —É–º–µ. –ø–æ—ç—Ç–æ–º—É –≤ —ç—Ç–æ–º –æ–≥—Ä–æ–º–Ω–∞—è —Ñ–∏—à–∫–∞ UTF-16.
 >UTF32 –¥–∞–µ—Ç —Ç–æ–ª–ª—å–∫–æ —Ç–æ —á—Ç–æ –≤—Å–µ –∞—é—Å–æ–ª—é—Ç—Ä–Ω–æ —Å–∏–º–≤–æ–ª—ã –∑–∞–Ω–∏–º–∞—é—Ç –æ–¥–∏–Ω–∞–∫–æ–≤—ã–π —Ä–∞–∑–º–µ—Ä 4 –±–∞–π—Ç–∞. —Ö–æ—Ç—è –º–Ω–µ –Ω–µ–ø–æ–Ω—è—Ç–Ω–æ –∑–∞—á–µ–º –±—ã–ª–æ 4 –±–∞–π—Ç–∞ –∫–æ–≥–¥–∞ –º–æ–∂–Ω–æ –±—ã–ª–æ 3 –±–∞–π—Ç–∞ —Å–¥–µ–ª–∞—Ç—å –≤–µ–¥—å –Ω–∞ –¥–∞–π–Ω–Ω–π—ã –º–æ–º–µ–Ω—Ç
 –≤–µ—Å—å –Ω–∞–±–æ—Ä —ç–Ω–∏–∫–æ–¥–∞ —ç—Ç–æ 10FFFF —á—Ç–æ —Å–æ—Å—Ç–∞–≤–ª—è–µ—Ç —Ç—Ä–∏ –±–∞–π—Ç–∞ –≤ —à–∏—Ä–∏–Ω—É. 
 > –≤ —Ü–µ–ª–æ–º –ø—Ä–∏–∫–æ–ª —é–Ω–∏–∫–æ–¥–∞ –≤ —Ç–æ–º (–Ω–µ–≤–∞–∂–Ω–æ –≤ –∫–∞–∫–æ–π –∫–æ–¥–∏—Ä–æ–≤–∫–µ UTF8\16\32 —Ö–æ—Ç—è utf8 –ø–æ –º–Ω–µ —Å–∞–º–∞—è —Å–∏–ª—å–Ω–∞—è –∫–æ–¥–∏—Ä–æ–≤–∫–∞) —É –Ω–∞—Å –≤ —Ç–µ–∫—Å—Ç–µ –∫–æ—Ç–æ—Ä—ã–π –∑–∞–∫–æ–¥–∏—Ä–æ–≤–∞–Ω –≤ utf8\16\32 –º–æ–≥—É—Ç –∏–¥—Ç–∏ —Å–ª–æ–≤–∞ –ø—Ä–µ–¥–ª–æ–∂–µ–Ω–∏—è –∏ –±—É–∫–≤—ã —Å—Ä–∞–∑—É –∏–∑ –≤—Å–µ—Ö —è–∑—ã–∫–æ–≤ –º–∏—Ä–∞ –æ–¥–Ω–æ–≤—Ä–µ–º–µ–Ω–Ω–æ.
 –í –ª—é–±–æ–º —Å–ª—É—á–∞–µ —Ç–µ–ø–µ—Ä—å –≤–∏–¥–Ω–æ –ø–æ—á–µ–º—É –Ω–∞ –∫–æ–º–ø—ã –≤ —Ç–µ–∫—Å—Ç–æ–≤—ã–µ —Ñ–∞–π–ª—ã –Ω–µ —Å—Ç–∞–ª–∏ —à–∞—Ä–∞—à–∏—Ç –ø–æ—Ä—è–¥–∫–æ–≤—ã–µ
 –Ω–æ–º–µ—Ä–∞ —é–Ω–∏–∫–æ–¥–∞ –¥–ª—è —Å–∏–º–≤–æ–ª–æ–≤. –ø–æ—Ç–æ–º—É —á—Ç–æ –µ—Å–∏ –≤–≤–µ—Å—Ç–∏ –¥–æ–ø–æ–Ω–∏—Ç–µ–ª—å–Ω—ã–π —Å–ª–æ–π –∞–±—Å—Ç—Ä–∞–∫—Ü–∏–∏\–ø—Ä–µ–æ–±—Ä–∞–∑–æ–≤–∞–Ω–∏—è –∏–∑ —é–Ω–∏–∫–æ–¥ –Ω–æ–º–µ—Ä–∞ –≤ –Ω–µ–∫–æ—Ç–æ—Ä—ã–π –Ω–æ–≤—ã–π –Ω–æ–º–µ—Ä —á–µ—Ä–µ–∑ UTF-8\16\32 —Ç–æ  –≤ –æ–ø—Ä–µ–¥–µ–ª–µ–Ω–Ω—ã—Ö —Å–ª—É—á–∞—è—Ö —É –Ω–∞—Å –ø–æ–ª—É—á–∞—é—Ç—Å—è –±–æ–ª–µ–µ –≤—ã–∏–≥—Ä—ã—à–Ω—ã–µ –ø–æ –æ–±—å–µ–º—É —Ç–µ–∫—Å—Ç—ã (–±–æ–ª–µ–µ –º–∞–ª–µ–Ω—å–∫–∏–µ) –ø–ª—é—Å –æ–±—Ä–∞—Ç–Ω–∞—è —Å–æ–≤–º–µ—Å—Ç–∏–º–æ—Å—Ç—å —Å ASCII. –∏ –≤–æ–±—â–µ –∫—Ç–æ –∑–Ω–∞–µ—Ç –∫–∞–∫–æ–π –≤ –±—É–¥—É—â–µ–º –±–æ–ª–µ–µ –≤—ã–≥–æ–¥–Ω—ã–π encoding –≤–º–µ—Å—Ç–æ UTF-8\16\32 –ø—Ä–∏–¥—É–º–∞—é—Ç –Ω–æ –ø—Ä–∏ —ç—Ç–æ–º —Ç–æ –∫–ª–∞—Å–Ω–æ –Ω–µ–ø—Ä–∏–¥–µ—Ç—Å—è –º–µ–Ω—è—Ç—å —é–Ω–∏–∫–æ–¥ –Ω–æ–º–µ—Ä–∞. 
 —ç—Ç–æ –æ—á–µ–Ω—å —É–º–Ω–æ –Ω–∞ –±—É–¥—É—â–µ–µ –ø—Ä–∏–¥—É–º–∞–Ω–æ. –¥–æ–ø–æ–ª–Ω–∏–µ–ª—å–Ω—ã–π —É—Ä–æ–≤–µ–Ω—å –∞–±—Å—Ç—Ä–∞–∫—Ü–∏–∏ –Ω–∞ –Ω–∏–∂–Ω–µ–º —É—Ä–æ–≤–Ω–µ –ø–æ–∑–æ–≤–æ–ª—è–µ—Ç –∏–≥—Ä–∞—Ç—å—Å—è —Å –Ω–∏–º –º–µ–Ω—è—Ç—å –≤ –±—É–¥—É—â–µ–º –∏ –ø—Ä–∏ —ç—Ç–æ–º –æ—Å—Ç–∞–≤–∏—Ç—å –±–µ–∑ –∏–∑–º–µ–µ–Ω–∏–π –≤–µ—Ä—Ö–Ω–∏–π —É—Ä–æ–≤–µ–Ω—å. –æ—á–µ–Ω—å —É–º–Ω–æ.  —Ç–∞–∫–∂–µ –ø—Ä–µ–¥–≤–∞—Ä–∏–µ—Ç–ª—å–Ω–æ –Ω–∞—Å–∫–æ–ª—å–∫–æ —è –ø–æ–Ω—è–ª —Ñ–∏—à–∫–∞ —ç—Ç–æ–≥–æ —ç–Ω–∫–æ–¥–∏–Ω–≥–∞ –≤ —Ç–æ–º —á—Ç–æ 
 –±–∞–π—Ç–æ–≤–æ–µ –ø—Ä–µ–¥—Å—Ç–∞–≤–ª–µ–Ω–∏–µ –∏–∑ —é–Ω–∏–∫–æ–¥ –Ω–æ–º–µ—Ä–∞ —Ä–æ–≤–Ω–æ —Ç–∞–∫–æ–µ –∂–µ —Å–∞–º–æ–µ –∫–∞–∫ —é–Ω–∏–∫–æ–¥ –Ω–æ–º–µ—Ä.—Ç–æ–µ—Å—Ç—å –∑–Ω–∞—è —é–Ω–∏–∫–æ–¥ –Ω–æ–º–µ—Ä –º—ã —Å—Ä–∞–∑—É –∑–Ω–∞–µ–º –ø—Ä–µ–¥—Å—Ç–≤–ª–µ–Ω–∏ —ç—Ç–æ–≥–æ —Å–∏–º–≤–æ–ª –≤ utf32 –±–∞–π—Ç–æ–≤–æ–º –≤–∏–¥–µ. —Ç–æ–µ—Å—Ç—å –¥–ª—è –ø—Ä–∏–º–µ—Ä–∞
 —Å–∏–º–≤–æ–ª üåà
Unicode: U-1F308
UTF-32 Encoding:	0x0001F308
–Ω—É —á—Ç–æ –æ—á–µ–Ω—å —É–¥–æ–±–Ω–æ.

>–¥–∞–ª–µ–µ. –ø—Ä–æ —Ç–µ—Ä–º–∏–Ω–æ–ª–æ–≥–∏—é —é–Ω–∏–∫–æ–¥–∞:
code point - 
—è —É–∑–Ω–∞–ª –∫–∞–∫ –Ω–∞–∑—ã–∞–µ—Ç—Å—è –≤–æ—Ç —ç—Ç–æ —á–∏—Å–ª–æ –ø–æ—Å–ª–µ U-0401. —á–∏—Å–ª–æ –Ω–∞–∑—ã–≤–∞–µ—Ç—Å—è code point.
unicode character -
—Å–∏–º–≤–æ–ª –∫–æ—Ç–æ—Ä—ã–π  –ø–æ—Å—Ç–∞–≤–ª–µ–Ω –≤ —Å–æ–æ—Ç–≤–µ—Å—Ç–≤–∏–µ code point –Ω–∞–∑—ã–≤–∞–µ—Ç—Å—è unicode character. —Ç–æ–µ—Å—Ç—å –±–µ—Ä–µ—Ç—Å—è unicode character ( –ø–æ –Ω–∞—à–µ–º—É —Å–∏–º–≤–æ–ª) –∏ –µ–º—É –≤ —Å–æ–æ—Ç–≤–µ—Å—Ç–≤–∏–µ —Å—Ç–∞–≤–∏—Ç—Å—è
unicode code point
code unit -
–∑–Ω–∞—á–∏—Ç  —É –Ω–∞—Å –µ—Å—Ç—å —Å–∏–º–≤–æ–ª –≤ —Ñ–æ—Ä–º–µ —é–Ω–∏–∫–æ–¥ —á–∏—Å–ª–∞ (code point) –∏ –º—ã –±–µ—Ä–µ–º encoding (UTF8\16\32) –∏ –Ω–∞—Ç—Ä–∞–≤–ª–∏–≤–∞–µ–º –Ω–∞ code point –∏ –ø–æ–ª—É—á–∞–µ–º –Ω–∞ –≤—ã—Ö–æ–¥–µ –Ω–∞–±–æ—Ä –±–∞–π—Ç–æ–≤ –æ–¥–∏–Ω –∏–ª–∏  –Ω–µ—Å–∫–æ–ª—å–∫–æ —Ç–æ–µ—Å—Ç—å –Ω–µ–∫–æ—Ç–æ—Ä–æ–µ –º–Ω–æ–∂–µ—Å—Ç–≤–æ –±–∞–π—Ç–æ–≤. —Ç–∞–∫ –≤–æ—Ç –≤ —ç—Ç–æ–º –Ω–∞–±–æ—Ä–µ –±–∞–π—Ç–æ–≤ –æ–¥–∏–Ω –∏–ª–∏ –Ω–µ—Å–∫–æ–ª—å–∫–æ –±–∞–π—Ç–æ–≤ –Ω–∞–∑—ã–∞–µ—Ç—Å—è
code unit. —Ä–∞–∑–º–µ—Ä code unit (—Ç–æ–µ—Å—Ç—å —Å–∫–æ–ª—å–∫–æ –±–∞–π—Ç–æ–≤ –æ–Ω –ø–æ—Ä–∞–∑–º–µ—Ä—É) –∑–∞–≤–∏—Å–∏—Ç –æ—Ç —Ç–æ–π encoding –∫–æ—Ç–æ—Ä—ã–π –º—ã –∏—Å–ø–æ–ª—å–∑–æ–≤–∞–ª–∏ –¥–ª—è –ø—Ä–µ–æ–±—Ä–∞–∑–æ–≤–∞–Ω–∏—è. —Ç–æ–µ—Å—Ç—å –≤ UTF8 —Ä–∞–∑–º–µ—Ä code unit = 1 –±–∞–π—Ç.
–≤ UTF16 —Ä–∞–∑–º–µ—Ä code unit = 2 –±–∞–π—Ç–∞. –≤ utf32 —Ä–∞–∑–º–µ—Ä code unit = 4 –±–∞–π—Ç–∞. –µ—â–µ —Ä–∞–∑ –ø–æ–¥—á–µ—Ä–∫–Ω—É —á—Ç–æ —Ä–∞–∑–º–µ—Ä code unit –∑–∞–≤–∏–∏—Å–∏—Ç –æ—Ç –∫–æ–Ω–∫—Ä–µ—Ç–Ω–æ–≥–æ encoding. –Ω–æ –≤ —Ä–∞–º–∫–∞—Ö —ç—Ç–æ–≥–æ encoding –æ–Ω —Ñ–∏–∫—Å–∏—Ä–æ–≤–∞–Ω–Ω—ã–π. —Ç–æ–µ—Å—Ç—å –≤ UTF8 code unit = 1 –±–∞–π—Ç. –≤ —Ä–∞–º–∫–∞—Ö UTF8 –æ–Ω –≤—Å–µ–≥–¥–∞ 1 –±–∞–π—Ç  –∏ –Ω–∏–∫–∞–∫ –∏–Ω–∞—á–µ. –≤ —Ä–∞–º–∫–∞—Ö UTF16 –æ–Ω –≤—Å–µ–≥–¥–∞ 2 –±–∞–π—Ç–∞ –∏ –Ω–∏–∫–∞–∫ –∏–Ω–∞—á–µ. –≤ —Ä–∞–º–∫–∞—Ö UTf32 –æ–Ω –≤—Å–µ–≥–¥–∞ 4 –±–∞–π—Ç–∞ –∏ –Ω–∏–∫–∞–∫ –∏–Ω–∞—á–µ. —Ç—ã –º–µ–Ω—è —Å–ø—Ä–æ—Å–∏—à—å –Ω–æ –≤ UTF8 –±—ã–≤–∞—é—Ç character –∫–æ—Ç–æ—Ä—ã–π –∑–∞–Ω–∏–º–∞–µ—Ç 4 –±–∞–π—Ç–∞ –Ω–∞–ø—Ä–∏–º–µ—Ä —Å–∏–º–≤–æ–ª —Å–∏–º–≤–æ–ª üåà (Unicode code point: U-1F308) —É –Ω–µ–≥–æ UTF-8 Encoding =	0xF0 0x9F 0x8C 0x88 –∫–∞–∫ —ç—Ç–æ —Å–≤—è–∑–∞—Ç—å —Å –æ–¥–Ω–æ–±–∞–π—Ç–æ–≤—ã–º code unit. —Å–≤—è–∑–∞—Ç—å —Ç–∞–∫ —á—Ç–æ –ø–æ—Å–∫–æ–ª—å–∫—É —Å–∏–º–≤–æ–ª –∑–∞–Ω–∏–º–∞–µ—Ç —á–µ—Ç—ã—Ä–µ –±–∞–π—Ç–∞ –∞ —Ä–∞–∑–º–µ—Ä code unit –¥–ª—è utf8 –æ–¥–∏–Ω –±–∞–π—Ç —ç—Ç–æ –∑–Ω–∞—á–∏—Ç —á—Ç–æ —Å–∏–º–≤–æ–ª –∑–∞–Ω–∏–º–∞–µ—Ç 4 code unit. –ø–æ—Å–∫–æ–ª—å–∫—É —Ä–∞–∑–º–µ—Ä code unit –∑–∞–≤–∏–∏—Å–∏—Ç –æ—Ç encoding —Ç–æ –∫–æ–≥–¥–∞ –º—ã –≥–æ–≤–æ—Ä–∏–º –ø—Ä–æ —Ç–æ —Å–∫–æ–ª—å–∫–æ code unit –∑–∞–≥–∏–º–∞–µ—Ç —Å–∏–º–≤–æ–ª —Ç–æ –Ω–∞–¥–æ –≤—Å–µ–≥–¥–∞ —É–ø–æ–º–∏–Ω–∞—Ç—å –≤ –∫–∞–∫–æ–º encoding. –∏–Ω–∞—á–µ –Ω–µ—Ç —Å–º—ã—Å–ª–∞. –∏—Ç–∞–∫ –≤ –Ω–∞—à–µ–º —Å–ª—É—á–∞–µ –º—ã –∏–º–µ–µ–º
—Å–∏–º–≤–æ–ª: üåà
—é–Ω–∏–∫–æ–¥ chataracter code point:  U-1F308
encoding UTF8: 0xF0 0x9F 0x8C 0x88, –ø–æ—Å–∫–æ–ª—å–∫—É code unit (UTF8) = 1 –±–∞–π—Ç —Ç–æ —Å–∏–º–≤–æ–ª –∑–∞–Ω–∏–º–∞–µ—Ç 4 code unit –≤ UTF8
encoding UTF16: 0xD83C 0xDF08, –ø–æ—Å–∫–æ–ª—å–∫—É code unit(UTF16)= 2 –±–∞–π—Ç–∞ —Ç–æ —Å–∏–º–≤–æ–ª –∑–∞–Ω–∏–º–∞–µ—Ç 2 code point –≤ UTF16
UTF-32 Encoding:	0x0001F308, –ø–æ—Å–∫–æ–ª—å–∫—É code unit(UTF32) = 4 –±–∞–π—Ç–∞ —Ç–æ —Å–∏–º–≤–æ–ª –∑–∞–Ω–∏–º–∞–µ—Ç 1 code unit.

—Ñ–∏–∑–∏—á–µ—Å–∫–∏–π —Å–º—ã—Å–ª–∞ code unit –≤ —Ç–æ–º —á—Ç–æ —ç—Ç–æ –º–∏–Ω–∏–º–∞–ª—å–Ω—ã–π —Ä–∞–∑–º–µ—Ä (–≤ –±–∞–π—Ç–∞—Ö) –≤ –∫–æ—Ç–æ—Ä–æ–º –≤ –¥–∞–Ω–Ω–æ–º encoding –º–æ–∂–µ—Ç –±—ã—Ç—å –∑–∞–∫–æ–¥–∏—Ä–æ–≤–∞–Ω —Ü–µ–ª–∏–∫–æ–º —Å–∏–º–≤–æ–ª. –Ω–æ —ç—Ç–æ –≤–µ—Ä–Ω–æ –Ω–µ –≤—Å–µ–≥–¥–∞ –¥–ª—è –≤—Å–µ—Ö —Å–∏–º–≤–æ–ª–æ–≤.
–≤ UTF32 –≤—Å–µ–≥–¥–∞ code unit –∫–æ–¥–∏—Ä—É–µ—Ç —Ü–µ–ª—ã–π —Å–∏–º–≤–æ–ª. –∞ –≤ UTF8 code unit –∫–æ–¥–∏—Ä—É–µ—Ç –¥–ª—è —Ä—è–¥–∞ —Å–∏–º–≤–æ–ª–æ–≤
—Å–∏–º–≤–æ–ª —Ü–µ–ª–∏–∫–æ–º –∞ –¥–ª—è —Ä—è–¥–∞ —Å–∏–º–≤–æ–ª–æ–≤ —Ç–æ–ª—å–∫–æ —á–∞—Å—Ç—å —Å–∏–º–≤–æ–ª–∞. –≤ UTF16 code unit –¥–ª—è —Ä—è–¥–∞ —Å–∏–º–≤–æ–ª–æ–≤
–∫–æ–¥–∏—Ä—É–µ—Ç –≤ —Å–µ–±–µ —Å–∏–º–≤–æ–ª —Ü–µ–ª–∏–∫–æ–º –∞ –¥–ª—è —Ä—è–¥–∞ —Å–∏–º–≤–æ–ª–æ–≤ —Ç–æ–ª—å–∫–æ —á–∞—Å—Ç—å —Å–∏–º–≤–æ–ª–∞. 
–ø—Ä–∏–º–µ—Ä.

—Å–∏–º–≤–æ–ª: üåà
code point:  U-1F308
encoding UTF8: 0xF0 0x9F 0x8C 0x88,

–≤ —ç—Ç–æ–º –ø—Ä–∏–º–µ—Ä–µ code point –∫–æ–¥–∏—Ä—É–µ—Ç –≤ —Å–µ–±–µ —Ç–æ–ª—å–∫–æ —á–∞—Å—Ç—å —Å–∏–º–≤–æ–ª–∞

—Å–∏–º–≤–æ–ª !
code point = U-0021
encoding UTF-8 = 0x21

–∞ –≤ —ç—Ç–æ–º –ø—Ä–∏–º–µ—Ä–µ code point –≤ —Å–µ–±–µ –∑–∞–∫–æ–¥–∏—Ä–æ–≤–∞–ª —Å–∏–º–≤–æ–ª —Ü–µ–ª–∏–∫–æ–º!

–≤ —ç—Ç–æ–º –∏ –µ—Å—Ç—å —Ñ–∏–∑–∏—á–µ—Å–∫–∏–π —Å–º—ã—Å–ª–∞ code point.
–ø–æ —Å–≤–æ–µ–π —Å—É—Ç–∏ code point —ç—Ç–æ –æ–¥–∏–Ω –∏–ª–∏ –Ω–µ—Å–∫–æ–ª–∫–æ –±–∞–π—Ç–æ–≤.
—Å –¥—Ä—É–≥–æ–π —Å—Ç–æ—Ä–æ–Ω—ã —Å–º—ã—Å–ª —ç—Ç–æ–≥–æ code point  –≤ —Ç–æ–º —á—Ç–æ –≤–Ω—É—Ç—Ä–∏ –Ω–µ–≥–æ ( –≤ —ç—Ç–∏—Ö –±–∞–π—Ç–∞—Ö) –∑–∞–∫–æ–¥–∏—Ä–æ–≤–∞–Ω
–ª–∏–±–æ —Å–∏–º–≤–æ–ª —Ü–µ–ª–∏–∫–æ–º  –ª–∏–±–æ —á–∞—Å—Ç—å —Å–∏–º–≤–æ–ª–∞(–∑–∞–≤–∏—Å–∏—Ç –æ—Ç –∫–æ–Ω–∫—Ä–µ—Ç–Ω–æ–≥–æ —Å–∏–º–≤–æ–ª–∞). 

—Ç–∞–∫–∏–º –æ–±—Ä–∞–∑–æ–º –µ—Å–ª–∏ –º—ã –∑–Ω–∞–µ–º —Ä–∞–∑–º–µ—Ä code point –≤ –±–∞–π—Ç–∞—Ö –¥–ª—è –¥–∞–Ω–Ω–æ–π –∫–æ–¥–∏—Ä–æ–≤–∫–∏ —Ç–æ –º—ã –∑–Ω–∞–µ–º
–º–∏–Ω–∏–º–∞–ª—å–Ω—ã–π —Ä–∞–∑–º–µ—Ä –≤ –±–∞–π—Ç–∞—Ö –∫–æ—Ç–æ—Ä—ã–π –Ω—É–∂–µ–Ω —ç—Ç–æ–π –∫–æ–¥–∏—Ä–æ–≤–∫–µ —á—Ç–æ–±—ã –∑–∞–∫–æ–¥–∏—Ä–æ–≤–∞—Ç—å –Ω–∞ –¥–∏—Å–∫–µ –æ–¥–∏–Ω —Å–∏–º–≤–æ–ª. –¥–∞ —ç—Ç–æ –≤–µ—Ä–Ω–æ –ø–æ—Ä–æ–π –Ω–µ –¥–ª—è –≤—Å–µ—Ö —Å–∏–º–≤–æ–ª–æ–≤ –Ω–æ —Ö–æ—Ç—è –±—ã –¥–ª—è —á–∞—Å—Ç–∏ —ç—Ç–æ –≤–µ—Ä–Ω–æ. —Ä–∞–∑–º–µ—Ä code point –Ω–∞–º –¥–∞–µ—Ç –ø—Ä–µ–¥—Å—Ç–∞–ª–≤–µ–Ω–∏–µ –æ –ø—Ä–æ–∂–æ—Ä–ª–∏–≤–æ—Å—Ç–∏ encoding –ø—Ä–∏ —Å–æ—Ö—Ä–∞–Ω–µ–Ω–∏–∏ —Å–∏–º–≤–æ–ª–æ–≤.



—ç—Ç–æ –æ–¥–∏–Ω –∏–ª–∏ –Ω–µ—Å–∫–æ–ª—å–∫–æ –±–∞–π—Ç–æ–≤ –∫–æ—Ç–æ—Ä—ã–π encoding (UTf8\16\32) –∏—Å–ø–æ–ª—å–∑—É–µ—Ç –¥–ª—è —Ç–æ–≥–æ —á—Ç–æ–±—ã –ø—Ä–µ–æ–±—Ä–∞–∑–æ–≤–∞—Ç—å code point (—Å–∏–º–≤–æ–ª) –≤ –Ω–∞–±–æ—Ä –±–∞–π—Ç–æ–≤.  
–∑–Ω–∞—á–∏—Ç –≤ –∫–∞–∂–¥–æ–π –∫–æ–¥–∏—Ä–æ–≤–∫–µ –Ω–∞—à character(—Å–∏–º–≤–æ–ª) –∏–º–µ–µ—Ç –≤–∏–¥ –Ω–∞–±–æ—Ä–∞ –±–∞–π—Ç–æ–≤. —Ç–∞–∫ –≤–æ—Ç –∫–∞–∂–¥—ã–π –±–∞–π—Ç 
–Ω–∞–∑—ã–≤–∞–µ—Ç—Å—è code unit.

 	 - –≤–æ–ø—Ä–æ—Å –∫–∞–∫ –∂–µ –±—ã–ª–æ —Ä–∞–Ω—å—à–µ –¥–æ —é–Ω–∏–∫–æ–¥–∞? –∫–∞–∫ –≤ —Ç–µ–∫—Å—Ç–µ –º–æ–∂–Ω–æ –±—ã–ª–æ –∏—Å–ø–æ–ª—å–∑–æ–≤–∞—Ç—å –Ω–µ—Å–∫–æ–ª—å–∫–æ
 	 —è–∑—ã–∫–æ–≤. —Å–∫–∞–∂–µ–º —Ç—Ä–∏. 

 	- –ø–æ—á–µ–º—É utf8 –±–µ–∑ endieness. –≤–µ–¥—å —É –Ω–µ–≥–æ –¥–æ 4 –±–∞–π—Ç.–¥–∞ –∏–≤–æ–æ–±—â–µ –∞ –µ—Å–ª–∏ 1 –±–∞–π—Ç —Ç–æ —á—Ç–æ –Ω–µ–Ω–∞–¥–æ?
	- –æ–±—å—è—Å–Ω–∏—Ç—å 
		$ hexdump /tmp/r.txt
0000000 9ff0 888c                              
0000004
$ man hexdump
$ hexdump -C /tmp/r.txt
00000000  f0 9f 8c 88                                       |....|
00000004
	- page vs encoding?
	- /bin/echo vs bash builtin echo –æ–Ω–∏ –∫–∞–∫–∏–µ –∏–∑ utf-8\16\32 –ø–æ–¥–¥–µ—Ä–∂–∏–≤–∞—é—Ç? 
—Ç–æ–∂–µ—Å–∞–º–æ–µ –ø—Ä–æ printf. —É –Ω–µ–≥–æ  –∫–∞–∫ —Å —ç—Ç–∏–º.

–±–µ—Ä–µ–º –ø—Ä–∏–º–µ—Ä
–Å:
Unicode: U-0401
UTF-8 Encoding:	    0xD0 0x81
UTF-16 Encoding:	0x0401
UTF-32 Encoding:	0x00000401

—Å–º–æ—Ç—Ä–∏–º —á—Ç–æ –Ω–∞–ø–∏—Å–∞–Ω–æ –≤ 
$ man bash
echo
              \xHH   the eight-bit character whose value is the hexadecimal value HH (one or two hex digits)
              \uHHHH the Unicode (ISO/IEC 10646) character whose value is the hexadecimal value HHHH (one to four hex digits)
              \UHHHHHHHH
                     the Unicode (ISO/IEC 10646) character whose value is the hexadecimal value HHHHHHHH (one to eight hex digits)

–∑–Ω–∞—á–∏—Ç —è —Ä–∞–∑–æ–±—Ä–∞–ª—Å—è —á—Ç–æ –æ–Ω–∏ —Ö–æ—Ç–µ–ª–∏ —ç—Ç–∏–º —Å–∫–∞–∑–∞—Ç—å:
–µ—Å–ª–∏ —É –Ω–∞—Å echo –∏–¥–µ—Ç –≤–æ—Ç –≤  –≤–∏–¥–µ echo e "\xHH\xHH\xHH\xHH..."
—Ç–æ –æ–∂–∏–¥–∞–µ—Ç—Å—è —á—Ç–æ —Ç–µ–∫—Å  –≤ –∫–æ–¥–∏—Ä–æ–≤–∫–µ UTF8. 
–≤–æ—Ç –ø—Ä–∏–º–µ—Ä
—Å–∏–º–≤–æ–ª üåà
Unicode: U-1F308
UTF-8 Encoding:	0xF0 0x9F 0x8C 0x88
UTF-16 Encoding:	0xD83C 0xDF08
UTF-32 Encoding:	0x0001F308

$ builtin echo -e "\xF0\x9F\x8C\x88"
üåà

–∏–∑ –ø—Ä–∏–º–µ—Ä–∞ –≤–∏–¥–Ω–æ —á—Ç–æ –±–∞–π—Ç–æ–≤–æ–µ –ø—Ä–µ–¥—Å—Ç–∞–≤–ª–µ–Ω–∏–µ —Å–∏–º–≤–æ–ª–∞ –≤ utf16\32 –∞–±—Å–æ–ª—é—Ç–Ω–æ –Ω–µ—Å–æ–≤–ø–∞–¥–∞–µ—Ç
—Å UTF8 –æ–¥–Ω–∞–∫–æ –∏–º–µ–Ω–Ω–æ UTF8 –±–∞–π—Ç–æ–≤–æ–µ –ø—Ä–µ–¥—Å—Ç–∞–≤–ª–µ–∏–µ –Ω–∞–º –¥–∞–ª–æ —Å–∏–º–≤–æ–ª.
–∏—Ç–∞–∫ –µ—Å–ª–∏ –º—ã –≤–±–∏–≤–∞–µ–º –≤ echo –Ω–µ–∫–∏–π –Ω–∞–±–æ—Ä –±–∞–π—Ç–æ–≤ –≤ hex –≤–∏–¥–µ —Ç–æ echo –æ–∂–∏–¥–∞–µ—Ç —á—Ç–æ —ç—Ç–æ UTF8 –∫–æ–¥–∏—Ä–æ–≤–∫–∞. 

–æ—Å—Ç–∞–ª—å–Ω—ã–µ –¥–≤–∞ —Å–ø–æ—Å–æ–±–∞ –ø–µ—Ä–µ–¥–∞—á–∏ –∏–Ω—Ñ–æ –æ —Å–∏–º–≤–æ–ª–µ \uHHHH –∏ \UHHHHHHHH –æ–Ω–∏ –Ω–µ –ø—Ä–æ UTF16 –∏–ª–∏ UTF32.
—Å —ç—Ç–∏–º–∏ –∫–æ–¥–∏—Ä–æ–≤–∫–∞–º–∏ builtin echo —Ä–∞–±–æ—Ç–∞—Ç—å –Ω–µ—É–º–µ–µ—Ç! –≤ –æ–ø—Ü–∏—è \uHHHH –∏ \UHHHHHHHH –≤–±–∏–≤–∞–µ–∏—Å—è –Ω–µ –±–∞–π—Ç–æ–≤–æ–µ –ø—Ä–µ–¥—Å—Ç–∞–≤–ª–µ–Ω–∏–µ –∏–∑ –∫–∞–∫–æ–π –ª–∏–±–æ –∫–æ–¥–∏—Ä–æ–≤–∫–∏ –∞ –Ω–µ–ø–æ—Å—Ä–µ–¥—Å—Ç–≤–µ–Ω–Ω–æ —Å–∞–º –Æ–ù–ò–ö–û–î –Ω–æ–º–µ—Ä!! –µ–¥–∏–Ω—Å—Ç–≤–µ–Ω–Ω–æ–µ —á—Ç–æ –µ—Å–ª–∏ —é–Ω–∏–∫–æ–¥ –Ω–æ–º–µ—Ä –æ—Ç –æ–¥–Ω–æ–≥–æ –¥–æ —á–µ—Ç—ã—Ä–µ—Ö —Å–∏–º–≤–æ–ª–æ–≤ —Ç–æ –º–æ–∂–Ω–æ –∏—Å–ø–æ–ª—å–∑–æ–≤–∞—Ç—å
–∫–∞–∫ —Ñ–æ—Ä–º—É \uHHHH —Ç–∞–∫ –∏ —Ñ–æ—Ä–º—É \UHHHHHHHH –∞ –≤–æ—Ç –µ—Å–ª–∏ —é–Ω–∏–∫–æ–¥ –Ω–æ–º–µ—Ä –±–æ–ª–µ–µ —á–µ—Ç—ã—Ä–µ—Ö —Å–∏–º–≤–æ–ª–æ–≤ 
—Ç–æ –º–æ–∂–Ω–æ –∏—Å–ø–æ–ª—å–∑–æ–≤–∞—å—Ç —Ç–æ–ª—å–∫–æ —Ñ–æ—Ä–º—É \UHHHHHHHH. –µ—â–µ —Ä–∞–∑ —Ö–æ—á—É –ø–æ–¥—á–µ—Ä–∫–Ω—É—Ç—å —á—Ç–æ –≤ —ç—Ç–∏ —Ñ–æ—Ä–º—É –≤—Å—Ç–∞–≤–ª—è–µ—Ç—Å—è –Ω–µ –±–∞–π—Ç—ã –∏–∑ –∫–æ–¥–∏—Ä–æ–≤–æ–∫ UTF8\16\32 . –Ω–µ—Ç!  –≤ —ç—Ç–∏ —Ñ–æ—Ä–º—ã –≤—Å—Ç–∞–≤–ª—è–µ—Ç—Å—è –Ω–µ–ø–æ—Å—Ä–µ–¥—Ç—Å–µ–Ω–Ω–æ
—é–Ω–∏–∫–æ–¥ –Ω–æ–º–µ—Ä.–ø—Ä–∏–º–µ—Ä—ã
—Å–∏–º–≤–æ–ª üåà
Unicode: U-1F308
UTF-8 Encoding:	0xF0 0x9F 0x8C 0x88
UTF-16 Encoding:	0xD83C 0xDF08
UTF-32 Encoding:	0x0001F308

–ø–æ—Å–∫–æ–ª—å–∫—É —é–Ω–∏–∫–æ–¥ –Ω–æ–º–µ—Ä –±–æ–ª—å—à–µ —á–µ–º 4 —Ü–∏—Ñ—Ä—ã —Ç–æ –∏—Å–ø–æ–ª—å–∑—É–º —Ñ–æ—Ä–º—É —Å –±–æ–ª—å—à–æ–π –±—É–∫–≤–æ–π U —Ç–æ–µ—Å—Ç—å 

$ builtin echo -e "\U1F308"
üåà
