-----
info
info info
man man

-----
logrototate = –∫–∞–∫ –æ–Ω –∑–∞—Å—Ç–∞–≤–ª—è–µ—Ç –ø—Ä–∏–æ–ª–æ–∂–µ–Ω–∏–µ –∑–∞–∫—Ä—ã—Ç—å —Ñ–∞–π–ª –≤ –∫–æ—Ç–æ—Ä—ã–π –ø—Ä–∏–ª–æ–∂–µ–Ω–∏–µ –ø–∏—à–µ—Ç
umask = –∫–∞–∫ —ç—Ç–æ —Ä–∞–±–æ—Ç–∞–µ—Ç
rename = –∫–∞–∫–æ–π —Å–∏—Å–∫–æ–ª–ª
rm = –∫–∞–∫–æ–π —Å–∏—Å–∫–æ–ª–ª

–∫–∞–∫ —Ä–∞–±–æ—Ç–∞–µ—Ç —ç—Ç–∞ —Ö—Ä–µ–Ω—å —á—Ç–æ –º–µ—Å—Ç–æ –Ω–∞ –¥—Å–∏–∫–µ –æ—Å–≤–æ–æ–æ–∂–¥–∞–µ—Ç—Å—è
–∫–æ–≥–¥–∞ –∑–∞–∫—Ä—ã—Ç –ø–æ—Å–ª–µ–¥–Ω–∏–π —Ñ–∞–π–ª–æ–≤—ã–π –¥–µ—Å–ø—Ä–∏–ø—Ç–æ—Ä –∫ —Ñ–∞–π–ª—É


touch –∏—Å–ø–æ–ª—å–∑—É–µ—Ç openat()
openat(AT_FDCWD, "1.txt", O_WRONLY|O_CREAT|O_NOCTTY|O_NONBLOCK, 0666) = 3



–ø—Ä–∏–∫–æ–ª udev /dev —Ö–æ—Å–∏—Ç—Å—è –≤ –ø–∞–º—è—Ç–∏
# df .
Filesystem     1K-blocks  Used Available Use% Mounted on
udev             8033820     0   8033820   0% /dev

–∏ —Ç—É–¥–∞ —Å–ø–æ–∫–æ–π–Ω–æ –º–æ–∂–Ω–æ —Å–æ–∂–¥–∞–≤–∞–≤—Ç—å –ø–∞–ø–∫–∏ –∏ –ø–∏—Å–∞—Ç—å –æ–±—ã—á–Ω—ã–µ —Ñ–∞–π–ª—ã



tty - controlling terminal - controlling process - session leader - session - process group - 

uid, euid, ruis, fuid , ouid, suid
$ ps o uid,euid,ruid,fuid,ouid,suid  -p $$
  UID  EUID  RUID  FUID OWNER  SUID
 1000  1000  1000  1000 1000   1000


 –ö–æ–≥–¥–∞ –≤—ã –ø—Ä–∏–º–µ–Ω—è–µ—Ç–µ sticky bit, –ø–æ–ª—å–∑–æ–≤–∞—Ç–µ–ª—å –º–æ–∂–µ—Ç —É–¥–∞–ª—è—Ç—å —Ñ–∞–π–ª—ã, —Ç–æ–ª—å–∫–æ –µ—Å–ª–∏ –≤—ã–ø–æ–ª–Ω—è–µ—Ç—Å—è –æ–¥–Ω–æ –∏–∑ —Å–ª–µ–¥—É—é—â–∏—Ö —É—Å–ª–æ–≤–∏–π:

–ü–æ–ª—å–∑–æ–≤–∞—Ç–µ–ª—å —è–≤–ª—è–µ—Ç—Å—è –≤–ª–∞–¥–µ–ª—å—Ü–µ–º —Ñ–∞–π–ª–∞;
–ü–æ–ª—å–∑–æ–≤–∞—Ç–µ–ª—å —è–≤–ª—è–µ—Ç—Å—è –≤–ª–∞–¥–µ–ª—å—Ü–µ–º –∫–∞—Ç–∞–ª–æ–≥–∞, –≤ –∫–æ—Ç–æ—Ä–æ–º –Ω–∞—Ö–æ–¥–∏—Ç—Å—è —Ñ–∞–π–ª.



—Å–æ–∑–¥–∞–ª –ø–∞–ø–∫—É ./root c –ø—Ä–∞–≤–∞–º–∏
Access: (0754/drwxr-xr--)  Uid: (    0/    root)   Gid: (    0/    root)
—Å—É—â–µ—Å—Ç–≤–µ–Ω–Ω–æ —Ç–æ —á—Ç–æ –¥–ª—è others —Ä–∞–∑—Ä–µ—à–µ–Ω–æ —Ç–æ–ª—å–∫–æ —á—Ç–µ–Ω–∏–µ (–∑–∞–ø–∏—Å—å –∏ execute –∑–∞–ø—Ä–µ—à–µ–Ω–∞)

–¥–∞–ª–µ–µ —é–∑–µ—Ä–æ–º –≤–∞—Å–µ–π –ø—ã—Ç–∞—é—Å—å —á–∏—Ç–∞—Ç—å —Å–ø–∏—Å–æ–∫ —Ñ–∞–π–ª–æ–≤ –≤–Ω—É—Ç—Ä–∏ —ç—Ç–æ–π –ø–∞–ø–∫–∏ –∏ –ø–æ–ª—É—á–∞—é:
$ ls  -1 ./root
ls: cannot access './root/root2.txt': Permission denied
ls: cannot access './root/root.txt': Permission denied
ls: cannot access './root/root-dir': Permission denied
root2.txt
root-dir
root.txt


$ ls  -1al ./root
ls: cannot access './root/root2.txt': Permission denied
ls: cannot access './root/.': Permission denied
ls: cannot access './root/root.txt': Permission denied
ls: cannot access './root/root-dir': Permission denied
ls: cannot access './root/..': Permission denied
total 0
d????????? ? ? ? ?            ? .
d????????? ? ? ? ?            ? ..
-????????? ? ? ? ?            ? root2.txt
d????????? ? ? ? ?            ? root-dir
-????????? ? ? ? ?            ? root.txt


—Ç–æ–µ—Å—Ç—å –æ–Ω —Å–ø–∏—Å–æ–∫ —Ñ–∞–π–ª–æ–≤ —á–∏—Ç–∞–µ—Ç –∏–∑ –ø–∞–ø–∫–∏ –Ω–æ –Ω–µ–º–æ–∂–µ—Ç –ø—Ä–æ—á–∏—Ç–∞—Ç—å –ø–µ—Ä–º–∏—à–Ω—Å—ã –æ—Ç –Ω–∏—Ö

–∏ —Ç–æ–ª—å–∫–æ –µ—Å–ª–∏ —è –Ω–∞ –ø–∞–ø–∫—É ./root –¥–æ–±–∞–≤–ª—è—é –ø–µ—Ä–º–∏—à–Ω—Å execute
—Ç–æ–ª—å–∫–æ —Ç–æ–≥–¥–∞ –æ–Ω —á–∏—Ç–∞–µ—Ç –∏ –∏ —Å–ø–∏—Å–æ–∫ —Ñ–∞–π–ª–æ–≤ –∏ –∏—Ö –ø–µ—Ä–º–∏—à–Ω—Å—ã

$ ls  -1al ./root
total 12
drwxr-xr-x 3 root  root  4096 –∏—é–Ω 16 11:15 .
drwxrwxrwx 3 vasya vasya 4096 –∏—é–Ω 16 11:11 ..
-rw-r--r-- 1 root  root     0 –∏—é–Ω 16 11:15 root2.txt
drwxr--r-- 2 root  root  4096 –∏—é–Ω 16 11:15 root-dir
-rw-r--r-- 1 root  root     0 –∏—é–Ω 16 11:14 root.txt


–ø–æ—Ö–æ–¥—É —è –ø–æ–Ω—è–ª.
–ø–∞–ø–∫–∞ —ç—Ç–æ –ø–æ —Ñ–∞–∫—Ç—É —Ñ–∞–π–ª. —Ñ–∞–π–ª —ç—Ç–æ—Ç —Ö—Ä–∞–Ω–∏—Ç —Å–ø–∏—Å–æ–∫ —Ñ–∞–π–ª–æ–≤
—Ç–æ–µ—Å—Ç—å –Ω–∞—à–∞ –ø–∞–ø–∫–∞ —ç—Ç–æ –Ω–∞ –¥–∏—Å–∫–µ —Ñ–∞–π–ª–∞ —Ç–∏–ø–∞ –ø–∞–ø–∫–∞.txt —Å —Å–æ–æ–µ–¥–µ–æ—Ä–∂–º–∏–º—ã–º –≤–Ω—É—Ç—Ä–∏:
root2.txt
root-dir
root.txt

–∞ –∫–∞–∫ –∂–µ —Ç–æ–≥–∞ –º—ã –ø—Ä–æ–≤–∞–ª–∏–≤–∞–µ–º—Å—è –≤ –ø–∞–ø–∫—É —á—Ç–æ –ø—Ä–æ–∏—Å—Ö–æ–¥–∏—Ç?
–ø–æ —Ñ–∞–∫—Ç—É –º—ã –Ω–µ–º–æ–∂–µ–º –Ω–∏–∫—É–¥–∞ –ø–µ—Ä–µ–π—Ç–∏ –ø–æ—Ç–æ–º—É —á—Ç–æ –ø–∞–ø–∫–∞ —ç—Ç–æ —Ñ–∞–π–ª. –º—ã —Ç–æ–ª—å–∫–æ –º–æ–∂–µ–º
—Å—á–∏—Ç–∞—Ç—å —Ñ–∞–π–ª –Ω–æ –Ω–∏–∫–∞–∫ —Ç—É–¥–∞ –Ω–µ"–ø–µ—Ä–µ–π—Ç–∏"
–∫–æ–≥–¥–∞ –º—ã —Ç—ã–∫–∞–µ–º –≤ mc –≤–æ–π—Ç–∏ –≤ –ø–∞–ø–∫—É —ç—Ç–æ –ø–æ —Ñ–∞–∫—Ç—É –º—ã –Ω–∏–∫—É–¥–∞ –Ω–µ–ø—Ä–æ–≤–∞–ª–∏–≤–∞–µ–º–º—Å—è –∞ –º—ã —á–∏—Ç–∞–µ–º
—Å–æ–¥–µ—Ä–∂–∏–º–æ–µ —Ñ–∞–π–ª–∞-–ø–∞–ø–∫–∞ –∏ –ø–æ–ª—É—á–∞–µ–º —Å–ø–∏—Å–æ–∫ —Ñ–∞–π–ª–æ–≤ –∏ –æ–Ω —ç—Ç–æ—Ç —Å–ø–º—Å–æ–∫ –æ—Ç—Ä—Å–∏–æ—ã–≤–∞—ã–µ—Ç –∞ –Ω–∞–º –∫–∞–∂–µ—Ç—Å—è
—á—Ç–æ –º—ã –ø—Ä–æ–≤–∞–ª–∏–ª–∏—Å—å –≤ –ø–∞–ø–∫—É. –∞  –ø–æ —Ñ–∞–∫—Ç—É –º—ã –ø—Ä–æ—Å—Ç–æ —Å—á–∏—Ç–∞–ª–∏ —Å–æ–¥–µ–∂–∏–º—Ä–µ —Ñ–∞–π–ª–∞.
—Ç–∞–∫ –≤–æ—Ç 

read –Ω–∞ –ø–∞–ø–∫—É  - –¥–∞–µ—Ç —Ç–æ —á—Ç–æ –º—ã –º–æ–∂–µ–º —á–∏—Ç–∞—Ç—å —Å–æ–¥–µ—Ä–∂–∏–º–æ–µ —ç—Ç–æ–≥–æ —Ñ–∞–π–ª–∞ —Ç–æ–µ—Å—Ç—å –ø—Ä–æ—á–∏—Ç–∞—Ç—å —Å–æ–ª–µ–∂–∏–º–æ–µ –∞—Ñ–∞–π–ª–∞. –ø–æ—Å–∫–æ–ª—å–∫—É –≤–Ω—É—Ç—Ä–∏ —Ñ–∞–π–ª–∞ —Å–ø—Å–æ–∫ —Ç–æ –º—ã —á–∏—Ç–∞—è –ø–æ–ª—É—á–∏–º —Å–ø–∏—Å–æ–∫ —Ñ–∞–π–ª–æ—ã

—Ç–∞–∫ –ø–æ—á–µ–º—É –∂–µ –º—ã –Ω–µ–º–æ–∂–µ–º –ø—Ä–∏ —ç—Ç–æ —É–≤–∏–¥–µ—Ç—å –ø–µ—Ä–º–∏—à–Ω—Å—ã –Ω–∞ —Ñ–∞–π–ª—ã. –ø–æ—Ç–æ–º—É —á—Ç–æ 
–Ω–∞—à–∞ –ø–∞–ø–∫–∞-—Ñ–∞–π–ª —Ö—Ä–∞–Ω–∏—Ç —Ç–æ–ª—å–∫–æ –∏–º—è —Ñ–∞–π–ª—ã –∏ –µ–≥–æ –∏–Ω–æ–¥—É. –∞ –ø–µ—Ä–º–∏—à–Ω—Å—ã –æ—Ç —Ñ–∞–π–ª–∞ –æ–Ω–∏ —Ö—Ä–∞–Ω—è—Ç—Å—è –≤–Ω—É—Ç—Ä–∏ –∏–Ω–æ–¥—ã –∞ –Ω–µ –≤–Ω—É—Ç—Ä–∏ –ø–∞–ø–∫–∏—Ñ–∞–π–ª–∞. —Ç–æ–µ—Å—Ç –≤–Ω—É—Ç—Ä–∏ –ø–∞–ø–∫–∏ —Ñ–∞–π–ª–∞ –Ω–µ—Ç –∏–Ω—Ñ–æ—Ä–º–∞—Ü–∏–∏ –æ –ø–µ—Ä–º–∏—à–Ω—Å–∞—Ö –Ω–∞ —Ñ–∞–π–ª.

—Ç–æ—Å—Ç—å —á–∏—Ç–∞–π –Ω–µ—á–∏—Ç–∞–π –Ω–∞—à–∞ —Ñ–∞–π–ª-–ø–∞–ø–∫–∞ –≤ –Ω–µ–º —ç—Ç–æ–π –∏–Ω—Ñ–æ –ø—Ä–æ—Å—Ç–æ –Ω–µ—Ç!!!!
—á—Ç–æ–±—ã –ø–ø–æ–ª—É—á–∏–∏—Ç—å –ø–µ—Ä–º–∏—à–Ω—Å—ã –Ω–∞ —Ñ–∞–π–ª –Ω–∞–¥–æ –ø–µ—Ä–µ–π—Ç–∏ –Ω–∞ –∏–Ω–æ–¥—É –Ω–∞ –¥–∏—Å–∫–µ –∏ —Å—á–∏—Ç–∞—Ç—å —Å –Ω–µ–µ –ø–µ—Ä–º–∏—à–Ω—Å—ã
–Ω–∞ —Ñ–∞–π–ª.

(–Ω–∞–π—Ç–∏ –∏–º—è —Ñ–∞–π–ª–∞ –ø–æ –µ–≥–æ –∏–Ω–æ–¥–µ.)

(–ø—Ä–∏–∫–æ–ª –µ—â–µ –≤ —Ç–æ–º —á—Ç–æ —Ñ–∞–π–ª –ø–æ —Ñ–∞–∫—Ç—É —ç—Ç–æ –∏–Ω–æ–¥–∞ + —Ç–µ–ª–æ. –ø–æ—ç—Ç–æ–º—É —Ñ–∞–π–ª –ø–æ–Ω—è—Ç–∏–µ –Ω–µ–∏–º–µ–µ—Ç –æ —Ç–æ–º 
–≤ –∫–∞–∫–æ–π –ø–∞–ø–∫–µ –æ –Ω–µ–º —É–ø–æ–º–∏–Ω–∞–µ—Ç—Å—è. —ç—Ç–æ –∫–∞–∫ —Å—Ç–∏—Ö–æ—Ç–≤–æ—Ä–µ–Ω–∏–µ –≤ –∫–Ω–∏–≥–µ. –∫–Ω–∏–≥–∞ –∏ —Å—Ç–∏—ä–æ—Ç–≤–æ–µ—Ä–Ω–∏–µ—è –ø–æ–Ω—è—Ç–∏—è –Ω–µ–∏–º—é—Ç –≤ –∫–∞–∫–æ–π –≥–∞–∑–µ—Ç–µ –æ –Ω–∏—Ö –ø–∏—à—É—Ç. –≤–æ—Ç —Ç–∞–∫–∞—è –∂–µ —Å–∞–≤—è–∑—å –º–µ–∂–¥—É —Ñ–∞–π–ª–æ–º –∏ –∑–∞–ø–∏—Å—å—é –æ –Ω–µ–º –≤ –ø–∞–ø–∫–∞—Ö)

(–∏–Ω—Ç–µ—Ä–µ—Å–Ω—è —à—Ç—É–∫–∞

fstat(1, {st_dev=makedev(0, 24), st_ino=185, st_mode=S_IFCHR|0620, st_nlink=1, st_uid=1000, st_gid=5, st_blksize=1024, st_blocks=0, st_rdev=makedev(136, 182), st_atime=1655368744 /* 2022-06-16T11:39:04.464846020+0300 */, st_atime_nsec=464846020, st_mtime=1655368744 /* 2022-06-16T11:39:04.464846020+0300 */, st_mtime_nsec=464846020, st_ctime=1655366519 /* 2022-06-16T11:01:59.464846020+0300 */, st_ctime_nsec=464846020}) = 0

fstat - –∑–Ω–∞—á–∏—Ç —Å–º–æ—Ç—Ä–µ–ª–∏ —Å–≤–æ–π—Å—Ç–≤–∞ —Ñ–∞–π–ª–∞. 
–∞ —á—Ç–æ –∂–µ —ç—Ç–æ –∑–∞ —Ñ–∞–π–ª?

–ª–µ–∂–∏—Ç —ç—Ç–æ—Ç —Ñ–∞–π–ª –Ω–∞ —É—Å—Ç—Ä–æ–π—Å—Ç–≤–µ —Å –º–∞–∂—Ä–æ–º 0 –∏ –º–∏–Ω–æ—Ä–æ–º 24 =  st_dev=makedev(0, 24)



)



(sort


$ cat 04.txt; echo "========"; cat 04.txt | sort -k 2.2  -b
111      215    456
222      123    678
111      123    090
222      419    965

========

111      215    456
222      419    965
111      123    090
222      123    678
$ cat 04.txt; echo "========"; cat 04.txt | sort -k 2.2  
111      215    456
222      123    678
111      123    090
222      419    965

========

111      123    090
222      123    678
111      215    456
222      419    965

–æ–ø—á–µ–º—É ??

–¥–µ—Ñ–æ–ª—Ç–æ–≤—ã–π —Ä–∞–∑–¥–µ–ª–∏—Ç–µ–ª—å –ø–æ–ª–µ–π (fileeds sepratator) —ç—Ç–æ   
 -t, --field-separator=SEP
              use SEP instead of non-blank to blank transition

$ cat 04.txt; echo "========"; cat 04.txt | sort  -t"*" -k2.3
111***!15
222***123
111***123
222***459


========


111***123
222***123
111***!15
222***459
vasya@vasya-Lenovo-IdeaPad-L340-15IWL:~/bash$ 
vasya@vasya-Lenovo-IdeaPad-L340-15IWL:~/bash$ cat 04.txt; echo "========"; cat 04.txt | sort  -t"*" -k2.4
111***!15
222***123
111***123
222***459


========


111***!15
111***123
222***123
222***459
vasya@vasya-Lenovo-IdeaPad-L340-15IWL:~/bash$ cat 04.txt; echo "========"; cat 04.txt | sort  -t"*" -k2.5
111***!15
222***123
111***123
222***459


========


111***123
222***123
111***!15
222***459

–Ω–µ–ø–æ–Ω—è—Ç–Ω–æ –ø–æ—á–µ–º—É ! —Å—Ç–æ–∏—Ç –Ω–∏–∂–µ —á–µ–º 1 –≤–µ–¥—å ! –≤ ascii\utf-8 –∏–º–µ–µ—Ç –±–æ–ª–µ–µ –º–∞–ª–µ–Ω—å–∫–∏–π –∫–æ–¥



LC_CTYPE=C.UTF-8

! = 041h
1 = 061h
: = 072h
> = 076h
? = 077h

LC_CTYPE=en_US.UTF-8

! = 041h
1 = 061h
: = 072h
> = 076h
? = 077h

ASCII

! = 021h
1 = 031h
: = 03Ah
> = 03Eh
? = 03Fh



—Ö–º.. –∫–æ–¥—ã —Ö—É–π–Ω—è—è. —Ç–∞–∫ —á—Ç–æ –æ–Ω–∏–ø–æ–∫–∞–∑—ã–≤–∞—é—Ç?
–≤ —á–µ–º —Ä–∞–∑–Ω–∏—Ü–∞ –º–µ–∂–¥—É locale –∏ utf-8 ?


–¢–ï–ú–ê UNICODE:

	- man unicode ?

–ª–±—â–∞—è –∫–∞–Ω–≤–∞ 

ld /dev | sort --> sort ---> c.utf-8 vs en_us.utf-8 ---> locale --> locale vs utf-8 -->
locale vs encoding vs charset ?

–≤—Å–µ —Ä—É—Å–∫–∏–µ –±—É–∫–≤—ã –≤ utf-16

$ LC_CTYPE=ru_RU.utf8; for i in {0..47}; do  printf "\xd0\x$(echo "obase=16; ibase=10; 144+$i"| bc)";  done;  LC_CTYPE=ru_RU.utf8; for i in {0..15}; do  printf "\xd1\x$(echo "obase=16; ibase=10; 128+$i"| bc)";  done; echo

–ê–ë–í–ì–î–ï–ñ–ó–ò–ô–ö–õ–ú–ù–û–ü–†–°–¢–£–§–•–¶–ß–®–©–™–´–¨–≠–Æ–Ø–∞–±–≤–≥–¥–µ–∂–∑–∏–π–∫–ª–º–Ω–æ–ø—Ä—Å—Ç—É—Ñ—Ö—Ü—á—à—â—ä—ã—å—ç—é—è


utf8 vs utf16 vs unicode ?


17 16-bit "planes"‚Ä°‚Ä° (log‚ÇÇ(17√ó2¬π‚Å∂)‚âà20.1bits).

unicode:
$ builtin echo -e "\u0428"
–®

$ builtin echo -e "\u0410"
–ê

$ builtin echo -e "\u0048 \u0045 \u004C \u004C \u004F"
H E L L O

u0048 = code point. ( –ø–æ –º–Ω–µ —ç—Ç–æ –±—É–∫–≤–∞ –¥—Ä—É–≥–∏–º–∏ —Å–ª–æ–≤–∞–º–∏)

–Ω–∞ —Å–∞–π—Ç–µ —é–Ω–∏–∫–æ–¥–∞ —è –≤–∏–∂—É —á—Ç–æ code point –∏–º–µ–µ—Ç –≤–∏–¥ 4 –∏–ª–∏ 5 —Ü–∏—Ñ—Ä –≤ hex —Ñ–æ—Ä–º–∞—Ç–µ
5 —Ü–∏—Ñ—Ä–∞ –≤ hex —ç—Ç–æ = 1 048 575 –±—É–∫–≤ –∑–∞–∫–æ–¥–∏—Ä–æ–≤–∞–Ω–æ —É–∂–µ –≤ —é–Ω–∏–∫–æ–¥

–µ—â–µ –Ω–∞—à–µ–ª —Ç–∞–∫–æ–µ –æ–ø—Ä–µ–¥–µ–ª–µ–Ω–∏–µ —é–Ω–∏–∫–æ–¥–∞ : Unicode - a mapping of characters to integers ("code points") in the range 0 through 1,114,111 (–æ—Ç–∫—É–¥–∞ —ç—Ç–∞ —Ü—Ñ–∏–∞—Ä –Ω–µ–∑–Ω–∞—é)

–∏—Ç–∞–∫ —é–Ω–∏–∫–æ–¥ —ç—Ç–æ –º–∞–ø–ø–∏–Ω–≥ –±—É–∫–≤—ã –≤ —á–∏—Å–ª–æ. –¥–ª—è –∫–∞–∂–¥–æ–π –±—É–∫–≤—ã (—Å–∏–º–≤–æ–ª–∞) –∑–∞–¥–∞–µ—Ç—Å—è —á–∏—Å–ª–æ. 
–Ω–∞–∑—ã–≤–∞–µ—Ç—Å—è —ç—Ç–æ —á–∏—Å–ª–æ code point. –æ–±–æ–∑–Ω–∞—á–∞–µ—Ç—Å—è U-XXXXX –≥–¥–µ X —ç—Ç–æ —Ü–∏—Ñ—Ä–∞ –∏–∑ hex —Ñ–æ—Ä–º–∞—Ç–∞.

Unicode provides a unique number for every character, no matter what the platform, no matter what the program, no matter what the language.

encoding? codepage? charset?

–≤ —á–µ–º —Ä–∞–∑–Ω–∏—Ü–∞ –ø—Ä–µ–æ—é—Ä–≤–∑–∞–æ–≤–∞–Ω–∏—è unicode –≤ utf8 –ø—Ä–æ—Ç–∏–≤ utf16?
–±—É–∫–≤–∞ –Å
Unicode  = U-0401
UTF-8 = D081h	
UTF-16BE = 0401h
UTF-16LE = 0104h


$echo -e "\u0401"
–Å
$echo -e "\xd0\x81"
–Å

—Ç–∞–∫ –Ω–∞—Å–∫–æ–ª–∫–æ —è –ø–æ–Ω—è–ª –∏–∑ pdf –¥–æ–∫—É–º–µ–Ω—Ç–∞ –æ —é–Ω–∏–∫–æ–¥–µ code points –æ–Ω–∏ –Ω–∞—á–Ω–∞—é—Ç—Å—è —Å U-0000
–∏ –∑–∞–∫–∞–Ω—á–∏–≤–∞—é—Ç—Å—è U-10FFFF
–ø–æ–ª—É—á–∞–µ—Ç—Å—è —á—Ç–æ —ç—Ç–∏–º –º–æ–∂–Ω–æ –∑–∞–∫–æ–¥–∏—Ä–æ–≤–∞—Ç—å 1 114 112 –±—É–∫–≤(—Å–∏–º–≤–æ–ª–æ–≤)

–∫–∞–∫ —è –ø–æ–Ω—è–ª unicode –æ–Ω –¥–µ–ª–∞–µ—Ç —Å–æ–æ—Ç–≤–µ—Å—Ç–≤–∏–µ –º–µ–∂–¥—É –º–Ω–æ–∂–µ—Å—Ç–≤–æ–º —Å–∏–º–≤–æ–ª–æ–≤ –∏ —Ü–µ–ª—ã–º–∏ —á–∏—Å–ª–∞–º–∏.
–∏ —ç—Ç–æ —á–∏—Å—Ç–æ —Ç–∞–∫–∞—è –º–∞—Ç–µ–º–∞—Ç–∏—á–µ—Å–∫–∞—è –∞–±—Å—Ç—Ä–∞–∫—Ü–∏—è –±–µ–∑ –ø—Ä–∏–≤—è–∑–∫–∏ –∫ –∫–æ–º–ø–∞–º.
–∏ —é–Ω–∏–∫–æ–¥ —ç—Ç–æ –Ω–µ –∫–æ–¥–∏—Ä–æ–≤–∫–∞.

–∞ –¥–∞–ª–µ–µ –≤—Å—Ç—É–ø–∞–µ—Ç –≤ –±–æ–π —É–∂–µ –∫–æ–¥–∏—Ä–æ–≤–∫–∞. —Ç–∞–∫–∞—è –∫–∞–∫ utf-8,utf16,utf32.
—á—Ç–æ –æ–Ω–∏ –¥–µ–ª–∞—é—Ç. –æ–Ω–∏ –±–µ—Ä—É—Ç —ç—Ç–æ —Ü–µ–ª–æ–µ —á–∏—Å–ª–æ –∏–∑ –ø—Ä–µ–¥—ã–¥—É—â–µ–≥–æ –ø—É–Ω–∫—Ç–∞ –∏ —Ç—Ä–∞–Ω—Å—Ñ–æ—Ä–º–∏—Ä—É—é—Ç –µ–≥–æ 
–≤ –¥—Ä—É–≥–æ–µ —á–∏—Å–ª–æ –∫–æ—Ç–æ—Ä–æ—É —É–∂–µ –ø—Ä–∏–≤—è–∑–∞–Ω–æ –∫ –∫–æ–º–ø—å—é—Ç–µ—Ä—É.

–≤ —á–µ–º –ø—Ä–∏–∫–æ–ª —Ç–∞–∫–æ–π —Å—Ö–µ–º—ã –≤ —Ç–æ–º —á—Ç–æ –º—ã –≤–≤–µ–ª–∏ –¥–æ–ø–æ–ª–Ω—Ç–µ–ª—å–Ω—ã–π —É—Ä–æ–≤–µ–Ω—å –∞–±—Å—Ç—Ä–∞–∫—Ü–∏–∏. 
—á—Ç–æ —ç—Ç–æ –¥–∞–µ—Ç. —Ç–∞–∫ –∫–∞–∫ –∫–æ–¥–∏—Ä–æ–≤–∫–∞ –≤ —Ç–æ–π –∏–ª–∏ –∏–Ω–æ–π –º–µ—Ä–µ –∑–∞–≤—è–∑–∞–Ω–∞ –Ω–∞ –ø–æ–¥—Ä–æ–±–Ω–æ—Å—Ç–∏ –∫–æ–º–ø–∞ 
—Ç–æ –µ—Å–ª–∏ –∞—Ä—Ö–∏—Ç–µ—Ç–∫—Ç—É—Ä–∞ –∫–æ–º–ø–∞ –º–µ–Ω—è–µ—Ç—Å—è —Ç–æ —É –Ω–∞—Å –ø—Ä–µ—Ä—ã–¥—É—â–∏–π –ø—É–Ω–∫—Ç –æ—Å–∞—Ç–µ—Ç—Å—è –±–µ–∑ –∏–∑–º–µ–Ω–µ–Ω–∏–π
–∞ —Ç–æ–ª—å–∫ –º–µ–Ω—è–µ—Ç—Å—è –≤–æ—Ç —ç—Ç–æ—Ç –ø—É–Ω–∫—Ç –∫–æ—Ç–æ—Ä–π—ã–π –Ω–∏–∂–µ–ª–µ–∂–∞—â–∏–π. –∏ –µ—Å–ª–∏—Å–∫–∞–∂–µ–º –ø—Ä–æ–≥—Ä–∞–º–º–∞ —Ä–∞–±–æ—Ç–∞–µ—Ç –Ω–∞ —É—Ä–æ–≤–Ω–µ
–ø—Ä–µ–¥—ã–¥—É—â–µ–≥–æ –ø—É–Ω–∫–∞ —Ç–æ –µ–µ –ø–µ—Ä–µ–ø–∏—Å—ã–∞—Ç—å –Ω–µ–Ω–∞–¥–æ –∏–±–æ –æ—Ç –Ω–µ–µ –Ω–∏–∂–Ω–∏–π —É—Ä–æ–≤–µ–Ω—å –∞–±—Å—Ç—Ä–∞–∫—Ü–∏–∏ —Å–∫—Ä—ã—Ç.
–ø–æ–∫–∞ –∫–∞–∫ —Ç–æ —Ç–∞–∫.

As of Unicode version 14.0, there are 144,697 characters
—á–µ–º –±–æ–ª–µ–µ —Å—Ç–∞—Ä—à–∞—è –≤–µ—Ä—Å–∏—è —é–Ω–∏–∫–æ–¥–∞ —Ç–∞–º –±–æ–ª—å—à–µ —Ç–∞–º —Å–∏–º–≤–æ–ª–æ–≤ –ø–æ—è–≤–ª—è–µ—Ç—Å—è.

 ISO/IEC 10646-1: 1993 –ø–æ–ª–Ω–æ—Å—Ç—å—é —Å–æ–≤–ø–¥–∞—Ç–∞–µ—Ç —Å unicode 2.0

 –≤–æ–±—â–µ–º –Ω–∞—Å–∫–æ–ª–∫–æ —è –ø–æ–Ω—è–ª —é–Ω–∏–∫–æ–¥ —á—Ç–æ –æ–Ω –ø–æ —Å—É—Ç–∏ –¥–µ–ª–∞–µ—Ç –æ–Ω –±–µ—Ä–µ—Ç —Å–∏–º–≤–æ–ª –∏ –¥–∞–µ—Ç –µ–º—É –Ω–æ–º–µ—Ä –ø–æ—Ä—è–¥–∫–æ–≤—ã–π - –Ω–∞–∑—ã–≤–∞–µ—Ç—Å—è —ç–Ω–∏–∫–æ–¥ —á–∏—Å–ª–æ –∏ –æ–±—Ä–∑–Ω–∞—á–∞–µ—Ç—Å—è U-—á–∏—Å–ª–æ. —á–∏—Å–ª–æ –æ–±—ã—á–Ω–æ –≤ hex —Ñ–æ—Ä–º–∞—Ç–µ.
 –Ω–æ–º–µ—Ä–∞ –∏–¥—É—Ç –≤ –¥–∏–∞–ø–∞–∑–æ–Ω–µ 0-10FFFF (10FFFF —ç—Ç–æ –ø–æ—á—Ç–∏ —Ç—Ä–∏ –±–∞–π—Ç–∞) —ç—Ç–æ –≥–¥–µ —Ç–æ –ª–∏–º–æ–Ω —Å–∏–º–≤–æ–ª–æ–≤ –º–æ–∂–Ω–æ –∑–∞–∫–æ–¥–∏—Ä–æ–≤–∞—Ç—å. 
 –Ω–æ —ç—Ç–æ —á–∏—Å—Ç–æ –º–∞—Ç–µ–º–∞—Ç–∏—á–µ—Å–∫–∞—è —Ö—Ä–µ–Ω—å –∫ –ø—Ä–∏–º–µ–Ω–µ–Ω–∏—é –Ω–∞ –∫–æ–º–ø–µ —ç—Ç–æ –µ—â–µ –Ω–µ–≥–æ–¥–∏—Ç—Å—è. –¥–∞–ª–µ–µ —é–Ω–∏–∫–æ–¥ 
 –ø—Ä–µ–¥–ª–∞–≥–∞–µ—Ç –¥–æ–ø–æ–ª–Ω–∏–µ–ª—å–Ω–æ–µ –ø—Ä–µ–æ–±—Ä–∞–∑–æ–≤–∞–Ω–∏–µ(–ø—Ä–µ–æ–±—Ä–∞–∑–æ–≤–∞–Ω–∏—è –±—ã–≤–∞—é—Ç UTF-8, UTF-16LE, UTF-16BE, UTF-32 –∏ –æ–Ω–∏ –ø—Ä–æ–ø–∏—Å–∞–Ω—ã –≤ —Å—Ç–∞–Ω–¥–∞—Ä—Ç–µ —é–Ω–∏–∫–æ–¥–∞) –∫–æ—Ç–æ—Ä–æ–µ –±–µ—Ä–µ—Ç —é–Ω–∏–∫–æ–¥ —á–∏—Å–ª–æ –∏ –ø—Ä–µ–æ–±—Ä–∑—É–µ—Ç –≤ –¥—Ä—É–≥–æ–µ
 —á–∏—Å–ª–æ –∏ –≤–æ—Ç —ç—Ç–æ —É–∂–µ —á–∏—Å–ª–æ –ø—Ä–µ–¥–ª–≥–∞–µ—Ç—Å—è –∏—Å–ø–æ–ª—å–∑–æ–≤–∞—Ç—å –¥–ª—è –æ–±—Ä–∑–Ω–∞—á–µ–Ω–∏—è —Å–∏–º–≤–æ–ª –≤ —Ç–µ–∫—Å—Ç–æ–≤—ã—Ö 
 —Ñ–∞–π–ª–∞—Ö –Ω–∞ –∫–æ–º–ø–µ. –µ—â–µ —è —Ö–æ—á—É —Å–∫–∞–∑–∞—Ç—å —á—Ç–æ –ø–æ–ª–Ω—ã–π –Ω–∞–±–æ—Ä —Å–∏–º–≤–æ–ª–æ–≤ —é–Ω–∏–∫–æ–¥–∞ –Ω–∞–ø–æ–º–∏–Ω–∞–µ—Ç —è–∑–±—É–∫—É 
 —Ç–æ–ª—å–∫–æ –º–∏—Ä–æ–≤—É—é. —Ç—É–¥–∞ —Å–æ–±—Ä–∞–Ω—ã –≤—Å–µ —Å–∏–º–≤–æ–ª—ã –≤—Å–µ—Ö –∞–ª—Ñ–∞–≤–∏—Ç–æ–≤ –º–∏—Ä–∞. –ø–æ–ª–Ω–π—ã –Ω–∞–±–æ—Ä —Å–∏–º–≤–æ–ª–æ–≤ —é–Ω–∏–∫–æ–¥–∞ 
 –æ—Ç U-0 –¥–æ U-10FFFF –Ω–∞–∑—ã–≤–∞–µ—Ç—Å—è —Ä–µ–ø–µ—Ä—Ç—É–∞—Ä–æ–º.
  –∏—Ç–∞–∫ –µ—â–µ —Ä–∞–∑ –≤—ã–≥–ª—è–¥–∏—Ç —ç—Ç–æ —Ç–∞–∫


 —Å–∏–º–≤–æ–ª –Å --> U-0401 ---> (–¥–æ–ø –ø—Ä–µ–æ–±—Ä–∞–∑–æ–≤–∞–Ω–∏–µ) ----> 81d0
–∏ –∏–º–µ–Ω–Ω–æ –≤–æ—Ç —ç—Ç–æ—Ç 81d0 –º–æ–∂–Ω–æ –∏—Å–ø–æ–ª—å–∑–æ–∞—Ç—å –≤ —Ç–µ–∫—Å—Ç–æ–≤—ã—Ö —Ñ–∞–π–ª–∞—Ö –¥–ª—è –æ–±–æ—Ö–Ω–∞—á–µ–Ω–∏–µ –±—É–∫–≤—ã –Å.




 	- –∑–∞—á–µ–º –¥–≤–æ–π–Ω–æ–µ –ø—Ä–µ–æ–±—Ä–∞–∑–æ–≤–∞–Ω–∏–µ , –ø–æ—á–µ–º—É –≤–º–µ—Å—Ç–æ 0x81d0 –Ω–µ–∏—Å–ø–æ–ª—å–∑–æ–≤–∞—Ç—å –≤ —Ç–µ–∫—Å—Ç–æ–≤—ã—Ö —Ñ–∞–π–ª–∞—Ö —Å—Ä–∞–∑—É —á–∏—Å–ª–æ 0x0401. —Ä–µ–∑–æ–Ω–Ω—ã–π –≤–æ–ø—Ä–æ—Å. 

 	- –µ—Å—Ç—å –Ω–µ—Å–∫–æ–ª—å–∫–æ –ø—Ä–µ–æ–±—Ä–∞–∑–æ–≤–∞–Ω–∏–π. –∑–∞—á–µ–º –Ω–µ—Å–∫–æ–ª–∫–æ ?
 	- –≤–æ–ø—Ä–æ—Å—ã echo –∏ printf –æ–Ω–∏ –∫–∞–∫–æ–π  –ø–æ–¥–¥–µ—Ä–∂–∏–≤–∞—é—Ç utf8, utf16, utf32?
 	- utf8 –æ–Ω –¥–æ 1 –¥–æ 4 –±–∞–π—Ç. utf16 –æ–Ω 2 –∏–ª–∏ 4 –±–∞–π—Ç–∞ utf32 –æ–Ω 4 –±–∞–π—Ç–∞ —Ç–æ–ª–∫–æ.
 –≤—Å–µ –æ–Ω–∏ –ø–æ–¥–¥–µ—Ä–∂–∏–≤–∞—é—Ç –∫–æ–¥–∏—Ä–æ–≤–∞–Ω–∏–µ –≤—Å–µ—Ö U- —Å–∏–º–≤–æ–ª–æ–≤. —Ç–æ–µ—Å—Ç—å –ø–æ–ª–Ω—ã–π –Ω–∞–±–æ—Ä (–∏–ª–∏ –≥–æ–≤–æ—Ä—è —è–∑—ã–∫–æ–º
 —é–Ω–∏–∫–æ–¥ –¥–æ–∫—É–º–µ–Ω—Ç–∞ –≤–µ—Å—å —Ä–µ–ø–µ—Ä—Ç—É–∞—Ä). UTF-8 –æ–Ω –º–æ–∂–µ—Ç –¥–ª—è –∫–æ–¥–∏—Ä–æ–≤–∞–Ω–∏—è –æ–¥–Ω–æ–≥–æ —Å–∏–º–≤–æ–ª–∞ –∏—Å–ø–æ–ª—å–∑–æ–≤–∞—Ç—å
 —Ç–æ 1 –¥–æ 4 –±–∞–π—Ç. –¥–∞–¥–∞. –¥–ª—è –∫–∞–∫–∏—Ö —Ç–æ —Å–∏–º–≤–æ–ª–æ–≤ —Ö–≤–∞—Ç–∏—Ç –∏ –æ–¥–Ω–æ–≥–æ –±–∞–π—Ç–∞ –∞ –¥–ª—è –∫–∞–∫–∏—Ö —Ç–æ —Ü–µ–ª—ã—Ö —á–µ—Ç—ã—Ä–µ.
UTF-16 –∫–æ–¥–∏—Ä—É–µ—Ç —Å–∏–º–≤–æ–ª –ª–∏–±–æ —á–µ—Ä–µ–∑ 2 –±–∞–π—Ç–∞ –ª–∏–±–æ —á–µ—Ä–µ–∑ 4. UTF-32 –∫–æ–¥–∏—Ä—É–µ—Ç —Å–∏–º–≤–æ–ª –≤—Å–µ–≥–¥–∞ —á–µ—Ä–µ–∑ 4 –±–∞–π—Ç–∞. –Ω–∞—Ñ–∏–≥–∞ —Ç–∞–∫–∞—è —á–µ—Ö–∞—Ä–¥–∞. –∫–∞–∂–¥—ã–π encoding –∏–º–µ–µ—Ç —Å–≤–æ–∏ –ø–ª—é—Å—ã –∏ –º–∏–Ω—É—Å—ã. —Ä–∞—Å–º–æ—Ç—Ä–∏–º UTF-8 –µ–≥–æ —Ñ–∏—à–∫–∞ –≤ —Ç–æ–º —á—Ç–æ –µ—Å–ª–∏ —É –Ω–∞—Å —Ç–µ–∫—Å—Ç —Å–æ—Å–æ—Ç–æ–∏—Ç –∏–∑ –∞–Ω–≥–ª–∏–π—Å–∫–∏—Ö —Å–∏–º–≤–æ–ª–æ–≤ —Ç–æ UTF-8 –∫–æ–¥–∏—Ä—É–µ—Ç –∫–∞–∂–¥—ã–π –∞–Ω–≥–ª–∏–π—Å–∫–π —Å–∏–º–æ–ª –∏—Å–ø–æ–ª—å–∑—É—è —Ç–æ–ª—å–∫–æ –æ–¥–∏–Ω –±–∞–π—Ç. –µ—Å–ª–∏ –±—ã –º—ã –∏—Å–ø–æ–ª—å–∑–æ–≤–∞–ª–∏ –ø–æ—Ä—è–¥–∫–æ–≤—ã–π –Ω–æ–º–µ—Ä —é–Ω–∏–∫–æ–¥–∞ 
—Ç–æ –Ω–∞–º –±—ã –Ω—É–∂–Ω–æ –±—ã–ª–æ –¥–ª—è –∫–∞–∂–¥–æ–≥–æ —Å–∏–º–≤–æ–ª–∞ –∏—Å–ø–æ–ª—å–∑–æ–≤–∞—Ç—å —Ç—Ä–∏ –±–∞–π—Ç–∞ –∞ —Ç—É—Ç –¥–ª—è –∞–Ω–≥–ª–∏–π—Å–∫–∏—Ö —Å–∏–º–≤–ª–æ–≤ –≤—Å–µ–≥–æ –æ–¥–∏–Ω . –ø–æ–ª—É—á–∞–µ–º —Å—É–º–∞—à–µ–¥—à—É —ç–∫–æ–Ω–æ–º–∏—é –≤ —Ç—Ä–∏ —Ä–∞–∑–∞ –¥–∏—Å–∫–æ–≤–æ–≥–æ –º–µ—Å—Ç–∞. –ø–ª—é—Å –∫–æ–¥—ã —Å–∏–º–≤–æ–ª–æ–≤ 
–≤ UTF-8 –¥–ª—è –∞–Ω–≥–ª–∏–π—Å–∫–∏—Ö —Å–º–∏–≤–æ–ª–æ–≤ —Å–æ–≤–ø–∞—é–∞—é—Ç —Å –∫–æ–¥–∞–º–∏ –∞–Ω–≥–ª–∏–π—Å–∫–∏—Ö —Å–∏–º–≤–æ–ª–æ–≤ –≤ ASCII encoding
—Ç–∞–∫–∏–º –æ–±—Ä–∞–∑–æ–º –µ—Å–ª–∏ –º—ã –∑–∞–∫–æ–¥–∏—Ä–æ–≤–∞–ª–∏ –∞–Ω–ª–∏–π—Å–∫–∏–π —Ç–µ–∫—Å—Ç–≤ UTF-8 –∏ –æ—Ç—Å–æ–ª–∞–ª–∏ –Ω–∞ –∫–æ–º–ø –∫–æ—Ç–æ—Ä—ã–π –Ω–µ—É–º–µ–µ—Ç 
—á–∏—Ç–∞—Ç—å UTF-8 –∞ —É–º–µ–µ—Ç —Ç–æ–ª—å–∫–æ ASCII —Ç–æ –æ–Ω –ø–æ–∫–∞–∂–µ—Ç —Ç–µ–∫—Å—Ç –∞–±—Å–æ–ª—é—Ç–Ω–æ –∫–æ—Ä–µ–∫—Ç–Ω–æ! –≤ —ç—Ç–æ–º —Ç–æ–∂–µ 
—á—É–¥–µ—Å–Ω–∞—è –æ—Å–æ–±–µ–Ω–Ω–æ—Å—Ç—å UTF-8 –µ–≥–æ –ø—Ä–µ–∏–º—É—â–µ—Å—Ç–≤–æ. –±—É–∫–≤—ã —Ä—É—Å–∫–æ–≥–æ –∞–ª—Ñ–∞–≤—Ç–∞ –∑–∞–Ω–∏–º–≤ –∞—é—Ç –ø–æ 2 –±–∞–π—Ç–∞ –Ω–∞ —Å–∏–º–≤–æ–ª —ç—Ç–æ —É–∂–µ –∫–æ–Ω–µ—á–Ω–æ –±–æ–ª—å—à–µ —á–µ–º –æ–¥–∏–Ω –±–∞–π—Ç –Ω–∞ —Å–∏–º–≤–æ–ª –¥–ª—è –∞–Ω–ª–≥–ª–∏–π—Å–∫–æ–π –±—É–∫–≤—ã –Ω–æ —ç—Ç–æ –∑–∞–Ω–∏–º–∞–µ—Ç 
–º–µ–Ω—å—à–µ —á–µ–º —Ç—Ä–∏ –±–∞–π—Ç–∞ –µ—Å–ª–∏ –±—ã –º—ã –∏—Å–ø–ª—å–∑–æ–≤–∞–ª–∏ –≤ –∫–∞—á–µ—Å—Ç–≤–µ –±–∞–π—Ç–æ–≤ unicod –Ω–æ–º–µ—Ä –∫–æ—Ç–æ—Ä—ã–π —Ç—Ä–∏ –±–∞–π—Ç–∞ –¥–ª–∏–Ω–Ω–æ–π. –µ—Å–ª–∏ –º—ã –Ω–∞—Å—É–µ–º –≤ –æ–¥–∏–Ω–∏ —Ç–æ—Ç –∂–µ —Ç–µ–∫—Å—Ç–æ–≤—ã–π —Ñ–∞–π–ª –±—É–∫–≤—ã –∏–∑ –∞–Ω–≥–ª–∏–π—Å–∫–æ–≥–æ –∏ —Ä—É—Å–∫–æ–≥–æ –∞–ª—Ñ–∞–≤–∏—Ç–∞
–≤ –∫–æ–¥–∏—Ä–æ–≤–∫–µ UTF-8 –∏ –ø–æ—à–ª–µ–º –Ω–∞ –∫–æ–º–ø –∫–æ—Ç–æ—Ä—ã–π —Ç–æ–ª—å–∫–æ —É–º–µ–µ—Ç ASCII –ø–æ–∫–∞–∑—ã–≤–∞—Ç—å —Ç–æ —á–µ–ª–æ–≤–µ–∫ —Ç–∞–º —É–≤–∏–¥–∏—Ç 
—Ç–æ–ª—å–∫–æ –∞–Ω–≥–∏–π—Å–∫–∏–µ –±—É–∫–≤—ã –∫–æ—Ä–µ–∫—Ç–Ω–æ. —Ç–∞–∫ —á—Ç–æ —Ç–æ —á—Ç–æ —Å–∏–º–≤–æ–ª—ã U-0 U-127 –∫–æ—Ç–æ—Ä—ã–µ –æ—Ç–≤–µ—á–∞—é—Ç –∑–∞ –∞–Ω–≥–ª–∏–π—Å–∫–∏–π –∞–ª—Ñ–∞–≤–∏—Ç –æ–Ω–∏ –∫–æ–¥–∏—Ä—É—Ç—Å—è –≤—Å–µ–≥–æ –æ–¥–Ω–∏–º –±–∞–π—Ç–æ–º –∏ —ç—Ç–∏ –±–∞–π—Ç—ã —Å–æ–≤–ø–∞–¥–∞—é—Ç —Å –∫–æ–¥–∏–æ–≤–∫–æ–π ASCII —ç—Ç–æ –æ—á–µ–Ω—å –¥–∞–∂–µ –±–æ–ª—å—à–æ–π –ø–ª—é—Å.
>B —á–µ–º –ø—Ä–∏–∫–æ–ª utf16. –≤–æ –ø–µ—Ä–≤—ã—Ö –æ–Ω–∞ —É–∂–µ –Ω–µ—Å–æ–≤–º–µ—Å—Ç–∏–º–∞ —Å ASCII. —É–ø—Å! –Ω–µ—Å–º–µ—Ä—Ç–µ–ª—å–Ω–æ –Ω–æ –Ω–µ–ø—Ä–∏—è—Ç–Ω–æ. 
—É –Ω–∞—Å –º–æ–≥—É—Ç –±—ã—Ç—å —Å—Ç–∞—Ä—ã–µ –ø—Ä–æ–≥–∏ –∫–æ—Ç–æ—Ä—ã–µ –≤—ã–¥–∞—é—Ç –ø–æ—Ç–æ–∫ –±–∞–π—Ç–æ–≤ –Ω–∞—Ä—É–∂—É –¥—É–º–∞—è —á—Ç–æ –Ω–∞–¥–æ –≤—ã–¥–∞–≤–∞—Ç—å ASCII. –ø–æ—ç—Ç–æ–º—É –ø—Ä–æ–≥—Ä–∞–º–º –±—É–¥—Ç –¥—É–º–∞—Ç—å —á—Ç–æ –æ–Ω–∞ –≤—ã–¥–∞–µ—Ç –±—É–∫–≤—ã AB –∞ UTF16 –±—É–¥–µ—Ç –¥—É–º–∞—Ç—å —á—Ç–æ –Ω–∞–¥–æ –ø–µ—á–∞—Ç–∞—Ç–∞—å –Ω–∞ —ç–∫—Ä–∞–Ω–µ QW. –ø—Ä–∏–∫–æ–ª UTF16 –≤ —Ç–æ–º —á—Ç–æ  –≤ —é–Ω–∏–∫–æ–¥–µ –≤–µ—Å—å –Ω–∞–±–æ—Ä —Å–∏–º–æ–≤–æ–ª–æ–≤ –≤—Å–µ –º–Ω–æ–∂–µ—Å—Ç–≤–æ (–∏–ª–∏ –∫–∞–∫ –æ–Ω–∏ –≥–æ–≤–æ—Ä—è—Ç —Ä–µ–ø–µ—Ä—Ç—É–∞—Ä) –æ–Ω —Ä–∞–∑–¥–µ–ª–µ–Ω –Ω–∞ planes. –∫–∞–∂–¥—ã–π plane —ç—Ç–æ 65536 —Å–∏–º–≤–æ–ª–æ–≤. —Ç–∞–∫ –≤–æ—Ç  –≤ plane 0 –∫–æ—Ç–æ—Ä—ã–π –∑–æ–≤–µ—Ç—Å—è BMP –æ–Ω–∏ –≤–∫–ª—é—á–∏–ª–∏ —Å–∞–º—ã–µ —á–∞—Å—Ç–æ –∏—Å–ø–æ–ª—å–∑—É–µ–º—ã–µ —Å–∏–º–≤–æ–ª—ã.  –∞ —Ç–∞–∫ –∫–∞–∫ 
65536 —ç—Ç–æ 16–±–∏—Ç —Ç–æ –ø–æ–ª—É—á–∞–µ—Ç—Å—è —á—Ç–æ —á–µ—Ä–µ–∑ UTF-16 –≤–µ—Å—å —ç—Ç–æ—Ç –Ω–∞–±–æ—Ä —Å–∏–º–≤–æ–ª–æ–≤ BMP –æ–Ω –≤–º–µ—â–∞–µ—Ç—Å—è
–≤ –∫–æ–¥–∏—Ä–æ–≤–∫—É —á–µ—Ä–µ–∑ –¥–≤–∞ –±–∞–π—Ç–∞. —ç—Ç–æ –¥–∞–µ—Ç —Ç–æ —á—Ç–æ –µ—Å–ª–∏ —É –Ω–∞—Å —Ç–µ–∫—Å—Ç—ã –º–Ω–æ–≥–æ—è–∑—ã—á–Ω—ã–µ –∏ –º—ã –±—É–¥–µ–º 
–∏—Ö –∫–æ–¥–∏—Ä–æ–≤–∞—Ç—å —á–µ—Ä–µ–∑ UTF-8 –∏ UTF-16 —Ç–æ —Å–∫–æ—Ä–µ–π –≤—Å–µ–≥–æ –Ω–∞ UTF-8 —Å –æ–¥–Ω–æ–π —Å—Ç–æ—Ä–æ–Ω—ã —á–∞—Å—Ç—å —Å–∏–º–≤–æ–ª–æ–≤ 
–±—É–¥–µ—Ç –ø—Ä–µ–¥—Å—Ç–∞–≤–ª–µ–Ω–∞ —á–µ—Ä–µ–∑ –æ–¥–Ω–æ–±–∞–π—Ç–Ω–æ–µ –≤—ã—Ä–∞–∂–µ–Ω–∏–µ (–∞–Ω–≥–ª–∏–π—Å–∫–∏–µ —Å–∏–º–≤–æ–ª—ã) —á—Ç–æ –±–æ–ª–µ–µ –≤—ã–∏–≥—Ä—ã—à–Ω–æ
–ø–æ —Å—Ä–∞–≤–Ω–Ω–µ–∏—é —Å –¥–≤—É—Ö –±–∞–π—Ç–Ω—ã–º –≤ UTF-16 –Ω–æ —á–∞—Å—Ç—å —Å–∏–º–≤–æ–ª–æ–≤ –±—É–¥–µ—Ç –∏–¥—Ç–∏ –≤ —Ç—Ä–µ—Ö–±–∞–π—Ç–Ω–æ–º –ø—Ä–µ–¥—Å—Ç–∞–≤–ª–µ–Ω–∏–∏
 —á—Ç–æ –º–µ–Ω–µ–µ –≤—ã–≥—Ä—ã–Ω–æ –ø–æ —Å—Ä–∞–≤–Ω–µ–∏—é —Å UTF-16. –∫–æ–Ω–µ—á–Ω–æ –∂–µ —á–∞—Å—Ç—å —Å–∏–º–≤–æ–ª–æ–≤ –≤ UTf8 –±—É–¥–µ—Ç –∏–¥—Ç–∏ –≤ –¥–≤—É—Ö–±–∞–π—Ç–Ω–æ–º –≤—ã—Ä–∞–∂–µ–Ω–∏–∏ —Ç–∞–∫–∂–µ –∫–∞–∫ —ç—Ç–æ –µ—Å—Ç—å –≤ UTF-16 —á—Ç–æ –Ω–µ–¥–µ–ª–∞–µ—Ç —Ä–∞–∑–Ω–∏—Ü—ã. —Ç–∞–∫–∏–º –æ–±—Ä–∞–∑–æ–º
 –Ω–∞ –∫–∞–∫–∏—Ö—Ç–æ —Ç–µ–∫—Å—Ç–∞—Ö –∏ –∫–∞–∫–∏—Ö —Ç–æ –æ–±—å–µ–º–∞—Ö UTF16 –º–æ–∂–µ—Ç –¥–∞—Ç—å –º–µ–Ω—å—à–∏–π –æ–±—å–µ–º –Ω–∞ –¥–∏—Å–∫–µ –≤ —Å–ª—É—á–∞–µ –∫–æ–≥–¥–∞ —Ç–µ–∫—Å—Ç—ã –º–Ω–æ–≥–æ—è–∑—ã—á–Ω—ã–µ. —è —Ç–∞–∫ –ø–æ–Ω–∏–º–∞—é. –Ω–æ –∫–æ–Ω–µ—à–Ω–æ –æ—á–µ–Ω—å —Å–µ—Ä—å–µ–∑–Ω—ã–µ –º–∏–Ω—É—Å—ã UTF-16  –≤ —Ç–æ–º —á—Ç–æ
 –µ—Å–ª–∏ —Ç–µ–∫—Å—Ç—ã –∞–Ω–≥–∏–π—Å–∫–∏–π —Ç–æ –æ–Ω –±—É–¥–µ—Ç –∑–∞–Ω–∏–º–∞—Ç—å –≤ 2 —Ä–∞–∑–∞ –±–æ–ª—å—à–µ —á–µ–º –≤ UTF8. –∏ —Ç–æ —á—Ç–æ –æ–Ω ASCII –Ω–µ—Å–æ–≤–º–µ—Å—Ç–∏–º. –µ—Å—Ç—å –ø—Ä–∞–≤–¥–∞ –æ—á–µ–Ω—å —Å–∏–ª—å–Ω—ã–π –ø–ª—é—Å utf16  –≤ —Ç–æ–º —á—Ç–æ –µ—Å–ª–∏ –º—ã —Ö–æ—Ç–∏–º –Ω–∞–ø–µ—á–∞—Ç–∞—Ç—å –±—É–∫–≤—É –∏–∑ –∫–∞–∫–æ–≥–æ —Ç–æ —è–∑—ã–∫–∞ —Ç–æ —Å –æ–≥—Ä–æ–º–Ω–æ–π –¥–æ–æ–ª–µ–π –≤–µ—Ä–æ—è—Ç–Ω–æ—Å—Ç–∏ –æ–Ω–∞ –≤—Ö–æ–∏—Ç –≤ plane0 –∏ —ç—Ç–æ –∑–Ω–∞—á–∏—Ç —á—Ç–æ 
 –Ω–æ–º–µ—Ä –≤ —Ñ–æ—Ä–º–∞—Ç–µ —é–Ω–∏–∫–æ–¥–∞ U-1234 –∞–≤—Ç–æ–º–∞—Ç–æ–º –Ω–∞–º –¥–∞–µ—Ç –±–∞–π—Ç–æ–≤–æ–µ –ø—Ä–µ–¥—Å—Ç–∞–≤–ª–µ–Ω–∏–µ –≤ –∫–æ–¥–∏—Ä–æ–≤–∫–µ UTF16
 –ø–æ—Ç–æ–º—É —á—Ç–æ –æ–Ω–∞ –±—É–¥–µ—Ç —Ç–æ—á–Ω–æ —Ç–∞–∫–∞—è –∂–µ. –ø—Ä–∏–º–µ—Ä—ã:
–±—É–∫–≤–∞  –Å 
Unicode: U-0401
UTF-16 Encoding:	0x0401

–∞—Ä–∞–±—Å–∫–∞—è –±—É–∫–≤–∞ ÿà
Unicode:U-0608
UTF-16: 0x0608

—Ç–∞–∫–∏–º –∑–Ω–∞—è –ø–æ—Ä—è–¥–∫–æ–≤—ã–π –Ω–æ–º–µ—Ä –±—É–∫–≤—ã –≤ —é–Ω–∏–∫–æ–¥–µ –º—ã —Å—Ä–∞–∑—É —Å –æ–≥—Ä–æ–º–Ω–æ–π –¥–æ–ª–µ–π –≤–µ—Ä–æ—è—Ç–Ω–æ—Å—Ç–∏ –º–æ–∂–µ–º
–∫–æ—Ä–µ–∫—Ç–Ω–æ –Ω–∞–ª–µ—Ç—É –ø–æ–ª—É—á–∏—Ç—å –±–∞–π—Ç–æ–≤–æ–µ –ø—Ä–µ–¥—Å—Ç–∞–≤–ª–µ–Ω–∏ –≤ UTF16. –ø–æ—Ç–æ–º—É —á—Ç–æ –æ–Ω–æ —Ä–æ–≤–Ω–æ —Ç–∞–∫–æ–µ–∂–µ.
–î–ª—è —Å—Ä–∞–≤–Ω–µ–Ω–∏—è –¥–≤—É—Ö–±–∞–π—Ç–æ–≤–æ–µ –ø—Ä–µ–¥—Å—Ç–∞–≤–ª–µ–Ω–∏–µ –≤ UTF-8 –æ–Ω–æ –∫–æ—Ä–µ–Ω–Ω—ã–º –æ–±—Ä–∞–∑–æ–º –Ω–µ–ø—Ä–æ—Å—Ç–æ–µ –∏–∑ —é–Ω–∏–∫–æ–¥ –Ω–æ–º–µ—Ä–∞. –Ω–∞–ø—Ä–∏–º–µ—Ä –±—É–∫–≤–∞ –Å(U-0401) –≤ UTf-8 –∏–º–µ–µ—Ç –≤–∏–¥ 0xD081. —Å–æ–≥–ª–∞—Å–∏—Å—å —á—Ç–æ 0401 –≤ D081 –Ω–∏–∫–∞–∫ –Ω–∞–ª–µ—Ç—É –Ω–µ–ø–æ–ª—É—á–∏—Ç—å –≤ —É–º–µ. –ø–æ—ç—Ç–æ–º—É –≤ —ç—Ç–æ–º –æ–≥—Ä–æ–º–Ω–∞—è —Ñ–∏—à–∫–∞ UTF-16.
 >UTF32 –¥–∞–µ—Ç —Ç–æ–ª–ª—å–∫–æ —Ç–æ —á—Ç–æ –≤—Å–µ –∞—é—Å–æ–ª—é—Ç—Ä–Ω–æ —Å–∏–º–≤–æ–ª—ã –∑–∞–Ω–∏–º–∞—é—Ç –æ–¥–∏–Ω–∞–∫–æ–≤—ã–π —Ä–∞–∑–º–µ—Ä 4 –±–∞–π—Ç–∞. —Ö–æ—Ç—è –º–Ω–µ –Ω–µ–ø–æ–Ω—è—Ç–Ω–æ –∑–∞—á–µ–º –±—ã–ª–æ 4 –±–∞–π—Ç–∞ –∫–æ–≥–¥–∞ –º–æ–∂–Ω–æ –±—ã–ª–æ 3 –±–∞–π—Ç–∞ —Å–¥–µ–ª–∞—Ç—å –≤–µ–¥—å –Ω–∞ –¥–∞–π–Ω–Ω–π—ã –º–æ–º–µ–Ω—Ç
 –≤–µ—Å—å –Ω–∞–±–æ—Ä —ç–Ω–∏–∫–æ–¥–∞ —ç—Ç–æ 10FFFF —á—Ç–æ —Å–æ—Å—Ç–∞–≤–ª—è–µ—Ç —Ç—Ä–∏ –±–∞–π—Ç–∞ –≤ —à–∏—Ä–∏–Ω—É. 
 > –≤ —Ü–µ–ª–æ–º –ø—Ä–∏–∫–æ–ª —é–Ω–∏–∫–æ–¥–∞ –≤ —Ç–æ–º (–Ω–µ–≤–∞–∂–Ω–æ –≤ –∫–∞–∫–æ–π –∫–æ–¥–∏—Ä–æ–≤–∫–µ UTF8\16\32 —Ö–æ—Ç—è utf8 –ø–æ –º–Ω–µ —Å–∞–º–∞—è —Å–∏–ª—å–Ω–∞—è –∫–æ–¥–∏—Ä–æ–≤–∫–∞) —É –Ω–∞—Å –≤ —Ç–µ–∫—Å—Ç–µ –∫–æ—Ç–æ—Ä—ã–π –∑–∞–∫–æ–¥–∏—Ä–æ–≤–∞–Ω –≤ utf8\16\32 –º–æ–≥—É—Ç –∏–¥—Ç–∏ —Å–ª–æ–≤–∞ –ø—Ä–µ–¥–ª–æ–∂–µ–Ω–∏—è –∏ –±—É–∫–≤—ã —Å—Ä–∞–∑—É –∏–∑ –≤—Å–µ—Ö —è–∑—ã–∫–æ–≤ –º–∏—Ä–∞ –æ–¥–Ω–æ–≤—Ä–µ–º–µ–Ω–Ω–æ.
 –í –ª—é–±–æ–º —Å–ª—É—á–∞–µ —Ç–µ–ø–µ—Ä—å –≤–∏–¥–Ω–æ –ø–æ—á–µ–º—É –Ω–∞ –∫–æ–º–ø—ã –≤ —Ç–µ–∫—Å—Ç–æ–≤—ã–µ —Ñ–∞–π–ª—ã –Ω–µ —Å—Ç–∞–ª–∏ —à–∞—Ä–∞—à–∏—Ç –ø–æ—Ä—è–¥–∫–æ–≤—ã–µ
 –Ω–æ–º–µ—Ä–∞ —é–Ω–∏–∫–æ–¥–∞ –¥–ª—è —Å–∏–º–≤–æ–ª–æ–≤. –ø–æ—Ç–æ–º—É —á—Ç–æ –µ—Å–∏ –≤–≤–µ—Å—Ç–∏ –¥–æ–ø–æ–Ω–∏—Ç–µ–ª—å–Ω—ã–π —Å–ª–æ–π –∞–±—Å—Ç—Ä–∞–∫—Ü–∏–∏\–ø—Ä–µ–æ–±—Ä–∞–∑–æ–≤–∞–Ω–∏—è –∏–∑ —é–Ω–∏–∫–æ–¥ –Ω–æ–º–µ—Ä–∞ –≤ –Ω–µ–∫–æ—Ç–æ—Ä—ã–π –Ω–æ–≤—ã–π –Ω–æ–º–µ—Ä —á–µ—Ä–µ–∑ UTF-8\16\32 —Ç–æ  –≤ –æ–ø—Ä–µ–¥–µ–ª–µ–Ω–Ω—ã—Ö —Å–ª—É—á–∞—è—Ö —É –Ω–∞—Å –ø–æ–ª—É—á–∞—é—Ç—Å—è –±–æ–ª–µ–µ –≤—ã–∏–≥—Ä—ã—à–Ω—ã–µ –ø–æ –æ–±—å–µ–º—É —Ç–µ–∫—Å—Ç—ã (–±–æ–ª–µ–µ –º–∞–ª–µ–Ω—å–∫–∏–µ) –ø–ª—é—Å –æ–±—Ä–∞—Ç–Ω–∞—è —Å–æ–≤–º–µ—Å—Ç–∏–º–æ—Å—Ç—å —Å ASCII. –∏ –≤–æ–±—â–µ –∫—Ç–æ –∑–Ω–∞–µ—Ç –∫–∞–∫–æ–π –≤ –±—É–¥—É—â–µ–º –±–æ–ª–µ–µ –≤—ã–≥–æ–¥–Ω—ã–π encoding –≤–º–µ—Å—Ç–æ UTF-8\16\32 –ø—Ä–∏–¥—É–º–∞—é—Ç –Ω–æ –ø—Ä–∏ —ç—Ç–æ–º —Ç–æ –∫–ª–∞—Å–Ω–æ –Ω–µ–ø—Ä–∏–¥–µ—Ç—Å—è –º–µ–Ω—è—Ç—å —é–Ω–∏–∫–æ–¥ –Ω–æ–º–µ—Ä–∞. 
 —ç—Ç–æ –æ—á–µ–Ω—å —É–º–Ω–æ –Ω–∞ –±—É–¥—É—â–µ–µ –ø—Ä–∏–¥—É–º–∞–Ω–æ. –¥–æ–ø–æ–ª–Ω–∏–µ–ª—å–Ω—ã–π —É—Ä–æ–≤–µ–Ω—å –∞–±—Å—Ç—Ä–∞–∫—Ü–∏–∏ –Ω–∞ –Ω–∏–∂–Ω–µ–º —É—Ä–æ–≤–Ω–µ –ø–æ–∑–æ–≤–æ–ª—è–µ—Ç –∏–≥—Ä–∞—Ç—å—Å—è —Å –Ω–∏–º –º–µ–Ω—è—Ç—å –≤ –±—É–¥—É—â–µ–º –∏ –ø—Ä–∏ —ç—Ç–æ–º –æ—Å—Ç–∞–≤–∏—Ç—å –±–µ–∑ –∏–∑–º–µ–µ–Ω–∏–π –≤–µ—Ä—Ö–Ω–∏–π —É—Ä–æ–≤–µ–Ω—å. –æ—á–µ–Ω—å —É–º–Ω–æ.  —Ç–∞–∫–∂–µ –ø—Ä–µ–¥–≤–∞—Ä–∏–µ—Ç–ª—å–Ω–æ –Ω–∞—Å–∫–æ–ª—å–∫–æ —è –ø–æ–Ω—è–ª —Ñ–∏—à–∫–∞ —ç—Ç–æ–≥–æ —ç–Ω–∫–æ–¥–∏–Ω–≥–∞ –≤ —Ç–æ–º —á—Ç–æ 
 –±–∞–π—Ç–æ–≤–æ–µ –ø—Ä–µ–¥—Å—Ç–∞–≤–ª–µ–Ω–∏–µ –∏–∑ —é–Ω–∏–∫–æ–¥ –Ω–æ–º–µ—Ä–∞ —Ä–æ–≤–Ω–æ —Ç–∞–∫–æ–µ –∂–µ —Å–∞–º–æ–µ –∫–∞–∫ —é–Ω–∏–∫–æ–¥ –Ω–æ–º–µ—Ä.—Ç–æ–µ—Å—Ç—å –∑–Ω–∞—è —é–Ω–∏–∫–æ–¥ –Ω–æ–º–µ—Ä –º—ã —Å—Ä–∞–∑—É –∑–Ω–∞–µ–º –ø—Ä–µ–¥—Å—Ç–≤–ª–µ–Ω–∏ —ç—Ç–æ–≥–æ —Å–∏–º–≤–æ–ª –≤ utf32 –±–∞–π—Ç–æ–≤–æ–º –≤–∏–¥–µ. —Ç–æ–µ—Å—Ç—å –¥–ª—è –ø—Ä–∏–º–µ—Ä–∞
 —Å–∏–º–≤–æ–ª üåà
Unicode: U-1F308
UTF-32 Encoding:	0x0001F308
–Ω—É —á—Ç–æ –æ—á–µ–Ω—å —É–¥–æ–±–Ω–æ.

>–¥–∞–ª–µ–µ. –ø—Ä–æ —Ç–µ—Ä–º–∏–Ω–æ–ª–æ–≥–∏—é —é–Ω–∏–∫–æ–¥–∞:
code point - 
—è —É–∑–Ω–∞–ª –∫–∞–∫ –Ω–∞–∑—ã–∞–µ—Ç—Å—è –≤–æ—Ç —ç—Ç–æ —á–∏—Å–ª–æ –ø–æ—Å–ª–µ U-0401. —á–∏—Å–ª–æ –Ω–∞–∑—ã–≤–∞–µ—Ç—Å—è code point.
unicode character -
—Å–∏–º–≤–æ–ª –∫–æ—Ç–æ—Ä—ã–π  –ø–æ—Å—Ç–∞–≤–ª–µ–Ω –≤ —Å–æ–æ—Ç–≤–µ—Å—Ç–≤–∏–µ code point –Ω–∞–∑—ã–≤–∞–µ—Ç—Å—è unicode character. —Ç–æ–µ—Å—Ç—å –±–µ—Ä–µ—Ç—Å—è unicode character ( –ø–æ –Ω–∞—à–µ–º—É —Å–∏–º–≤–æ–ª) –∏ –µ–º—É –≤ —Å–æ–æ—Ç–≤–µ—Å—Ç–≤–∏–µ —Å—Ç–∞–≤–∏—Ç—Å—è
unicode code point
code unit -
–∑–Ω–∞—á–∏—Ç  —É –Ω–∞—Å –µ—Å—Ç—å —Å–∏–º–≤–æ–ª –≤ —Ñ–æ—Ä–º–µ —é–Ω–∏–∫–æ–¥ —á–∏—Å–ª–∞ (code point) –∏ –º—ã –±–µ—Ä–µ–º encoding (UTF8\16\32) –∏ –Ω–∞—Ç—Ä–∞–≤–ª–∏–≤–∞–µ–º –Ω–∞ code point –∏ –ø–æ–ª—É—á–∞–µ–º –Ω–∞ –≤—ã—Ö–æ–¥–µ –Ω–∞–±–æ—Ä –±–∞–π—Ç–æ–≤ –æ–¥–∏–Ω –∏–ª–∏  –Ω–µ—Å–∫–æ–ª—å–∫–æ —Ç–æ–µ—Å—Ç—å –Ω–µ–∫–æ—Ç–æ—Ä–æ–µ –º–Ω–æ–∂–µ—Å—Ç–≤–æ –±–∞–π—Ç–æ–≤. —Ç–∞–∫ –≤–æ—Ç –≤ —ç—Ç–æ–º –Ω–∞–±–æ—Ä–µ –±–∞–π—Ç–æ–≤ –æ–¥–∏–Ω –∏–ª–∏ –Ω–µ—Å–∫–æ–ª—å–∫–æ –±–∞–π—Ç–æ–≤ –Ω–∞–∑—ã–∞–µ—Ç—Å—è
code unit. —Ä–∞–∑–º–µ—Ä code unit (—Ç–æ–µ—Å—Ç—å —Å–∫–æ–ª—å–∫–æ –±–∞–π—Ç–æ–≤ –æ–Ω –ø–æ—Ä–∞–∑–º–µ—Ä—É) –∑–∞–≤–∏—Å–∏—Ç –æ—Ç —Ç–æ–π encoding –∫–æ—Ç–æ—Ä—ã–π –º—ã –∏—Å–ø–æ–ª—å–∑–æ–≤–∞–ª–∏ –¥–ª—è –ø—Ä–µ–æ–±—Ä–∞–∑–æ–≤–∞–Ω–∏—è. —Ç–æ–µ—Å—Ç—å –≤ UTF8 —Ä–∞–∑–º–µ—Ä code unit = 1 –±–∞–π—Ç.
–≤ UTF16 —Ä–∞–∑–º–µ—Ä code unit = 2 –±–∞–π—Ç–∞. –≤ utf32 —Ä–∞–∑–º–µ—Ä code unit = 4 –±–∞–π—Ç–∞. –µ—â–µ —Ä–∞–∑ –ø–æ–¥—á–µ—Ä–∫–Ω—É —á—Ç–æ —Ä–∞–∑–º–µ—Ä code unit –∑–∞–≤–∏–∏—Å–∏—Ç –æ—Ç –∫–æ–Ω–∫—Ä–µ—Ç–Ω–æ–≥–æ encoding. –Ω–æ –≤ —Ä–∞–º–∫–∞—Ö —ç—Ç–æ–≥–æ encoding –æ–Ω —Ñ–∏–∫—Å–∏—Ä–æ–≤–∞–Ω–Ω—ã–π. —Ç–æ–µ—Å—Ç—å –≤ UTF8 code unit = 1 –±–∞–π—Ç. –≤ —Ä–∞–º–∫–∞—Ö UTF8 –æ–Ω –≤—Å–µ–≥–¥–∞ 1 –±–∞–π—Ç  –∏ –Ω–∏–∫–∞–∫ –∏–Ω–∞—á–µ. –≤ —Ä–∞–º–∫–∞—Ö UTF16 –æ–Ω –≤—Å–µ–≥–¥–∞ 2 –±–∞–π—Ç–∞ –∏ –Ω–∏–∫–∞–∫ –∏–Ω–∞—á–µ. –≤ —Ä–∞–º–∫–∞—Ö UTf32 –æ–Ω –≤—Å–µ–≥–¥–∞ 4 –±–∞–π—Ç–∞ –∏ –Ω–∏–∫–∞–∫ –∏–Ω–∞—á–µ. —Ç—ã –º–µ–Ω—è —Å–ø—Ä–æ—Å–∏—à—å –Ω–æ –≤ UTF8 –±—ã–≤–∞—é—Ç character –∫–æ—Ç–æ—Ä—ã–π –∑–∞–Ω–∏–º–∞–µ—Ç 4 –±–∞–π—Ç–∞ –Ω–∞–ø—Ä–∏–º–µ—Ä —Å–∏–º–≤–æ–ª —Å–∏–º–≤–æ–ª üåà (Unicode code point: U-1F308) —É –Ω–µ–≥–æ UTF-8 Encoding =	0xF0 0x9F 0x8C 0x88 –∫–∞–∫ —ç—Ç–æ —Å–≤—è–∑–∞—Ç—å —Å –æ–¥–Ω–æ–±–∞–π—Ç–æ–≤—ã–º code unit. —Å–≤—è–∑–∞—Ç—å —Ç–∞–∫ —á—Ç–æ –ø–æ—Å–∫–æ–ª—å–∫—É —Å–∏–º–≤–æ–ª –∑–∞–Ω–∏–º–∞–µ—Ç —á–µ—Ç—ã—Ä–µ –±–∞–π—Ç–∞ –∞ —Ä–∞–∑–º–µ—Ä code unit –¥–ª—è utf8 –æ–¥–∏–Ω –±–∞–π—Ç —ç—Ç–æ –∑–Ω–∞—á–∏—Ç —á—Ç–æ —Å–∏–º–≤–æ–ª –∑–∞–Ω–∏–º–∞–µ—Ç 4 code unit. –ø–æ—Å–∫–æ–ª—å–∫—É —Ä–∞–∑–º–µ—Ä code unit –∑–∞–≤–∏–∏—Å–∏—Ç –æ—Ç encoding —Ç–æ –∫–æ–≥–¥–∞ –º—ã –≥–æ–≤–æ—Ä–∏–º –ø—Ä–æ —Ç–æ —Å–∫–æ–ª—å–∫–æ code unit –∑–∞–≥–∏–º–∞–µ—Ç —Å–∏–º–≤–æ–ª —Ç–æ –Ω–∞–¥–æ –≤—Å–µ–≥–¥–∞ —É–ø–æ–º–∏–Ω–∞—Ç—å –≤ –∫–∞–∫–æ–º encoding. –∏–Ω–∞—á–µ –Ω–µ—Ç —Å–º—ã—Å–ª–∞. –∏—Ç–∞–∫ –≤ –Ω–∞—à–µ–º —Å–ª—É—á–∞–µ –º—ã –∏–º–µ–µ–º
—Å–∏–º–≤–æ–ª: üåà
—é–Ω–∏–∫–æ–¥ chataracter code point:  U-1F308
encoding UTF8: 0xF0 0x9F 0x8C 0x88, –ø–æ—Å–∫–æ–ª—å–∫—É code unit (UTF8) = 1 –±–∞–π—Ç —Ç–æ —Å–∏–º–≤–æ–ª –∑–∞–Ω–∏–º–∞–µ—Ç 4 code unit –≤ UTF8
encoding UTF16: 0xD83C 0xDF08, –ø–æ—Å–∫–æ–ª—å–∫—É code unit(UTF16)= 2 –±–∞–π—Ç–∞ —Ç–æ —Å–∏–º–≤–æ–ª –∑–∞–Ω–∏–º–∞–µ—Ç 2 code point –≤ UTF16
UTF-32 Encoding:	0x0001F308, –ø–æ—Å–∫–æ–ª—å–∫—É code unit(UTF32) = 4 –±–∞–π—Ç–∞ —Ç–æ —Å–∏–º–≤–æ–ª –∑–∞–Ω–∏–º–∞–µ—Ç 1 code unit.

—Ñ–∏–∑–∏—á–µ—Å–∫–∏–π —Å–º—ã—Å–ª–∞ code unit –≤ —Ç–æ–º —á—Ç–æ —ç—Ç–æ –º–∏–Ω–∏–º–∞–ª—å–Ω—ã–π —Ä–∞–∑–º–µ—Ä (–≤ –±–∞–π—Ç–∞—Ö) –≤ –∫–æ—Ç–æ—Ä–æ–º –≤ –¥–∞–Ω–Ω–æ–º encoding –º–æ–∂–µ—Ç –±—ã—Ç—å –∑–∞–∫–æ–¥–∏—Ä–æ–≤–∞–Ω —Ü–µ–ª–∏–∫–æ–º —Å–∏–º–≤–æ–ª. –Ω–æ —ç—Ç–æ –≤–µ—Ä–Ω–æ –Ω–µ –≤—Å–µ–≥–¥–∞ –¥–ª—è –≤—Å–µ—Ö —Å–∏–º–≤–æ–ª–æ–≤.
–≤ UTF32 –≤—Å–µ–≥–¥–∞ code unit –∫–æ–¥–∏—Ä—É–µ—Ç —Ü–µ–ª—ã–π —Å–∏–º–≤–æ–ª. –∞ –≤ UTF8 code unit –∫–æ–¥–∏—Ä—É–µ—Ç –¥–ª—è —Ä—è–¥–∞ —Å–∏–º–≤–æ–ª–æ–≤
—Å–∏–º–≤–æ–ª —Ü–µ–ª–∏–∫–æ–º –∞ –¥–ª—è —Ä—è–¥–∞ —Å–∏–º–≤–æ–ª–æ–≤ —Ç–æ–ª—å–∫–æ —á–∞—Å—Ç—å —Å–∏–º–≤–æ–ª–∞. –≤ UTF16 code unit –¥–ª—è —Ä—è–¥–∞ —Å–∏–º–≤–æ–ª–æ–≤
–∫–æ–¥–∏—Ä—É–µ—Ç –≤ —Å–µ–±–µ —Å–∏–º–≤–æ–ª —Ü–µ–ª–∏–∫–æ–º –∞ –¥–ª—è —Ä—è–¥–∞ —Å–∏–º–≤–æ–ª–æ–≤ —Ç–æ–ª—å–∫–æ —á–∞—Å—Ç—å —Å–∏–º–≤–æ–ª–∞. 
–ø—Ä–∏–º–µ—Ä.

—Å–∏–º–≤–æ–ª: üåà
code point:  U-1F308
encoding UTF8: 0xF0 0x9F 0x8C 0x88,

–≤ —ç—Ç–æ–º –ø—Ä–∏–º–µ—Ä–µ code point –∫–æ–¥–∏—Ä—É–µ—Ç –≤ —Å–µ–±–µ —Ç–æ–ª—å–∫–æ —á–∞—Å—Ç—å —Å–∏–º–≤–æ–ª–∞

—Å–∏–º–≤–æ–ª !
code point = U-0021
encoding UTF-8 = 0x21

–∞ –≤ —ç—Ç–æ–º –ø—Ä–∏–º–µ—Ä–µ code point –≤ —Å–µ–±–µ –∑–∞–∫–æ–¥–∏—Ä–æ–≤–∞–ª —Å–∏–º–≤–æ–ª —Ü–µ–ª–∏–∫–æ–º!

–≤ —ç—Ç–æ–º –∏ –µ—Å—Ç—å —Ñ–∏–∑–∏—á–µ—Å–∫–∏–π —Å–º—ã—Å–ª–∞ code point.
–ø–æ —Å–≤–æ–µ–π —Å—É—Ç–∏ code point —ç—Ç–æ –æ–¥–∏–Ω –∏–ª–∏ –Ω–µ—Å–∫–æ–ª–∫–æ –±–∞–π—Ç–æ–≤.
—Å –¥—Ä—É–≥–æ–π —Å—Ç–æ—Ä–æ–Ω—ã —Å–º—ã—Å–ª —ç—Ç–æ–≥–æ code point  –≤ —Ç–æ–º —á—Ç–æ –≤–Ω—É—Ç—Ä–∏ –Ω–µ–≥–æ ( –≤ —ç—Ç–∏—Ö –±–∞–π—Ç–∞—Ö) –∑–∞–∫–æ–¥–∏—Ä–æ–≤–∞–Ω
–ª–∏–±–æ —Å–∏–º–≤–æ–ª —Ü–µ–ª–∏–∫–æ–º  –ª–∏–±–æ —á–∞—Å—Ç—å —Å–∏–º–≤–æ–ª–∞(–∑–∞–≤–∏—Å–∏—Ç –æ—Ç –∫–æ–Ω–∫—Ä–µ—Ç–Ω–æ–≥–æ —Å–∏–º–≤–æ–ª–∞). 

—Ç–∞–∫–∏–º –æ–±—Ä–∞–∑–æ–º –µ—Å–ª–∏ –º—ã –∑–Ω–∞–µ–º —Ä–∞–∑–º–µ—Ä code point –≤ –±–∞–π—Ç–∞—Ö –¥–ª—è –¥–∞–Ω–Ω–æ–π –∫–æ–¥–∏—Ä–æ–≤–∫–∏ —Ç–æ –º—ã –∑–Ω–∞–µ–º
–º–∏–Ω–∏–º–∞–ª—å–Ω—ã–π —Ä–∞–∑–º–µ—Ä –≤ –±–∞–π—Ç–∞—Ö –∫–æ—Ç–æ—Ä—ã–π –Ω—É–∂–µ–Ω —ç—Ç–æ–π –∫–æ–¥–∏—Ä–æ–≤–∫–µ —á—Ç–æ–±—ã –∑–∞–∫–æ–¥–∏—Ä–æ–≤–∞—Ç—å –Ω–∞ –¥–∏—Å–∫–µ –æ–¥–∏–Ω —Å–∏–º–≤–æ–ª. –¥–∞ —ç—Ç–æ –≤–µ—Ä–Ω–æ –ø–æ—Ä–æ–π –Ω–µ –¥–ª—è –≤—Å–µ—Ö —Å–∏–º–≤–æ–ª–æ–≤ –Ω–æ —Ö–æ—Ç—è –±—ã –¥–ª—è —á–∞—Å—Ç–∏ —ç—Ç–æ –≤–µ—Ä–Ω–æ. —Ä–∞–∑–º–µ—Ä code point –Ω–∞–º –¥–∞–µ—Ç –ø—Ä–µ–¥—Å—Ç–∞–ª–≤–µ–Ω–∏–µ –æ –ø—Ä–æ–∂–æ—Ä–ª–∏–≤–æ—Å—Ç–∏ encoding –ø—Ä–∏ —Å–æ—Ö—Ä–∞–Ω–µ–Ω–∏–∏ —Å–∏–º–≤–æ–ª–æ–≤.



—ç—Ç–æ –æ–¥–∏–Ω –∏–ª–∏ –Ω–µ—Å–∫–æ–ª—å–∫–æ –±–∞–π—Ç–æ–≤ –∫–æ—Ç–æ—Ä—ã–π encoding (UTf8\16\32) –∏—Å–ø–æ–ª—å–∑—É–µ—Ç –¥–ª—è —Ç–æ–≥–æ —á—Ç–æ–±—ã –ø—Ä–µ–æ–±—Ä–∞–∑–æ–≤–∞—Ç—å code point (—Å–∏–º–≤–æ–ª) –≤ –Ω–∞–±–æ—Ä –±–∞–π—Ç–æ–≤.  
–∑–Ω–∞—á–∏—Ç –≤ –∫–∞–∂–¥–æ–π –∫–æ–¥–∏—Ä–æ–≤–∫–µ –Ω–∞—à character(—Å–∏–º–≤–æ–ª) –∏–º–µ–µ—Ç –≤–∏–¥ –Ω–∞–±–æ—Ä–∞ –±–∞–π—Ç–æ–≤. —Ç–∞–∫ –≤–æ—Ç –∫–∞–∂–¥—ã–π –±–∞–π—Ç 
–Ω–∞–∑—ã–≤–∞–µ—Ç—Å—è code unit.

 	 - –≤–æ–ø—Ä–æ—Å –∫–∞–∫ –∂–µ –±—ã–ª–æ —Ä–∞–Ω—å—à–µ –¥–æ —é–Ω–∏–∫–æ–¥–∞? –∫–∞–∫ –≤ —Ç–µ–∫—Å—Ç–µ –º–æ–∂–Ω–æ –±—ã–ª–æ –∏—Å–ø–æ–ª—å–∑–æ–≤–∞—Ç—å –Ω–µ—Å–∫–æ–ª—å–∫–æ
 	 —è–∑—ã–∫–æ–≤. —Å–∫–∞–∂–µ–º —Ç—Ä–∏. 

 	- –ø–æ—á–µ–º—É utf8 –±–µ–∑ endieness. –≤–µ–¥—å —É –Ω–µ–≥–æ –¥–æ 4 –±–∞–π—Ç.–¥–∞ –∏–≤–æ–æ–±—â–µ –∞ –µ—Å–ª–∏ 1 –±–∞–π—Ç —Ç–æ —á—Ç–æ –Ω–µ–Ω–∞–¥–æ?
	- –æ–±—å—è—Å–Ω–∏—Ç—å 
		$ hexdump /tmp/r.txt
0000000 9ff0 888c                              
0000004
$ man hexdump
$ hexdump -C /tmp/r.txt
00000000  f0 9f 8c 88                                       |....|
00000004
	- page vs encoding?
	- /bin/echo vs bash builtin echo –æ–Ω–∏ –∫–∞–∫–∏–µ –∏–∑ utf-8\16\32 –ø–æ–¥–¥–µ—Ä–∂–∏–≤–∞—é—Ç? 
—Ç–æ–∂–µ—Å–∞–º–æ–µ –ø—Ä–æ printf. —É –Ω–µ–≥–æ  –∫–∞–∫ —Å —ç—Ç–∏–º.

–±–µ—Ä–µ–º –ø—Ä–∏–º–µ—Ä
–Å:
Unicode: U-0401
UTF-8 Encoding:	    0xD0 0x81
UTF-16 Encoding:	0x0401
UTF-32 Encoding:	0x00000401

—Å–º–æ—Ç—Ä–∏–º —á—Ç–æ –Ω–∞–ø–∏—Å–∞–Ω–æ –≤ 
$ man bash
echo
              \xHH   the eight-bit character whose value is the hexadecimal value HH (one or two hex digits)
              \uHHHH the Unicode (ISO/IEC 10646) character whose value is the hexadecimal value HHHH (one to four hex digits)
              \UHHHHHHHH
                     the Unicode (ISO/IEC 10646) character whose value is the hexadecimal value HHHHHHHH (one to eight hex digits)

–∑–Ω–∞—á–∏—Ç —è —Ä–∞–∑–æ–±—Ä–∞–ª—Å—è —á—Ç–æ –æ–Ω–∏ —Ö–æ—Ç–µ–ª–∏ —ç—Ç–∏–º —Å–∫–∞–∑–∞—Ç—å:
\xHH  = –µ—Å–ª–∏ —É –Ω–∞—Å echo –∏–¥–µ—Ç –≤–æ—Ç –≤  –≤–∏–¥–µ echo e "\xHH\xHH\xHH\xHH..."
—Ç–æ –æ–∂–∏–¥–∞–µ—Ç—Å—è —á—Ç–æ —Ç–µ–∫—Å  –≤ –∫–æ–¥–∏—Ä–æ–≤–∫–µ UTF8. 
–≤–æ—Ç –ø—Ä–∏–º–µ—Ä
—Å–∏–º–≤–æ–ª üåà
Unicode: U-1F308
UTF-8 Encoding:	0xF0 0x9F 0x8C 0x88
UTF-16 Encoding:	0xD83C 0xDF08
UTF-32 Encoding:	0x0001F308

$ builtin echo -e "\xF0\x9F\x8C\x88"
üåà

–∏–∑ –ø—Ä–∏–º–µ—Ä–∞ –≤–∏–¥–Ω–æ —á—Ç–æ –±–∞–π—Ç–æ–≤–æ–µ –ø—Ä–µ–¥—Å—Ç–∞–≤–ª–µ–Ω–∏–µ —Å–∏–º–≤–æ–ª–∞ –≤ utf16\32 –∞–±—Å–æ–ª—é—Ç–Ω–æ –Ω–µ—Å–æ–≤–ø–∞–¥–∞–µ—Ç
—Å UTF8 –æ–¥–Ω–∞–∫–æ –∏–º–µ–Ω–Ω–æ UTF8 –±–∞–π—Ç–æ–≤–æ–µ –ø—Ä–µ–¥—Å—Ç–∞–≤–ª–µ–∏–µ –Ω–∞–º –¥–∞–ª–æ —Å–∏–º–≤–æ–ª.
–∏—Ç–∞–∫ –µ—Å–ª–∏ –º—ã –≤–±–∏–≤–∞–µ–º –≤ echo –Ω–µ–∫–∏–π –Ω–∞–±–æ—Ä –±–∞–π—Ç–æ–≤ –≤ hex –≤–∏–¥–µ —Ç–æ echo –æ–∂–∏–¥–∞–µ—Ç —á—Ç–æ —ç—Ç–æ UTF8 –∫–æ–¥–∏—Ä–æ–≤–∫–∞. 

\uHHHH, \UHHHHHHHH = –æ—Å—Ç–∞–ª—å–Ω—ã–µ –¥–≤–∞ —Å–ø–æ—Å–æ–±–∞ –ø–µ—Ä–µ–¥–∞—á–∏ –∏–Ω—Ñ–æ –æ —Å–∏–º–≤–æ–ª–µ \uHHHH –∏ \UHHHHHHHH –æ–Ω–∏ –Ω–µ –ø—Ä–æ UTF16 –∏–ª–∏ UTF32.
—Å —ç—Ç–∏–º–∏ –∫–æ–¥–∏—Ä–æ–≤–∫–∞–º–∏ builtin echo —Ä–∞–±–æ—Ç–∞—Ç—å –Ω–µ—É–º–µ–µ—Ç! –≤ –æ–ø—Ü–∏—è \uHHHH –∏ \UHHHHHHHH –≤–±–∏–≤–∞–µ–∏—Å—è –Ω–µ –±–∞–π—Ç–æ–≤–æ–µ –ø—Ä–µ–¥—Å—Ç–∞–≤–ª–µ–Ω–∏–µ –∏–∑ –∫–∞–∫–æ–π –ª–∏–±–æ –∫–æ–¥–∏—Ä–æ–≤–∫–∏ –∞ –Ω–µ–ø–æ—Å—Ä–µ–¥—Å—Ç–≤–µ–Ω–Ω–æ —Å–∞–º –Æ–ù–ò–ö–û–î –Ω–æ–º–µ—Ä!! –µ–¥–∏–Ω—Å—Ç–≤–µ–Ω–Ω–æ–µ —á—Ç–æ –µ—Å–ª–∏ —é–Ω–∏–∫–æ–¥ –Ω–æ–º–µ—Ä –æ—Ç –æ–¥–Ω–æ–≥–æ –¥–æ —á–µ—Ç—ã—Ä–µ—Ö —Å–∏–º–≤–æ–ª–æ–≤ —Ç–æ –º–æ–∂–Ω–æ –∏—Å–ø–æ–ª—å–∑–æ–≤–∞—Ç—å
–∫–∞–∫ —Ñ–æ—Ä–º—É \uHHHH —Ç–∞–∫ –∏ —Ñ–æ—Ä–º—É \UHHHHHHHH –∞ –≤–æ—Ç –µ—Å–ª–∏ —é–Ω–∏–∫–æ–¥ –Ω–æ–º–µ—Ä –±–æ–ª–µ–µ —á–µ—Ç—ã—Ä–µ—Ö —Å–∏–º–≤–æ–ª–æ–≤ 
—Ç–æ –º–æ–∂–Ω–æ –∏—Å–ø–æ–ª—å–∑–æ–≤–∞—å—Ç —Ç–æ–ª—å–∫–æ —Ñ–æ—Ä–º—É \UHHHHHHHH. –µ—â–µ —Ä–∞–∑ —Ö–æ—á—É –ø–æ–¥—á–µ—Ä–∫–Ω—É—Ç—å —á—Ç–æ –≤ —ç—Ç–∏ —Ñ–æ—Ä–º—É –≤—Å—Ç–∞–≤–ª—è–µ—Ç—Å—è –Ω–µ –±–∞–π—Ç—ã –∏–∑ –∫–æ–¥–∏—Ä–æ–≤–æ–∫ UTF8\16\32 . –Ω–µ—Ç!  –≤ —ç—Ç–∏ —Ñ–æ—Ä–º—ã –≤—Å—Ç–∞–≤–ª—è–µ—Ç—Å—è –Ω–µ–ø–æ—Å—Ä–µ–¥—Ç—Å–µ–Ω–Ω–æ
—é–Ω–∏–∫–æ–¥ –Ω–æ–º–µ—Ä.–ø—Ä–∏–º–µ—Ä—ã
—Å–∏–º–≤–æ–ª üåà
Unicode: U-1F308
UTF-8 Encoding:	0xF0 0x9F 0x8C 0x88
UTF-16 Encoding:	0xD83C 0xDF08
UTF-32 Encoding:	0x0001F308

–ø–æ—Å–∫–æ–ª—å–∫—É —é–Ω–∏–∫–æ–¥ –Ω–æ–º–µ—Ä –±–æ–ª—å—à–µ —á–µ–º 4 —Ü–∏—Ñ—Ä—ã —Ç–æ –∏—Å–ø–æ–ª—å–∑—É–º —Ñ–æ—Ä–º—É —Å –±–æ–ª—å—à–æ–π –±—É–∫–≤–æ–π U —Ç–æ–µ—Å—Ç—å 

$ builtin echo -e "\U1F308"
üåà

—Ö–æ—Ç—è –Ω–∞–¥–æ –≤–æ—Ç —á—Ç–æ –µ—â–µ —É–ø–æ–º—è–Ω—É—Ç—å –ø–æ—Å–∫–æ–ª—å–∫—É –∫–æ–¥–∏—Ä–æ–≤–∫–∞ UTF32 –æ–Ω–∞ –∏–º–µ–µ—Ç –≤–∏–¥ —Ä–æ–≤–Ω–æ —Ç–∞–∫–æ–≥–æ –∂–µ —á–∏—Å–ª–∞
—á—Ç–æ –∏ code point —Ö–æ—Ç—è –≤ –±–∞–π—Ç–æ–≤–æ–º –≤–∏–¥–µ –æ–Ω–∏ –∫–æ–Ω–µ—á–Ω–æ –æ–ª–∏—á–∞—é—Ç—Å—è –ø–æ—Ç–æ–º—É —á—Ç–æ —Ö–æ—Ç—Ç—å —á–∏—Å–ª–æ –∏ –æ–¥–Ω–æ –∏ —Ç–æ–∂–µ –Ω–æ code point –∑–∞–Ω–∏–º–∞–µ—Ç 3 –±–∞–π—Ç–∞ –∞ utf32 –∑–∞–Ω–∏–º–∞–µ—Ç 4 –±–∞–π—Ç–∞. —è —ç—Ç–æ –∫ —á–µ–º—É —á—Ç–æ –≤–æ—Ç —ç—Ç–∞ —à—Ç—É–∫–∞
\UHHHHHHHH —Ç—Ä—É–¥–Ω–æ –ø–æ–Ω—è—Ç—å –≤—Å–µ —Ç–∞–∫–∏–º —ç—Ç–æ UTF32 –∏–ª–∏ —ç—Ç–æ code point –ø—Ä–µ–¥—Å—Ç–∞–≤–ª–µ–Ω. –∏ –≤–æ–æ–±—â–µ –µ—â–µ –±–æ–ª–µ–µ —Ç–æ–≥–æ –Ω–µ–ø–æ–Ω—è—Ç–Ω–æ –æ–Ω–∏ –ø–∏—à—É—Ç —á—Ç–æ 8 —Ü–∏—Ñ—Ä –º–æ–∂–Ω–æ –≤–±–∏—Ç—å. —ç—Ç–æ 4 –±–∞–π—Ç–∞. —Ç–∞–∫ –≤–æ—Ç —é–Ω–∏–∫–æ –∫–æ–¥ point –æ–Ω –∏–º–µ–µ—Ç –≤ –¥–ª–∏–Ω–Ω—É –º–∞–∫—Å–∏–º—É–º 3 –±–∞–π—Ç–∞ –Ω—É —Å–∞–º –ø–æ—Å—É–¥–∏ 10FFFF –º–∞–∫—Å —á–∏—Å–ª–æ —ç—Ç–æ –∂–µ —Ç—Ä–∏ –±–∞–π—Ç–∞. —è–µ—â–µ –ø–æ—Ç–æ–º 
–≤ –¥—Ä—É–≥–æ–º –º–µ—Å—Ç–∞ –≤ –≤–∏–∫–∏ –Ω–∞—à–µ–ª —á—Ç–æ —á–∏—Å–ª–∞ –ø–æ—Å–ª–µ \u –∏–ª–∏ \U —ç—Ç–æ –∏–º–µ–Ω–Ω–æ —Ç–æ—á–Ω–æ code point —é–Ω–∏–∫–æ–¥–∞.

–≤–æ–∑–≤—Ä–∞—à–∞—é—Å—å –µ—â–µ —Ä–∞–∑ –∫ 
$ man bash
echo
              \xHH   the eight-bit character whose value is the hexadecimal value HH (one or two hex digits)
              \uHHHH the Unicode (ISO/IEC 10646) character whose value is the hexadecimal value HHHH (one to four hex digits)
              \UHHHHHHHH
                     the Unicode (ISO/IEC 10646) character whose value is the hexadecimal value HHHHHHHH (one to eight hex digits)


–∑–Ω–∞—á–∏—Ç —á—Ç–æ –æ–∂–∏–¥–∞–µ—Ç—Å—è –≤–æ—Ç –≤ —ç—Ç–æ–π –æ–ø—Ü–∏–∏ –≤–≤–æ–¥–∏—Ç—å \xHH. –û–∂–∏–¥–∞–µ—Ç—Å—è —á—Ç–æ HH —ç—Ç–æ hex –±–∞–π—Ç –ø–æ–ª—É—á–µ–Ω–Ω—ã–π 
–ø—Ä–∏ –æ–ø–µ—Ä–∞—Ü–∏–∏ encoding UTF8. —á—Ç–æ –∑–Ω–∞—á–∏—Ç –æ–ø–µ—Ä–∞—Ü–∏—è encoding UTF8. –±–µ—Ä–µ–º —Å–∏–º–≤–æ–ª , –Ω–∞—Ö–æ–¥–∏–º –¥–ª—è –Ω–µ–≥–æ —é–Ω–∏–∫–æ–¥ code point –¥–∞–ª–µ–µ –Ω–∞—Ç—Ä–∞–≤–ª–∏–≤–∞–µ–º –Ω–∞ —ç—Ç–æ—Ç code point —Ñ—É–Ω–∫—Ü–∏—é –ø—Ä–µ–æ–±—Ä–æ–∑–æ–≤–∞–Ω–∏—è UTF8. –Ω–∞ –≤—ã—Ö–æ–¥–µ –ø–æ–ª—É—á–∞–µ–º –Ω–µ–∫–æ—Ç–æ—Ä—ã–π –ø–æ—Ç–æ–∫ –±–∞–π—Ç–æ–≤. –≤–æ—Ç —ç—Ç–∏ –±–∞–π—Ç–≤ –≤ hex –≤–∏–¥–µ –∏ –Ω–∞–¥–æ –≤—Å—Ç–∞–≤–ª—è—Ç—å –≤ echo  –≤ –≤–∏–¥–µ \xHH\xHH\xHH... –∏ —Ç–æ–≥–¥–∞ –Ω–∞ —ç–∫—Ä–∞–Ω–µ –º—ã –ø–æ–ª—É—á–∏–º –Ω–∞–ø–µ—á–∞—Ç—Ç–∞–Ω–Ω—ã–π —Å–∏–º–≤–æ–ª.
–ø—Ä–∏–º–µ—Ä—ã

—Å–∏–º–≤–æ–ª:  –Å
code point: U-0401
UTF8 (–ø–æ—Ç–æ–∫ –±–∞–π—Ç–æ–≤): 0xd0 0x81 

$ builtin echo -e "\xD0\x81"
–Å

–ø–æ—Ç–æ–∫ –±–∞–π—Ç–æ–≤ –ø–æ—Å–ª–µ –æ–ø–µ—Ä–∞—Ü–∏–∏ encoding –Ω–∞–∑—ã–≤–∞–µ—Ç—Å—è –ø–æ –Ω–∞—É—á–Ω–æ–º—É Code Unit Sequence (CSE).
–±—É–¥–µ–º –¥–∞–ª–µ–µ —Ç–∞–∫ –∏ –∏–º–µ–Ω–æ–≤–∞—Ç—å.

–ü–æ –ø–æ–≤–æ–¥—É –ø—Ä–æ—Ü–µ—Å—Å–∞ —ç–Ω–∫–æ–¥–∏–Ω–≥–∞. –º–æ–∂–Ω–æ –µ–≥–æ –¥–µ–ª–∞—Ç—å —Ä—É–∫–∞–º–∏ –∏–±–æ –µ—Å—Ç—å –ø—Ä–∞–≤–∏–ª–æ –ø—Ä–µ–æ–±—Ä–∞–∑–æ–≤–∞–Ω–∏—è.
–Ω–∞ –ø—Ä–∞–∫—Ç–∏–∫–µ –±–æ–ª–µ–µ –ø—Ä–æ—Å—Ç–æ —ç—Ç–æ –∑–Ω–∞—è code point –∑–∞–π—Ç–∏ –≤ –∏–Ω—Ç–µ—Ä–Ω–µ—Ç –∏ –Ω–∞–π—Ç–∏ UTF8 CSE –≤ —Ç–∞–±–ª–∏—Ü–µ.

–¢–æ–µ—Å—Ç—å –∞–ª–≥–æ—Ä–∏—Ç–º —Ç–∞–∫–æ–π: 
—Ö–æ—Ç–∏–º –Ω–∞–ø–µ—á–∞—Ç–∞—Ç—å —Å–∏–º–≤–æ–ª --> –∏—â–µ–º –Ω–∞ —Å–∞–π—Ç–µ —é–Ω–∏–∫–æ–¥–∞ –∫–∞–∫–æ–π —É —Å–∏–º–≤–æ–ª–∞ code point ---> –ª–∏–±–æ —Ä—É–∫–∞–º–∏ –¥–µ–ª–∞–µ–º –ø—Ä–µ–æ–±—Ä–∞–∑–æ–≤–∞–Ω–∏–µ code point –≤ UTF8\16\32 CSE –ª–∏–±–æ –∑–Ω–∞—è code point –∏—â–µ–º –≤ —Ç–∞–±–ª–∏—Ü–µ. ---> —é–∑–∞–µ–º echo -e "\xHH\xHH..." ---> –≥–æ—Ç–æ–≤–æ

–ï—â–µ –ø—Ä–∏–º–µ—Ä—ã:
—Å–∏–º–≤–æ–ª:  üåù
code point: U-1F31D
UTF8 (–ø–æ—Ç–æ–∫ –±–∞–π—Ç–æ–≤): 0xf0 0x9f 0x8c 0x9d 

$ builtin echo -e "\xf0\x9f\x8c\x9d"
üåù


–µ—â–µ —Ä–∞–∑  —Å–∫–∞–∂—É –ø—Ä–æ 

$ man bash
echo
              \xHH   the eight-bit character whose value is the hexadecimal value HH (one or two hex digits)
              \uHHHH the Unicode (ISO/IEC 10646) character whose value is the hexadecimal value HHHH (one to four hex digits)
              \UHHHHHHHH
                     the Unicode (ISO/IEC 10646) character whose value is the hexadecimal value HHHHHHHH (one to eight hex digits)



–Ω–∞–≤—Å–∫–∏–¥–∫—É –Ω–µ–æ—á–µ–Ω—å –ø–æ–Ω—è—Ç–Ω–æ —á—Ç–æ –∂–µ –Ω–∞–¥–æ –≤–≤–æ–¥–∏—Ç—å –≤ HHHHH —á–∏—Å–ª–∞—Ö - –≥–¥–µ –≤–≤–æ–¥–∏—Ç—å UTF CSE (–Ω–∞–±–æ—Ä –±–∞–π—Ç–æ–≤ –ø–æ—Å–ª–µ —ç–Ω–∫–æ–¥–∏–Ω–≥–∞) –∞ –≥–¥–µ –Ω—É–∂–Ω–æ –≤–≤–æ–¥–∏—Ç—å —é–Ω–∏–∫–æ–¥ code point. —ç—Ç–æ –≤–µ–¥—å —Å–æ–≤—Å–µ–º —Ä–∞–∑–Ω—ã–µ –≤–µ—â–∏.
—é–Ω–∏–∫–æ–¥ code point —ç—Ç–æ —Ü–µ–ª–æ–µ —á–∏—Å–ª–æ —Å –∫–æ–º–ø–æ–º –≤–æ–±—â–µ–º—Ç–æ –Ω–µ—Å–≤—è–∑–∞–Ω–Ω–æ–µ –∫–æ—Ç–æ—Ä–æ–µ –∏–º–µ–µ—Ç —Å–∏–º–≤–æ–ª
–ø–æ—Ç–æ–º –Ω–∞ —ç—Ç–æ—Ç code point –º–æ–∂–Ω–æ –Ω–∞—Ç—Ä–∞–≤–∏—Ç—å –ø—Ä–æ—Ü–µ—Å—Å–æ —ç–Ω–∫–æ–¥–∏–Ω–≥–∞ UTF 8\16\32 –∏ –ø–æ–ª—É—á–∏—Ç—å 
–Ω–µ–∫–æ—Ç–æ—Ä—ã–π –Ω–∞–±–æ—Ä –±–∞–π—Ç–æ–≤ –∫–æ—Ç–æ—Ä—ã–π –Ω–∞–∑—ã–≤–∞–µ—Ç—Å—è UTF CSE. —Ç–∞–∫ –≤–æ—Ç –Ω–∞–¥–æ —Ä–∞–∑–ª–∏—á–∞—Ç—å —Ç–æ–ª–∏ –¥–∞–Ω–Ω—ã–π –∫–ª—é—á
—Ç—Ä–µ–±—É–µ—Ç –≤–≤–µ—Å—Ç–∏ code point –ª–∏–±–æ –Ω–∞–±–æ—Ä UTF CSE.
–ø–æ–ø—Ä–æ–±—É–µ–º —Ä–∞–∑–æ–±—Ä–∞—Ç—å—Å—è.

–±–µ—Ä–µ–º —Å–∏–º–≤–æ–ª  üåà RAINBOW , —É –Ω–µ–≥–æ code point = 1F308
–∞ –µ–≥–æ UTF8 CSE = f0 9f 8c 88

–ø–æ–¥—Å—Ç–∞–≤–ª—è–µ–º f0 9f 8c 88 –≤ –∫–ª—é—á \xHH

$ strace -xx -e write echo -e "\xf0\x9f\x8c\x88"
write(1, "\xf0\x9f\x8c\x88\x0a", 5)     = 5
üåà 

–≤–∏–¥–Ω–æ —á—Ç–æ –≤ —Ç–µ—Ä–º–∏–Ω–∞–ª —É—à–µ–ª –∏–º–µ–Ω–Ω–æ —Ç–æ—Ç –ø–æ—Ç–æ–∫ –∫–æ—Ç–æ—Ä—ã–π –º—ã –≤—Å—Ç–∞–≤–∏–ª–∏ –ø–ª—é—Å —Ä–∞–¥—É–≥—É
–Ω–∞ —ç–∫—Ä–∞–Ω–µ –ø–æ–ª—É—á–∏–ª–∏. –∑–Ω–∞—á–∏—Ç –≤—Å–µ –≤–µ—Ä–Ω–æ –∏ –∑–Ω–∞—á–∏—Ç —á—Ç–æ –∫–ª—é—á \xHH –æ–Ω –æ–∂–∏–¥–∞–µ—Ç —á—Ç–æ –º—ã –≤ –Ω–µ–≥–æ
–±—É–¥–µ–º –≤—Å—Ç–∞–≤–ª—è—Ç—å –ø–æ—Ç–æ–∫ UTF-8 CSE.(–ø—Ä–∏—á–µ–º –≤–∞–∂–Ω–æ —á—Ç–æ –∏–º–µ–Ω–Ω–æ UTF-8 CSE –∞ –Ω–µ UTF-16 CSE –∏–ª–∏ UTF-32 CSE. —ç—Ç–æ –º–æ–∂–Ω–æ –ø—Ä–æ–≤–µ—Ä–∏—Ç—å –ø–æ–¥—Å—Ç–∞–≤–∏—Ç—å UTF16\32 CSE –∏ —É–≤–∏–¥–µ—Ç—å —á—Ç–æ –Ω–∞ —ç–∫—Ä–∞–Ω–µ –±—É–¥–µ—Ç –º—É—Å–æ—Ä –∞ –Ω–µ
—Ä–∞–¥—É–≥–∞)

–±–µ—Ä–µ–º —Å–ª–µ–¥—É—â–∏–π –∫–ª—é—á \uHHHH
–µ—Å—Ç—å –ø–æ–¥–æ–∑—Ä–µ–Ω–∏–µ —á—Ç–æ –≤ –Ω–µ–≥–æ –Ω–∞–¥–æ –≤—Å—Ç–∞–≤–ª—è—Ç—å –Ω–µ UTF-8\16\32 CSE –∞ code point. –ï–¥–∏–Ω—Å—Ç–≤–µ–Ω–Ω–æ–µ
—á—Ç–æ –µ–≥–æ —Ä–∞–∑–º–µ—Ä –¥–æ–ª–∂–µ–Ω –±—ã—Ç—å –Ω–µ –±–æ–ª–µ–µ 4 —Å–∏–º–≤–æ–ª–∞.
–ø—Ä–æ–≤–µ—Ä—è–µ–º .–±–µ—Ä–µ–º —Å–∏–º–≤–æ–ª –Å , –µ–≥–æ code point U-0401


$ builtin echo -e "\u0401"
–Å

–ø–æ–ª—É—á–∏–ª–∏ –±—É–∫–≤—É –Å.


–¥–∞–ª–µ–µ —è –∑–∞–ø—É—Å—Ç–∏–ª –¥–ª—è —ç—Ç–æ–π –∫–æ–º–∞–Ω–¥—ã strace
$ sudo strace -xx -f -e write -p  18167
write(1, "\xd0\x81\x0a", 3)             = 3

–∏ —Ç—É—Ç –≤–∏–¥–Ω–æ —á—Ç–æ –ø—Ä–∏–ª–æ–∂–µ–Ω–∏–µ –ø–æ—Å—ã–ª–∞–µ—Ç –≤ —Ç–µ—Ä–º–∏–Ω–∞–ª –Ω–µ code point –∞ —É–∂–µ UTF8 CSE
\xd0\x81\x0a

\x0a  = —ç—Ç–æ –∫–æ–¥ –Ω–æ–≤–æ–π —Å—Ç—Ä–æ–∫–∏. –µ–≥–æ –¥–æ–±–∞–≤–∏–ª–∞ —Å–∞–º–∞ –∫–æ–º–∞–Ω–¥–∞ echo —Ç–∞–∫ —á—Ç–æ –æ—Ç–±—Ä–∞—Å—ã–≤–∞–µ–º
–∏ –ø–æ–ª—É—á–∞–µ–º —á—Ç–æ UTF8 CSE –¥–ª—è –±—É–∫–≤—ã –Å —ç—Ç–æ \xd0\x81 –∏ —ç—Ç–æ —Ä–µ–∞–ª—å–Ω–æ —Ç–∞–∫.

—Ç–∞–∫ —á—Ç–æ –ø–æ–ª—É—á–∞–µ—Ç—Å—è –º—ã –≤–≤–µ–ª–∏ –≤ echo code point –µ–≥–æ –ø—Ä–æ–≥—Ä–∞–º–º–∞ echo –ø—Ä–µ–æ–±—Ä–∞–∑–æ–≤–∞–ª–∞ –≤ UTF8 CSE
–∏ —É–∂–µ —ç—Ç–æ—Ç –ø–æ—Ç–æ–∫ –±–∞–π—Ç–æ–≤ —à–ª–µ—Ç –Ω–∞ fd=1 –∫–æ—Ç–æ—Ä—ã–π –≤–µ–¥–µ—Ç –Ω–∞ /dev/pts/ –∫–æ—Ä–æ—á–µ –≤ —Ç–µ—Ä–º–∏–Ω–∞–ª.
—Ç–æ–µ—Å—Ç—å –≤ —Å–∞–º —Ç–µ—Ä–º–∏–Ω–∞–ª —é–Ω–∏–∫–æ–¥ –∫–æ–¥—ã –Ω–µ–ª–µ—Ç—è—Ç. 
–∏—Ç–∞–∫ HHHH –∫–ª—é—á–∞ \uHHHH —è–≤–ª—è–µ—Ç—Å—è —é–Ω–∏–∫–æ–¥ code point. 
—Ö–æ—Ç—è –¥–ª—è –Ω–µ–∫–æ—Ç–æ—Ä–æ–π —á–∞—Å—Ç–∏ code point UTF-16 CSE –∏–º–µ–µ—Ç —Ä–æ–≤–Ω–æ —Ç–∞–∫–æ–π –∂–µ –≤–∏–¥ –∫–∞–∫ –∏ code point.
–ø—Ä–∏–º–µ—Ä
—Å–∏–º–≤–æ–ª: –Å 
code point: (U+0401)
UTF-16 CSE: 0x0401

–∫–∞–∫ –≤–∏–¥–∏–º –æ–Ω–∏ —Å–æ–≤–ø–¥–∞—é—Ç –Ω–æ –≤—Å–µ–∂–µ —è –¥—É–º–∞—é —á—Ç–æ HHHH —ç—Ç–æ –≤—Å–µ —Ç–∞–∫–∏ code point.


–ø–µ—Ä–µ—Ö–æ–¥–∏–º –∫ –∫–ª—é—á—É \UHHHHHHHH

–∑–∞–ø—É—Å–∫–∞–µ–º –∫–æ–º–∞–Ω–¥—É
$ builtin echo -e "\U1F308"
üåà

–∏ —Ç—Ä–µ–π—Å–∏–º –µ–µ
$ sudo strace -xx -f -e write -p  18167
write(1, "\xf0\x9f\x8c\x88\x0a", 5)   = 5

–≤–æ –ø–µ—Ä–≤—ã—Ö –º—ã –ø–æ–ª—É—á–∏–ª–∏ —Ä–∞–¥—É–≥—É –∑–Ω–∞—á–∏—Ç –∫–æ–º–∞–Ω–¥–∞ –≤–µ—Ä–Ω–∞—è –∏ –∑–Ω–∞—á–∏—Ç —á—Ç–æ HHHHHHHH –≤ –∫–ª—é—á–µ \UHHHHHHHH
—ç—Ç–æ —Ç–æ–∂–µ —é–Ω–∏–∫–æ–¥ code point. (—Ä–∞–∑–Ω–∏—Ü–∞ –º–µ–∂–¥—É \uHH –∏ \UHHHHHHHH  –≤—Ç–æ–º —á—Ç–æ –≤—Ç–æ—Ä–æ–π –ø–æ–Ω–∏–º–∞–µ—Ç code point –±–æ–ª–µ–µ —á–µ—Ç—ã—Ä–µ—Ö HHHH).

–≤–æ –≤—Ç–æ—Ä—ã—Ö –≤–∏–¥–Ω–æ —á—Ç–æ –æ–ø—è—Ç—å –∂–µ –∫–æ–º–∞–Ω–¥–∞ echo –æ–Ω–∞ —Ç—Ä–∞–Ω—Å—Ñ–æ—Ä–º–∏—Ä–æ–≤–∞–ª–∞ –∫–æ–¥ –ø–æ–∏–Ω—Ç –∞ –Ω–∞ —Ç–µ—Ä–º–∏–Ω–∞–ª —É–∂–µ
–ø–æ—Å–ª–∞–ª–∞ UTF8 CSE. –ø–æ—Ç–æ–º—É —á—Ç–æ —Å–æ–≥–ª–∞—Å–Ω–æ —Ç–∞–±–ª–∏—Ü–µ f0 9f 8c 88 —ç—Ç–æ UTF8 CSE –¥–ª—è U-1F308
(\x0a UTF-8 CSE –¥–ª—è —Å–∏–º–≤–æ–ª–∞ –ø–µ—Ä–µ–Ω–æ—Å —Å—Ç—Ä–æ–∫–∏ )

—á—Ç–æ –º–µ–Ω—è —Å–º—É—â–∞–µ—Ç —á—Ç–æ \UHHHHHHHH –ø–æ–∑–≤–æ–ª—è–µ—Ç –≤–≤–µ—Å—Ç–∏ 4 –±–∞–π—Ç–∞ –∞ –º–∞–∫—Å code point —ç—Ç–æ 10FFFF –∫–æ—Ç–æ—Ä—ã–π —Ç—Ä–∏ –±–∞–π—Ç–∞ –¥–ª–∏–Ω–Ω–æ–π. —Ö–æ—Ç—è —Å –¥—Ä—É–≥–æ —Å—Ç–æ—Ä–æ–Ω—ã –µ–≥–æ –∫–æ–Ω–µ—á–Ω–æ –º–æ–∂–Ω–æ –ª–µ–≥–∫–æ –¥–æ–ø–æ–ª–Ω–∏—Ç –¥–æ 4 –±–∞–π—Ç–∞ 0010FFFF.
–∞ –≤–æ—Ç –µ—Å—Ç—å –¥—Ä—É–≥–∞—è —Ö—Ä–µ–Ω—å –∫–æ—Ç–æ—Ä–∞—è 4 –±–∞–π—Ç–∞ –¥–ª–∏–Ω–Ω–æ–π —ç—Ç–æ UTF32 CSE. –∏ –æ–Ω —á–µ—Ç–∫–æ —Ä–∞–≤–µ–Ω code point
—Ç–æ–µ—Å—Ç—å  –∫ –ø—Ä–∏–º–µ—Ä—É.

code point = U-401
UTF32 CSE = 0x00000401

–Ω–æ –æ–ø—è—Ç—å –∂–µ —è —Å–º—ã—Å–ª–∞ –≤ —á–µ—Ç—Ä—ã–µ—Ö –±–∞–π—Ç–∞—Ö –≤ UTF32 CSE –Ω–µ–ø–æ–Ω–∏–º–∞—é –∏–±–æ –¥–∞–∂–µ –¥–ª—è –º–∞–∫—Å code point –æ–Ω –≤—ã–≥–ª—è–¥–∏—Ç –∫–∞–∫ 0x0010FFFF —Ç–æ–µ—Å—Ç—å –æ–Ω —Ç—Ä–∏ –±–∞–π—Ç–∞ –¥–∞–Ω–Ω—ã—Ö –∏ –æ–¥–∏–Ω –±–∞–π—Ç –ø—É—Å—Ç–æ–π.
–≤–æ–±—â–µ–º —Ç–æ—á–Ω–æ –Ω–µ–ø–æ–Ω—è—Ç–Ω–æ —á—Ç–æ –∂–µ —è–≤–ª–µ—Ç—Å—è —Å–º—ã—Å–ª–æ–º HHHHHHHH –¥–ª—è \UHHHHHHHH —Ç–æ–ª–∏ code point
—Ç–æ–ª–∏ UTF32 CSE. —Ö–æ—Ç—è –æ–Ω–∏ —Å –¥—Ä—É–≥–æ–π —Å—Ç–æ—Ä–æ–Ω—ã –æ–Ω–∏ –≤—Å–µ–≥–¥–∞ —Å–æ–≤–ø–∞–¥–∞—é—Ç.

—á—Ç–æ –µ—â–µ –ø—Ä–∏–∫–æ–ª—å–Ω–æ. –≤–æ–∑–º–æ–∂–Ω–æ—Å—Ç—å—é –ø—Ä–∏–Ω–∏–º–∞—Ç—å –Ω–µ UTF8 CSE –∞ code points —É–º–µ–µ—Ç –¥–µ–ª–∞—Ç—å
echo –∫–æ—Ç–æ—Ä—ã–π –≤—Å—Ç—Ä–æ–µ–Ω –≤ bash
–∞ –≤–æ—Ç /bin/echo –∫–æ—Ç–æ—Ä—ã–π –¥—Ä—É–≥–∞—è –ø—Ä–æ–≥—Ä–∞–º–º–∞ –æ–Ω –Ω–µ—É–º–µ–µ—Ç —Å code point —Ä–∞–±–æ—Ç–∞—Ç—å.
–æ–Ω —Ç–æ–ª—å–∫–æ —É–º–µ–µ—Ç –ø—Ä–∏–Ω–∏–º–∞—Ç—å –∏ –ø–µ—Ä–µ–¥–∞–≤–∞—Ç—å –ø—Ä–æ—Å—Ç–æ hex —á–∏—Å–ª–∞ –±–µ–∑ –∏–∑–º–µ–Ω–Ω–∏–π —Ç–æ–µ—Å—Ç—å 
–ø–æ —Å—É—Ç–∏ —Ç–æ–ª—å–∫–æ UTF8 CSE

$ man echo
\xHH   byte with hexadecimal value HH (1 to 2 digits)

–ø—Ä–æ–≤–µ—Ä–∫–∞
$ strace -xx -e write /bin/echo -e  "\xd0\x81"
write(1, "\xd0\x81\x0a", 3)             = 3
–Å

–¥–∞ —Å—Ä–∞–±–æ—Ç–∞–ª–æ. –ø–æ–ª—É—á–∏–ª–∏ –±—É–∫–≤—É –Å –∏ –±–∞–π—Ç—ã –ø–µ—Ä–µ–¥–∞–Ω—ã –±–µ–∑ –∏–∑–º–µ–Ω–µ–Ω–∏–π.

–∫—Å—Ç–∞—Ç–∏ –∏ –≤—Å—Ç—Ä–æ–µ–Ω–Ω—ã–π –≤ bash echo —Ç–∞–∫–∂–µ —Ä–∞–æ—Ç–∞–µ—Ç —Å —Ç–∞–∫–∏–º –∫–ª—é—á–æ–º - –æ–Ω –ø–æ—Å—Ç–æ –ø–µ—Ä–µ–¥–∞–µ—Ç –±–µ–∑ –∏–∑–º–µ–µ–Ω–∏–π
raw –ø–æ—Ç–æ–∫ hex –±–∞–π—Ç–æ–≤ –≤ —Ñ–∞–π–ª fd=1 –∏ –≤—Å–µ —Ä–∞—Å—á–∏—Ç—ã–≤–∞—è —á—Ç–æ –º—ã –∑–Ω–∞–µ–º —á—Ç–æ –º—ã –¥–µ–ª–∞–µ–º. –∏ —ç—Ç–æ —É–∂–µ 
–¥–µ–ª–æ –¥—Ä–∞–π–≤–µ—Ä–∞ —Ç–µ—Ä–º–∏–Ω–∞–ª–∞ –≤ —è–¥—Ä–µ –ø–æ–Ω—è—Ç—å —á—Ç–æ –º—ã –µ–º—É —à–ª–µ–º –ø–æ—Ç–æ–∫ UTF-8 CSE.

$ /bin/echo -e  "\u0401"
\u0401

—ç—Ç–æ –º—ã —É–±–µ–ª–∏–∏—Å—å —á—Ç–æ /bin/echo –Ω–µ–µ—É–º–µ–µ—Ç —Ä–∞–±–æ—Ç–∞—å —Å code point.

–∞ –≤–æ—Ç —Ç–∞–∫–æ–π –µ—â–µ —ç–∫—Å–ø–µ—Ä–∏–º–µ–Ω—Ç

$ strace -xx -e write /bin/echo "üåà"
write(1, "\xf0\x9f\x8c\x88\x0a", 5)     = 5
 üåà

—Ç–æ–µ—Å—Ç—å –µ—Å–ª–∏ —á–µ—Ä–µ–∑ copy\past —Å–∏–º–≤–æ–ª –≤—Å—Ç–∞–≤–∏—Ç—å —Ç–æ –µ–≥–æ /bin/echo —É–º–µ–µ—Ç –ø–µ—á–∞—Ç–∞—Ç—å.


–¥–∞–ª–µ–µ printf.
—á—Ç–æ –≤—Å—Ç—Ä–æ–µ–Ω–Ω—ã–π –≤ –±–∞—à —á—Ç–æ –æ—Ç–¥–µ–ª—å–Ω–∞—è –ø—Ä–≥—Ä–∞–º–º–∞ –æ–±–µ —É–º–µ—é—Ç –ø—Ä–∏–Ω–∏–º–∞—Ç—å —é–Ω–∏–∫–æ–¥ code point


$ builtin printf '%b\n' \\U1F308
üåà

–∞ –≤–æ—Ç —Ç–æ—Ç printf –∫–æ—Ç–æ—ã—Ä–π –≤–Ω–µ—à–Ω–∞—è—è –ø—Ä–æ–≥—Ä–∞–º–º–∞ –æ–Ω –ø–æ—á–µ–º—É —Ç–æ —Ä—É–≥–∞–µ—Ç—Å—è.
$ /usr/bin/printf '%b\n' \\U1F308
/usr/bin/printf: missing hexadecimal number in escape

–Ω—É  –∏ —Ö–µ—Ä —Å –Ω–∏–º –Ω–µ—Ö–æ—á—É —Ä–∞–∑–±–∏—Ä–∞—Ç—å—Å—è.


–∑–∞–ø—É—Å–∫–∞—é strace —É–±–µ–¥–∏—Ç—å—Å—è –≤—Ç–æ–º —á—Ç–æ builtin printf —Ç–æ–∂–µ –ø—Ä–∏–Ω–∏–º–∞–µ—Ç code point
—Ç—Ä–∞–Ω—Å—Ñ–æ—Ä–º–∏—Ä—É–µ—Ç –µ–≥–æ –≤ UTF-8 CSE –∏ —É–∂–µ –µ–≥–æ —à–ª–µ—Ç –≤ fd=1

$ strace ...
write(1, "\xf0\x9f\x8c\x88\x0a", 5)     = 5

–≤—Å–µ —Ç–∞–∫ —É–±–µ–¥–∏–ª–∏—Å—å.

–±–æ–ª—å—à–µ –Ω–µ—Ö–æ—á–µ—Ç—Å—è —Ä–∞–∑–±—Ç—Ä–∞—Ç—å—Å—è —Å printf.  –Ω–∞—Ö–µ—Ä.

–∑–∞—Ç–æ —Å—É—Ç—å –ø–æ–Ω—è—Ç–Ω–∞ –≤–æ—Ç –∫–∞–∫–∞—è - –Ω–∞ –≤—Ö–æ–¥–µ –≤ –ø—Ä–æ–≥—É –º–æ–∂–µ—Ç –±—ã—Ç—å —á—Ç–æ —É–≥–æ–¥–Ω–æ —á—Ç–æ UTF CSE —á—Ç–æ code point –Ω–æ –≤ —Ç–µ—Ä–º–∏–Ω–∞–ª –º—ã —à–ª–µ–º –∏—Å–∫–ª—é—á–µ—Ç–ª—å–Ω–æ UTF-8 CSE.

–¥–∞–ª–µ–µ —Ä–∞—Å—Å–º–æ—Ç—Ä–∏–º printf —Ç–æ—Ç –∫–æ—Ç–æ—Ä—ã–π –Ω–µ–≤—Å—Ç—Ä–æ–µ–Ω–Ω—ã–π –≤ –±–∞—à –∞ —Ç–æ—Ç –∫–æ—Ç–æ—Ä—ã–π /usr/bin/printf
—Ç–∞–∫ –≤–æ—Ç —É –Ω–µ–≥–æ –¥–µ–±–∏–ª—å–Ω—ã–π man
–∑–∞—è–≤–ª–µ–Ω –∫–æ–º–∞–Ω–¥—ã —Ñ–æ—Ä–º–∞—Ç

printf FORMAT [ARGUMENT]...

–∏–¥–∞–ª–µ–µ –Ω–∞–ø–∏—Å–∞–Ω–æ 
Print ARGUMENT(s) according to FORMAT.

—Ç–∞–∫ –≤–æ—Ç —ç—Ç–æ –Ω–∞–µ–±–∞–ª–æ–≤–æ. –ø–µ—á–∞—Ç–∞–µ—Ç—Å—è –∏–º–µ–Ω–Ω–æ FORMAT –∞ –∞—Ä–≥—É–º–µ–Ω—Ç —ç—Ç–æ –ø—Ä–æ—Å—Ç–æ –±–ª—è–¥—å –æ–ø—Ü–∏—è.
–≤—Ç–æ—Ä–æ–π –≤–∞–∂–Ω—ã–π –º–æ–º–µ–Ω—Ç —ç—Ç–æ —Ç–æ —á—Ç–æ FORMAT –¥–æ–ª–∂–µ–Ω –±—ã—Ç—å –∑–∞–∫–ª—é—á–µ–Ω –≤ –∫–∞–≤—ã—á–∫–∏!!! –∏–Ω–∞—á–µ –Ω–∏—á–µ–≥–æ
–≤–æ–±—â–µ –Ω–µ–±—É–¥–µ—Ç —Ä–∞–±–æ—Ç–∞—Ç—å!. –æ–± —ç—Ç–æ–º –≤ man –Ω–µ—Ç –≤–æ–±—â–µ –Ω–∏—Ö–µ—Ä–∞!

—Ç–∞–∫ —á—Ç–æ —Ñ–æ—Ä–º–∞—Ç printf —Ç–∞–∫–æ–π

$ env printf "—Ç—É—Ç –º—ã –≤—Å—Ç–∞–ª–≤—è–µ–º —Ç–æ —á—Ç–æ —Ö–æ—Ç–∏–º –Ω–∞–ø–µ—á–∞—Ç–∞–∞—Ç—å"

–ø–æ—á–µ–º—É —è —é–∑–∞—é env printf –∞ –Ω–µ –ø—Ä–æ—Å—Ç–æ printf –ø–æ—Ç–æ–º—É —á—Ç–æ —ç—Ç–æ –≥–∞—Ä–∞–Ω—Ç–∏—Ä—É–µ—Ç —á—Ç–æ 
–º—ã –∑–∞–ø—É—Å—Ç–∏–º –≤–Ω–µ—à–Ω—é—é –ø—Ä–æ–≥—Ä–∞–º–º—É –∞ –Ω–µ builtin –±–∞—à–µ–≤—Å–∫–∏–π. (–ø—Ä–æ –∫–æ–º–∞–Ω–¥—É env —Å–º–æ—Ç—Ä–∏ —Ñ–∞–π–ª env.txt)

–¥–∞–ª–µ–µ –≤ man printf –Ω–∞–ø–∏—Å–∞–Ω–æ –∫–∞–∫ –≤–Ω—É—Ç—Ä–∏ –∫–∞–≤—ã—á–µ–∫ –≤—Å—Ç–∞–≤–ª—è—Ç—å —Å–ø–µ—Ü—Å–∏–º–≤–æ–ª—ã
–ø—Ä–∏–≤–µ–¥—É —á–∞—Å—Ç—å –∏–∑ –Ω–∏—Ö

  		\"     double quote   = –ø–µ—á–∞—Ç—å –∫–∞–≤—ã—á–µ–∫

       \\     backslash			= –ø–µ—á–∞—Ç—å –±–µ–∫—Å–ª–µ—à–∞

       \a     alert (BEL)		= –Ω–µ–ø–æ–Ω—è–ª

       \b     backspace		 	= —Å—Ç–µ—Ä–µ—Ç—å –æ–¥–∏–Ω —Å–∏–º–≤–æ–ª —Å–ª–µ–≤–∞

       \c     produce no further output = –≤—Å–µ —á—Ç–æ –ø–æ—Å–ª–µ —ç—Ç–æ–≥–æ —Å–∏–º–≤–æ–ª –Ω–µ–±—É–¥–µ—Ç –Ω–∞–ø–µ—á–∞—Ç–∞–Ω–æ

       \e     escape		= –Ω–µ–ø–æ–Ω—è–ª

       \f     form feed 	= –Ω–µ–ø–æ–Ω—è–ª

       \n     new line 		= Enter (—ç—Ç–æ —Å—É–º–º–∞ \f\r)

       \r     carriage return = –ø–µ—Ä–µ–Ω–µ—Å—Ç–∏ –∫—É—Ä—Å–æ—Ä –≤–Ω–∞—á–∞–ª–µ —ç—Ç–æ–∂–µ —Å—Ç—Ä–æ–∫–∏


–≤–æ—Ç –ø—Ä—É—Ñ —á—Ç–æ \n = \f + \r

$ env printf "aaaa\f\rbbbb\f\r"
aaaa
bbbb


       \t     horizontal tab

       \v     vertical tab


–Ω–µ–ø–æ–Ω—è–ª —Ä–∞–∑–Ω–∏—Ü—É –º–µ–∂–¥—É \f –∏ \v

$ env printf "aaaa\vbbbb\n"
aaaa
    bbbb
$ env printf "aaaa\fbbbb\n"
aaaa
    bbbb



       \NNN   byte with octal value NNN (1 to 3 digits)

—ç—Ç–∞ —Ö—Ä–µ–Ω—å –ø–æ–∑–≤–æ–ª—è–µ—Ç –Ω–∞–º —É–∫–∞–∑–∞—Ç—å –∫–æ–º–∞–Ω–¥–µ printf –∫–∞–∫–∏–µ —Å–∏–º–≤–æ–ª—ã –º—ã —Ö–æ—Ç–∏–º –ø–µ—á–∞—Ç–∞—Ç—å –≤ —Ñ–æ—Ä–º–µ
–Ω–µ–ª–∏—Ç–µ—Ä –∞ –≤ —Ñ–æ—Ä–º–µ –≥–æ–ª—ã—Ö –±–∞–π—Ç–æ–≤. –ø–æ—Å–∫–æ–ª—å–∫—É –≤ –ª–∏–Ω—É–∫—Å–µ encoding UTF8 –∑–Ω–∞—á–∏—Ç –≥–æ–ª—ã–µ –±–∞–π—Ç—ã
–Ω—É–∂–Ω–æ –ø–∏—Ö–∞—Ç—å –≤ —ç–Ω–∫–æ–¥–∏–Ω–≥–µ UTF8. –≥–æ–ª—ã–µ –±–∞–π—Ç—ã —ç—Ç–æ—Ç –∫–ª—é—á –ø—Ä–∏–Ω–∏–º–∞–µ—Ç –≤ —Ñ–æ—Ä–º–∞—Ç–µ octal

       \xHH   byte with hexadecimal value HH (1 to 2 digits)

—Ç–æ–∂–µ —Å–∞–º–æ–µ —Ç–ª–æ—å–∫–æ –≥–æ–ª—ã–µ –±–∞–π—Ç—ã –º—ã –ø–æ–¥—Å–æ–≤—ã–≤–∞–µ–º –≤ hex —Ñ–æ—Ä–º–µ.

–ø—Ä–æ–≤–µ—Ä—è–µ–º. –≤ UTF-8 –∑–Ω–∞–∫ "!" –∏–º–µ–µ—Ç CUS (—ç–Ω–∫–æ–¥–∏–Ω–≥ code unit sequence) 0x21

$ env printf "\x21  \n"
!  

–≤ UTF-8 –∑–Ω–∞–∫  üåà –∏–º–µ–µ—Ç CUS = 0xF0 0x9F 0x8C 0x88
–ø—Ä–æ–≤–µ—Ä—è–µ–º
$ env printf "\xF0\x9F\x8C\x88  \n"
üåà  




       \uHHHH Unicode (ISO/IEC 10646) character with hex value HHHH (4 digits)

–∑–¥–µ—Å—å –º—ã –≤–≤–æ–¥–∏–º code point. –Ω–æ –Ω–µ–±–æ–ª–µ–µ 4 —Å–∏–º–≤–æ–ª–æ–≤ –∫–æ—Ç–æ—Ä—ã–µ.
–ø—Ä–∏–∫–æ–ª –≤ —Ç–æ–º —á—Ç–æ –Ω—É–∂–Ω–æ –æ–±—è–∑–∞—Ç–µ–ª—å–Ω–æ —É–∫–∞–∑–∞—Ç—å –Ω–µ–º–µ–Ω–µ–µ 4 —Å–∏–º–≤–æ–ª–∞.

$ env printf "\uA1  \n"
printf: missing hexadecimal number in escape
$ env printf "\u00A1  \n"
¬°  
$ env printf "\u0401 \n"
–Å 
–≤—ã–≤–æ–¥: —Ä–∞–±–æ—Ç–∞–µ—Ç 

—Ç–∞–∫–∂–µ –ø—Ä–∏–∫–æ–ª —ç—Ç–æ–π –æ–ø—Ü–∏–∏ –≤ —Ç–æ–º —á—Ç–æ –æ–Ω–∞ –ø–∏—à–µ—Ç –æ—à–∏–±–∫—É –µ—Å–ª–∏ –º—ã –µ–π –¥–∞–µ–º point code –∏–∑ –ø–µ—Ä–≤—ã—Ö
127 —Å–∏–º–≤–æ–ª–æ–≤ - —Ç–µ –∫–æ—Ç–æ—Ä—ã–µ —Å–æ–≤–ø–¥–∞–∞—é—Ç  —Å ascii  –∏ —Ç–µ –∫–æ—Ç–æ—Ä—ã–µ –∫–æ–¥–∏—Ä—É—é—Ç—Å—è –æ–¥–Ω–∏–º –±–∞–π—Ç–æ–º –≤ UTF8
$ env printf "\u0021  \n"
printf: invalid universal character name \u0021


       \UHHHHHHHH
              Unicode character with hex value HHHHHHHH (8 digits)
—Ç—É—Ç —Ç–æ–∂–µ –≤–≤–æ–¥–∏—Ç—Å—è —é–Ω–∏–∫–æ–¥ code point –Ω–æ –≤–∞–∂–Ω–∞—è –æ—Å–æ–±–æ–µ–Ω–Ω–æ—Å—Ç—å –≤ —Ç–æ–º —á—Ç–æ –Ω—É–∂–Ω–æ –æ–±—è–∑–∞—Ç–µ–ª—å–Ω–æ 
–≤–≤–æ–¥–∏—Ç—å —Ç–æ–ª—å–∫–æ 8 —Å–∏–º–≤–æ–ª–æ–≤ –∏ –Ω–µ–º–µ–Ω—å—à–µ.

$ env printf "\U060f \n"
printf: missing hexadecimal number in escape
$ env printf "\U0000060f \n"
ÿè 

–Ω–æ –µ—Å—Ç—å –µ—â–µ –ø—Ä–∏–∫–æ–ª. –æ–±–µ –æ–ø—Ü–∏–∏ \uHHHH  \UHHHHHHHH –Ω–µ—É–º–µ—é—Ç –ø–µ—á–∞—Ç–∞—Ç—å code –ø–æ–∏–Ω—Ç—ã —É –∫–æ—Ç–æ—Ä—ã—Ö
–≤ utf8 –æ–¥–∏–Ω –±–∞–π—Ç. —Ç–æ–µ—Å—Ç—å —Ç–µ –∫–æ–¥ –ø–æ–∏–Ω—Ç—ã –∫–æ—Ç–æ—Ä—ã–µ —Å–æ–≤–ø–∞–¥–∞—é—Ç —Å ASCII. —Ç–æ–µ—Å—Ç—å —Å 0 –¥–æ 0x7F(127dec)  —Å–∏–º–≤–æ–ª–∞ - –æ–Ω–∏ –≤—ã–¥–∞—é—Ç –æ—à–∏–±–∫—É –∞ –º–æ–≥—É—Ç –ø–µ—á–∞—Ç–∞—Ç—å —Ç–æ–ª—å–∫–æ —Å —Ç–µ—Ö —Å–∏–º–≤–æ–ª–æ–≤ —É –∫–æ—Ç–æ—Ä—ã—Ö —ç–Ω–∫–æ–¥–∏–Ω–≥ UTF8 —Ö–æ—Ç—è –±—ã –¥–≤–∞ –±–∞–π—Ç–∞.



$ env printf "\u21  \n"
printf: missing hexadecimal number in escape
$ env printf "\u0021  \n"
printf: invalid universal character name \u0021
$ env printf "\U00000021  \n"
printf: invalid universal character name \U00000021

–ø–µ—Ä–≤—ã–π –ø–µ—á–∞—Ç–Ω—ã–π —Å–∏–º–≤–æ–ª —É –∫–æ—Ç–æ—Ä–æ–≥–æ –¥–≤–∞ –±–∞–π—Ç–∞ –∑–∞–Ω–∏–º–∞–µ—Ç —ç–Ω–∫–æ–¥–∏–Ω–≥ UTF8 —ç—Ç–æ U-00A1
$ env printf "\U000000A1  \n"
¬° 
$ env printf "\u00A1  \n"
¬°  

–≤–æ–±—â–µ–º —è –±—ã —Å–∫–∞–∑–∞–ª —á—Ç–æ —Å—ç—Ç–æ–π –∫–æ–º–∞–Ω–¥–æ–π –º–Ω–æ–≥–æ –µ–±–∞–ª—ã. —Å echo –ø—Ä–æ—â–µ.

–¥–∞–ª–µ–µ —Ä–∞—Å—Å–º–æ—Ç—Ä–∏–º –±–∞—à–µ–≤—Å–∫–∏–π –≤—Å—Ç—Ä–æ–µ–Ω–Ω—ã–π printf
–ø—Ä–æ –Ω–µ–≥–æ –¥–∞–µ—Ç –æ—á–µ–Ω—å —Ö–æ—Ä–æ—à–µ–µ –æ–ø–∏—Å–∞–Ω–∏–µ:
printf [-v var] format [arguments]

 The format is a character string which contains three types of objects: plain characters, which are simply copied to standard output, character escape sequences, which are
              converted and copied to the standard output, and format specifications, each of which causes printing of the  next  successive  argument. 


—Ö–æ—Ç—è —Ç–æ–ª—å–∫–æ –æ–ø—ã—Ç–Ω—ã–π –≥–ª–∞–∑ –¥–æ–∞–≥–¥–∞–µ—Ç—Å—è —á—Ç–æ character string —ç—Ç–æ –∑–Ω–∞—á–∏—Ç —á—Ç–æ format
 –Ω—É–∂–Ω–æ –∑–∞–∫–ª—é—á–∞—Ç—å –≤ –∫–∞–≤—ã—á–∫–∏ "format"

printf [-v var] "format" [arguments]

—Ç–µ—Å—Ç–∏—Ä—É—é

$ printf "\u21 \n"
! 
$ printf "\u401 \n"
–Å 
$ printf "\U21 \n"
! 
$ printf "\U401 \n"
–Å 


–Ω–∞–≤—Å–∫–∏–¥–∫—É –±–∞—à–µ–≤—Å–∫–∏–π printf –≤ 100 —Ä–∞–∑ –ª—É—á—à–µ. –∏–º –º–æ–∂–Ω–æ –ø–æ–ª—å–∑–≤–∞—Ç—Å—è –±–µ–∑ –º–æ–∑–≥–æ–µ–±–∫–∏.
–æ–Ω –≤—Å–µ –ø–µ—á–∞–∞—Ç–∞–µ—Ç –Ω–∞ —É—Ä–∞.


)




	-  ascii,charsets(7),  iso_8859-1(7),  iso_8859-10(7),  iso_8859-11(7),  iso_8859-13(7),    iso_8859-14(7),  iso_8859-15(7),  iso_8859-16(7),  iso_8859-2(7),  iso_8859-3(7),  iso_8859-4(7),   iso_8859-5(7), iso_8859-6(7), iso_8859-7(7), iso_8859-8(7), iso_8859-9(7), utf-8(7)

	- —è —á—Ç–æ—Ç–æ –Ω–µ–ø–æ–Ω—è–ª aSCII —ç—Ç–æ —ç–Ω–∫–æ–¥–∏–Ω–≥ –∏–ª–∏ charset ?

	- unicode vs encoding vs charsets vs font ?

code unit - –∫–æ–≥–¥–∞ –º—ã –±–µ—Ä–µ–º code point –∏ –Ω–∞—Ç—Ä–∞–≤–ª–∏–≤–∞–µ–º –Ω–∞ –Ω–µ–≥–æ encoding –∞–ª–æ–≥–æ—Ä–∏—Ç–º —Ç–æ –Ω–∞ –≤—ã—Ö–æ–¥–µ
–º—ã –ø–æ–ª—É—á–∞–µ–º –Ω–µ–∫—É—é –ø–æ—Å–ª–æ–µ–¥–æ–≤–∞—Ç–µ–ª—å–Ω–æ—Å—Ç—å –±–∞–π—Ç–æ–≤. –ø—Ä–∏—á–µ–º –±—ã–≤–∞—é—Ç —ç–Ω–∫–æ–¥–∏–Ω–≥–∏ —É –∫–æ—Ç–æ—Ä—ã—Ö —á–∏—Å–ª–æ –±–∞–π—Ç –Ω–∞ –≤—ã—Ö–æ–¥–µ —Ä–∞–∑–Ω–æ–µ –Ω–µ–ø–æ—Å—Ç–æ—è–Ω–Ω–æ–µ –∏ –∑–∞–≤–∏—Å–∏—Ç –æ—Ç –∫–æ–Ω–∫—Ä–µ—Ç–Ω–æ–≥–æ code point. —Ç–æ–µ—Å—Ç—å –¥–ª—è –∫–∞–æ–∫–≥–æ —Ç–æ code point —ç–Ω–∫–æ–¥–∏–Ω–≥ –≤—ã–¥–∞—Å—Ç 1 –±–∞–π—Ç –∞ –¥–ª—è –∫–∞–∫–æ–≥–æ —Ç–æ 2 –±–∞–π—Ç–∞ –∞ –¥–ª—è –∫–∞–∫–æ–≥–æ —Ç–æ 4 –±–∞–π—Ç–∞. —Ç–∞–∫ –≤–æ—Ç code unit —ç—Ç–æ –º–∏–Ω–∏–º–∞–ª—å–Ω–æ–µ —á–∏—Å–ª–æ –±–∞–π—Ç–æ–≤ –∫–æ—Ç–æ—Ä–æ–µ –ø–æ–ª—É—á–∞–µ—Ç—Å—è –Ω–∞ –≤—ã—Ö–æ–¥–µ –ø—Ä–∏ —ç–Ω–∫–æ–¥–∏–Ω–≥–µ –ø—Ä–∏ –∫–æ–¥–∏—Ä–æ–≤–∞–Ω–∏–∏ —Å–∏–º–≤–æ–ª–∞.–º–µ–Ω—å—à–µ —ç—Ç–æ–≥–æ —á–∏—Å–ª–∞ –±–∞–π—Ç –¥–∞–Ω–Ω—ã–π —ç–Ω–∫–æ–¥–∏–Ω–≥ –Ω–∏–∫–æ–≥–¥–∞ –Ω–µ–≤—ã–¥–∞—Å—Ç. code unit –≤—Å–µ–≥–¥–∞ –ø—Ä–∏–≤—è–∑–∞–Ω –∫ —Ç–∏–ø—É —ç–Ω–∫–æ–¥–∏–Ω–≥–∞ —Ç–æ–µ—Å—Ç –∫–æ–≥–¥–∞ –º—ã –≥–æ–≤–æ—Ä–∏–º –ø—Ä–æ code unit —Ç–æ —Å—Ä–∞–∑—É –Ω–∞–¥–æ —É—Ç–æ—á–Ω—è—Ç—å –∞ –¥–ª—è –∫–∞–∫–æ–≥–æ —ç–Ω–∫–æ–¥–∏–Ω–≥–∞. —Ç–µ–ø–µ—Ä—å –ø—Ä–∏–º–µ—Ä—ã. —É —ç–Ω–∫–æ–¥–∏–Ω–≥–∞ UTF-8 —Ä–∞–∑–º–µ—Ä code unit =1–±–∞–π—Ç. —É UTF-16 —Ä–∞–∑–º–µ—Ä code unit= 2 –±–∞–π—Ç–∞ —É UTF-32 —Ä–∞–∑–º–µ—Ä —ç–Ω–∫–æ–¥–∏–Ω–≥–∞ —Ä–∞–≤–µ–Ω 4 –±–∞–π—Ç–∞. —ç—Ç–æ –∑–Ω–∞—á–∏—Ç —á—Ç–æ –µ—Å–∏ –º—ã –≤–∑—è–ª–∏ code point –∏ –Ω–∞—Ç—Ä–∞–≤–∏–ª–∏ –Ω–∞ –Ω–µ–≥–æ utf8 —Ç–æ –Ω–∞ –≤—ã—Ö–æ–¥–µ –º—ã –ø–æ–ª—É—á–∏–º –º–∏–Ω–∏–º—É–º 1 –±–∞–π—Ç. –µ—Å–ª–∏ –º—ã –Ω–∞—Ç—Ä–∞–≤–∏–ª–∏ UTF16 —Ç–æ –Ω–∞ –≤—ã—Ö–æ–¥–µ –ø–æ–ª—É—á–∏–º –º–∏–Ω–∏–º—É–º 2 –±–∞–π—Ç–∞. –µ—Å–ª–∏ –Ω–∞—Ç—Ä–∞–≤–∞–∏–ª–∏ UTF32 —Ç–æ –ø–æ–ª—É—á–∏–º –º–∏–Ω–∏–º—É–º 4 –±–∞–π—Ç–∞ –∫–æ—Ç–æ—Ä—ã–µ –∫–æ–¥–∏—Ä—É—é—Ç —ç—Ç–æ—Ç —Å–∏–º–≤–æ–ª. —Ç–∞–∫–∂–µ —Å–æ–≤–µ—Ä—à–µ–Ω–Ω–æ –ø–æ–Ω—è—Ç–Ω–æ —á—Ç–æ –Ω–∞ –≤—ã—Ö–æ–¥–µ –∏–∑ —ç–Ω–∫–æ–¥–∏–Ω–≥–∞ –º–æ–∂–µ—Ç –≤—ã–ª–µ–∑—Ç–∏ –Ω–µ—Å–∫–æ–ª—å–∫–æ —à—Ç—É–∫ code points. —Ç–æ–µ—Å—Ç—å –ø—Ä–∏ —ç–Ω–∫–æ–¥–∏–Ω–≥–µ —á–µ—Ä–µ–∑ UTF8 –≤—ã–ª–µ–∑–µ—Ç –º–∏–Ω–∏—É–º –æ–¥–∏–Ω code unit (–∫–æ—Ç–æ—ã—Ä–π —Ä–∞–≤–µ–Ω 1 –±–∞–π—Ç) –Ω–æ –º–æ–∂–µ—Ç –≤—ã–ª–µ–∑—Ç–∏ –∏ –Ω–µ—Å–∫–æ–ª—å–∫–æ code units , –ø–æ —Ñ–∞–∫—Ç—É —É UTF8 –ø—Ä–∏ –∫–æ–¥–∏—Ä–æ–≤–∞–Ω–∏–∏ —Å–∏–º–≤–æ–ª–∞ –º–æ–∂–µ—Ç –≤—ã–ª–µ–∑—Ç–∏ –∞–∂ 4  –±–∞–π—Ç–∞. —Ç–∞–∫–∂–µ –Ω–∞–¥–µ—é—Å—å –ø–æ–Ω—è—Ç–Ω–æ —Ç–æ —á—Ç–æ –Ω–∞ –≤—ã—Ö–æ–¥–µ –∏–∑ —ç–Ω–∫–æ–¥–∏–Ω–≥–∞ –±–∞–π—Ç—ã –±—É–¥—É—Ç –≤—ã–ª–µ–∑–∞—Ç—å –∫—Ä–∞—Ç–Ω—ã–º —Ä–∞–∑–º–µ—Ä –∫ code unit. —Ç–æ–µ—Å—Ç –µ—Å–ª–∏ —É UTF16 —Ä–∞–∑–º–µ—Ä code unit = 2 –±–∞–π—Ç–∞. —Ç–æ –∑–Ω–∞—á–∏—Ç —á—Ç–æ –∏–∑ –Ω–µ–≥–æ –≤—ã–ª–µ–∑–µ—Ç –ª–∏–±–æ 2 –±–∞–π—Ç–∞ –ª–∏–±–æ 4 –±–∞–π—Ç–∞  –∏ –Ω–∏–∫–æ–≥–¥–∞ 3 –±–∞–π—Ç–∞. –ø–æ—Ç–æ–º—É —á—Ç–æ 3 –±–∞–π—Ç–∞ –Ω–∏–∫–∞–∫ –Ω–µ–Ω–∫—Ä–∞—Ç–Ω–æ 2 –±–∞–π—Ç–∞–º (—á–µ–º—É —Ä–∞–≤–µ–Ω —Ä–∞–∑–º–µ—Ä code unit —É UTF16) 

encoding —ç—Ç–æ —É—Ç–∏–ª–∏—Ç–∞ —Å—Ç–∞–Ω–∞–¥–∞—Ä—Ç –ø—Ä–∞–≤–∏–ª–æ –∫–æ—Ç–æ—Ä–æ–µ –ø–µ—Ä–µ–≤–æ–¥–∏—Ç (mapping) –æ–¥–Ω–æ —á–∏—Å–ª–æ –≤ –¥—Ä—É–≥–æ–µ —á–∏—Å–ª–æ
–∏–ª–∏ —á–∏—Å–ª–∞. UTf8 –ø–µ—Ä–µ–≤–æ–¥–∏—Ç —á–∏—Å–ª–æ code point –≤ –æ–¥–∏–Ω –∏–ª–∏ –Ω–µ—Å–∫–æ–ª—å–∫–æ –±–∞–π—Ç–æ–≤ (–∫–æ—Ç–æ—Ä—ã–µ —Ç–æ–∂–µ —á–∏—Å–ª–∞)

unicode —ç—Ç–æ –∏ –µ—Å—Ç—å charset . charset —ç—Ç–æ character set.
charset –æ–Ω –¥–µ–ª–∞–µ—Ç –º–∞–ø–∏–∏–Ω–≥ —Å–æ–æ—Ç–≤–µ—Å—Ç–≤–∏–µ —á–∏—Å–ª–∞ –∏ —Å–∏–º–≤–æ–ª–∞. —Å–∏–º–≤–æ–ª –∏–º–µ–µ—Ç—Å—è –≤–≤–∏–¥—É –∫–∞–∫ –∞–±—Å—Ç—Ä–∞–∫—Ç–Ω–æ–µ
–ø–æ–Ω—è—Ç–∏–µ –Ω–µ—Å–≤—è–∑–∞–Ω–Ω–æ–µ —Å –∫–æ–º–ø—å—é—Ç–µ—Ä–æ–º. —Å–∏–º–≤–æ–ª –ø–æ–ª—É—á–∞–µ—Ç—Å –º–æ–∂–µ—Ç –±—ã—Ç—å –æ–ø–∏—Å–∞–Ω –ø—Ä–æ—Å—Ç–æ —Å–ª–æ–≤–∞–º–∏.

0401 ---> —Ä—É—Å—Å–∫–∞—è –±—É–∫–≤–∞ –Å

–ø–æ–ª—É—á–∞–µ—Ç—Å—è

charset(unicode) ---> encoding ---> font --> —ç–∫—Ä–∞–Ω

–º—ã —É–∫–∞–∑–µ–º –≤ echo unicode –Ω–æ–º–µ—Ä (code point) , echo –æ–±—Ä–∞—â–∞–µ—Ç—Å—è –∫ encoding –∏ –æ–Ω –ø–µ—Ä–µ–≤–æ–¥–∏—Ç
code point —á–∏—Å–ª–æ –≤ –Ω–∞–±–æ—Ä –±–∞–π—Ç–æ–≤ ,–¥–∞–ª–µ–µ –ø–µ—Ä–µ–¥–∞–µ–º –Ω–∞–±–æ—Ä –±–∞–π—Ç–æ–≤ –≤ font –æ–Ω –Ω–∞ –æ—Å–Ω–æ–≤–µ —ç—Ç–æ–≥–æ —á–∏—Å–ª–∞
–Ω–∞—Ö–æ–¥–∏—Ç –≤ —Å–≤–æ–µ–π —Ç–∞–±–ª–∏—Ü–µ –Ω–µ–∫–∏–µ–π –≤–µ–∫—Ç–æ—Ä–Ω—ã–π –≤–∏–¥ –¥–ª—è —Å–∏–º–≤–æ–ª–∞ –∏ —Ç–µ–ø–µ—Ä—å —Å–∏—Å—Ç–µ–º–∞ –º–æ–∂–µ—Ç –Ω–∞ –æ—Å–Ω–æ–≤–µ
—ç—Ç–æ–≥–æ –≤–µ–∫—Ç–æ—Ä–æ–Ω–æ–π –∏–Ω—Ñ—Ä–º–∞—Ü–∏–∏ –Ω–∞—Ä–∏—Å–æ–≤–∞—Ç—å —Å–∏–º–≤–æ–ª –Ω–∞ —ç–∫—Ä–∞–Ω–µ.

—Ç–∞–∫ —è –¥—É–º–∞—é ?

—Å–æ–≥–ª–∞—Å–Ω–æ –≤–∏–∫–∏:
The Universal Coded Character Set (UCS, Unicode) is a standard set of characters defined by the international standard ISO/IEC 10646

–∏—Ç–∞–∫ unicode –æ—Ç–Ω–æ—Å–∏—Ç—Å—è –∫ charavcer set. 
charater set –æ–Ω –¥–µ–ª–∞–µ–º –º–∞–ø–ø–∏–Ω–≥ —Å–≤—è–∑–∫—É —Å–æ–æ—Ç–≤–µ—Å—Ç–≤–∏–µ –º–µ–∂–¥—É —Å–∏–º–≤–æ–ª–æ–º –≤ –µ–≥–æ –∞–±—Å—Ç—Ä–∞–∫—Ç–Ω–æ–º –æ–ø–∏—Å–∞–Ω–∏–∏
–∏ –Ω–µ–∫–æ—Ç–æ—Ä—ã–º —Ü–µ–ª—ã–º —á–∏—Å–ª–æ–º.

—Ü–µ–ª–æ–µ —á–∏—Å–ª–æ –∏–∑ character set —É–∂–µ –º–æ–∂–Ω–æ –∏—Å–ø–æ–ª—å–∑–æ–≤–∞—Ç—å –≤ –∫–æ–º–ø–µ. –º–æ–∂–Ω–æ —Å–æ–≤–∞—Ç—å –≤ —Ç–µ–∫—Å—Ç–æ–≤—ã–π —Ñ–∞–π–ª
—ç—Ç–æ —á–∏—Å–ª–æ. –∫–æ–∫–Ω–µ—Ç–Ω–æ –≤ —Å–ª—É—á–∞–µ —é–Ω–∏–∫–æ–¥–∞ —ç—Ç–æ –Ω–µ–¥–µ–ª–∞—é—Ç –∞ –∏—Å–ø–æ–ª—å–∑—É—é—Ç –¥–æ–∞–ø–æ–ª–Ω–∏–µ—Ç—Ç–±–Ω—É—é —Ç—Ä–∞–Ω—Å—Ñ–æ—Ä–º–∞—Ü–∏—é
—ç—Ç–æ–≥–æ —á–∏—Å–ª–∞ –≤ –¥—Ä—É–≥–∏–µ —á–∏—Å–ª–∞ –∞ —Ç–æ—á–Ω–µ–µ –¥–∞–∂–µ –±–∞–π—Ç—ã –∏ —É–∂–µ –∏—Ö —Ö—Ä–∞–Ω—è—Ç –≤ —Ç–µ–∫—Å—Ç–æ–≤—ã—Ö —Ñ–∞–π–ª–∞—Ö. –∫–∞–∫ —è –ø–∏—Å–∞–ª –≤—ã—à–µ —ç—Ç–æ —Å–ª–æ–π –≤–∏—Ä—Ç—É–∞–ª–∏–∑–∞—Ü–∏–∏\–∞–±—Å—Ç—Ä–∫—Ü–∏–∏ –≤–≤–æ–¥—è—Ç –¥–ª—è —Ç–æ–≥–æ —á—Ç–æ–±—ã –º–æ–∂–Ω–æ –±—ã–ª–æ –ø—Ä–∏ –Ω–µ–æ–±—Ö–æ–¥–∏–º–æ—Å—Ç–∏ –º–µ–Ω—è—Ç—å
—ç–∫–æ–¥–∏–Ω–≥ –∞ charset –æ—Å—Ç–∞–≤–ª–≤–∞–ª—Å—è —Ç–µ–º –∂–µ —Å–∞–º—ã–º —Ç–æ–µ—Å—Ç—å –ø—Ä–æ—Å—Ç—ã–º —è–∑—ã–∫–æ–º —á—Ç–æ–±—ã —Ü–µ–ª—ã–µ —á–∏—Å–ª–∞ –≤ char set –æ—Å—Ç–∞–≤–∞–ª–∏—Å—å —Ç–µ–º–∏ –∂–µ —Å–∞–º—ã–º–∏ –¥–ª—è —Å–∏–º–≤–æ–ª–∞ "A" –∞ –Ω–∞ –∫–æ–º–ø–µ –ø—Ä–∏ –Ω–µ–æ–±—Ö–æ–¥–∏–º–æ—Å—Ç–∏ —á—Ç–æ–±—ã –º–æ–∂–Ω–æ –±—ã–ª–æ –º–µ–Ω—è—Ç—å
–∫–∞–∫–∏–º –Ω–∞–±–æ—Ä–æ–º –±–∞–π—Ç–æ–≤ –æ–Ω–æ —Å–æ—Ö—Ä–∞–Ω—è–µ—Ç—Å—è –≤ —Ç–µ–∫—Å—Ç–æ–º–æ —Ñ–∞–π–ª–µ.
–∑–Ω–∞—á–∏—Ç encoding –Ω–∞–º –ø–æ–∑–≤–æ–ª—è–µ—Ç –ø–æ–ª—É—á–∏—Ç—å –Ω–∞–±–æ—Ä –±–∞–π—Ç–æ–≤ –∫–æ—Ç–æ—Ä—ã–µ –∏ –±—É–¥—É—Ç —Ö—Ä–∞–Ω–∏—Ç—å—Å—è –≤ —Ç–µ–∫—Å—Ç–æ–≤–æ–º —Ñ–∞–π–ª–µ. –∞ –¥–ª—è –æ—Ç–æ–±—Ä–∞–∂–µ–Ω–∏—è –Ω–∞ –º–æ–Ω–∏—Ç–æ—Ä–µ —ç–∫—Ä–∞–Ω–∞ –Ω—É–∂–µ–Ω –¥–æ–ø –∫–æ–º–ø–æ–Ω–µ–Ω—Ç —ç—Ç–æ font. –æ–Ω –º–∞–ø–∏—Ç –∫–æ–¥—ã —ç–Ω–∫–æ–¥–∏–Ω–≥–∞ –≤ –≤–µ–∫—Ç–æ—Ä–Ω—ã–µ —Ö—Ä–µ–Ω–∏ –∫–æ—Ç–æ—Ä—ã–µ –∏—Å–ø–æ–ª—å–∑—É—é—Ç—Å—è –ø—Ä–∏ —Ä–∞–±–æ—Ç–µ —Å –≤–∏–¥–µ–æ–∫–∞—Ä—Ç–æ–π. –æ–Ω –ø–æ–∑–æ–≤–æ–ª—è–µ—Ç –ø—Ä–µ—Ä–≤—Ä–∞—Ç–∏—å –±–∞–π—Ç—ã –∫–æ—Ç–æ—Ä—ã–µ –≤–∏–¥–µ–æ –∫–∞—Ä—Ç–µ –ø–æ—Ö–µ—Ä –≤ —Ç–µ –ø—Ä–∏–º–∏—Ç–∏–≤—ã –∫–æ—Ç–æ—Ä—ã–µ –∏—Å–ø–æ–ª—å–∑—É—é—Ç—Å—è –≤–∏–¥–µ–æ–∫–∞—Ä—Ç–æ–π –¥–ª—è –æ—Ç—Ä–∏—Å–æ–≤–∫–∏. —É—Å–ª–æ–≤–Ω–æ –≥–≤–æ–æ—Ä—è font –º–∞–ø–∏—Ç –±–∞–π—Ç—ã —ç–Ω–∫–æ–¥–∏–Ω–≥–∞ –∏ –∫–æ–º–∞–Ω–¥—ã –≥–æ–ª–æ–≤–∫–∏ –ø—Ä–∏–Ω—Ç–µ—Ä–∞ –¥–ª—è –ø–µ—á–∞—Ç–∏.

truetype —à—Ä–∏—Ñ—Ç –º–æ–∂–µ—Ç —Å–æ–¥–µ—Ä–∂—Ç—å –≤ —Å–µ–±–µ —Ç–æ–ª—å–∫–æ 65 535 —Å–∏–º–æ–≤–æ–ª–æ–≤. —Ç–∞–∫ —á—Ç–æ –Ω–µ—Ç —Ç–∞–∫–æ–≥–æ —à—Ä–∏—Ñ—Ç–∞
–∫–æ—Ç–æ—Ä—ã–π –≤ —Å–µ–±–µ —Å–¥—Ä–µ–∂–∏—Ç –≤—Å–µ —é–Ω–∏–∫–æ–∂ —Å–∏–º–æ–≤–æ–ª—ã. —Ö–∞. –ø–æ–ª—É—á–∞–µ—Ç—Å—è —á—Ç–æ –≤—Å–µ —Ç—Ä—É–¥—ã —é–Ω–∏–∫–æ–¥–∞ –æ–±–ª–æ–º–∞–ª–∏—Å—å
–æ–± —à—Ä–∏—Ñ—Ç—ã. —á—Ç–æ –¥–µ–ª–∞—Ç—å –ø–æ—Ç–æ–º—É —á—Ç–æ —è —Å —ç—Ç–º —Å—Ç–æ–ª–∫–Ω—É–ª—Å—è –Ω–∞ —Ç–µ—Ä–º–∏–Ω–∞–ª–µ –≥–Ω–æ–º–∞  —è –≤–≤—Ä–∂—É code point –∞ –Ω–∞ —ç–∫—Ä–∞–Ω–µ —Ñ–∏–≥–∞. —Ç–µ–ø–µ—Ä—å —è –ø–æ–Ω—è–ª –≤–∏–Ω–æ–≤–∞—Ç —à—Ä–∏—Ñ—Ç.? –µ—Å–ª–∏ –¥–ª—è –¥–∞–Ω–Ω–æ–≥–æ encoding –±–∞–π—Ç–æ–≤  –≤ —à—Ä–∏—Ñ—Ç–µ
–Ω–µ—Ç –∏–Ω—Ñ–æ —Ç–æ –Ω–∞ —ç–∫—Ä–∞–Ω–µ –æ–±—ã—á–Ω–æ –≤–≤–æ–¥–∏—Ç—Å—è –∫–≤–∞–¥—Ä–∞—Ç–∏–∫. –≤–∏–¥–∏–º–æ –∫–∞–∫ –Ω–µ–∫–∏–π –¥–µ—Ñ–æ–ª—Ç–æ–≤—ã–π —ç–∫—à–Ω.

—É—Ç–∏–∏–ª–∏—Ç–∞ gucharmap –ø–æ–∑–≤–æ–ª—è–µ—Ç –ø–æ—Å–º–æ—Ç—Ä–µ—Ç—å –∫–∞–∫–∏–µ —Å–∏–º–≤–æ–ª—ã –µ—Å—Ç—å –≤ —à—Ä–∏—Ñ—Ç–µ.

	- —à—Ä–∏—Ñ—Ç—ã –∏ —é–Ω–∏–∫–æ–¥
–ø—Ä–æ —à—Ä–∏—Ñ—Ç—ã
—Å–∫–∞—á–∏–≤–∞–µ–º —à—Ä–∏—Ñ—Ç.
–æ–±—ã—á–Ω–æ —ç—Ç–æ —Ü–µ–ª–∞—è –ø–∞–ø–∫–∞ –ø–æ—Ç–æ–º—É —á—Ç–æ –≤—Å—è–∫–∏–µ –≤–æ—Ç —ç—Ç–∏ —à—Ç—É–∫–∏ —Ç–∏–ø–∞ –∫—É—Ä—Å–∏–≤–Ω—ã–π —à—Ä–∏—Ñ—Ç
–∏–ª–∏ –∂–∏—Ä–Ω—ã–π —ç—Ç–æ –Ω–µ —Å–≤–æ–π—Å—Ç–≤–∞ —à—Ä–∏—Ñ—Ç–∞ –∞ —ç—Ç–æ –æ—Ç–¥–µ–ª—å–Ω—ã–π —à—Ä–∏—Ñ—Ç. —Ç–∞–∫ —á—Ç–æ –µ—Å–ª–∏ –º—ã —Å—Ç–∞–≤–∏–º —à—Ä–∏—Ñ—Ç Terminus
—Ç–æ –≤ –µ–≥–æ –ø–∞–ø–∫–µ –±—É–¥–µ—Ç —Å—Ä–∞–∑—É –Ω–µ—Å–∫–æ–ª—å–∫–æ —Ä–∞–∑–Ω–æ–≤–∏–¥–Ω–æ—Å—Ç–µ–π  - –æ–±—ã—á–Ω—ã–π, –∂–∏—Ä–Ω—ã–π , –∫—É—Ä—Å–∏–≤–Ω—ã–π.

–∫–∞–∫ —Å—Ç–∞–≤–∏—Ç—å —à—Ä–∏—Ñ—Ç.

—Å—Ç–∞–≤–∏–º –µ—Å–ª–∏ –ª–∏—á–Ω–æ –¥–ª—è —Å–≤–æ–µ–≥–æ –∞–∫–∞—É–Ω—Ç–∞ —Ç–æ :

—Å–æ–∑–¥–∞–µ–º –ø–∞–ø–∫—É –≤ ~

$ mkdir ~/.fonts

–∫–æ–ø–∏—Ä—É–µ–º –ø–∞–ø–∫—É –≤ –ø–∞–ø–∫—É ~/.fonts
copy dir to ~/.fonts


–ø–µ—Ä–µ—Å–æ–∑–¥–∞–µ–º –∫—ç—à —à—Ä–∏—Ñ–æ–≤ (fc-cache —ç—Ç–æ –∫–æ–º–∞–Ω–¥–∞ –∏–∑ –ø–∞–∫–µ—Ç–∞ fontconfig)
$ fc-cache -f -v

–∏ –æ–Ω –ø–æ–∫–∞–∂–µ—Ç —á—Ç–æ –ø–æ–¥—Ü–µ–ø–∏–ª –ø–∞–ø–∫—É ~/.fonts

–≤–æ—Ç –∏ –≤—Å–µ.

—Ç–∞–∫–∂–µ –∏–Ω—Ç–µ—Ä–µ—Å–Ω–æ:
–∫–∞–∫ –ø–æ—Å–º–æ—Ç—Ä–µ—Ç—å —Å–≤–æ–π—Å—Ç–≤–∞ –æ—Ç–¥–µ–ª—å–Ω–æ–≥–æ —à—Ä–∏—Ñ—Ç–∞

$ fc-cat | grep -i oxygen-sans.ttf

"Oxygen-Sans.ttf" 0 "Oxygen\\-Sans:familylang=en:style=Sans-Book:stylelang=en:fullname=Oxygen Sans Book:fullnamelang=en:slant=0:weight=80:width=100:foundry=newt:index=0:outline=True:scalable=True:charset=20-7e a0-122 124-137 139-140 143-152 154-17e 1c4-1cc 1f1-1f5 200-21b 237 2c6-2c7 2d8-2dd 307 30f 311 326 394 1e02-1e03 1e0a-1e0b 1e1e-1e1f 1e40-1e41 1e56-1e57 1e60-1e61 1e6a-1e6b 1e80-1e85 1ef2-1ef3 2013-2014 2018-201a 201c-201e 2020-2022 2026 2030 2039-203a 2044 2074 20ac 2122 2206 220f 2212 2215 2219 221e 222b 2248 2260 2264-2265 25ca fb00 fb03-fb04:lang=aa|af|ay|bi|br|bs|ca|ch|cs|cy|da|de|en|eo|es|et|eu|fi|fj|fo|fur|fy|ga|gd|gl|gv|ho|hr|hu|ia|id|ie|io|is|it|ki|la|lb|lt|mg|mh|mt|nb|nds|nl|nn|no|nr|nso|ny|oc|om|pt|rm|ro|se|sk|sl|sma|smj|smn|so|sq|ss|st|sv|sw|tk|tl|tn|tr|ts|uz|vo|vot|wa|wo|xh|yap|zu|an|crh|fil|ht|jv|kj|ku-tr|kwm|lg|li|ms|na|ng|pap-an|pap-aw|rn|rw|sc|sg|sn|su|za:fontversion=262144:capability=otlayout\\:DFLT otlayout\\:cyrl otlayout\\:grek otlayout\\:latn:fontformat=TrueType:decorative=False:postscriptname=Oxygen-Sans-Book:color=False:symbol=False"

lang=aa|af|ay|bi|br|bs|ca|ch|cs|cy|da|de|en|eo|es|et|eu|fi|fj|fo|fur|fy|ga|gd|gl|gv|ho|hr|hu|ia|id|ie|io|is|it|ki|la|lb|lt|mg|mh|mt|nb|nds|nl|nn|no|nr|nso|ny|oc|om|pt|rm|ro|se|sk|sl|sma|smj|smn|so|sq|ss|st| = —ç—Ç–∞ —Ö—Ä–µ–Ω—å –ø–æ—Ö–æ–¥—É –ø–æ–∫–∞–∑—ã–≤–∞–µ—Ç –∞–ª—Ñ–∞–≤–∏—Ç—ã –∫–∞–∫–∏—Ö —è–∑—ã–∫–æ–≤ –µ—Å—Ç—å –≤ —à—Ä–∏—Ñ—Ç–µ

charset=20-7e a0-122 124-137 139-140 143-152 154-17e 1c4-1cc 1f1-1f5 200-21b 237 2c6-2c7 2d8-2dd 307 = —ç—Ç–æ –ø–æ—Ö–æ–¥—É –ø–æ–∫–∞–∑—ã–≤–∞–µ—Ç –∫–∞–∫–∏–µ code point —é–Ω–∏–∫–æ–¥–∞ –µ—Å—Ç—å –≤ —à—Ä–∏—Ñ—Ç–µ. —Ç–æ—á–Ω–µ–µ —Å—Ç–∞—Ä—à–∏–µ —á–µ—Ç—ã—Ä–µ hex —á–∏—Å–ª–∞. –¥–µ–ª–æ –≤ —Ç–æ–º —á—Ç–æ –≤ pdf –æ—Ç —é–Ω–∏–∫–æ–¥–∞ –æ–±—ã—á–Ω–æ –ø—Ä–∏–≤–æ–¥—è—Ç—Å—è —Ç–∞–±–ª–∏—Ü—ã –≤ –≤–∏–¥–µ –∫–æ–≥–¥–∞
—Å–ª–µ–≤–∞ –∏–¥–µ—Ç —Å—Ç–æ–ª–±–µ—Ü –æ—Ç 0 –¥–æ F –∞ –≤–≤–µ—Ä—Ö—É –∏–¥–µ—Ç —Å—Ç—Ä–æ–∫–∞ —Å–æ —Å—Ç–∞—Ä—à–∏–º–∏ hex —Ü–∏—Ñ—Ä–∞–º–∏.
—Ç–æ–≥–¥–∞ code point —Å–∏–º–≤–æ–ª–∞ –ø–æ–ª—É—á–∞–µ—Ç—Å—è –∫–∞–∫ —Ç–æ —á—Ç–æ –º—ã –±–µ—Ä–µ–º –≤–µ—Ä—Ö–Ω–µ–µ —á–∏—Å–ª–æ –∏ –ø—Ä–∏—Å—Ç–∞–≤–ª—è–µ–º —Å–ø—Ä–∞–≤–∞ –ª–µ–≤–æ–µ —á–∏—Å–ª–æ. –ø—Ä–∏–º–µ—Ä.

—Ä—É—Å—Å–∫–∞—è –±—É–∫–≤–∞ –Å. –¥–ª—è –Ω–µ–µ —Å–ª–µ–≤–∞ –≤ —Å—Ç–æ–ª–±—Ü–µ –∏–¥–µ—Ç 1 –∞ —Å–≤–µ—Ä—Ö—É 040 —Ç–∞–∫–∏–º –æ–±—Ä–∞–∑–æ–º –ø–æ–ª–Ω—ã–π code point –±—É–¥–µ—Ç —Ä–∞–≤–µ–Ω 0401. —Ç–∞–∫–∏–º –æ–±—Ä–∞–∑–æ–º –≤–æ–∑–≤—Ä–∞—â–∞—è–µ—Å—å –æ–±—Ä–∞—Ç–Ω–æ –≤–æ—Ç –∫ —ç—Ç–æ–º—É charset=20-7e a0-122 124-137 139-140.  —è –¥—É–º–∞–± —á—Ç–æ –µ—Å–ª–∏ –≤ —à—Ä–∏—Ñ—Ç–µ —É–∫–∞–∑–∞–Ω–æ –Ω–∞–ø—Ä–∏–º–µ—Ä 139 —Ç–æ —ç—Ç–æ –∑–Ω–∞—á–∏—Ç —á—Ç–æ –≤ —à—Ä–∏—Ñ—Ç–µ –µ—Å—Ç—å –≤—Å–µ —Å–∏–º–≤–æ–ª—ã –æ—Ç 1390 –¥–æ 139F —Ç–æ–µ—Å—Ç—å –∫–∞–∂–¥–æ–µ —á–∏—Å–ª–æ –æ–±–æ–∑–Ω–∞—á–∞–µ—Ç —Ü–µ–ª—ã–π —Å—Ç–æ–ª–±–∏–∫ —Å–∏–º–≤–æ–ª–æ–≤.



$ fc-list | grep -i term
/home/vasya/.fonts/terminus/TerminusTTF-Bold Italic-4.49.2.ttf: Terminus (TTF):style=Bold Italic
/home/vasya/.fonts/terminus/TerminusTTF-Bold-4.49.2.ttf: Terminus (TTF):style=Bold
/home/vasya/.fonts/terminus/TerminusTTF-4.49.2.ttf: Terminus (TTF):style=Medium
/home/vasya/.fonts/terminus/TerminusTTF-Italic-4.49.2.ttf: Terminus (TTF):style=Italic
vasya@vasya-Lenovo-IdeaPad-L340-15IWL:~/.fonts/terminus$ h


–≥—Ä–∞—Ñ–∏—á–µ—Å–∫–∞—è —É—Ç–∏–ª–∏—Ç–∞ –ø–æ—Å–º–æ—Ç—Ä–µ—Ç—å –∫–∞–∫–≤—ã–≥–ª—è–¥—è—Ç —Å–∏–º–≤–æ–ª—ã –≤ —à—Ä–∏—Ñ—Ç–µ —ç—Ç–æ —É—Ç–∏–∏–ª–∏—Ç–∞ gucharmap (—ç—Ç–æ –≤ –∫–æ–º–∞–Ω–¥–Ω–æ–π —Å—Ç—Ä–æ–∫–µ) –∞ –≤ –º–µ–Ω—é –∏–º–µ–µ—Ç –∏–º—è "character map"

–ø–æ—Ö–æ–¥—É —á—Ç–æ —è –µ—â–µ –ø–æ–Ω—è–ª —ç—Ç–æ —Ç–æ —á—Ç–æ gnome-terminal –¥–∞ –∏ –≤–æ–æ–±—â–µ –ª—é–±–æ–π —Ç–µ—Ä–º–∏–Ω–∞–ª –º–æ–∂–µ—Ç 
–∏—Å–ø–æ–ª—å–∑–æ–≤–∞—Ç—å —Ç–æ–ª—å–∫–æ mono —à—Ä–∏—Ñ—Ç. —ç—Ç–æ –Ω–µ –Ω–∞–∑–≤–∞–Ω–∏–µ —à—Ä–∏—Ñ—Ç–∞ –∞ –Ω–∞–∑–≤–∞–Ω–∏–µ —Å–≤–æ–π—Å—Ç–≤–∞ —à—Ä–∏—Ñ—Ç–∞. —Å—É—Ç—å —Å–≤–æ–π—Å—Ç–≤–∞ –≤ —Ç–æ–º —á—Ç–æ –≤—Å–µ –±—É–∫–≤—ã –≤–Ω–µ–º –∏–º–µ—é—Ç –æ–¥–∏–Ω–∞–∫–æ–≤—É—é —à–∏—Ä–∏–Ω—É.

—Ç–∞–∫ –º–æ–∂–Ω–æ –ø–æ—Å–º–æ—Ç—Ä–µ—Ç—å –≤—Å–µ –º–æ–Ω–æ—à—Ä–∏—Ñ—Ç—ã —É—Å—Ç–∞–Ω–æ–≤–ª–ª–µ–Ω–Ω—ã–µ

$ fc-list | grep -i mono

–µ—â–µ —á—Ç–æ —è –ø–æ–Ω—è–ª —ç—Ç–æ —Ç–æ —á—Ç–æ –≤ —Ç–µ—Ä–º–∏–Ω–∞–ª–µ —à—Ä–∏—Ñ—Ç –æ—Ç–Ω–æ—Å–∏—Ç—Å—è –∫ –Ω–∞—Å—Ç—Ä–æ–π–∫–∞–º–∏ –∏–º–µ–Ω–Ω–æ –∂–µ–ª–µ–∑–∫–∏ —Ç–µ—Ä–º–∏–Ω–∞–ª 
–∏ –Ω–µ–∏–º–µ–µ—Ç –æ—Ç–Ω–æ—à–µ–Ω–∏—è –∫ –ø—Ä–æ—Ü–µ—Å—Å–∞–º –∫–æ—Ç–æ—Ä—ã–π –ø—É—Å–∫–∞—é—Ç –∏–Ω—Ñ–æ –≤ —Ç–µ—Ä–º–∏–Ω–∞–ª. –∏–±–æ –æ–Ω–∏ –ø—É—Å–∫–∞—é—Ç —Ç–æ–ª—å–∫–æ –ø–æ—Ç–æ–∫–∏ —Ç–µ–∫—Å—Ç–∞ –∞ —É–∂ –∫–∞–∫–∏–º —à—Ä–∏—Ñ—Ç–æ–º —ç—Ç–æ—Ç —Ç–µ–∫—Å—Ç –±—É–¥–µ—Ç –æ—Ç—Ä–∏—Å–æ–≤–∞–Ω —ç—Ç–æ —É–∂–µ –∑–∞–±–æ—Ç–∞ –∂–µ–ª–µ–∑–∫–∏ —Ç–µ—Ä–º–∏–Ω–∞–ª.
—Ç–æ–µ—Å—Ç—å —É—Å–ª–æ–≤–Ω–æ –≥–æ–≤–æ—Ä—è –ø—Ä–æ–≥–∞–º–∞ mc –∏–ª–∏ bash –ø–æ–Ω—è—Ç–∏—è –Ω–µ–∏–º–µ—é—Ç –∫–∞–∫–∏–º —à—Ä–∏—Ñ—Ç–æ–º –æ—Ç—Ä–∏—Å–æ–≤–∞–Ω–æ —Ç–æ —á—Ç–æ –æ–Ω–∏ –ø–æ—Å—ã–ª–∞—é—Ç –≤ —Ç–µ—Ä–º–∏–Ω–∞–ª.

–µ—â–µ –µ—Å—Ç—å –æ–¥–Ω–∞ –ø—Ä–æ–≥—Ä–∞–º–º–∞ –ø—Ä–æ—Å–º–æ—Ç—Ä–∞ —à—Ä–∏—Ñ—Ç–æ–≤ = gnome-font-viewer

–¥–∞–ª–µ–µ —á—Ç–æ –∏–Ω—Ç–µ—Ä–µ—Å–Ω–æ.
–≤–æ—Ç –º—ã –∏–º–µ–µ–º —Å–∏–º–≤–æ–ª –Å

—Å–∏–º–≤–æ–ª –Å:
code point: U+0401

–∑–∞–ø—É—Å–∫–∞—é –∫–æ–º–∞–Ω–¥—É –Ω–∞ –µ–≥–æ –ø–µ—á–∞—Ç—å:
$ builtin echo -e "\u0401"

–∏ –¥–∞–ª–µ–µ —á–µ—Ä–µ–∑ strace —Å–º–æ—Ç—Ä—é –∫–∞–∫–∏–µ —Å–∏—Å–∫–æ–ª–ª—ã –±—É–¥—É—Ç –∏—Å–ø–æ–ª—å–∑–æ–≤–∞–Ω—ã –¥–ª—è –µ–≥–æ –ø–µ—á–∞—Ç–∏ –∏ –≤–∏–∂—É:
write(1, "\320\201\n", 3)

—á—Ç–æ —ç—Ç–æ –∫–∞–∫ —ç—Ç–æ –æ–Ω–æ –æ—Ç–∫—É–¥–∞ –∏ –ø–æ—á–µ–º—É –∏ –∑–∞—á–µ–º?

—Ç–æ—Ç –∂–µ —Å–∏–º–≤–æ–ª –Ω–æ –≤–≤–æ–¥–∏–º –≤ —è–≤–Ω–æ–º –≤–∏–¥–µ
$ builtin echo -e "–Å"
–Å
–µ–µ strace:
write(1, "\320\201\n", 3) 

–≤–∏–¥–∏–º —á—Ç–æ —Å–∏—Å–∫–æ–ª–ª –∏—Å–ø–æ–ª—å–∑—É–µ—Ç—Å—è —Ä–æ–≤–Ω–æ —Ç–∞–∫–∂–µ.

–¥–ª—è —Å—Ä–∞–≤–Ω–µ–Ω–∏—è —Å–∏–º–≤–æ–ª "!"
$ builtin echo -e "!"
!
–∏ –µ–µ strace:
write(1, "!\n", 2)

—Ç–æ—Ç–∂–µ —Å–∏–º–≤–æ–ª –Ω–æ —á–µ—Ä–µ–∑ —é–Ω–∏–∫–æ–¥ code point:
$ builtin echo -e "\u21"
!
strace:
write(1, "!\n", 2)                      = 2



—Ç–æ—Ç–∂–µ —Å–∏–º–≤–æ–ª —á–µ—Ä–µ–∑ hex
$ builtin echo -e "\x21"
!
strace:
write(1, "!\n", 2)                      = 2

–ø—Ä–∏–∫–æ–ª—å–Ω–æ –∫–ª—é—á strace -T –±—É–¥–µ–º –ø–æ–∫–∞–∑—ã–∞—Ç—å —Å–∫–æ–ª–ª—å–∫–æ –≤—Ä–µ–º–µ–Ω–∏ —Å–∏—Å—Ç–µ–º–∞ –≤—ã–ø–æ–ª–Ω—è–ª—Å—è —Å–∏—Å–∫–æ–ª–ª.
–Ω–∞–ø—Ä–∏–º–µ—Ä
write(1, "!\n", 2)                      = 2 <0.000125>
—Ç–æ–µ—Å—Ç—å 0.000125—Å–µ–∫—É–Ω–¥—ã —á—Ç–æ–ª–∏.

–∏—Ç–∞–∫. —è –≤ –∏—Ç–æ–≥–µ —Ä–∞—Å–∫—Ä—ã–ª —Å–µ–∫—Ä–µ—Ç –≤–æ—Ç—Ç —ç—Ç–∏—Ö –∑–∞–ø–∏—Å–µ–π \320\201 —ç—Ç–æ –±–∞–π—Ç—ã –∫–æ—Ç–æ—Ä—ã–µ –∑–∞–ø–∏—Å–∞–Ω –≤ 
octal —Ñ–æ—Ä–º–µ. —Ç–æ–µ—Å—Ç—å 
\320 = 0xd0 
\201 = 0x81

–∞ 0xd0 0x81 –Ω–∏—á—Ç–æ –∏–Ω–æ–µ –∫–∞–∫ UTF8 –¥–ª—è –±—É–∫–≤—ã –Å. —Ç–∞–∫ –æ—Ç–∫—É–¥–∞ –≤–∑—è–ª—Å—è —ç—Ç–æ—Ç —Å—Ä–∞–Ω—ã–π octal?
–∫–∞–∫ —è –ø–æ–Ω—è–ª —ç—Ç–æ –¥–µ—Ñ–æ–ª—Ç–Ω–∞—è –Ω–∞—Å—Ç—Ä–æ–π–∫–∞ strace - —á—Ç–æ –¥–ª—è –≤—Å–µ—Ö —Å—Ç—Ä–∏–Ω–≥–æ–≤ –∫–æ—Ç–æ—Ä—ã–µ –Ω–µ ASCII –ø–∏—Å–∞—Ç—å
–∏—Ö –≤ octal –≤–∏–¥–µ. —Ç–∞–∫ –≤–æ—Ç —É strace –µ—Å—Ç—å –∫–ª—é—á -x –∫–æ—Ç–æ—Ä—ã–π –≥–æ–æ–≤—Ä–∏—Ç —á—Ç–æ–±—ã –µ—Å–ª–∏ —Å—Ç—Ç—Ä–∏–Ω–≥ –Ω–µ ASCII —Ç–æ –ø–∏—à–∏ –µ–≥–æ –≤ hex –≤–∏–¥–µ. –ø—Ä–∏–º–µ—Ä
$ strace -x  ./hello.exe
execve("./hello.exe", ["./hello.exe"], 0x7fff9f60d3f8 /* 81 vars */) = 0
write(1, "\xd0\x81\x0a", 3–Å

–∞ –µ—Å—Ç—å –µ—â–µ –±–æ–ª–µ–µ –ø—Ä–∏–∫–æ–ª—å–Ω—ã–π –∫–ª—é—á -xx –æ–Ω –≥–æ–≤–æ—Ä–∏—Ç —á—Ç–æ –≤—Å–µ —Å—Ç—Ä–∏–Ω–≥–∏ ( –∏ —Ç–µ –∫–æ—Ç–æ—Ä—ã–µ ASCII )
–ø–∏—à–∏ –≤ hex –≤–∏–¥–µ –Ω–∞ —ç–∫—Ä–∞–Ω–µ

$ strace -xx -e write ./56.exe
write(1, "\x21\x0a", 2!
)                 = 2

x21 - —ç—Ç–æ ASCII –¥–ª—è "!"

—Ç–∞–∫–∏–º –æ–±—Ä–∞–∑–æ–º—Ç–µ–ø–µ—Ä—å –ø–æ–Ω—è—Ç–Ω–æ –ø–æ—á–µ–º—É –¥–ª—è –æ–æ–¥–Ω–∏—Ö —Å–∏—Å–∫–æ–ª–ª–æ–≤ write —É –Ω–∞—Å –Ω–∞ —ç–∫—Ä–∞–Ω–µ 
–±—ã–ª —Å–∏–º–≤–æ–ª
write(1, "!\n", 2)

–¥–ª—è –¥—Ä—É–≥–∏—Ö —Å–∏—Å–∫–æ–ª–ª–æ–≤ –±—ã–ª octal –≤–∏–¥ –±–∞–π—Ç–æ–≤ –≤–º–µ—Å—Ç–æ —Å–∏–º–≤–æ–ª–ª—å–Ω–æ–≥–æ –≤–∏–¥–∞
write(1, "\320\201\n", 3)

–∑–¥–µ—Å—å —Å—É—Ç—å —Ç–∞–∫–∞—è  –≤ —Ä–µ–≥–∏—Å—Ç—Ä–∞—Ö –ª–µ–∂–∞—Ç –ø–∞—Ä–∞–º–µ—Ç—Ä—ã –¥–ª—è —Å–∏—Å–∫–æ–ª–ª–∞. –≤—ã–∑—ã–≤–∞–µ—Ç—Å—è —Å–∏—Å–∫–æ–ª–ª.
–æ–Ω —á–∏—Ç–∞–µ—Ç –ø–∞—Ä–∞–º–µ—Ç—Ä—ã –∏–∑ —Ä–µ–≥–∏—Å—Ç—Ä–æ–≤. –∏ strace –æ–Ω –Ω–∞–º –ø–æ–∫–∞–∑—ã–≤–∞–µ—Ç –∫–∞–∫–æ–π —Å–∏—Å–∫–æ–ª–ª –±—ã–ª –≤—ã–∑—ã–≤–∞–Ω 
–∏ —á–µ–º—É –±—ã–ª–æ —Ä–∞–≤–Ω–æ –∑–Ω–∞—á–µ–Ω–∏–µ –ø–∞—Ä–∞–º–µ—Ç—Ä–æ–≤ –≤ —Ä–µ–≥–∏—Å—Ç—Ä–∞—Ö –¥–ª—è —Å–∏—Å–∫–æ–ª–ª–∞. –≤–æ–∑–Ω–∏–∫–∞–µ—Ç –≤–æ–ø—Ä–æ—Å –≤ –∫–∞–∫–æ–º 
–≤–∏–¥–µ –ø–æ–∫–∞–∑—ã–≤–∞—Ç—å –∑–Ω–∞—á–µ–Ω–∏—è –ø–∞—Ä–∞–º–µ—Ç—Ä–æ–≤. –ø–æ –¥–µ—Ñ–æ–ª—Ç—É strace –±–µ—Ä–µ—Ç –∑–Ω–∞—á–µ–Ω–∏–µ –∏–∑ —Ä–µ–≥–∏—Å—Ç—Ä–∞ –∏ —Å–º–æ—Ç—Ä–∏—Ç
–µ—Å—Ç—å –ª–∏ —É –¥–∞–Ω–Ω–æ–≥–æ –±–∞–π—Ç–∞ —Å–æ–æ—Ç–≤—Å—Ç–≤—É—â–∏–π —Å–∏–º–≤–æ–ª —Å–æ–≥–ª–∞—Å–Ω–æ ASCII encoding. –µ—Å–ª–∏ –µ—Å—Ç—å —Ç–æ strace
–Ω–∞ —ç–∫—Ä–∞–Ω–µ —Ä–∏—Å—É–µ—Ç —Å–∏–º–≤–æ–ª –∞ –µ—Å–ª–∏ –Ω–µ—Ç —Ç–æ –≤—ã–¥–∞–µ—Ç –ø—Ä–æ—Å—Ç–æ —Å–æ–¥–µ—Ä–∂–∏–º–æ–µ –±–∞–π—Ç–∞ –≤ octal –≤–∏–¥–µ.
–∫–∞–∫ —É–∂–µ —Å–∫–∞–∑–∞–ª –≤—ã—à–µ –∫–ª—é—á–∞–º–∏ -x –∏–ª–∏ -xx –º–æ–∂–Ω–æ –∑–∞—Å—Ç–∞–≤–∏—Ç—å starce –ø–æ–∫–∞–∑—ã–≤–∞—Ç—å  –±–∞–π—Ç—ã  –≤ hex –≤–∏–¥–µ.
–≤–æ–ø—Ä–æ—Å –ø–æ—á–µ–º—É strace –Ω–µ–∫–æ–Ω–µ—Ä–≤–µ—Ç–∏—Ä—É–µ—Ç –±–∞–π—Ç—ã –≤ utf8. –æ—Ç–≤–µ—Ç –¥—É–º–∞—é —Ç–∞–∫ –ø—Ä–æ—â–µ.—Ç–∏–ø–∞ –µ—Å–ª–∏ –ø—Ä–æ—Å—Ç–æ —Å–∏–º–≤–æ–ª —Ç–æ –ø–æ–∫–∞–∂—É –∞ –µ–ª—Å–∏ –∫–∞–∫–æ–π—Ç–æ –º—É–¥–ª–µ–Ω—ã–π —Ç–æ –ø–æ–∫–∞–∂—É –ø—Ä–æ—Å—Ç–æ –±–∞–π—Ç.

–≤ –∏—Ç–æ–≥–µ —è –ø–æ–Ω—è–ª —á—Ç–æ —Ñ–∏–∑–∏—á–µ—Å–∫–∏ –ø—Ä–∏ –≤—ã–∑–æ–≤–µ —Å–∏—Å–∫–æ–ª–ª–∞ write() –≤ rsi —Ö—Ä–∞–Ω–∏—Ç—Å—è —Å—Å—ã–ª–∫–∞ –Ω–∞ –∞–¥—Ä–µ—Å –ø–∞–º—è—Ç–∏
–≥–¥–µ –ª–µ–∂–∏—Ç —Å—Ç—Ä–∏–Ω–≥ –∫–æ—Ç–æ—Ä—ã–π –º—ã —Ö–æ—Ç–∏–º –Ω–∞–ø–µ—á–∞—Ç–∞—Ç—å. —Ç–∞–∫ –≤–æ—Ç —É –º–µ–Ω—è –±—ã–ª –≤–æ–ø—Ä–æ—Å –≤ –∫–∞–∫–æ–π –∫–æ–¥–∏—Ä–æ–≤–∫–µ
—Ç–∞–º –¥–æ–ª–∂–µ–Ω –ª–µ–∂–∞—Ç—å —Å—Ç—Ä–∏–Ω–≥. –æ—Ç–≤–µ—Ç —É–∂–µ –æ—á–µ–≤–∏–¥–Ω–æ - –≤ UTF8.
–Ω–æ —è –µ—â–µ —Ä–∞–∑ –ø—Ä–æ–≤–µ—Ä–∏–ª. –≤–∑—è–ª –ø—Ä–æ–≥—Ä–∞–º–º—É —á–∏—Å—Ç–æ –Ω–∞ –∞—Å–µ–º–±–ª–µ—Ä–µ

$ cat hello.asm
section .text
global _start

_start:
    mov rdi, 0x1
    mov rsi, hello
    mov rdx, helloLen
    mov rax, 0x1
    syscall

    xor rdi, rdi
    mov rax, 60d
    syscall

section .data
    hello db "–Å", 0xa
    helloLen equ $-hello

–æ–Ω–∞ –ø–µ—á–∞—Ç–∞–µ—Ç –±—É–∫–≤—É –Å.
—ç—Ç–æ –∑–∞–¥–∞—á–∞ –∫–æ–º–ø–∏–ª—è—Ç–æ—Ä–∞ (–∫–∞–∫ —è –ø–æ–Ω–∏–º–∞—é) –Ω–∞ —Å—Ç–∞–¥–∏–∏ —Å–æ–∑–¥–∞–Ω–∏—è –±–∏–Ω–∞—Ä–Ω–∏–∫–∞ 
–ø–µ—Ä–µ–∫–æ–¥–∏—Ä–æ–≤–∞—Ç—å —Å–∏–º–≤–æ–ª –Å –≤ UTF8 –±–∏–Ω–∞—Ä–Ω—ã–π –≤–∏–¥.

 $ nasm -g -f elf64 -l hello.lst  hello.asm
 $ ld -o hello.exe hello.o


(gdb) disassemble _start
Dump of assembler code for function _start:
   0x00000000004000b0 <+0>:	mov    edi,0x1
   0x00000000004000b5 <+5>:	movabs rsi,0x6000d8
   0x00000000004000bf <+15>:	mov    edx,0x3
   0x00000000004000c4 <+20>:	mov    eax,0x1
   0x00000000004000c9 <+25>:	syscall 
   0x00000000004000cb <+27>:	xor    rdi,rdi
   0x00000000004000ce <+30>:	mov    eax,0x3c
   0x00000000004000d3 <+35>:	syscall 
End of assembler dump.
(gdb) x /3xb 0x6000d8
0x6000d8 <hello>:	0xd0	0x81	0x0a
(gdb) 

–∏ –º—ã –≤–∏–¥–∏–º —á—Ç–æ –≤ –ø–∞–º—è—Ç–∏ –ª–µ–∂–∞—Ç –∫–æ–¥—ã —Å–∏–º–≤–æ–ª–æ–≤
0xd0	0x81	0x0a

–≥–¥–µ 0xd0 0x81 —ç—Ç–æ –Å –≤ –∫–æ–¥–∏—Ä–æ–≤–∫–µ UTF8
0x0a —ç—Ç–æ –∑–Ω–∞–∫–æ –Ω–æ–≤–æ–π —Å—Ç—Ä–æ–∫–∏ –≤ UTF8

–∞ —ç—Ç–æ —á—Ç–æ –ø–æ–∫–∞–∑—ã–≤–∞–µ—Ç strace
write(1, "\xd0\x81\x0a", 3) = 3

—Ç–∞–∫–∏–º –æ–±—Ä–∞–∑–æ–º –æ—Ç–≤–µ—Ç –Ω–∞ –≤–æ–ø—Ä–æ—Å –≤ –∫–∞–∫–æ–π –∫–æ–¥–∏—Ä–æ–≤–∫–µ –Ω—É–∂–Ω–æ –∫–ª–∞—Å—Ç—å –≤ –ø–∞–º—è—Ç—å –±–∞–π—Ç—ã —á—Ç–æ–±—ã
–∏—Ö –ø–æ–Ω—è–ª —Å–∏—Å–∫–æ–ª–ª –∫–æ—Ç–æ—Ä—ã–π –ø–∏—à–µ—Ç –≤ —Ñ–∞–π–ª. –û–¢–í–ï–¢ = –í UTF8.

—Ç–æ–µ—Å—Ç—å —Å–∏—Å–∫–æ–ª—É—É write  —è–¥—Ä–∞ –∏–Ω—Ñ–æ—Ä–º–∞—Ü–∏—é –ø—Ä–æ —Å—Ç—Ä–æ—á–∫—É –∫–æ—Ç–æ—Ä—É—é –º—ã —Ö–æ—Ç–∏–º –Ω–∞–ø–µ—á–∞—Ç–∞—Ç—å –Ω–∞–¥–æ –ø–µ—Ä–µ–¥–∞–≤–∞—Ç—å –≤ —Ñ–æ—Ä–º–∞—Ç–µ UTF8

–ø–æ—á–µ–º—É –≤ utf8 –Ω–∞–≤–µ—Ä–Ω–æ–µ –ø–æ—Ç–æ–º—É —á—Ç–æ –Ω–∞—à–∞ –Ω–∞—Å—Ç—Ä–æ–π–∫–∞ locale –∏–º–µ–µ—Ç utf8
$ locale
LANG=en_US.UTF-8

–¥—É–º–∞—é –ø–æ—ç—Ç–æ–º—É. 
–µ—Å–ª–∏ –±—ã –Ω–∞—à–∞ –ª–æ–∫–∞–ª–µ –±—ã–ª–∞ —á—Ç–æ—Ç–æ —Ç–∏–ø–∞ koi8-R —Ç–æ –Ω–∞–≤–µ—Ä–Ω–æ–µ —Ç–æ–≥–¥–∞ –≤ write –Ω–∞–¥–æ –±—ã–ª–æ –±—ã –ø–µ—Ä–µ–¥–∞–≤–∞—Ç—å
–¥–∞–Ω—ã—ã–µ –≤ –∫–æ–¥–∏—Ä–æ–≤–∫–µ koi8-r.

–º–Ω–æ–≥–æ–µ –ø—Ä–æ—è—Å–Ω–∏–ª–æ—Å—å –º–Ω–æ–≥–æ–µ —Å—Ç–∞–ª–æ –ø–æ–Ω—è—Ç–Ω–æ.

–∫–∞–∫  —è –ø–æ–Ω–∏–º–∞—é –∫–∞–∫ —Ä–∞–±–æ—Ç–∞–µ—Ç strace.
–ø–µ—Ä–µ–¥ —Ç–µ–º –∫–∞–∫ –Ω–∞—á–∏–Ω–∞–µ—Ç—Å—è –∏—Å–ø–æ–ª–Ω–µ–Ω–∏—é syscall –∏–ª–∏ —Å—Ç—Ä–∞–∑—É –ø–æ—Å–ª–µ —Ç–æ–≥–æ –∫–∞–∫ —è –¥—É–º–∞—é —á—Ç–æ strace
—Å–º–æ—Ç—Ä–∏—Ç –≤–æ –≤—Å–µ —Ä–µ–≥–∏—Å—Ç—Ä—ã –∫–æ—Ç–æ—Ä—ã–µ –æ—Ç–≤–µ—á–∞—é—Ç –∑–∞ –ø–µ—Ä–µ–¥–∞—á—É –ø–∞—Ä–∞–º–µ—Ç—Ä–æ–≤ —Å–∏—Å–∫–æ–ª–ª—É. –∏—Ç–∞–∫–∏–º –º–∞–∫–∞—Ä–æ–º 
–æ–Ω –æ–ø—Ä–µ–¥–µ–ª—è–µ—Ç –∏ —á—Ç–æ –∑–∞ —Å–∏—Å–∫–æ–ª–ª –ø–æ –Ω–æ–º–µ—Ä—É –∏ —á–µ–º—É —Ä–∞–≤–Ω—ã –µ–≥–æ –ø–∞–∞—Ä–º–µ—Ç—Ä—ã.
—Ç–æ–µ—Å—Ç—å —ç—Ç–æ–≥–æ —Å–∏—Å–∫–æ–ª–ª
write(1, "\xd0\x81\x0a", 3) = 3

—è –¥—É–º–∞—é —á—Ç–æ strace —ç—Ç–æ —É–≤–∏–¥–µ–ª –ø–æ—Ç–æ–º—É —á—Ç–æ 
mov    eax,0x1  = –≤ rax –ª–µ–∂–∞–ª–∞ 1 –∑–Ω–∞—á–∏—Ç —ç—Ç–æ write()
mov    edi,0x1  = —ç—Ç–æ –¥–µ—Å–∫—Ä–∏–ø—Ç–æ—Ä –∫—É–¥–∞ –ø–∏—à–µ–º fd=1 (stdout)
movabs rsi,0x6000d8  = —Å—Å—ã–ª–∫–∞ –∞–¥—Ä–µ—Å –≥–¥–µ –ª–µ–∂–∏—Ç —Å—Ç—Ä–∏–Ω–≥ –≤ –≤–∏–¥–µ —ç–Ω–∫–æ–¥–∏–Ω–≥–∞
mov    edx,0x3  = —ç—Ç–æ –¥–ª–∏–Ω–Ω–∞ —Ç–µ–∫—Å—Ç–∞ —Å–∫–æ–ª—å–∫–æ –æ—Ç—Ç—É–¥–∞ –±–∞–π—Ç —á–∏—Ç–∞—Ç—å. —Ç—Ä–∏ –±–∞–π—Ç–∞. –∏ –¥–µ–π—Ç—Å—Ç–≤—Ç–µ–ª—å–Ω–æ
—Ö–æ—Ç—è —É –Ω–∞—Å  —Å–∏–º–≤–æ–ª–∞ –¥–≤–∞ "–Å"" –∏ "–Ω–æ–≤–∞—è —Å—Ç—Ä–æ–∫–∞" –Ω–æ –≤ –∫–æ–¥–∏—Ä–æ–≤–∫–µ —ç—Ç–æ —Ç—Ä–∏ –±–∞–π—Ç–∞.

–Ω–∞—Å–∫–æ–ª—å–∫–æ —è –ø–æ–Ω–∏–º–∞—é –≤ asm —Ç–µ–∫—Å—Ç–µ –º–æ–∂–Ω–æ –≤—Å—Ç–∞–≤–∏—Ç—å —Å–∏–º–≤–æ–ª—ã —Å—Ä–∞–∑—É –≤–≤–∏–¥–µ utf8 —ç–Ω–∫–æ–¥–∏–Ω–≥–∞.
–ø–æ–ø—Ä–æ–±—É–µ–º –≤ –ø—Ä–æ–≥—Ä–∞–º–º–µ —á—Ç–æ –≤—ã—à–µ –∑–∞–º–µ–Ω–∏–º —Å—Ç—Ä–æ–∫—É

 hello db "–Å", 0xa

 –Ω–∞

  hello db 0xd0,0x81, 0xD0,0x9B, 0xD0,0x9A, 0xD0,0x90, 0xa

–≥–¥–µ

D081 = –Å
D09B = –õ
D09A = –ö
D090 = –ê

–ø–æ–ª—É—á–∞–µ–º:
$ ./hello.exe
–Å–õ–ö–ê

–¥–∏—Ä–µ–∫—Ç–∏–≤–∞ db –≤ NASM –æ–∑–Ω–∞—á–∞–µ—Ç —á—Ç–æ –º—ã –≤–±–∏–≤–∞–µ–º –¥–∞–Ω–Ω—ã–µ –≤ —Ñ–æ—Ä–º–µ –±–∞–π—Ç–∞. 
–∞ —Å–∫–∞–∂–µ–º –¥–∏—Ä–µ–∫—Ç–∏–≤–∞ dw –≥–æ–≤–æ—Ä–∏—Ç —á—Ç–æ –º—ã –≤–±–∏–≤–∞–µ–º –¥–∞–Ω–Ω—ã–µ –≤ —Ñ–æ—Ä–º–µ —Å–ª–æ–≤–∞. –≤ 64–±–∏—Ç —Å–ª–æ–≤–æ —ç—Ç–æ 8 –±–∞–π—Ç.
—Ç–æ–≥–¥–∞ –∑–∞–º–µ–Ω–∏–º –µ—â–µ —Ä–∞–∑ —Å—Ç—Ä–æ–∫—É

–±–µ—Ä–µ–º —á–∏—Å–ª–æ D0
–∫–∞–∫ –æ–Ω–æ –±—É–¥–µ—Ç –ø–æ–±–∏—Ç–Ω–æ –∑–∞–ø–∏—Å–∞–Ω–æ –≤ —Ä–µ–≥–∏—Å—Ç—Ä–µ –≤ —Ü–ø—É

—Ä–µ–≥–∏—Å—Ç—Ä

—Å—Ç–∞—Ä—à–∏–π –±–∏—Ç ---> 1101 0000 <----- –º–ª–∞–¥—â–∏–π –±–∏—Ç

—á–∏—Å–ª–æ –≤ —Ä–µ–≥–∏—Å—Ç—Ä–µ  D    0                  


–≤ –ø–∞–º—è—Ç–∏ —É –Ω–∞—Å –Ω—É–º–µ—Ä–∞—Ü–∏—è –±–∏—Ç–æ–≤ –≤ —è—á–µ–π–∫–∫–∞—Ö –∏–¥–µ—Ç –Ω–∞–æ–±–æ—Ä–æ—Ç
–ø–æ—ç—Ç–æ–º—É —á–∏—Å–ª–æ –≤ –±–∏—Ç–æ–≤–æ–º –≤–∏–¥–µ –±—É–¥–µ—Ç –∑–µ—Ä–∫–∞–ª—å–Ω–æ –Ω–∞–æ–±–æ—Ä–æ—Ç

–ø–∞–º—è—Ç—å

–º–ª–∞–¥—à–∏–π –±–∏—Ç--->  0000  1011 < ---- —Å—Ç–∞—Ä—à–∏–π –±–∏—Ç
                   0     D

 –∫–∞–∫–æ–µ —ç—Ç–æ –∏–º–µ–µ—Ç –∑–Ω–∞—á–µ–Ω–∏–µ? –µ—Å–ª–∏ –º—ã —Ö–æ—Ç–∏–º –ø—Ä–æ—á–∏—Ç–∞—Ç—å –∏–∑ –ø–∞–º—è—Ç–∏ —á–∏—Å–ª–æ –æ–¥–Ω–æ–±–∞–π—Ç–æ–≤–æ–µ —Ç–æ —Ç–æ–≥–¥–∞ —ç—Ç–æ –≤—Å–µ –Ω–µ–≤–∞–∂–Ω–æ.
 –∞ –≤–æ—Ç –µ—Å–ª–∏ –º—ã —Ö–æ—Ç–∏–º –ø—Ä–æ—á–∏—Ç–∞—å —á–∏—Å–ª–æ –¥–≤—É—Ö –±–∞–π—Ç–æ–≤–æ–µ —Ç—Ä–µ—Ö–∞–π—Ç–æ–≤–æ–µ –∏—Ç–¥ —Ç–æ —ç—Ç–æ –∏–º–µ–µ—Ç —É–∂–µ –æ–≥—Ä–æ–º–Ω–æ–µ
 –∑–Ω–∞—á–µ–Ω–∏–µ. –±–µ—Ä–µ–º –¥–≤—É—Ö –±–∞–π—Ç–æ–≤–æ–µ —á–∏—Å–ª–æ D0A0. –ø–∏—à–µ–º –≤ –ø–∞–º—è—Ç—å –ø–æ –æ–¥–Ω–æ–º—É –±–∞–π—Ç—É.
 –≤–Ω–∞—á–∞–ª–µ –ø–∏—à–µ–º D0 –∞ –ø–æ—Ç–æ–º –ø–∏—à–µ–º A0
 –ø–æ–ª—É—á–∞–µ–º –≤ –ø–∞–º—è—Ç–∏

 
 —è—á–µ–π–∫–∞ 0 –º–ª–∞–¥—à–∏–π –±–∏—Ç ----> 0000  1011 < -- —Å—Ç–∞—Ä—à–∏–π –±–∏—Ç
                              0     D

 —è—á–µ–π–∫–∞ 1 –º–ª–∞–¥—à–∏–π –±–∏—Ç ----> 0000  0101  < -- —Å—Ç–∞—Ä—à–∏–π –±–∏—Ç
                              0     A

  ---------------–∫—É–¥–∞ —Ä–∞—Å—Ç–µ—Ç –ø–∞–º—è—Ç—å ---------------->


  —Ç–µ–ø–µ—Ä—å —è –Ω–∞—Ä–∏—Å—É—é –¥–≤–µ —è—á–µ–π–∫–∏ —Ä—è–¥–æ–º
 
   —è—á 0       —è—á 1 
  00001011  00000101
    0   D     0  A

–¥–∞–ª–µ–µ –º—ã –≥–æ–≤–æ—Ä–∏–º —Å—á–∏—Ç–∞—Ç—å –¥–≤—É—Ö–±–∞–π—Ç–æ–≤–æ–µ —á–∏—Å–ª–æ –∏ –¥–∞–µ–º —è—á–µ–π–∫—É 0 –≤ –∫–∞—á–µ—Å—Ç–≤–µ –∞–¥—Ä–µ—Å–∞.
–≤–æ–∑–Ω–∏–∫–∞–µ—Ç –≤–æ–ø—Ä–æ—Å –ø–µ—Ä–≤—ã–π –±–∞–π—Ç —ç—Ç–æ —Å—Ç–∞—Ä—à–∏–π –±–∞–π—Ç –∏–ª–∏ –º–ª–∞–¥—à–∏–π –±–∞–π—Ç?
—Ü–ø—É –∑–Ω–∞–µ—Ç —á—Ç–æ –ø–µ—Ä–≤—ã–µ –±–∏—Ç—ã –≤—Å–µ–≥–¥–∞ —Ö—Ä–∞–Ω—è—Ç –º–ª–∞–¥—à–∏–µ –±–∏—Ç—ã –∏–Ω—Ñ–æ—Ä–º–∞—Ü–∏–∏. —Ä–∞–∑ —É –Ω–∞—Å  16 –±–∏—Ç —á–∏—Å–ª–æ
–∑–Ω–∞—á–∏—Ç –ø–µ—Ä–≤—ã–π –±–∏—Ç –≤ —è—á0 —Ç–æ —Å–∞–º—ã–π –ª–µ–≤—ã–π —ç—Ç–æ —Å–∞–º—ã–π –º–ª–∞–¥—à–∏–π –±–∏—Ç 16–±–∏—Ç–Ω–æ–π –∫–æ–Ω—Å—Ç—Ä—É–∫—Ü–∏–∏–∏
–∞ —Å–∞–º—ã–π –ø—Ä–∞–≤—ã–π –±–∏—Ç –≤ —è—á–µ–π–∫–µ 1 —ç—Ç–æ —Å–∞–º—ã–π —Å—Ç–∞—Ä—à–∏–π –±–∏—Ç –≤ 16–±–∏—Ç –∫–æ–Ω—Å—Ç—Ä—É–∫—Ü–∏–∏

                 —è—á 0       —è—á 1 
 –º–ª–∞–¥—â–∏–π –±–∏—Ç--->00001011  00000101 <--- —Å—Ç–∞—Ä—à–∏–π –±–∏—Ç
                  0   D     0  A


–∏—Ç–∞–∫ —Ü–ø—É –ø–æ–Ω—è–ª –≥–¥–µ —É —ç—Ç–æ–π –∫–æ–Ω—Å—Ç—Ä—É–∫—Ü–∏–∏ —Å–∞–º—ã–π —Å—Ç–∞—Ä—à–∏–π –±–∏—Ç. –æ–Ω —Å–ø—Ä–∞–≤–∞. 
–∞ —è –Ω–∞–ø–æ–º–Ω—é —á—Ç–æ –≤ —Ä–µ–≥–∏—Å—Ç—Ä–µ —Å–∞–º—ã–π —Å—Ç–∞—Ä—à–∏–π –±–∏—Ç –æ–Ω —Å–ª–µ–≤–∞

—Ä–µ–≥–∏—Å—Ç—Ä

—Å—Ç–∞—Ä—à–∏–π –±–∏—Ç ---> xxxxxxx 


—Ç–æ–≥–¥–∞ –≤ —Ä–µ–≥–∏—Å—Ç—Ä–µ –Ω–∞—à –ø–æ—Ç–æ–∫ –±–∏—Ç–æ–≤ –∏–∑ —è—á–µ–π–∫–∏ 0 –∏ —è—á–µ–π–∫–∏ 1 –±—É–¥–µ—Ç –∑–∞–ø–∏—Å–∞–Ω —Ç–∞–∫ —á—Ç–æ–±—ã —Å—Ç–∞—Ä—à–∏–π
–±–∏—Ç —è—á–µ–π–∫–∏ 1 —Å—Ç–∞–ª —Å—Ç–∞—Ä—à–∏–º –±–∏—Ç–æ–º —Ä–µ–≥–∏—Å—Ç—Ä–∞. —Ç–æ–µ—Å—Ç—å –ø–æ—Ñ–∞–∫—Ç—É –±–∏—Ç–æ–≤–∞—è –∑–∞–ø–∏—Å—å –±—É–¥–µ—Ç –ø–æ–≤–µ—Ä–Ω—É—Ç–∞ 
–∑–µ—Ä–∫–∞–ª—å–Ω–æ —Ç–æ–µ—Å—Ç—å 

–≤–æ—Ç –∫–∞–∫ –æ–Ω–∞ –≤—ã–≥–ª–¥—è–∏—Ç –≤ –ø–∞–º—è—Ç–∏

                —è—á 0       —è—á 1 
 –º–ª–∞–¥—â–∏–π –±–∏—Ç--->00001011  00000101 <--- —Å—Ç–∞—Ä—à–∏–π –±–∏—Ç
                  0   D     0  A

–∏ –≤–æ—Ç –∫–∞–∫ —ç—Ç–∞ –±–∏—Ç–æ–≤–∞—è –∫–∞—Ä—Ç–∞ –±—É–¥–µ—Ç –∑–∞–ø—Å–∞–Ω–∞ –≤ —Ä–µ–≥–∏—Å—Ç—Ä

—Ä–µ–≥–∏—Å—Ç—Ä
—Å—Ç–∞—Ä—à–∏–π –±–∏—Ç---->10100000 11010000
                 A    0    D   0

–∏ —Ç—É—Ç –º—ã –≤–∏–¥–∏–º —Å–∞–º–æ–µ –≥–ª–∞–≤–Ω–æ–µ –∏ —Å–∞–º–æ–µ —Å—Ç—Ä–∞—à–Ω–æ–µ —á—Ç–æ –æ–∫–∞–∑–∞–≤—à–∏—Å—å –≤ —Ä–µ–≥–∏—Å—Ç—Ä–µ –º—ã –ø–æ–ª—É—á–∏–ª–∏ 
—á–∏—Å–ª–æ A0D0 –∞ —Ö–æ—Ç–µ–ª–∏ –ø–æ–ª—É—á–∏—Ç—å D0A0. –æ —á–µ–º —ç—Ç–æ –≥–æ–≤–æ—Ä–∏—Ç? –æ —Ç–æ–º —á—Ç–æ –µ—Å–ª–∏ –º—ã –ø–∏—à–µ–º –≤ –ø–∞–º—è—Ç—å –ø–æ–±–∞–π—Ç–æ–≤–æ –∞ –ø–æ—Ç–æ–º –±—É–¥–µ–º —Å—á–∏—Ç—ã–∞—Ç—å —ç—Ç—É –∫–æ–Ω—Å—Ç—Ä—É–∫—Ü–∏—è –∫–∞–∫ –º–Ω–æ–≥–æ–±–∞–π—Ç–æ–≤–æ–µ —á–∏—Å–ª–æ (–¥–≤—É—Ö –±–∞–π—Ç–æ–≤–æ–µ —Ç—Ä–µ—Ö–±–∞–π—Ç–æ–≤–æ–µ –≤–æ—Å—å–º–∏ –±–∞–π—Ç–æ–≤–æ–µ ) —Ç–æ –ø—Ä–∏ –∑–∞–ø–∏—Å–∏ –≤ –ø–∞–º—è—Ç—å –Ω–∞–¥–æ –ø–µ—Ä–≤—ã–º –ø–∏—Å–∞—Ç—å —Å–∞–º—ã–π –º–ª–∞–¥—à–∏–π –±–∞–π—Ç, –ø–æ—Ç–æ–º –±–æ–ª–µ–µ —Å—Ç–∞—Ä—à–∏–π, –ø–æ—Ç–æ–º –µ—â–µ –±–æ–ª–µ–µ —Å—Ç–∞—Ä—à–∏–π –∏ —Å–∞–º—ã–º –ø–æ—Å–ª–µ–¥–Ω–∏–º –Ω–∞–¥–æ –ø–∏—Å–∞—Ç—å —Å–∞–º—ã–π —Å—Ç–∞—Ä—à–∏–π –±–∞–π—Ç.
—Ç–æ–≥–¥–∞ –ø—Ä–∏ —Å—á–∏—ã—Ç–∞–Ω–∏–∏ –±—É–¥–µ—Ç –≤—Å–µ –∫–æ—Ä–µ—Ç–Ω–æ. –º—ã –∂–µ —Å–¥–µ–ª–∞–ª–∏ –Ω–∞–æ–±–æ—Ä–æ—Ç –º—ã –Ω–∞—á–∞–ª–∏ –ø–∏—Å–∞—Ç—å –≤ –ø–∞–º—è—Ç—å —Å —Å–∞–º–æ–≥–æ —Å—Ç–∞—Ä—à–µ–≥–æ –±–∞–π—Ç–∞. –∫–∞–∫ —ç—Ç–æ –ª–µ–≥–∫–æ –≤—Å–µ –∑–∞–ø–æ–º–Ω–∏—Ç—å?
—Å–º–æ—Ç—Ä–∏–º –≤–æ—Ç –∏–º–µ–µ–º —á–∏—Å–ª–æ D0A0 —ç—Ç–æ –Ω–∞—à–∞ –±—É–º–∞–∂–Ω–∞—è —Ñ–æ—Ä–º–∞ –Ω–∞–ø–∏—Å–∞–Ω–∏—è —á–∏—Å–ª–∞. –ø—Ä–∏ —ç—Ç–æ–º —Å–æ–≤–µ—Ä—à–µ–Ω–Ω–æ
—Ç–æ—á–Ω–æ –ø–æ–Ω—è—Ç–Ω–æ —á—Ç–æ —á–µ–º –ª–µ–≤–µ–µ –±—É–∫–≤–∞ —Ç–µ–º –æ–Ω–∞ –æ–±–æ–∑–Ω–∞—á–∞–µ—Ç –±–æ–ª–µ–µ –≤—ã—Å–æ–∫–∏–π –∫–ª–∞—Å—Å —á–∏—Å–ª–∞. —Ç–æ–µ—Å—Ç—å
1234 –∏ 4321 –µ—Å—Ç—å –∂–µ —Ä–∞–∑–Ω–∏—Ü–∞. —á–µ–º –±–æ–ª–µ–µ –ª–µ–≤–µ–µ —Ü–∏—Ñ—Ä–∞ —Ç–µ–º —É –Ω–µ–µ –±–æ–ª—å—à–µ –≤–µ—Å . –ø–æ—Ç–æ–º—É —á—Ç–æ –±—É–º–∞–∂–Ω–æ–µ
–æ–±–æ–∑–Ω–∞—á–∞–Ω–∏–µ —á–∏—Å–µ–ª —ç—Ç–æ —Ä–∞—Å–∫–ª–∞–¥–∫–∞ –ø–æ –±–∞–∑–∏—Å—É 10^2*k+10^1*p+10^0*r –∏—Ç–∞–∫ –ø–æ–Ω—è—Ç–Ω–æ —á—Ç–æ —á–µ–º –±–æ–ª–µ–µ 
–ª–µ–≤–µ–µ —á–∏—Å–ª–æ —Ç–µ–º –æ–Ω–æ –≤–µ—Å–æ–º–µ–µ –ø—Ä–∏ –∑–∞–ø–∏—Å–∏ –Ω–∞ –±—É–º–∞–≥–µ

–±—É–º–∞–≥–∞
			 			D0A0  <---- —Å–∞–º–∞—è –Ω–µ–∑–Ω–∞—á–∏—Ç–µ–ª—å–Ω–∞—è —Ü–∏—Ñ—Ä–∞

—Ä–æ–≤–Ω–æ —Ç–∞–∫–∞—è –∂–µ —Ö—Ä–µ–Ω—å –≤–Ω—É—Ç—Ä–∏ —Ä–µ–≥–∏—Å—Ä–∞. —É –Ω–µ–≥–æ —Å–∞–º—ã–π –º–ª–∞–¥—à–∏–π –±–∏—Ç —Å–ø—Ä–∞–≤–∞
—Ä–µ–≥–∏—Å—Ç—Ä
      		10100000 11010000 <--- —Å–∞–º—ã–π –Ω–µ–∑–Ω–∞—á–∏—Ç–µ–ª—å–Ω—ã–π –±–∏—Ç

–∞ —É –ø–∞–º—è—Ç–∏ –≤—Å–µ –Ω–∞–æ–±–æ—Ä–æ—Ç —É –Ω–µ–µ –≤—Å–µ–≥–¥–∞ —Å–ª–µ–≤–∞ –º–ª–∞–¥—à–∏–π –±–∏—Ç (—Ü–ø—É –∏–Ω—Ç–µ–ª –ø–∏—à–µ—Ç –≤ –ø–∞–º—è—Ç—å –≤–Ω–∞—á–∞–ª–µ –º–ª–∞—à–∏–π –±–∏—Ç –±–∏—Ç–æ–≤–æ–≥–æ –ø–æ—Ç–æ–∫–∞)
–ø–∞–º—è—Ç—å
–º–ª–∞–¥—à–∏–π –±–∏—Ç ----> 0010100101010101010101010101


–∏–º–µ–Ω–Ω–æ –ø–æ—ç—Ç–æ–º—É –µ—Å–ª–∏ –º—ã –ø–∏—à–µ–º –≤ –ø–∞–º—è—Ç—å –±–∞–π—Ç –∑–∞ –±–∞–π—Ç–æ–º –∞ –ø–æ—Ç–æ–º –±—É–¥–µ–º —Å—á–∏—Ç—ã–∞—Ç—å –Ω–µ –±–∞–π—Ç –∑–∞ –±–∞–π—Ç–æ–º
–∞ —Å—Ä–∞–∑—É –≤ —Ñ–æ—Ä–º–µ –º–Ω–æ–≥–±–∞–π—Ç–æ–≤–æ–≥–æ —á–∏—Å–ª–∞ —Ç–æ –Ω–∞–¥–æ –ø–∏—Å–∞—Ç—å –≤–Ω–∞—á–∞–ª–µ —Å–∞–º—ã–π –º–ª–∞–¥—à–∏–π –±–∞–π—Ç. –∞ –ø–æ—Å–ª–µ–¥–Ω–∏–º
–ø–∏—Å–∞—Ç—å —Å–∞–º—ã–π —Å—Ç–∞—Ä—à–∏–π –±–∞–π—Ç.


–∫ —á–µ–º—É  –≤ –ø–ª–∞–Ω –Ω–∞—à–µ–π –∫–æ–Ω–∫—Ä–µ—Ç–∏–∫–µ –≤—Å—è —ç—Ç–∞ –ª–µ–∫—Ü–∏—è. –∫ —Ç–æ–º—É —á—Ç–æ 

–º—ã —Ö–æ—Ç–∏–º –≤ –ø–∞–º—è—Ç—å –∑–∞–ø–∏—Å–∞—Ç—å –≤ UTF8 —Å–ª–æ–≤–æ –Å–õ–ö–ê

D081 = –Å
D09B = –õ
D09A = –ö
D090 = –ê


0xD081  = 11010000 10000001
—Å—Ç–∞—Ä—à–∏–π –±–∏—Ç => 11010000 10000001 
–∞ —Ç–∞–∫–æ–º –±–∏—Ç–æ–≤–æ–º –≤–∏–¥–µ –±–∏—Ç—ã –±—É–¥—É—Ç –ª–µ–∂–∞—Ç—å —Ç–æ–ª—å–∫–æ –≤ —Ä–µ–≥–∏—Å—Ç—Ä–∞—Ö —Ü–ø—É. –∞ –µ—Å–ª–∏ –º—ã –∑–∞–ø–∏—à–µ–º —ç—Ç–æ —á–∏—Å–ª–æ
–∏–∑ —Ä–µ–≥–∏—Å—Ç—Ä–∞ –≤ –ø–∞–º—è—Ç—å —Ç–æ –æ–Ω–æ —Ç–∞–º –±—É–¥–µ—Ç –ª–µ–∂–∞—Ç—å –≤ –∑–µ—Ä–∫–∞–ª—å–Ω–æ–º –≤–∏–¥–µ.

100000001 00001011 <--- —Å—Ç–∞—Ä—à–∏–π –±–∏—Ç

—Ç–∞–∫ –≤–æ—Ç –µ—Å–ª–∏ –º—ã –∑–∞–ø–∏—Å–∞–ª–∏ D081 –≤ –ø–∞–º—è—Ç—å –∞ –ø–æ—Ç–æ–º –Ω–∞—á–∏–Ω–∞–µ–º —á–∏—Ç–∞—Ç—å –ø–æ–±–∞–π—Ç–æ–≤–æ.
—Å—á—Ç—ã–≤–∞–µ–º –ø–µ—Ä–≤—ã–π –±–∞–π—Ç 

100000001 <---- —Å—Ç–∞—Ä—à–∏–π –±–∏—Ç

–ø–æ–ª—É—á–∞–µ–º 81

—Å—á–∏—Ç—ã–≤–∞–µ–º —Å–ª–µ–¥—É—â–∏–π –±–∞–π—Ç

00001011 <--- —Å—Ç–∞—Ä—à–∏–π –±–∏—Ç

–ø–æ–ª—É—á–∞–µ–º D0

–∏ —Ç–æ–≥–¥–∞ —á—Ç–æ –º—ã –≤–∏–¥–∏–º —á—Ç–æ –µ—Å–ª–∏ –º—ã –≤ —Ä–µ–≥–∏—Å—Ç—Ä –ø–æ–ª–æ–∂–∏–ª–∏ D081 
–∏ –∑–∞–ø–∏—Å–∞–ª–∏ –∏–∑ –Ω–µ–≥–æ –≤ –ø–∞–º—è—Ç—å (—á–µ—Ä–µ–∑ mov –¥–≤—É—Ö–±–∞–π—Ç–æ–≤–æ–µ —á–∏—Å–ª–æ –∏–∑ —Ä–µ–≥–∏—Å—Ç—Ä–∞ –≤ –ø–∞–º—è—Ç—å) —Ç–æ –≤ –ø–∞–º—è—Ç–∏ –±–∞–π—Ç—ã –º–µ–Ω—è—é—Ç—Å—è –º–µ—Å—Ç–∞–º–∏ —Å—Ç–∞—Ä—à–∏–π —Å –º–ª–∞–¥—à–∏–º 

—è—á–µ–π–∫–∞ 0   —è—á–µ–π–∫–∞ 1
   81        D0 

–ø–æ—ç—Ç–æ–º—É –µ—Å–ª–∏ –º—ã –≤ asm —Ñ–∞–π–ª–µ —É–∫–∞–∂–µ–º –≤–æ—Ç —Ç–∞–∫—É—é —Å—Ç—Ä–æ–∫—É

 hello dw 0xd081, 0xD09B, 0xD09A, 0xD090

(–¥–∏—Ä–µ–∫—Ç–∏–≤–∞ dw –ø–∏—à–µ—Ç –≤ –ø–∞–º—è—Ç—å –¥–≤—É—Ö–±–∞–π—Ç–æ–≤—ã–µ —á–∏—Å–ª–∞)

 —Ç–æ –≤ –ø–∞–º—è—Ç–∏ –ø–æ —Ñ–∞–∫—Ç—É –±–∞–π—Ç—ã –±—É–¥—É—Ç –ª–µ–∂–∞—Ç—å –ø–æ–¥—Ä—É–≥–æ–º—É

 81 d0, 9B D0, 9A D0, 90 D0

 –∞ –Ω–∞–º —ç—Ç–æ –Ω–µ–Ω–∞–¥–æ –ø–æ—Ç–æ–º—É —á—Ç–æ —Å–∏—Å–∫–æ–ª–ª –±—É–¥–µ—Ç —Å—á–∏—Ç—ã–≤—Ç—å –±–∞–π—Ç—ã –ø–æ–±–∞–π—Ç–æ–≤–æ –∏–Ω–∞–º –Ω–∞–¥–æ —á—Ç–æ–±—ã –≤ –ø–∞–º—è—Ç–∏
 –±–∞–π—Ç—ã –ª–µ–∂–∞–ª–∏ –≤–æ—Ç —Ç–∞–∫

 0xD0 0x81 0xD0 0x9B 0xD0 0x9A 0xD0 0x90

–µ—â–µ —Ä–∞–∑ –Ω–∞–ø–æ–º–Ω—é utf8 –∫–æ–¥—ã –±—É–∫–≤

D081 = –Å
D09B = –õ
D09A = –ö
D090 = –ê


–ø–æ—ç—Ç–æ–º—É —è –≥–æ–≤–æ—Ä—é –∑–¥–µ—Å—å –Ω–µ—Å–∫–æ–ª—å–∫–æ –≤–∞—Ä–∏–∞–Ω—Ç–æ–≤. 
–ø–µ—Ä–≤—ã–π –≤–∞—Ä–∏–∞–Ω—Ç –ø–∏—Å–∞—Ç—å –ø–æ –±–∞–π—Ç–æ–≤–æ –≤ –ø–∞–º—è—Ç—å

 hello db 0xd0, 0x81, 0xD0 0x9B, 0xD0, 0x9A, 0xD0, 0x90

(–¥–∏—Ä–µ–∫—Ç–∏–≤–∞ db –ø–∏—à–µ—Ç –≤ –ø–∞–º—è—Ç—å –ø–æ–±–∞–π—Ç–æ–≤–æ)


–≤—Ç–æ—Ä–æ–π –≤–∞—Ä–∏–∞–Ω—Ç –ø–∏—Å–∞—Ç—å –≤ –ø–∞–º—è—Ç—å –∫–∞–∫ –¥–≤—É—Ö–±–∞–π—Ç–æ–≤—ã–µ —á–∏—Å–ª–∞ –Ω–æ —Ç–æ–≥–¥–∞ 
–Ω–∞–¥–æ –∏—Ö –º–æ–¥–∏—Ñ–∏—Ü–∏—Ä–æ–≤–∞—Ç—å (–ø–µ—Ä–µ—Å—Ç–∞–≤–∏—Ç—å –º–ª–∞–¥—à–∏–π –±–∞–π—Ç –∏ —Å—Ç–∞—Ä—à–∏–π)
 
hello dw  0x81D0, 0x9BD0, 0x9AD0, 0x90D0

–ø–æ—Å–∫–æ–ª—å–∫—É –æ–Ω–∏ –±—É–¥—É—Ç –ø–∏—Å–∞—Ç—å—Å –≤ –ø–∞–º—è—Ç—å –∫–∞–∫ –¥–≤—É—Ö–±–∞–π—Ç–æ–æ–µ —á–∏—Å–ª–æ —Ç–æ –º–ª–∞–¥—à–∏–π
–∏ —Å—Ç–∞—Ä—à–∏–π –±–∞–π—Ç –±—É–¥—É—Ç –ø–µ—Ä–µ—Å—Ç–∞–≤–ª–µ–Ω—ã –≤ –ø–∞–º—è—Ç–∏

–≤–æ—Ç —Ö–æ—Ä–æ—à–∏–π –ø—Ä–∏–º–µ—Ä –∫–æ—Ç–æ—Ä—ã–π –ø–æ–∫–∞–∑—ã–≤–∞–µ—Ç

dw    0x1234              ; –≤ –ø–∞–º—è—Ç–∏ –±—É–¥–µ—Ç 0x34 0x12 

–∞ –≤–æ—Ç –µ—â–µ –ø—Ä–∏–º–µ—Ä

dd    0x12345678          ; –≤ –ø–∞–º—è—Ç–∏ 0x78 0x56 0x34 0x12

(dd —ç—Ç–æ –¥–∏—Ä–µ–∫—Ç–∏–≤–∞ double word —á–µ—Ç—Ä—ã–µ –±–∞–π—Ç–∞ –ø–æ —Ñ–∞–∫—Ç—É)


–∏ —á–∏—Å—Ç–æ –¥–ª—è —Ç—Ä–µ–Ω–∏—Ä–æ–≤–∫–∏ –≤–æ—Ç –∫–∞–∫ –Ω–∞–¥–æ –Ω–∞–ø–∏—Å–∞—Ç—å –µ—Å–ª–∏ –ø–∏—Å–∞—Ç—å –≤ –ø–∞–º—è—Ç—å –≤ —Ñ–æ—Ä–º–µ —á–µ—Ç—ã—Ä–µ—Ö–±–∞–π—Ç–æ–≤–æ–≥–æ —á–∏—Å–ª–∞


hello dd 0x9BD081D0,  0x90D09AD0 ;  –≤ –ø–∞–º—è—Ç–∏ –±—É–¥–µ—Ç D0 81 D0 9B, D0 9A D0 90 

( –≤–æ—Ç —Ç–∞–∫ –Ω–∞–º –Ω–∞–¥–æ –≤ –ø–∞–º—è—Ç–∏ 0xD0 0x81 0xD0 0x9B 0xD0 0x9A 0xD0 0x90 )

–≤—Ä–æ–¥–µ —Å–æ–≤–ø–∞–¥–∞–µ—Ç.

—Å—É–µ–º –≤—Å–µ –≤—Å–µ —Ç—Ä–∏ —Å—Ç—Ä–æ–∫–∏ –≤  –ø—Ä–æ–≥—Ä–∞–º–º—É

$ cat 40.asm
section .text
global _start

_start:
    mov rdi, 0x1
    mov rsi, hello1
    mov rdx, hello1Len
    mov rax, 0x1
    syscall

    mov rdi, 0x1
    mov rsi, hello2
    mov rdx, hello2Len
    mov rax, 0x1
    syscall

    mov rdi, 0x1
    mov rsi, hello3
    mov rdx, hello3Len
    mov rax, 0x1
    syscall


    xor rdi, rdi
    mov rax, 60d
    syscall

section .data
    hello1 db 0xd0, 0x81, 0xD0, 0x9B, 0xD0, 0x9A, 0xD0, 0x90, 0x0A
    hello1Len equ $-hello1

    hello2 dw  0x81D0, 0x9BD0, 0x9AD0, 0x90D0, 0x000A
    hello2Len equ $-hello2

    hello3 dd 0x9BD081D0,  0x90D09AD0, 0x0000000A
    hello3Len equ $-hello3

$ nasm -g -f elf64 -l 40.lst  40.asm
$ ld -o 40.exe 40.o
$ ./40.exe
–Å–õ–ö–ê
–Å–õ–ö–ê
–Å–õ–ö–ê

$ strace -xx -e write ./40.exe 1>/dev/null
write(1, "\xd0\x81\xd0\x9b\xd0\x9a\xd0\x90\x0a", 9) = 9
write(1, "\xd0\x81\xd0\x9b\xd0\x9a\xd0\x90\x0a\x00", 10) = 10
write(1, "\xd0\x81\xd0\x9b\xd0\x9a\xd0\x90\x0a\x00\x00\x00", 12) = 12
+++ exited with 0 +++

( –µ—â–µ —Ä–∞–∑ –Ω–∞–ø–æ–º–Ω—é –≤–æ—Ç —Ç–∞–∫ –Ω–∞–º –Ω–∞–¥–æ –≤ –ø–∞–º—è—Ç–∏ 0xD0 0x81 0xD0 0x9B 0xD0 0x9A 0xD0 0x90 )

–æ—Ç–ª–∏—á–Ω–æ –≤–∏–¥–Ω–æ —Ç–µ –ø–æ—Å–ª–µ–¥–æ–≤–∞—Ç–µ–ª—å–Ω–æ—Å—Ç–∏ –∫–æ—Ç–æ—Ä—ã–µ –±—ã–ª–∏ –ø–µ—Ä–µ–¥–∞–Ω—ã –≤ write()

–≤—Å–µ —Å—Ä–∞–±–æ—Ç–∞–ª–æ! —Ç–µ–æ—Ä–∏—è —Å–æ–≤–ø–∞–ª–∞ —Å –ø—Ä–∞–∫—Ç–∏–∫–æ–π.

 –∫—Å—Ç–∞—Ç–∏ –∑–∞–º–µ—Ç–∏–º —á—Ç–æ –Ω–∞—à–∏ —Å—Ç—Ä–∏–Ω–≥–∏ –æ–Ω –Ω–µ–±—ã–ª–∏ —Å–æ—Ö—Ä–∞–Ω–µ–Ω—ã –Ω–∏ –≤—Å—Ç–µ–∫ –Ω–∏ –≤ heap
–ø–æ—Ç–æ–º—É —á—Ç–æ –º—ã –∏—Ö –æ–±—å—è–≤–∏–ª–∏ –≤  .data —Å–µ–∫—Ü–∏–∏.

–ø–æ–ª—É—á–∞–µ—Ç—Å—è –µ—Å–ª–∏ –Ω–µ—Ö–æ—á–µ—à—å –æ—à–∏–±–∏—Ç—Å—è —Ç–æ –≤–±–∏–≤–∞–π utf8 –∫–æ–¥—ã –≤ –ø–æ–±–∞–π—Ç–æ–≤–æ–º –≤–∏–¥–µ –≤ –ø—Ä–æ–≥—Ä–∞–º–º—É.

–ò –µ—â–µ —Ä–∞–∑ —Å–∞–º—ã–π –≥–ª–∞–≤–Ω—ã–π –≤–∞–∂–Ω—ã–π –≤—ã–≤–æ–¥ —á—Ç–æ –µ—Å–ª–∏ –ø—Ä–æ—Ü–µ—Å—Å –ø–∏—à–µ—Ç –≤ —Ç–µ—Ä–º–∏–Ω–∞–ª –∞ –Ω–∞—à –ø—Ä–æ—Ü–µ—Å—Å 
–ø–∏—Å–∞–ª –≤ —Ç–µ—Ä–º–∏–Ω–∞–ª –ø–æ—Ç–æ–º—É —á—Ç–æ –æ–Ω –ø–∏—Å–∞–ª –≤ fd=1 –∞ –æ–Ω —É—Ö–æ–¥–∏—Ç –≤ —Ç–µ—Ä–º–∏–Ω–∞–ª

$ ls -1al /proc/self/fd
lrwx------ 1 vasya vasya 64 –∏—é–Ω 19 00:15 1 -> /dev/pts/204

—Ç–æ —Ç–æ–≥–¥–∞ –Ω–∞–¥–æ –≤ —Ç–µ—Ä–º–∏–Ω–∞–ª –ø–µ—Ä–µ–¥–∞–≤–∞—Ç—å –∏–Ω—Ñ–æ—Ä–º–∞—Ü–∏—é –æ —Å–∏–º–≤–æ–ª–∞—Ö –≤ –∫–æ–¥–∏—Ä–æ–≤–∫–µ UTF8.
–≤–æ—Ç —ç—Ç–æ —É –º–µ–Ω—è –±—ã–ª —Ü–µ–Ω—Ç—Ä–æ–≤–æ–π –≤–æ–ø—Ä–æ—Å –≤ –∫–∞–∫–æ–º –≤–∏–¥–µ –∏–Ω—Ñ–æ –∏–∑ –ø—Ä–æ—Ü–µ—Å—Å–∞ –ª–µ—Ç–∏—Ç –≤ —Ç–µ—Ä–º–∏–Ω–∞–ª.
–Ω–∞—à –ø—Ä–æ—Ü–µ—Å—Å –ø–∏—Å–∞–ª —á–µ—Ä–µ–∑ —Å–∏—Å–∫–æ–ª–ª write –≤ —Ñ–∞–π–ª fd=1 –∫–æ—Ç–æ—Ä—ã–π –≤–µ–¥–µ—Ç –≤ /dev/pts/204 –∫–æ—Ç–æ—Ä—ã–π –ø—Ä–µ–¥—Å—Ç–∞–≤–ª—è–µ—Ç —Å–æ–±–æ–π –≥–µ–π—Ç–≤–µ–π –Ω–∞ —Ç–µ—Ä–º–∏–Ω–∞–ª –≤ —Ñ–æ—Ä–º–∞—Ç–µ UTF8 —ç–Ω–∫–æ–¥–∏–Ω–≥–∞.

–∏—Ç–∞–∫ –µ—â–µ —Ä–∞–∑ –≤–∞–∂–Ω–æ - —Ç–µ—Ä–º–∏–Ω–∞–ª –æ–∂–∏–¥–∞–µ—Ç –ø–æ—Å—Ç—É–ø–ª–µ–Ω–∏ –≤ —Å–µ–±—è –¥–∞–Ω–Ω—ã—Ö –≤ —Ñ–æ—Ä–º–∞—Ç–µ UTF8.
—ç—Ç–æ –æ—á–µ–Ω—å –≤–∞–∂–Ω–∞—è –∏–Ω—Ñ–æ.

–Ω—É –∫—Å—Ç–∞—Ç–∏ –≤–æ—Ç –µ—â–µ —Ç–∞–∫–æ–π –ø—Ä–∏–º–µ—Ä

$ strace -xx -e write echo -e "\xd0\x81\xd0\x9b\xd0\x9a\xd0\x90\x0a" > /dev/pts/204
write(1, "\xd0\x81\xd0\x9b\xd0\x9a\xd0\x90\x0a", 9) = 9

–ö–æ–≥–¥–∞ –≤ —Ç–µ—Ä–º–∏–Ω–∞–ª ( —É—Å—Ç—Ä–æ–π—Å—Ç–≤–æ –∂–µ–ª–µ–∑–∫—É ) –ø–æ—Å—Ç—É–ø–∞–µ—Ç –ø–æ—Ç–æ–∫ UTF8 –±–∞–π—Ç–æ–≤ CSE —Ç–æ —Ç–µ—Ä–º–∏–Ω–∞–ª (–∫–æ—Ç–æ—Ä—ã–π –≤–∏—Ä—Ç—É–∞–ª—å–Ω–æ–µ —É—Å—Ç—Ä–æ–π—Å—Ç–≤–æ –≤ –≤–∏–¥–µ –∫–æ–¥–∞ —è–¥—Ä–∞) –ø–µ—á–∞—Ç–∞—Ç–µ—Ç –Ω–∞ —ç–∫—Ä–∞–Ω–µ —Å–∏–º–≤–æ–ª –∏—Å–ø–æ–ª—å–∑—É—è —à—Ä–∏—Ñ—Ç  —Ç–µ—Ä–º–∏–Ω–∞–ª–∞. –ò —Ç—É—Ç —Ñ–∏—à–∫–∞ –≤ —Ç–æ–º —á—Ç–æ —à—Ä–∏—Ñ—Ç –º–æ–∂–µ—Ç –≤ —Å–µ–±–µ –∏–º–µ—Ç—å –º–∞–∫—Å–∏–º—É–º 65535 —Å–∏–º–≤–æ–ª–æ–≤ —Ç–∞–∫ —á—Ç–æ —Ç–∞–∫ –º–æ–∂–µ—Ç —Å—Ç–∞—Ç—å—Å—è —á—Ç–æ –≤ —à—Ä–∏—Ñ—Ç–µ –ø—Ä–æ–ø–∏—Å–∞–Ω–Ω–æ–º –≤ –Ω–∞—Å—Ç—Ä–æ–π–∫–∞—Ö —Ç–µ—Ä–º–∏–Ω–∞–ª–∞ –º–æ–∂–µ—Ç –Ω–µ –æ–∫–∞–∑–∞—Ç—å—Å—è —ç—Ç–æ–≥–æ —Å–∏–º–≤–æ–ª–∞. –ø–æ—ç—Ç–æ–º—É –µ—Å–ª–∏ –≤–º–µ—Å—Ç–æ —Å–∏–º–≤–æ–ª–∞ –Ω–∞ —ç–∫—Ä–∞–Ω–µ –∫–≤–∞–¥—Ä–∞—Ç –∞ —Å –¥—Ä—É–≥–∏–º–∏ —Å–∏–º–∞–æ–ª–≤–∞–∏–º –≤—Å–µ –æ–∫–µ–π
—Ç–æ –Ω–∞–¥–æ —Å–º–æ—Ç—Ä–µ—Ç—å –≤ —Å—Ç–æ—Ä–æ–Ω—É –ø—Ä–æ–≤–µ—Ä–∫–∏ –ø–æ–¥–¥–µ—Ä–∂–∏–≤–∞–µ—Ç –ª–∏ —ç—Ç–æ—Ç —à—Ä–∏—Ñ—Ç —Ç–æ—Ç —Å–∏–º–≤–æ–ª. –∏–ª–∏ —Å—Ç–æ–∏—Ç –ø–æ–º–µ–Ω—è—Ç—å —à—Ä–∏—Ñ—Ç –Ω–∞ –¥—Ä—É–≥–æ–π.




- 	—Ä—É—á–Ω–æ–π –ø—Ä–æ—Ü–µ—Å—Å —ç–∫–æ–¥–∏–Ω–≥–∞ —Å —é–Ω–∏–∫–æ–¥–∞ –≤ UTF-8\16\32
–≤ –∫–Ω–∏–≥–µ –ø–æ —é–Ω–∏–∫–æ–¥—É "The Unicode¬Æ Standard Version 14.0 ‚Äì Core Specification" 
—è –Ω–∞—à–µ–ª —Ç–∞–±–ª–∏—Ü—É –¥–ª—è –¥–ª—è –ø—Ä–µ–æ–±—Ä–∞–∑–æ–≤–∞–Ω–∏—è —é–Ω–∏–∫–æ–¥ code point –≤ UTF-8 CSE
____________________________________________________________________________
Unicode code point			|					UTF-8 CSE
----------------------------|-----------------------------------------------
Scalar Value                |First Byte  Second Byte  Third Byte  Fourth Byte
00000000 0xxxxxxx           |0xxxxxxx
00000yyy yyxxxxxx           |110yyyyy    10xxxxxx
zzzzyyyy yyxxxxxx           |1110zzzz    10yyyyyy     10xxxxxx
000uuuuu zzzzyyyy yyxxxxxx  |11110uuu    10uuzzzz     10yyyyyy    10xxxxxx



–ø–æ—Å–º–æ—Ç—Ä–∏–º –Ω–∞ –ø–µ—Ä–≤—É—é —Å—Ç—Ä–æ–∫—É
Scalar Value                |First Byte  Second Byte  Third Byte  Fourth Byte
00000000 0xxxxxxx           |0xxxxxxx


0xxxxxxx => –º–∞–∫—Å —á–∏—Å–ª–æ —Å —Ç–∞–∫–∏–º –≤–∏–¥–æ–º —ç—Ç–æ 01111111 = 127(dec)=0x7F

–ø–æ–ª—É—á–∞–µ—Ç—Å—è UTF8 CSE –¥–ª—è unicode code points –≤ –¥–∏–∞–ø–∞–∑–æ–Ω–µ 0h-7Fh –∏–º–µ–µ—Ç –æ–¥–Ω–æ–±–∞–π—Ç–æ–≤—ã–π –≤–∏–¥.
( –∏ –∫—Å—Ç–∞—Ç–∏ —Å–æ–≤–ø–∞–¥–∞–µ—Ç —Å ASCII CSE).

–Ω–∞–ø—Ä–∏–º–µ—Ä 
—Å–∏–º–≤–æ–ª !
code point = U-21
–ø—Ä–æ–≤–µ—Ä—è–µ–º, –ø–µ—á–∞—Ç–∞–µ–º —á–µ—Ä–µ–∑ —é–Ω–∏–∫–æ–¥ code point
$ builtin echo -e "\u21"
!
–∞ —Ç–µ–ø–µ—Ä—Ç –ø—Ä–æ–≤–µ—Ä—è–µ–º –ø–µ—á–∞—Ç–∞–µ–º —á–µ—Ä–µ–∑ UTF8 CSE
UTF8 CSE = 0x21
$ echo -e "\x21"
!
—Å–æ–≤–ø–∞–ª–æ. –∑–Ω–∞—á–∏—Ç UTF8 CSE –Ω–∞–π–¥–µ–º –≤–µ—Ä–Ω–æ.




—Å–º–æ—Ç—Ä–∏–º –¥–∞–ª—å—à–µ
Unicode code point			|					UTF-8 CSE
----------------------------|-----------------------------------------------
Scalar Value                |First Byte  Second Byte  Third Byte  Fourth Byte
00000yyy yyxxxxxx           |110yyyyy    10xxxxxx

code point –≤–∏–¥–∞ 00000yyy yyxxxxxx –∏–º–µ–µ—Ç –º–∞–∫—Å –Ω–æ–º–µ—Ä 0000011111111111 = 7FF
–º–∏–Ω–∏–º–∞–ª—å–Ω—ã –Ω–æ–º–µ—Ä –Ω–æ–ª—å –Ω–æ –º—ã –ø–æ–º–Ω–∏–º —á—Ç–æ –ø—Ä–µ–¥—ã–¥—É—â–∏–π –¥–∏–∞–ø–∞–∑–æ–Ω –∑–∞–∫–∞–Ω—á–∏–≤–∞–µ—Ç—Å—è –Ω–∞ 7F 
–∑–Ω–∞—á–∏—Ç —ç—Ç–æ—Ç –Ω–∞—á–∏–Ω–∞–µ—Ç—Å—è —Å 7F+1=0x80
–∏—Ç–∞–∫ –¥–∏–∞–ø–∞–∑–æ–Ω code point  80h-7FFh
–≤ —ç—Ç–æ–º –¥–∏–∞–ø–∞–∑–æ–Ω–µ UTF CSE –∏–º–µ–µ—Ç –≤–∏–¥ –¥–≤—É—Ö–±–∞–π—Ç–Ω–æ–≥–æ –º–Ω–æ–∂–µ—Å—Ç–≤–∞.

–ø—Ä–æ–≤–µ—Ä—è–µ–º. 
—Å–∏–º–≤–æ–ª –Å
code point U-401

$ builtin echo -e "\u401"
–Å

–ø—Ä–µ–æ–±—Ä–∞–∑—É–µ–º —Å–æ–≥–ª–∞—Å–Ω–æ —Å—Ö–µ–º–µ:
code point = 0—Ö401 = 10000 000001
—Ç–æ–≥–¥–∞ UTF8 CSE = 11010000 10000001 = 0xD0(first byte) 0x81(second byte) = 0xD0 0x81

first byte —ç—Ç–æ –∑–Ω–∞—á–∏—Ç –æ–Ω –æ—Ç—Å—ã–ª–∞–µ—Ç—Å—è –ø—Ä–æ–≥—Ä–∞–º–º–µ –ø–µ—Ä–≤–µ–µ –∏–ª–∏ —Ö—Ä–∞–Ω–∏—Ç—Å—è –Ω–∞ –¥–∏—Å–∫–µ –ø–µ—Ä–≤–µ–µ.
–∞ second byte –≤—Ç–æ—Ä—ã–º.

–ø—Ä–æ–≤–µ—Ä—è–µ–º

$ builtin echo -e "\xD0\x81"
–Å

—Å—Ä–∞–±–æ—Ç–∞–ª–æ. –∑–Ω–∞—á–∏—Ç UTF8 CSE –º—ã –Ω–∞—à–ª–∏ –≤–µ—Ä–Ω–æ!
—Ç–∞–∫ —á—Ç–æ —Å —Ä—É—á–Ω—ã–º UTF8 encoding –ø—Ä–æ—Ü–µ—Å—Å–æ–º —Ä–∞–∑–æ–±—Ä–∞–ª–∏—Å—å.


	- –î–∞–ª–µ–µ —Ç–æ–Ω–∫–∏–π –º–æ–º–µ–Ω—Ç –ø—Ä–æ –º–Ω–æ–≥–æ–±–∞–π—Ç–Ω—ã–π UTF CSE  –∏ cpu endiness







