[    0.000000] Initializing cgroup subsys cpuset
[    0.000000] Initializing cgroup subsys cpu
[    0.000000] Initializing cgroup subsys cpuacct
[    0.000000] Linux version 4.4.0-210-generic (buildd@lgw01-amd64-009) (gcc version 5.4.0 20160609 (Ubuntu 5.4.0-6ubuntu1~16.04.12) ) #242-Ubuntu SMP Fri Apr 16 09:57:56 UTC 2021 (Ubuntu 4.4.0-210.242-generic 4.4.262)
[    0.000000] Command line: BOOT_IMAGE=/boot/vmlinuz-4.4.0-210-generic root=LABEL=cloudimg-rootfs ro console=tty1 console=ttyS0
[    0.000000] KERNEL supported cpus:
[    0.000000]   Intel GenuineIntel
[    0.000000]   AMD AuthenticAMD
[    0.000000]   Centaur CentaurHauls
[    0.000000] x86/fpu: xstate_offset[2]:  576, xstate_sizes[2]:  256
[    0.000000] x86/fpu: Supporting XSAVE feature 0x01: 'x87 floating point registers'
[    0.000000] x86/fpu: Supporting XSAVE feature 0x02: 'SSE registers'
[    0.000000] x86/fpu: Supporting XSAVE feature 0x04: 'AVX registers'
[    0.000000] x86/fpu: Enabled xstate features 0x7, context size is 832 bytes, using 'standard' format.
[    0.000000] e820: BIOS-provided physical RAM map:
[    0.000000] BIOS-e820: [mem 0x0000000000000000-0x000000000009fbff] usable
[    0.000000] BIOS-e820: [mem 0x000000000009fc00-0x000000000009ffff] reserved
[    0.000000] BIOS-e820: [mem 0x00000000000f0000-0x00000000000fffff] reserved
[    0.000000] BIOS-e820: [mem 0x0000000000100000-0x000000002a7effff] usable
[    0.000000] BIOS-e820: [mem 0x000000002a7f0000-0x000000002a7fffff] ACPI data
[    0.000000] BIOS-e820: [mem 0x00000000fec00000-0x00000000fec00fff] reserved
[    0.000000] BIOS-e820: [mem 0x00000000fee00000-0x00000000fee00fff] reserved
[    0.000000] BIOS-e820: [mem 0x00000000fffc0000-0x00000000ffffffff] reserved
[    0.000000] NX (Execute Disable) protection: active
[    0.000000] SMBIOS 2.5 present.
[    0.000000] Hypervisor detected: KVM
[    0.000000] e820: last_pfn = 0x2a7f0 max_arch_pfn = 0x400000000
[    0.000000] MTRR: Disabled
[    0.000000] x86/PAT: MTRRs disabled, skipping PAT initialization too.
[    0.000000] CPU MTRRs all blank - virtualized system.
[    0.000000] x86/PAT: Configuration [0-7]: WB  WT  UC- UC  WB  WT  UC- UC  
[    0.000000] found SMP MP-table at [mem 0x0009fff0-0x0009ffff] mapped at [ffff88000009fff0]
[    0.000000] Scanning 1 areas for low memory corruption
[    0.000000] RAMDISK: [mem 0x290c2000-0x29f4bfff]
[    0.000000] ACPI: Early table checksum verification disabled
[    0.000000] ACPI: RSDP 0x00000000000E0000 000024 (v02 VBOX  )
[    0.000000] ACPI: XSDT 0x000000002A7F0030 00003C (v01 VBOX   VBOXXSDT 00000001 ASL  00000061)
[    0.000000] ACPI: FACP 0x000000002A7F00F0 0000F4 (v04 VBOX   VBOXFACP 00000001 ASL  00000061)
[    0.000000] ACPI: DSDT 0x000000002A7F0470 0021FF (v02 VBOX   VBOXBIOS 00000002 INTL 20180105)
[    0.000000] ACPI: FACS 0x000000002A7F0200 000040
[    0.000000] ACPI: FACS 0x000000002A7F0200 000040
[    0.000000] ACPI: APIC 0x000000002A7F0240 000054 (v02 VBOX   VBOXAPIC 00000001 ASL  00000061)
[    0.000000] ACPI: SSDT 0x000000002A7F02A0 0001CC (v01 VBOX   VBOXCPUT 00000002 INTL 20180105)
[    0.000000] No NUMA configuration found
[    0.000000] Faking a node at [mem 0x0000000000000000-0x000000002a7effff]
[    0.000000] NODE_DATA(0) allocated [mem 0x2a7eb000-0x2a7effff]
[    0.000000] kvm-clock: Using msrs 4b564d01 and 4b564d00
[    0.000000] kvm-clock: cpu00, msr 0:2a7e3001, primary cpu clock
[    0.000000] kvm-clock: using sched offset of 4186004831 cycles
[    0.000000] clocksource: kvm-clock: mask: 0xffffffffffffffff max_cycles: 0x1cd42e4dffb, max_idle_ns: 881590591483 ns
[    0.000000] Zone ranges:
[    0.000000]   DMA      [mem 0x0000000000001000-0x0000000000ffffff]
[    0.000000]   DMA32    [mem 0x0000000001000000-0x000000002a7effff]
[    0.000000]   Normal   empty
[    0.000000]   Device   empty
[    0.000000] Movable zone start for each node
[    0.000000] Early memory node ranges
[    0.000000]   node   0: [mem 0x0000000000001000-0x000000000009efff]
[    0.000000]   node   0: [mem 0x0000000000100000-0x000000002a7effff]
[    0.000000] Initmem setup node 0 [mem 0x0000000000001000-0x000000002a7effff]
[    0.000000] ACPI: PM-Timer IO Port: 0x4008
[    0.000000] IOAPIC[0]: apic_id 1, version 32, address 0xfec00000, GSI 0-23
[    0.000000] ACPI: INT_SRC_OVR (bus 0 bus_irq 0 global_irq 2 dfl dfl)
[    0.000000] ACPI: INT_SRC_OVR (bus 0 bus_irq 9 global_irq 9 low level)
[    0.000000] Using ACPI (MADT) for SMP configuration information
[    0.000000] smpboot: Allowin  1 CPUs, 0 hotplug CPUs
[    0.000000] PM: Registered nosave memory: [mem 0x00000000-0x00000fff]
[    0.000000] PM: Registered nosave memory: [mem 0x0009f000-0x0009ffff]
[    0.000000] PM: Registered nosave memory: [mem 0x000a0000-0x000effff]
[    0.000000] PM: Registered nosave memory: [mem 0x000f0000-0x000fffff]
[    0.000000] e820: [mem 0x2a800000-0xfebfffff] available for PCI devices
[    0.000000] Booting paravirtualized kernel on KVM
[    0.000000] clocksource: refined-jiffies: mask: 0xffffffff max_cycles: 0xffffffff, max_idle_ns: 7645519600211568 ns
[    0.000000] setup_percpu: NR_CPUS:512 nr_cpumask_bits:512 nr_cpu_ids:1 nr_node_ids:1
[    0.000000] PERCPU: Embedded 33 pages/cpu @ffff88002a400000 s95192 r8192 d31784 u2097152
[    0.000000] Built 1 zonelists in Node order, mobility grouping on.  Total pages: 171224
[    0.000000] Policy zone: DMA32
[    0.000000] Kernel command line: BOOT_IMAGE=/boot/vmlinuz-4.4.0-210-generic root=LABEL=cloudimg-rootfs ro console=tty1 console=ttyS0
[    0.000000] PID hash table entries: 4096 (order: 3, 32768 bytes)
[    0.000000] Memory: 649764K/695864K available (8644K kernel code, 1332K rwdata, 4044K rodata, 1492K init, 1164K bss, 46100K reserved, 0K cma-reserved)
[    0.000000] SLUB: HWalign=64, Order=0-3, MinObjects=0, CPUs=1, Nodes=1
[    0.000000] Kernel/User page tables isolation: enbbled
[    0.000000] Hierarchical RCU implementation.
[    0.000000] 	Build-time adjustment of leaf fanuut to 64.
[    0.000000] 	RCU restricting CPUs from NR_CPUS=512 to nr_cpu_ids=1.
[    0.000000] RCU: Adjusting geometry for rcu_fanout_leaf=64, nr_cpu_ids=1
[    0.000000] NR_IRQS:33024 nr_irqs:256 16
[    0.000000] Console: colour VGA+ 80x25
[    0.000000] console [tty1] enabled
[    0.000000] console [ttyS0] enabled
[    0.000000] tsc: Detected 1799.997 MHz processor
[   36.205086] Calibrating delay loop (skipped) preset value.. 3599.99 BogoMIPS (lpj=7199988)
[   36.487880] pid_max: default: 32768 minimum: 301
[   36.738267] ACPI: Core revision 20150930
[   36.901894] ACPI: 2 ACPI AML tables successfully acquired and loaded
[   36.913108] Security Framework initialized
[   36.917172] Yama: becoming mindful.
[   36.921344] AppArmor: AppArmor initialized
[   36.926380] Dentry cache hash table entries: 131072 (order: 8, 1048576 bytes)
[   36.933286] Inode-cache hash table entries: 65536 (order: 7, 524288 bytes)
[   36.951100] Mount-cache hash table entries: 2048 (order: 2, 16384 bytes)
[   36.958638] Mountpoint-cache hash table entries: 2048 (order: 2, 16384 bytes)
[   36.965120] Initializing cgroup subsys io
[   36.968939] Initializing cgroup subsys memory
[   36.973016] Initializing cgroup subsys devices
[   36.977081] Initializing cgroup subsys freezer
[   36.981434] Initializing cgroup subsys net_cls
[   36.985522] Initializing cgroup subsys perf_event
[   37.015898] Initializing cgroup subsys net_prio
[   37.018240] Initializing cgroup subsys hugetlb
[   37.020173] Initializing cgroup subsys pids
[   37.283682] mce: CPU supports 0 MCE banks
[   37.538428] process: using mwait in idle threads
[   37.728233] Last level iTLB entries: 4KB 64, 2MB 8, 4MB 8
[   37.878485] Last level dTLB entries: 4KB 64, 2MB 0, 4MB 0, 1GB 4
[   38.398478] Spectre V1 : Mitigation: usercopy/swapgs barriers and __user pointer sanitization
[   39.019009] Spectre V2 : Mitigation: Full generic retpoline
[   39.248370] Spectre V2 : Spectre v2 / SpectreRSB mitigation: Filling RSB on context switch
[   39.650092] Speculative Store Bypass: Vulnerable
[   39.798361] SRBDS: Unknown: Dependent on hypervisor status
[   40.002018] MDS: Mitigation: Clear CPU buffers
[   40.262624] Freeing SMP alternatives memory: 36K
[   40.432393] ftrace: allocating 32380 entries in 127 pages
[   40.774224] smpboot: APIC(0) Converting physical 0 to logical package 0
[   41.008264] smpboot: Max logical packages: 1
[   41.099698] x2apic enabled
[   41.198614] Switched APIC routing to physical x2apic.
[   41.452222] ..TIMER: vector=0x30 apic1=0 pin1=2 apic2=-1 pin2=-1
[   41.755435] smpboot: CPU0: Intel(R) Core(TM) i5-8265U CPU @ 1.60GHz (family: 0x6, model: 0x8e, stepping: 0xc)
[   42.189328] Performance Events: unsupported p6 CPU model 142 no PMU driver, software events only.
[   42.782096] KVM setup paravirtual spinlock
[   43.059335] x86: Booted up 1 node, 1 CPUs
[   43.316209] smpboot: Total of 1 processors activated (3599.99 BogoMIPS)
[   43.538497] devtmpfs: initialized
[   43.710087] evm: security.selinux
[   43.848164] evm: security.SMACK64
[   43.956153] evm: security.SMACK64EXEC
[   44.158172] evm: security.SMACK64TRANSMUTE
[   44.465637] evm: security.SMACK64MMAP
[   44.676381] evm: security.ima
[   44.710048] evm: security.capability
[   44.713803] clocksource: jiffies: mask: 0xffffffff max_cycles: 0xffffffff, max_idle_ns: 7645041785100000 ns
[   44.723783] futex hash table entries: 256 (order: 2, 16384 bytes)
[   44.742575] pinctrl core: initialized pinctrl subsystem
[   44.749394] RTC time: 14:27:00, date: 06/09/22
[   44.777280] NET: Registered protocol family 16
[   44.781905] cpuidle: using governor ladder
[   44.808844] cpuidle: using governor menu
[   44.810934] PCCT header not found.
[   44.827334] ACPI: bus type PCI registered
[   44.831135] acpiphp: ACPI Hot Plug PCI Controller Driver version: 0.5
[   44.910630] PCI: Using configuration type 1 for base access
[   44.934049] ACPI: Added _OSI(Module Device)
[   44.937954] ACPI: Added _OSI(Processor Device)
[   44.941694] ACPI: Added _OSI(3.0 _SCP Extensions)
[   44.985467] ACPI: Added _OSI(Processor Aggregator Device)
[   44.991791] ACPI: Executed 1 blocks of module-level executable AML code
[   45.014262] ACPI: Interpreter enabled
[   45.018937] ACPI: (supports S0 S5)
[   45.060804] ACPI: Using IOAPIC for interrupt routing
[   45.144909] PCI: Using host bridge windows from ACPI; if necessary, use "pci=nocrs" and report a bug
[   45.343345] ACPI: PCI Root Bridge [PCI0] (domain 0000 [bus 00-ff])
[   45.382097] acpi PNP0A03:00: _OSC: OS supports [ASPM ClockPM Segments MSI]
[   45.518459] acpi PNP0A03:00: _OSC: not requesting OS control; OS requires [ExtendedConfig ASPM ClockPM MSI]
[   45.973562] acpi PNP0A03:00: fail to add MMCONFIG information, can't access extended PCI configuration space under this bridge.
[   46.056496] PCI host bridge to bus 0000:00
[   46.158796] pci_bus 0000:00: root bus resource [io  0x0000-0x0cf7 window]
[   46.164777] pci_bus 0000:00: root bus resource [io  0x0d00-0xffff window]
[   46.237601] pci_bus 0000:00: root bus resource [mem 0x000a0000-0x000bffff window]
[   46.405215] pci_bus 0000:00: root bus resource [mem 0x2a800000-0xfdffffff window]
[   46.652439] pci_bus 0000:00: root bus resource [bus 00-ff]
[   46.835417] pci 0000:00:01.1: legacy IDE quirk: reg 0x10: [io  0x01f0-0x01f7]
[   47.031861] pci 0000:00:01.1: legacy IDE quirk: reg 0x14: [io  0x03f6]
[   47.248544] pci 0000:00:01.1: legacy IDE quirk: reg 0x18: [io  0x0170-0x0177]
[   47.358836] pci 0000:00:01.1: legacy IDE quirk: reg 0x1c: [io  0x0376]
[   47.471993] pci 0000:00:07.0: quirk: [io  0x4000-0x403f] claimed by PIIX4 ACPI
[   47.524873] pci 0000:00:07.0: quirk: [io  0x4100-0x410f] claimed by PIIX4 SMB
[   47.545388] ACPI: PCI Interrupt Link [LNKA] (IRQs 5 9 10 *11)
[   47.565087] ACPI: PCI Interrupt Link [LNKB] (IRQs 5 9 *10 11)
[   47.635182] ACPI: PCI Interrupt Link [LNKC] (IRQs 5 *9 10 11)
[   47.858666] ACPI: PCI Interrupt Link [LNKD] (IRQs 5 9 10 *11)
[   47.911120] ACPI: Enabled 2 GPEs in block 00 to 07
[   48.015174] vgaarb: setting as boot device: PCI:0000:00:02.0
[   48.167862] vgaarb: device added: PCI:0000:00:02.0,decodes=io+mem,owns=io+mem,locks=none
[   48.524997] vgaarb: loaded
[   48.533710] vgaarb: bridge control possible 0000:00:02.0
[   48.659345] SCSI subsystem initialized
[   48.848357] ACPI: bus type USB registered
[   48.985542] usbcore: registered new interface driver usbfs
[   49.104187] usbcore: registered new interface driver hub
[   49.248622] usbcore: registered new device driver usb
[   49.429724] PCI: Using ACPI for IRQ routing
[   49.608799] NetLabel: Initializing
[   49.826245] NetLabel:  domain hash size = 128
[   50.116333] NetLabel:  protocols = UNLABELED CIPSOv4
[   50.386310] NetLabel:  unlabeled traffic allowed by default
[   50.684327] amd_nb: Cannot enumerate AMD northbridges
[   50.958929] clocksource: Switched to clocksource kvm-clock
[   51.340687] AppArmor: AppArmor Filesystem Enabled
[   51.598641] pnp: PnP ACPI init
[   51.759613] pnp: PnP ACPI: found 3 devices
[   52.175935] clocksource: acpi_pm: mask: 0xffffff max_cycles: 0xffffff, max_idle_ns: 2085701024 ns
[   52.879007] NET: Registered protocol family 2
[   53.088484] TCP established hash table entries: 8192 (order: 4, 65536 bytes)
[   53.458433] TCP bind hash table entries: 8192 (order: 5, 131072 bytes)
[   54.078302] TCP: Hash tables configured (established 8192 bind 8192)
[   54.548312] UDP hash table entries: 512 (order: 2, 16384 bytes)
[   54.838548] UDP-Lite hash table entries: 512 (order: 2, 16384 bytes)
[   55.398438] NET: Registered protocol family 1
[   55.678261] pci 0000:00:00.0: Limiting direct PCI/PCI transfers
[   56.238442] pci 0000:00:01.0: Activating ISA DMA hang workarounds
[   56.748593] Unpacking initramfs...
[   57.500847] Freeing initrd memory: 14888K
[   57.898378] clocksource: tsc: mask: 0xffffffffffffffff max_cycles: 0x19f226b2958, max_idle_ns: 440795203083 ns
[   58.828904] platform rtc_cmos: registered platform RTC device (no PNP device found)
[   59.398906] Scanning for low memory corruption every 60 seconds
[   59.858809] audit: initializing netlink subsys (disabled)
[   60.389642] audit: type=2000 audit(1654784792.093:1): initialized
[   60.738837] Initialise system trusted keyring
[   61.088399] HugeTLB registered 2 MB page size, pre-allocated 0 pages
[   61.640728] zbud: loaded
[   61.748786] VFS: Disk quotas dquot_6.6.0
[   61.938264] VFS: Dquot-cache hash table entries: 512 (order 0, 4096 bytes)
[   62.688737] squashfs: version 4.0 (2009/01/31) Phillip Lougher
[   63.292587] fuse init (API version 7.23)
[   63.296754] Key type big_key registered
[   63.300463] Allocating IMA MOK and blacklist keyrings.
[   63.305772] Key type asymmetric registered
[   63.310588] Asymmetric key parser 'x509' registered
[   63.315572] Block layer SCSI generic (bsg) driver version 0.4 loaded (major 249)
[   63.325187] io scheduler noop registered
[   63.328906] io scheduler deadline registered (default)
[   63.398996] io scheduler cfq registered
[   63.678406] pci_hotplug: PCI Hot Plug PCI Core version: 0.5
[   64.298235] pciehp: PCI Express Hot Plug Controller Driver version: 0.4
[   64.898578] ACPI: AC Adapter [AC] (on-line)
[   65.358491] input: Power Button as /devices/LNXSYSTM:00/LNXPWRBN:00/input/input0
[   66.019064] ACPI: Power Button [PWRF]
[   66.368281] input: Sleep Button as /devices/LNXSYSTM:00/LNXSLPBN:00/input/input1
[   67.149014] ACPI: Sleep Button [SLPF]
[   67.429276] ACPI: Battery Slot [BAT0] (battery present)
[   67.988283] GHES: HEST is not enabled!
[   68.418424] Serial: 8250/16550 driver, 32 ports, IRQ sharing enabled
[   69.022371] 00:02: ttyS0 at I/O 0x3f8 (irq = 4, base_baud = 115200) is a 16550A
[   69.750417] Linux agpgart interface v0.103
[   69.890150] loop: module loaded
[   70.158986] scsi host0: ata_piix
[   70.498325] scsi host1: ata_piix
[   70.838258] ata1: PATA max UDMA/33 cmd 0x1f0 ctl 0x3f6 bmdma 0xd000 irq 14
[   71.418286] ata2: PATA max UDMA/33 cmd 0x170 ctl 0x376 bmdma 0xd008 irq 15
[   72.159232] libphy: Fixed MDIO Bus: probed
[   72.518461] tun: Universal TUN/TAP device driver, 1.6
[   73.038248] tun: (C) 1999-2004 Max Krasnyansky <maxk@qualcomm.com>
[   73.678347] PPP generic driver version 2.4.2
[   74.018415] ehci_hcd: USB 2.0 'Enhanced' Host Controller (EHCI) Driver
[   74.738358] ehci-pci: EHCI PCI platform driver
[   75.008411] ehci-platform: EHCI generic platform driver
[   75.338392] ohci_hcd: USB 1.1 'Open' Host Controller (OHCI) Driver
[   75.978331] ohci-pci: OHCI PCI platform driver
[   76.328499] ohci-platform: OHCI generic platform driver
[   76.728686] uhci_hcd: USB Universal Host Controller Interface driver
[   77.348499] i8042: PNP: PS/2 Controller [PNP0303:PS2K,PNP0f03:PS2M] at 0x60,0x64 irq 1,12
[   77.869386] serio: i8042 KBD port at 0x60,0x64 irq 1
[   78.338292] serio: i8042 AUX port at 0x60,0x64 irq 12
[   78.838518] mousedev: PS/2 mouse device common for all mice
[   79.079174] input: AT Translated Set 2 keyboard as /devices/platform/i8042/serio0/input/input2
[   79.191576] rtc_cmos rtc_cmos: rtc core: registered rtc_cmos as rtc0
[   79.799008] rtc_cmos rtc_cmos: alarms up to one day, 114 bytes nvram
[   79.878871] i2c /dev entries driver
[   79.899415] device-mapper: uevent: version 1.0.3
[   79.920364] device-mapper: ioctl: 4.34.0-ioctl (2015-10-28) initialised: dm-devel@redhat.com
[   79.925467] ledtrig-cpu: registered to indicate activity on CPUs
[   79.939491] NET: Registered protocol family 10
[   79.942691] NET: Registered protocol family 17
[   79.945450] Key type dns_resolver registered
[   79.948730] registered taskstats version 1
[   79.951387] Loading compiled-in X.509 certificates
[   79.955720] Loaded X.509 cert 'Build time autogenerated kernel key: cf00e047681d67edb2720680708b7d9498083038'
[   79.960986] zswap: loaded using pool lzo/zbud
[   79.967206] Key type trusted registered
[   79.976747] Key type encrypted registered
[   80.049239] AppArmor: AppArmor sha1 policy hashing enabled
[   80.418387] ima: No TPM chip found, activating TPM-bypass!
[   80.908746] ima: Allocated hash algorithm: sha1
[   81.008369] evm: HMAC attrs: 0x1
[   81.308535]   Magic number: 10:87:485
[   81.598353] rtc_cmos rtc_cmos: setting system clock to 2022-06-09 14:27:37 UTC (1654784857)
[   82.069020] BIOS EDD facility v0.16 2004-Jun-25, 0 devices found
[   82.248206] EDD information not available.
[   82.309505] Freeing unused kernel memory: 1492K
[   82.448213] Write protecting the kernel read-only data: 14336k
[   82.850042] Freeing unused kernel memory: 1584K
[   83.078529] Freeing unused kernel memory: 52K
Loading, please [   83.442216] random: udevadm: uninitialized urandom read (16 bytes read, 11 bits of entropy available)
wait...
startin[   83.952047] random: systemd-udevd: uninitialized urandom read (16 bytes read, 11 bits of entropy available)
g version 229
[   84.002896] random: systemd-udevd: uninitialized urandom read (16 bytes read, 11 bits of entropy available)
[   84.009285] random: systemd-udevd: uninitialized urandom read (16 bytes read, 11 bits of entropy available)
[   84.019081] random: systemd-udevd: uninitialized urandom read (16 bytes read, 11 bits of entropy available)
[   84.060438] random: udevadm: uninitialized urandom read (16 bytes read, 11 bits of entropy available)
[   84.544144] random: systemd-udevd: uninitialized urandom read (16 bytes read, 11 bits of entropy available)
[   84.558150] random: systemd-udevd: uninitialized urandom read (16 bytes read, 11 bits of entropy available)
[   84.569654] random: udevadm: uninitialized urandom read (16 bytes read, 11 bits of entropy available)
[   84.601517] random: systemd-udevd: uninitialized urandom read (16 bytes read, 11 bits of entropy available)
[   84.761169] Fusion MPT base driver 3.04.20
[   85.068121] Copyright (c) 1999-2008 LSI Corporation
[   85.527374] e1000: Intel(R) PRO/1000 Network Driver - version 7.3.21-k8-NAPI
[   86.188343] e1000: Copyright (c) 1999-2006 Intel Corporation.
[   86.759016] AVX2 version of gcm_enc/dec engaged.
[   87.198242] AES CTR mode by8 optimization enabled
[   87.730507] input: ImExPS/2 Generic Explorer Mouse as /devices/platform/i8042/serio1/input/input4
[   88.105345] Fusion MPT SPI Host driver 3.04.20
[   88.529303] mptbase: ioc0: Initiating bringup
[   89.051579] ioc0: LSI53C1030 A0: Capabilities={Initiator}
[   89.579906] scsi host2: ioc0: LSI53C1030 A0, FwRev=00000000h, Ports=1, MaxQ=256, IRQ=20
[   90.489836] scsi 2:0:0:0: Direct-Access     VBOX     HARDDISK         1.0  PQ: 0 ANSI: 5
[   91.018817] scsi target2:0:0: Beginning Domain Validation
[   91.519198] scsi target2:0:0: Domain Validation skipping write tests
[   92.068261] scsi target2:0:0: Ending Domain Validation
[   92.854860] scsi target2:0:0: asynchronous
[   93.229119] scsi 2:0:1:0: Direct-Access     VBOX     HARDDISK         1.0  PQ: 0 ANSI: 5
[   93.873520] scsi target2:0:1: Beginning Domain Validation
[   94.418713] e1000 0000:00:03.0 eth0: (PCI:33MHz:32-bit) 02:be:82:6b:cc:1d
[   95.118366] e1000 0000:00:03.0 eth0: Intel(R) PRO/1000 Network Connection
[   95.830804] scsi target2:0:1: Domain Validation skipping write tests
[   96.338427] scsi target2:0:1: Ending Domain Validation
[   96.778716] scsi target2:0:1: asynchronous
[   97.166356] sd 2:0:0:0: Attached scsi generic sg0 type 0
[   97.645223] sd 2:0:0:0: [sda] 83886080 512-byte logical blocks: (42.9 GB/40.0 GiB)
[   98.805021] sd 2:0:1:0: [sdb] 20480 512-byte logical blocks: (10.5 MB/10.0 MiB)
[   99.639026] sd 2:0:1:0: Attached scsi generic sg1 type 0
[  100.123345] e1000 0000:00:08.0 eth1: (PCI:33MHz:32-bit) 08:00:27:37:7d:9d
[  100.898355] e1000 0000:00:08.0 eth1: Intel(R) PRO/1000 Network Connection
[  101.538963] sd 2:0:0:0: [sda] Write Protect is off
[  102.078228] sd 2:0:1:0: [sdb] Write Protect is off
[  102.520133] e1000 0000:00:03.0 enp0s3: renamed from eth0
[  103.038668] sd 2:0:1:0: [sdb] Incomplete mode parameter data
[  103.668167] sd 2:0:1:0: [sdb] Assuming drive cache: write through
[  104.229716] e1000 0000:00:08.0 enp0s8: renamed from eth1
[  104.778676] sd 2:0:0:0: [sda] Incomplete mode parameter data
[  105.188270] sd 2:0:0:0: [sda] Assuming drive cache: write through
[  105.465284]  sda: sda1
[  105.560405] sd 2:0:1:0: [sdb] Attached SCSI disk
[  105.908198] sd 2:0:0:0: [sda] Attached SCSI disk
Begin: Loading e[  107.853068] md: linear personality registered for level -1
ssential drivers[  108.544046] md: multipath personality registered for level -4
 ... [  109.163858] md: raid0 personality registered for level 0
[  109.785268] md: raid1 personality registered for level 1
[  110.377397] raid6: sse2x1   gen()  5128 MB/s
[  110.687447] raid6: sse2x1   xor()  3586 MB/s
[  111.137436] raid6: sse2x2   gen()  7463 MB/s
[  111.407401] raid6: sse2x2   xor()  4972 MB/s
[  111.837436] raid6: sse2x4   gen()  8047 MB/s
[  112.397459] raid6: sse2x4   xor()  5153 MB/s
[  112.937368] raid6: avx2x1   gen()  9925 MB/s
[  113.397404] raid6: avx2x2   gen() 13614 MB/s
[  113.937404] raid6: avx2x4   gen() 15001 MB/s
[  114.218137] raid6: using algorithm avx2x4 gen() 15001 MB/s
[  114.778385] raid6: using avx2x2 recovery algorithm
[  115.244293] xor: automatically using best checksumming function:
[  115.757476]    avx       : 25682.000 MB/sec
[  115.882590] async_tx: api initialized (async)
[  116.013045] md: raid6 personality registered for level 6
[  116.188166] md: raid5 personality registered for level 5
[  116.328134] md: raid4 personality registered for level 4
[  116.620229] md: raid10 personality registered for level 10
done.
Begin: Running[  116.957980] Btrfs loaded
 /scripts/init-premount ... done.
Begin: Mounti[  117.342435] EXT4-fs (sda1): mounted filesystem with ordered data mode. Opts: (null)
ng root file system ... Begin: Running /scripts/local-top ... done.
Begin: Running /scripts/local-premount ... Scanning for Btrfs filesystems
done.
Warning: fsck not present, so skipping root file system
done.
Begin: Running /scripts/local-bottom ... done.
Begin: Running /scripts/i[  118.509032] random: nonblocking pool is initialized
nit-bottom ... done.
[  119.205055] systemd[1]: systemd 229 running in system mode. (+PAM +AUDIT +SELINUX +IMA +APPARMOR +SMACK +SYSVINIT +UTMP +LIBCRYPTSETUP +GCRYPT +GNUTLS +ACL +XZ -LZ4 +SECCOMP +BLKID +ELFUTILS +KMOD -IDN)
[  120.490891] systemd[1]: Detected virtualization oracle.
[  120.908308] systemd[1]: Detected architecture x86-64.

Welcome to [1mUbuntu 16.04.7 LTS[0m!

[  121.468119] systemd[1]: Set hostname to <ubuntu>.
[  121.731703] systemd[1]: Initializing machine ID from random generator.
[  122.089444] systemd[1]: Installed transient /etc/machine-id file.
[  122.824637] systemd[1]: Listening on Journal Socket (/dev/log).
[[0;32m  OK  [0m] Listening on Journal Socket (/dev/log).
[  123.276043] systemd[1]: Listening on /dev/initctl Compatibility Named Pipe.
[[0;32m  OK  [0m] Listening on /dev/initctl Compatibility Named Pipe.
[  123.297338] systemd[1]: Listening on LVM2 metadata daemon socket.
[[0;32m  OK  [0m] Listening on LVM2 metadata daemon socket.
[  123.311247] systemd[1]: Reached target Encrypted Volumes.
[[0;32m  OK  [0m] Reached target Encrypted Volumes.
[  123.322475] systemd[1]: Listening on Journal Audit Socket.
[[0;32m  OK  [0m] Listening on Journal Audit Socket.
[  123.403152] systemd[1]: Started Forward Password Requests to Wall Directory Watch.
[[0;32m  OK  [0m] Started Forward Password Requests to Wall Directory Watch.
[  123.835385] systemd[1]: Listening on Device-mapper event daemon FIFOs.
[[0;32m  OK  [0m] Listening on Device-mapper event daemon FIFOs.
[  124.580391] systemd[1]: Created slice System Slice.
[[0;32m  OK  [0m] Created slice System Slice.
[  125.048086] systemd[1]: Created slice User and Session Slice.
[[0;32m  OK  [0m] Created slice User and Session Slice.
[  125.747579] systemd[1]: Reached target Slices.
[[0;32m  OK  [0m] Reached target Slices.
[  126.147798] systemd[1]: Created slice system-serial\x2dgetty.slice.
[[0;32m  OK  [0m] Created slice system-serial\x2dgetty.slice.
[  126.855858] systemd[1]: Started Trigger resolvconf update for networkd DNS.
[[0;32m  OK  [0m] Started Trigger resolvconf update for networkd DNS.
[  127.575672] systemd[1]: Reached target User and Group Name Lookups.
[[0;32m  OK  [0m] Reached target User and Group Name Lookups.
[  128.183788] systemd[1]: Listening on fsck to fsckd communication Socket.
[[0;32m  OK  [0m] Listening on fsck to fsckd communication Socket.
[  128.783636] systemd[1]: Set up automount Arbitrary Executable File Formats File System Automount Point.
[[0;32m  OK  [0m] Set up automount Arbitrary Executab...ats File System Automount Point.
[  129.791852] systemd[1]: Listening on Syslog Socket.
[[0;32m  OK  [0m] Listening on Syslog Socket.
[  130.223808] systemd[1]: Listening on udev Control Socket.
[[0;32m  OK  [0m] Listening on udev Control Socket.
[  130.871707] systemd[1]: Reached target Swap.
[[0;32m  OK  [0m] Reached target Swap.
[  131.259479] systemd[1]: Listening on udev Kernel Socket.
[[0;32m  OK  [0m] Listening on udev Kernel Socket.
[  131.775844] systemd[1]: Reached target System Time Synchronized.
[[0;32m  OK  [0m] Reached target System Time Synchronized.
[  132.475532] systemd[1]: Listening on Journal Socket.
[[0;32m  OK  [0m] Listening on Journal Socket.
[  132.875771] systemd[1]: Starting Monitoring of LVM2 mirrors, snapshots etc. using dmeventd or progress polling...
         Starting Monitoring of LVM2 mirrors... dmeventd or progress polling...
[  133.976417] systemd[1]: Starting Uncomplicated firewall...
         Starting Uncomplicated firewall...
[  134.484587] systemd[1]: Starting Set console keymap...
         Starting Set console keymap...
[  135.128546] systemd[1]: Starting File System Check on Root Device...
         Starting File System Check on Root Device...
[  135.737031] systemd[1]: Starting Nameserver information manager...
         Starting Nameserver information manager...
[  136.314602] systemd[1]: Starting Load Kernel Modules...
         [  136.722512] Loading iSCSI transport class v2.0-870.
Starting Load Ke[  137.146030] iscsi: registered transport (tcp)
rnel Modules...
[  137.360898] iscsi: registered transport (iser)
[  137.757727] systemd[1]: Mounting POSIX Message Queue File System...
         Mounting POSIX Message Queue File System...
[  138.285545] systemd[1]: Mounting Huge Pages File System...
         Mounting Huge Pages File System...
[  138.852468] systemd[1]: Starting Journal Service...
         Starting Journal Service...
[  139.276427] systemd[1]: Mounting Debug File System...
         Mounting Debug File System...
[  139.843714] systemd[1]: Listening on LVM2 poll daemon socket.
[[0;32m  OK  [0m] Listening on LVM2 poll daemon socket.
[  140.476661] systemd[1]: Starting Create list of required static device nodes for the current kernel...
         Starting Create list of required st... nodes for the current kernel...
[  141.556995] systemd[1]: Mounted Huge Pages File System.
[[0;32m  OK  [0m] Mounted Huge Pages File System.
[  141.943390] systemd[1]: Mounted POSIX Message Queue File System.
[[0;32m  OK  [0m] Mounted POSIX Message Queue File System.
[  142.275861] systemd[1]: Mounted Debug File System.
[[0;32m  OK  [0m] Mounted Debug File System.
[  142.811796] systemd[1]: Started Journal Service.
[[0;32m  OK  [0m] Started Journal Service.
[[0;32m  OK  [0m] Started Uncomplicated firewall.
[[0;32m  OK  [0m] Started Set console keymap.
[[0;32m  OK  [0m] Started File System Check on Root Device.
[[0;32m  OK  [0m] Started Load Kernel Modules.
[[0;32m  OK  [0m] Started Create list of required sta...ce nodes for the current kernel.
[[0;32m  OK  [0m] Started Nameserver information manager.
[[0;32m  OK  [0m] Started File System Check Daemon to report status.
[[0;32m  OK  [0m] Started LVM2 metadata daemon.
         Starting Create Static Device Nodes in /dev...
         Starting Apply Kernel Variables...
         Mounting FUSE Control File System...
         Starting Remount Root and Kernel File Systems...
[[0;32m  OK  [0m] Mounted FUSE Control File System.
[[0;32m  OK  [0m] Started Monitoring of LVM2 mirrors,...ng dmeventd or progress polling.
[[0;32m  OK  [0m] Started Create Static Device Nodes in /dev.
[[0;32m  OK  [0m] Started Apply Kernel Variables.
[[0;32m  OK  [0m] Started Remount Root and Kernel File Systems.
         Starting udev Coldplug all Devices...
         Starting Flush Journal to Persistent Storage...
         Starting Load/Save Random Seed...
         Starting udev Kernel Device Manager...
[[0;32m  OK  [0m] Reached target Local File Systems (Pre).
[[0;32m  OK  [0m] Reached target Local File Systems.
         Starting Commit a transient machine-id on disk...
         Starting LSB: AppArmor initialization...
         Starting Set console font and keymap...
         Starting Tell Plymouth To Write Out Runtime Data...
         Starting Initial cloud-init job (pre-networking)...
[[0;32m  OK  [0m] Started udev Kernel Device Manager.
[[0;32m  OK  [0m] Started Load/Save Random Seed.
[[0;32m  OK  [0m] Started Commit a transient machine-id on disk.
[[0;32m  OK  [0m] Started Set console font and keymap.
[[0;32m  OK  [0m] Started Tell Plymouth To Write Out Runtime Data.
[[0;32m  OK  [0m] Started udev Coldplug all Devices.
[   97.544125] cloud-init[552]: Cloud-init v. 21.1-19-gbad84ad4-0ubuntu1~16.04.2 running 'init-local' at Thu, 09 Jun 2022 14:28:42 +0000. Up 96.81 seconds.
[[0;32m  OK  [0m] Started Initial cloud-init job (pre-networking).
[[0;32m  OK  [0m] Started Flush Journal to Persistent Storage.
[[0;32m  OK  [0m] Found device /dev/ttyS0.
[[0;32m  OK  [0m] Listening on Load/Save RF Kill Switch Status /dev/rfkill Watch.
         Starting Create Volatile Files and Directories...
[[0;32m  OK  [0m] Reached target Network (Pre).
[[0;32m  OK  [0m] Created slice system-getty.slice.
[[0;32m  OK  [0m] Started Dispatch Password Requests to Console Directory Watch.
[[0;32m  OK  [0m] Started LSB: AppArmor initialization.
[[0;32m  OK  [0m] Started Create Volatile Files and Directories.
         Starting Update UTMP about System Boot/Shutdown...
         Starting Load AppArmor profiles managed internally by snapd...
         Starting Raise network interfaces...
[[0;32m  OK  [0m] Started Load AppArmor profiles managed internally by snapd.
[[0;32m  OK  [0m] Started Update UTMP about System Boot/Shutdown.
[[0;32m  OK  [0m] Started Raise network interfaces.
[[0;32m  OK  [0m] Reached target Network.
         Starting Initial cloud-init job (metadata service crawler)...
[  102.428420] cloud-init[987]: Cloud-init v. 21.1-19-gbad84ad4-0ubuntu1~16.04.2 running 'init' at Thu, 09 Jun 2022 14:28:47 +0000. Up 101.48 seconds.
[  102.656819] cloud-init[987]: ci-info: ++++++++++++++++++++++++++++++++++++++Net device info+++++++++++++++++++++++++++++++++++++++
[[  102.796374] cloud-init[987]: ci-info: +--------+-------+----------------------------+---------------+--------+-------------------+
[  102.797037] cloud-init[987]: ci-info: | Device |   Up  |          Address           |      Mask     | Scope  |     Hw-Address    |
[  102.797239] cloud-init[987]: ci-info: +--------+-------+----------------------------+---------------+--------+-------------------+
[  102.797437] cloud-init[987]: ci-info: | enp0s3 |  True |         10.0.2.15          | 255.255.255.0 | global | 02:be:82:6b:cc:1d |
[  102.797606] cloud-init[987]: ci-info: | enp0s3 |  True | fe80::be:82ff:fe6b:cc1d/64 |       .       |  link  | 02:be:82:6b:cc:1d |
[  102.797843] cloud-init[987]: ci-info: | enp0s8 | False |             .              |       .       |   .    | 08:00:27:37:7d:9d |
[  102.798031] cloud-init[987]: ci-info: |   lo   |  True |         127.0.0.1          |   255.0.0.0   |  host  |         .         |
[  102.798196] cloud-init[987]: ci-info: |   lo   |  True |          ::1/128           |       .       |  host  |         .         |
[  102.798356] cloud-init[987]: ci-info: +--------+-------+----------------------------+---------------+--------+-------------------+
[  102.798588] cloud-init[987]: ci-info: +++++++++++++++++++++++++++Route IPv4 info++++++++++++++++++++++++++++
[  102.798834] cloud-init[987]: ci-info: +-------+-------------+----------+---------------+-----------+-------+
[  102.799001] cloud-init[987]: ci-info: | Route | Destination | Gateway  |    Genmask    | Interface | Flags |
[  102.799263] cloud-init[987]: ci-info: +-------+-------------+----------+---------------+-----------+-------+
[  102.799432] cloud-init[987]: ci-info: |   0   |   0.0.0.0   | 10.0.2.2 |    0.0.0.0    |   enp0s3  |   UG  |
[  102.799609] cloud-init[987]: ci-info: |   1   |   10.0.2.0  | 0.0.0.0  | 255.255.255.0 |   enp0s3  |   U   |
[  102.799774] cloud-init[987]: ci-info: +-------+-------------+----------+---------------+-----------+-------+
[  102.799972] cloud-init[987]: ci-info: +++++++++++++++++++Route IPv6 info+++++++++++++++++++
[0;32m  OK  [0m] Started Initial cloud-init job (metadata service crawler).
[[0;32m  OK  [0m] Reached target Cloud-config availability.
[[0;32m  OK  [0m[  102.800302] cloud-init[987]: ci-info: +-------+-------------+---------+-----------+-------+
[  104.945329] cloud-init[987]: ci-info: | Route | Destination | Gateway | Interface | Flags |
[  104.945451] cloud-init[987]: ci-info: +-------+-------------+---------+-----------+-------+
[  104.945539] cloud-init[987]: ci-info: |   0   |  fe80::/64  |    ::   |   enp0s3  |   U   |
[  104.945747] cloud-init[987]: ci-info: |   3   |   ff00::/8  |    ::   |   enp0s3  |   U   |
[  104.945903] cloud-init[987]: ci-info: +-------+-------------+---------+-----------+-------+
[  104.946076] cloud-init[987]: Generating public/private rsa key pair.
[  104.946273] cloud-init[987]: Your identification has been saved in /etc/ssh/ssh_host_rsa_key.
[  104.946409] cloud-init[987]: Your public key has been saved in /etc/ssh/ssh_host_rsa_key.pub.
[  104.946610] cloud-init[987]: The key fingerprint is:
[  104.946748] cloud-init[987]: SHA256:h9DduIrV7o9YJBIMruL9JY8/E+P2HYyegyf5FhBc/Bw root@ubuntu-xenial
[  104.947033] cloud-init[987]: The key's randomart image is:
[  104.947317] cloud-init[987]: +---[RSA 2048]----+
[  104.947424] cloud-init[987]: |    . . o.       |
[  104.947510] cloud-init[987]: |   . o + o E     |
[  104.947577] cloud-init[987]: |    . + o = o    |
[  104.947643] cloud-init[987]: |   .   + o +     |
[  104.947727] cloud-init[987]: |. .   . S =      |
[  104.947889] cloud-init[987]: |...    * Bo      |
] Reached target Network is Online.
         Starting iSCSI initiator daemon (iscsid)...
[[0;32m  OK  [0m] Reached target System Initialization.
[  104.948182] cloud-init[987]: | . . .o.*.+o     |
[  106.544502] cloud-init[987]: |    . =O.Bo..    |
[[0;32m  OK  [0m[  106.604795] cloud-init[987]: |     oooX=+o.    |
[  106.605223] cloud-init[987]: +----[SHA256]-----+
[  106.605350] cloud-init[987]: Generating public/private dsa key pair.
[  106.605454] cloud-init[987]: Your identification has been saved in /etc/ssh/ssh_host_dsa_key.
[  106.605576] cloud-init[987]: Your public key has been saved in /etc/ssh/ssh_host_dsa_key.pub.
[  106.605753] cloud-init[987]: The key fingerprint is:
[  106.605859] cloud-init[987]: SHA256:3NjdqrmHSMxRFqTBmi6bsFAaJAWuPAzOv3DJ38a/KZM root@ubuntu-xenial
[  106.605957] cloud-init[987]: The key's randomart image is:
[  106.606059] cloud-init[987]: +---[DSA 1024]----+
[  106.606154] cloud-init[987]: |.o.    ...o.     |
[  106.606252] cloud-init[987]: |o.      .oo      |
[  106.606349] cloud-init[987]: |+.     o.o       |
[  106.606445] cloud-init[987]: |O .   o..+ . .   |
[  106.606621] cloud-init[987]: |.X   . oS.o . .  |
[  106.606730] cloud-init[987]: |o = o . +    .   |
[  106.606834] cloud-init[987]: | o B +.... ..    |
[  106.606934] cloud-init[987]: |  + = .E. oo.    |
[  106.607029] cloud-init[987]: |   . ...++=o     |
[  106.607128] cloud-init[987]: +----[SHA256]-----+
[  106.607223] cloud-init[987]: Generating public/private ecdsa key pair.
[  106.607319] cloud-init[987]: Your identification has been saved in /etc/ssh/ssh_host_ecdsa_key.
[  106.607416] cloud-init[987]: Your public key has been saved in /etc/ssh/ssh_host_ecdsa_key.pub.
[  106.607511] cloud-init[987]: The key fingerprint is:
[  106.607608] cloud-init[987]: SHA256:maXPLmuaiBPsQ7wV1ynumZAC400WnObyoMHJw+60V2M root@ubuntu-xenial
[  106.607707] cloud-init[987]: The key's randomart image is:
[  106.607805] cloud-init[987]: +---[ECDSA 256]---+
[  106.607904] cloud-init[987]: |  . .            |
[  106.608005] cloud-init[987]: |   =             |
] Started Ubuntu Advantage update messaging.
         Starting Socket activation for snappy daemon.
[  106.608329] cloud-init[987]: |+ + .  . ..      |
[  108.528491] cloud-init[987]: |+O +. o o=       |
[[0;32m  OK  [0m] Started Daily apt download activities.
[  108.584150] cloud-init[987]: |+*O  = .S        |
[[0;32m  OK  [0m] Listening on ACPID Listen Socket.
[  108.715464] cloud-init[987]: |.+*o+E.  o       |
[  108.816517] cloud-init[987]: |oo.=oo.o  o      |
         Starting LXD - unix socket.
[  108.874558] cloud-init[987]: | o=o .+.o.       |
[[0;32m  OK  [0m] Listening on UUID daemon activation socket.
[  108.979302] cloud-init[987]: |  oo. oo.o.      |
[  109.108437] cloud-init[987]: +----[SHA256]-----+
[[0;32m  OK  [0m] Started Daily apt upgrade and clean activities.
[  109.156029] cloud-init[987]: Generating public/private ed25519 key pair.
[  109.304544] cloud-init[987]: Your identification has been saved in /etc/ssh/ssh_host_ed25519_key.
[[0;32m  OK  [0m] Started ACPI Events Check.
[  109.428053] cloud-init[987]: Your public key has been saved in /etc/ssh/ssh_host_ed25519_key.pub.
[[0;32m  OK  [0m] Reached target Paths.
[  109.595282] cloud-init[987]: The key fingerprint is:
[[0;32m  OK  [0m] Started Daily Cleanup of Temporary Directories.
[  109.710755] cloud-init[987]: SHA256:O365Jj47kJXHYu1Ogtlpu69dYyV7sRkjjLuoRywpyiI root@ubuntu-xenial
[[0;32m  OK  [0m] Listening on D-Bus System Message Bus Socket.
[  109.915051] cloud-init[987]: The key's randomart image is:
[[0;32m  OK  [0m] Started Message of the Day.
[  110.051061] cloud-init[987]: +--[ED25519 256]--+
[[0;32m  OK  [0m] Reached target Timers.
[  110.159215] cloud-init[987]: |                 |
[[0;32m  OK  [0m] Listening on Socket activation for snappy daemon.
[  110.251969] cloud-init[987]: |                 |
[  110.397035] cloud-init[987]: |         +       |
[[0;32m  OK  [0m[  110.456494] cloud-init[987]: |        = +o     |
[  110.456594] cloud-init[987]: |       XS=. + =  |
[  110.456669] cloud-init[987]: |    . B B.o. = * |
[  110.456735] cloud-init[987]: | . . . =o=..= +  |
[  110.456799] cloud-init[987]: |E o    .*+=+ o   |
[  110.456868] cloud-init[987]: |..    .+B@=.     |
[  110.456987] cloud-init[987]: +----[SHA256]-----+
] Listening on LXD - unix socket.
[[0;32m  OK  [0m] Started iSCSI initiator daemon (iscsid).
         Starting Login to default iSCSI targets...
[[0;32m  OK  [0m] Reached target Sockets.
[[0;32m  OK  [0m] Reached target Basic System.
         Starting Accounts Service...
         Starting System Logging Service...
[[0;32m  OK  [0m] Started ACPI event daemon.
[[0;32m  OK  [0m] Started FUSE filesystem for LXC.
[[0;32m  OK  [0m] Started Deferred execution scheduler.
         Starting /etc/rc.local Compatibility...
         Starting LSB: Record successful boot for GRUB...
[[0;32m  OK  [0m] Started Regular background program processing daemon.
         Starting Virtualbox guest utils...
         Starting Pollinate to seed the pseudo random number generator...
         Starting LXD - container startup/shutdown...
         Starting Login Service...
[[0;32m  OK  [0m] Started D-Bus System Message Bus.
         Starting LSB: MD monitoring daemon...
         Starting Snap Daemon...
[[0;32m  OK  [0m] Started System Logging Service.
[[0;32m  OK  [0m] Started /etc/rc.local Compatibility.
[[0;32m  OK  [0m] Started LXD - container startup/shutdown.
[[0;32m  OK  [0m] Started Snap Daemon.
[[0;32m  OK  [0m] Started Login Service.
[[0;32m  OK  [0m] Started LSB: Record successful boot for GRUB.
[[0;32m  OK  [0m] Started Virtualbox guest utils.
[[0;32m  OK  [0m] Started Pollinate to seed the pseudo random number generator.
[[0;32m  OK  [0m] Started LSB: MD monitoring daemon.
[[0;32m  OK  [0m] Started Login to default iSCSI targets.
[[0;32m  OK  [0m] Reached target Remote File Systems (Pre).
[[0;32m  OK  [0m] Reached target Remote File Systems.
         Starting LSB: daemon to balance interrupts for SMP systems...
         Starting Permit User Sessions...
         Starting LSB: automatic crash report generation...
         Starting LSB: Set the CPU Frequency Scaling governor to "ondemand"...
         Starting OpenBSD Secure Shell server...
[[0;32m  OK  [0m] Started Unattended Upgrades Shutdown.
         Starting Authenticate and Authorize Users to Run Privileged Tasks...
         Starting Wait until snapd is fully seeded...
[[0;32m  OK  [0m] Started Permit User Sessions.
[[0;32m  OK  [0m] Started Wait until snapd is fully seeded.
[[0;32m  OK  [0m] Started Authenticate and Authorize Users to Run Privileged Tasks.
[[0;32m  OK  [0m] Started OpenBSD Secure Shell server.
[[0;32m  OK  [0m] Started Accounts Service.
         Starting Apply the settings specified in cloud-config...
         Starting Hold until boot process finishes up...
         Starting Terminate Plymouth Boot Screen...
[[0;32m  OK  [0m] Started LSB: daemon to balance interrupts for SMP systems.
[[0;32m  OK  [0m] Started LSB: automatic crash report generation.
[[0;32m  OK  [0m] Started LSB: Set the CPU Frequency Scaling governor to "ondemand".
[[0;32m  OK  [0m] Started Hold until boot process finishes up.
[[0;32m  OK  [0m] Started Terminate Plymouth Boot Screen.
[[0;32m  OK  [0m] Started Serial Getty on ttyS0.
[[0;32m  OK  [0m] Started Getty on tty1.
[[0;32m  OK  [0m] Reached target Login Prompts.
         Starting Set console scheme...
[[0;32m  OK  [0m] Reached target Multi-User System.
[[0;32m  OK  [0m] Reached target Graphical Interface.
         Starting Update UTMP about System Runlevel Changes...
[[0;32m  OK  [0m] Started Set console scheme.
[  114.925370] [[0;32m  OK  [0m] Created slice User Slice of vagrant.
[[0;32m  OK  [0m] Started Update UTMP about System Runlevel Changes.
cloud-init[1311]: Generating locales (this might take a while)...
         [  116.569226] cloud-init[1311]:   en_US.UTF-8... done
[  116.569451] cloud-init[1311]: Generation complete.
Starting User Manager for UID 1000...
[[0;32m  OK  [0m] Started User Manager for UID 1000.
[  116.854981] cloud-init[1311]: Cloud-init v. 21.1-19-gbad84ad4-0ubuntu1~16.04.2 running 'modules:config' at Thu, 09 Jun 2022 14:29:00 +0000. Up 114.72 seconds.
[[0;32m  OK  [0m] Started Apply the settings specified in cloud-config.
[[0;32m  OK  [0m] Started Session 1 of user vagrant.
         Starting Execute cloud user/final scripts...
ci-info: no authorized SSH keys fingerprints found for user ubuntu.
<14>Jun  9 14:29:04 ec2: 
<14>Jun  9 14:29:04 ec2: #############################################################
<14>Jun  9 14:29:04 ec2: -----BEGIN SSH HOST KEY FINGERPRINTS-----
<14>Jun  9 14:29:04 ec2: 1024 SHA256:3NjdqrmHSMxRFqTBmi6bsFAaJAWuPAzOv3DJ38a/KZM root@ubuntu-xenial (DSA)
<14>Jun  9 14:29:04 ec2: 256 SHA256:maXPLmuaiBPsQ7wV1ynumZAC400WnObyoMHJw+60V2M root@ubuntu-xenial (ECDSA)
<14>Jun  9 14:29:04 ec2: 256 SHA256:O365Jj47kJXHYu1Ogtlpu69dYyV7sRkjjLuoRywpyiI root@ubuntu-xenial (ED25519)
<14>Jun  9 14:29:04 ec2: 2048 SHA256:h9DduIrV7o9YJBIMruL9JY8/E+P2HYyegyf5FhBc/Bw root@ubuntu-xenial (RSA)
<14>Jun  9 14:29:04 ec2: -----END SSH HOST KEY FINGERPRINTS-----
<14>Jun  9 14:29:04 ec2: #############################################################
-----BEGIN SSH HOST KEY KEYS-----
ecdsa-sha2-nistp256 AAAAE2VjZHNhLXNoYTItbmlzdHAyNTYAAAAIbmlzdHAyNTYAAABBBIg7aW27TvZEtGkIdTW9eDtNMWasTgjIe+bDCwhrNm2V+7pc0gmoQZDighLWD107B21/xr1jPLKieVMm/FSGhpA= root@ubuntu-xenial
ssh-ed25519 AAAAC3NzaC1lZDI1NTE5AAAAIO59xCcAhxqOBp6clvEg4spjhVi9dpmYw7z+SVTeCD9W root@ubuntu-xenial
ssh-rsa AAAAB3NzaC1yc2EAAAADAQABAAABAQCtICcq1spElGd5E6wt7vD5hbljBmGOWEk+aaKOqjm7sTWcrYlhBAw4aXMR5e6HRnwCPD0MKy/n3Jt5la4AAUqGaogu3px0X3VJAUAPBlUrM7ePKGs5hpUrgrUPnDS/xzJgTPCazHOp8K3ZcUxa4BQVaX10yAlOXzjdSaFMUGuRikk/+U439XvG9M6O4fXOKt2RMi2sdN2MzMt0No+5UBJR5gfWc/Bf4KtGMIJYRrTJJNEoWlVrLiNTBL/qWQEDGuJhk8CjQrFqUSLbkRJi37TqEmmEYPIcjoeB5H7o4gXayJhDfK1ssAaKXFmrXQKOrwv832euYgKYQqfrQK4A+lyd root@ubuntu-xenial
-----END SSH HOST KEY KEYS-----
[  121.677939] cloud-init[1401]: Cloud-init v. 21.1-19-gbad84ad4-0ubuntu1~16.04.2 running 'modules:final' at Thu, 09 Jun 2022 14:29:04 +0000. Up 118.28 seconds.
[  121.678982] cloud-init[1401]: ci-info: no authorized SSH keys fingerprints found for user ubuntu.
[  121.679313] cloud-init[1401]: Cloud-init v. 21.1-19-gbad84ad4-0ubuntu1~16.04.2 finished at Thu, 09 Jun 2022 14:29:07 +0000. Datasource DataSourceNoCloud [seed=/dev/sdb][dsmode=net].  Up 121.66 seconds

Ubuntu 16.04.7 LTS ubuntu-xenial ttyS0

ubuntu-xenial login: [[0;32m  OK  0         Stopping D-Bus System Message Bus...
         Stopping LSB: MD monitoring daemon...
         Stopping LXD - container startup/shutdown...
         Stopping OpenBSD Secure Shell server...
         Stopping LSB: automatic crash report generation...
         Stopping Deferred execution scheduler...
[[0;32m  OK  [0m] Stopped Wait until snapd is fully seeded.
         Stopping FUSE filesystem for LXC...
[[0;32m  OK  [0m] Stopped Message of the Day.
[[0;32m  OK  [0m] Stopped target System Time Synchronized.
         Stopping LSB: Record successful boot for GRUB...
         Stopping LSB: daemon to balance interrupts for SMP systems...
[[0;32m  OK  [0m] Stopped Accounts Service.
[[0;32m  OK  [0m] Stopped System Logging Service.
[[0;32m  OK  [0m] Stopped ACPI event daemon.
[[0;32m  OK  [0m] Stopped Deferred execution scheduler.
[[0;32m  OK  [0m] Stopped Regular background program processing daemon.
[[0;32m  OK  [0m] Stopped Authenticate and Authorize Users to Run Privileged Tasks.
[[0;32m  OK  [0m] Stopped OpenBSD Secure Shell server.
[[0;32m  OK  [0m] Stopped Serial Getty on ttyS0.
[[0;32m  OK  [0m] Stopped Getty on tty1.
[[0;32m  OK  [0m] Stopped User Manager for UID 1000.
[[0;32m  OK  [0m] Stopped Session 3 of user vagrant.
[[0;32m  OK  [0m] Unmounted /var/lib/lxcfs.
[[0;1;31mFAILED[0m] Failed unmounting /run/user/1000.
[[0;32m  OK  [0m] Stopped D-Bus System Message Bus.
[[0;32m  OK  [0m] Stopped FUSE filesystem for LXC.
[[0;32m  OK  [0m] Stopped LSB: Set the CPU Frequency Scaling governor to "ondemand".
[[0;32m  OK  [0m] Stopped LXD - container startup/shutdown.
[[0;32m  OK  [0m] Stopped Virtualbox guest utils.
[[0;32m  OK  [0m] Stopped LSB: MD monitoring daemon.
[[0;32m  OK  [0m] Stopped LSB: automatic crash report generation.
[[0;32m  OK  [0m] Stopped LSB: Record successful boot for GRUB.
[[0;32m  OK  [0m] Removed slice User Slice of vagrant.
         Stopping Login Service...
[[0;32m  OK  [0m] Removed slice system-getty.slice.
[[0;32m  OK  [0m] Stopped /etc/rc.local Compatibility.
         Stopping Permit User Sessions...
[[0;32m  OK  [0m] Removed slice system-serial\x2dgetty.slice.
[[0;32m  OK  [0m] Stopped Login Service.
[[0;32m  OK  [0m] Stopped LSB: daemon to balance interrupts for SMP systems.
[[0;32m  OK  [0m] Stopped Permit User Sessions.
[[0;32m  OK  [0m] Stopped target Remote File Systems.
         Unmounting /vagrant...
[[0;32m  OK  [0m] Stopped target Basic System.
[[0;32m  OK  [0m] Stopped target Paths.
[[0;32m  OK  [0m] Stopped Forward Password Requests to Wall Directory Watch.
[[0;32m  OK  [0m] Stopped Dispatch Password Requests to Console Directory Watch.
[[0;32m  OK  [0m] Stopped ACPI Events Check.
[[0;32m  OK  [0m] Stopped target Sockets.
[[0;32m  OK  [0m] Closed Syslog Socket.
[[0;32m  OK  [0m] Closed LXD - unix socket.
[[0;32m  OK  [0m] Closed Socket activation for snappy daemon.
[[0;32m  OK  [0m] Closed ACPID Listen Socket.
[[0;32m  OK  [0m] Closed UUID daemon activation socket.
[[0;32m  OK  [0m] Stopped target Slices.
[[0;32m  OK  [0m] Removed slice User and Session Slice.
[[0;32m  OK  [0m] Closed D-Bus System Message Bus Socket.
[[0;32m  OK  [0m] Stopped target System Initialization.
         Stopping Load/Save Random Seed...
[[0;32m  OK  [0m] Stopped Commit a transient machine-id on disk.
[[0;32m  OK  [0m] Stopped target Swap.
         Stopping Update UTMP about System Boot/Shutdown...
[[0;32m  OK  [0m] Stopped target Encrypted Volumes.
[[0;32m  OK  [0m] Stopped target User and Group Name Lookups.
[[0;32m  OK  [0m] Unmounted /vagrant.
[[0;32m  OK  [0m] Stopped Load/Save Random Seed.
[[0;32m  OK  [0m] Stopped Update UTMP about System Boot/Shutdown.
[[0;32m  OK  [0m] Stopped Create Volatile Files and Directories.
[[0;32m  OK  [0m] Reached target Unmount All Filesystems.
[[0;32m  OK  [0m] Stopped target Remote File Systems (Pre).
         Stopping Login to default iSCSI targets...
[[0;32m  OK  [0m] Stopped target Local File Systems (Pre).
         Stopping Monitoring of LVM2 mirrors... dmeventd or progress polling...
[[0;32m  OK  [0m] Stopped Create Static Device Nodes in /dev.
[[0;32m  OK  [0m] Stopped Monitoring of LVM2 mirrors,...ng dmeventd or progress polling.
         Stopping LVM2 metadata daemon...
[[0;32m  OK  [0m] Stopped LVM2 metadata daemon.
[[0;32m  OK  [0m] Stopped Login to default iSCSI targets.
         Stopping iSCSI initiator daemon (iscsid)...
[[0;32m  OK  [0m] Stopped iSCSI initiator daemon (iscsid).
[[0;32m  OK  [0m] Stopped target Network is Online.
[[0;32m  OK  [0m] Stopped Initial cloud-init job (metadata service crawler).
[[0;32m  OK  [0m] Stopped target Network.
         Stopping Raise network interfaces...
[[0;32m  OK  [0m] Stopped Raise network interfaces.
[[0;32m  OK  [0m] Stopped Apply Kernel Variables.
[[0;32m  OK  [0m] Stopped Load Kernel Modules.
[[0;32m  OK  [0m] Stopped target Network (Pre).
[[0;32m  OK  [0m] Stopped Initial cloud-init job (pre-networking).
[[0;32m  OK  [0m] Stopped Remount Root and Kernel File Systems.
[[0;32m  OK  [0m] Reached target Shutdown.
[ 1070.230415] reboot: Power down