kern.ostype: FreeBSD
kern.osrelease: 14.3-RELEASE
kern.osrevision: 199506
kern.version: FreeBSD 14.3-RELEASE releng/14.3-n271432-8c9ce319fef7 GENERIC

kern.maxvnodes: 8388608
kern.maxproc: 99999
kern.maxfiles: 10471533
kern.argmax: 524288
kern.securelevel: -1
kern.hostname: fr-1
kern.hostid: 2018826943
kern.clockrate: { hz = 1000, tick = 1000, profhz = 8128, stathz = 127 }
kern.posix1version: 200112
kern.ngroups: 1023
kern.job_control: 1
kern.saved_ids: 0
kern.boottime: { sec = 1766257820, usec = 387747 } Sat Dec 20 22:10:20 2025
kern.domainname: 
kern.osreldate: 1403000
kern.bootfile: /boot/kernel/kernel
kern.maxfilesperproc: 9424377
kern.maxprocperuid: 89999
kern.ipc.maxsockbuf: 2097152
kern.ipc.sockbuf_waste_factor: 8
kern.ipc.max_linkhdr: 16
kern.ipc.max_protohdr: 60
kern.ipc.max_hdr: 76
kern.ipc.sooverinterval: 60
kern.ipc.sooverprio: 7
kern.ipc.maxsockets: 10471533
kern.ipc.splice.receive_stream: 1
kern.ipc.numopensockets: 32
kern.ipc.soacceptqueue: 128
kern.ipc.tls.toe.chacha20: 0
kern.ipc.tls.toe.gcm: 0
kern.ipc.tls.toe.cbc: 0
kern.ipc.tls.ifnet.permitted: 0
kern.ipc.tls.ifnet.reset_failed: 0
kern.ipc.tls.ifnet.reset_dropped: 0
kern.ipc.tls.ifnet.reset: 0
kern.ipc.tls.ifnet.chacha20: 0
kern.ipc.tls.ifnet.gcm: 0
kern.ipc.tls.ifnet.cbc: 0
kern.ipc.tls.sw.chacha20: 0
kern.ipc.tls.sw.gcm: 0
kern.ipc.tls.sw.cbc: 0
kern.ipc.tls.tasks_active: 0
kern.ipc.tls.max_reclaim: 1024
kern.ipc.tls.sw_buffer_cache: 1
kern.ipc.tls.cbc_enable: 1
kern.ipc.tls.enable: 0
kern.ipc.tls.ifnet_max_rexmit_pct: 2
kern.ipc.tls.maxlen: 16384
kern.ipc.tls.bind_threads: 0
kern.ipc.tls.stats.ocf.retries: 0
kern.ipc.tls.stats.ocf.separate_output: 0
kern.ipc.tls.stats.ocf.inplace: 0
kern.ipc.tls.stats.ocf.tls13_chacha20_encrypts: 0
kern.ipc.tls.stats.ocf.tls13_chacha20_decrypts: 0
kern.ipc.tls.stats.ocf.tls13_gcm_recrypts: 0
kern.ipc.tls.stats.ocf.tls13_gcm_encrypts: 0
kern.ipc.tls.stats.ocf.tls13_gcm_decrypts: 0
kern.ipc.tls.stats.ocf.tls12_chacha20_encrypts: 0
kern.ipc.tls.stats.ocf.tls12_chacha20_decrypts: 0
kern.ipc.tls.stats.ocf.tls12_gcm_recrypts: 0
kern.ipc.tls.stats.ocf.tls12_gcm_encrypts: 0
kern.ipc.tls.stats.ocf.tls12_gcm_decrypts: 0
kern.ipc.tls.stats.ocf.tls11_cbc_encrypts: 0
kern.ipc.tls.stats.ocf.tls11_cbc_decrypts: 0
kern.ipc.tls.stats.ocf.tls10_cbc_encrypts: 0
kern.ipc.tls.stats.destroy_task: 0
kern.ipc.tls.stats.ifnet_disable_ok: 0
kern.ipc.tls.stats.ifnet_disable_failed: 0
kern.ipc.tls.stats.switch_failed: 0
kern.ipc.tls.stats.switch_to_sw: 0
kern.ipc.tls.stats.switch_to_ifnet: 0
kern.ipc.tls.stats.failed_crypto: 0
kern.ipc.tls.stats.corrupted_records: 0
kern.ipc.tls.stats.active: 0
kern.ipc.tls.stats.enable_calls: 0
kern.ipc.tls.stats.offload_total: 0
kern.ipc.tls.stats.sw_rx_inqueue: 0
kern.ipc.tls.stats.sw_tx_inqueue: 0
kern.ipc.tls.stats.sw_tx_pending: 0
kern.ipc.tls.stats.threads: 0
kern.ipc.shm_allow_removed: 1
kern.ipc.shm_use_phys: 0
kern.ipc.shmall: 131072
kern.ipc.shmseg: 128
kern.ipc.shmmni: 192
kern.ipc.shmmin: 1
kern.ipc.shmmax: 536870912
kern.ipc.semaem: 16384
kern.ipc.semvmx: 32767
kern.ipc.semusz: 632
kern.ipc.semume: 50
kern.ipc.semopm: 100
kern.ipc.semmsl: 340
kern.ipc.semmnu: 150
kern.ipc.semmns: 340
kern.ipc.semmni: 50
kern.ipc.msgseg: 2048
kern.ipc.msgssz: 8
kern.ipc.msgtql: 40
kern.ipc.msgmnb: 2048
kern.ipc.msgmni: 40
kern.ipc.msgmax: 16384
kern.ipc.aio.lifetime: 30000
kern.ipc.aio.target_procs: 4
kern.ipc.aio.num_procs: 0
kern.ipc.aio.max_procs: 32
kern.ipc.aio.empty_retries: 0
kern.ipc.aio.empty_results: 0
kern.ipc.pipe_mindirect: 8192
kern.ipc.pipebuf_reserv: 2
kern.ipc.piperesizeallowed: 1
kern.ipc.piperesizefail: 0
kern.ipc.pipeallocfail: 0
kern.ipc.pipefragretry: 0
kern.ipc.pipekva: 20480
kern.ipc.maxpipekva: 5361422336
kern.ipc.umtx_max_robust: 1000
kern.ipc.umtx_vnode_persistent: 0
kern.ipc.nmbufs: 130592006
kern.ipc.nmbjumbo16: 1700416
kern.ipc.nmbjumbo9: 3022963
kern.ipc.nmbjumbop: 10202500
kern.ipc.nmbclusters: 20405001
kern.ipc.num_snd_tags: 122
kern.ipc.maxmbufmem: 167157768192
kern.ipc.mb_use_ext_pgs: 1
kern.ps_strings: 28396305989424
kern.usrstack: 28396305989632
kern.logsigexit: 1
kern.iov_max: 1024
kern.hostuuid: 2afe7efa-1dd2-11b2-92eb-0018e1c5d866
kern.maxphys: 1048576
kern.icl.soft.recvspace: 1572864
kern.icl.soft.sendspace: 1572864
kern.icl.soft.max_burst_length: 1048576
kern.icl.soft.first_burst_length: 1048576
kern.icl.soft.max_data_segment_length: 262144
kern.icl.soft.partial_receive_len: 262144
kern.icl.soft.coalesce: 1
kern.icl.iser_offloads: 
kern.icl.offloads: none
kern.icl.debug: 1
kern.iscsi.fail_on_shutdown: 1
kern.iscsi.fail_on_disconnection: 1
kern.iscsi.maxtags: 255
kern.iscsi.login_timeout: 60
kern.iscsi.iscsid_timeout: 10
kern.iscsi.ping_timeout: 5
kern.iscsi.debug: 1
kern.rpc.unenc.tx_msgcnt: 0
kern.rpc.unenc.tx_msgbytes: 0
kern.rpc.unenc.rx_msgcnt: 0
kern.rpc.unenc.rx_msgbytes: 0
kern.rpc.tls.tx_msgcnt: 0
kern.rpc.tls.tx_msgbytes: 0
kern.rpc.tls.rx_msgcnt: 0
kern.rpc.tls.rx_msgbytes: 0
kern.rpc.tls.handshake_success: 0
kern.rpc.tls.handshake_failed: 0
kern.rpc.tls.alerts: 0
kern.cryptodevallowsoft: 0
kern.crypto_workers_num: 72
kern.crypto.cryptodev_separate_aad: 0
kern.crypto.cryptodev_use_output: 0
kern.crypto.stats: 0 0 0 0 0 0 0 0
kern.crypto.allow_soft: 0
kern.crypto.num_workers: 72
kern.metadelay: 28
kern.dirdelay: 29
kern.filedelay: 30
kern.tty_nout: 2081832
kern.tty_nin: 7140
kern.tty_inq_flush_secure: 1
kern.tty_info_kstacks: 0
kern.tty_drainwait: 300
kern.trap_enotcap: 0
kern.smp.forward_signal_enabled: 1
kern.smp.topology: 0
kern.smp.cores: 36
kern.smp.threads_per_core: 2
kern.smp.cpus: 72
kern.smp.disabled: 0
kern.smp.active: 1
kern.smp.maxcpus: 1024
kern.smp.maxid: 71
kern.msgbuf_clear: 0
kern.msgbuf: ---<<BOOT>>---
Copyright (c) 1992-2023 The FreeBSD Project.
Copyright (c) 1979, 1980, 1983, 1986, 1988, 1989, 1991, 1992, 1993, 1994
	The Regents of the University of California. All rights reserved.
FreeBSD is a registered trademark of The FreeBSD Foundation.
FreeBSD 14.3-RELEASE releng/14.3-n271432-8c9ce319fef7 GENERIC amd64
FreeBSD clang version 19.1.7 (https://github.com/llvm/llvm-project.git llvmorg-19.1.7-0-gcd708029e0b2)
VT(vga): text 80x25
CPU: Intel(R) Xeon(R) CPU E5-2699 v3 @ 2.30GHz (2294.76-MHz K8-class CPU)
  Origin="GenuineIntel"  Id=0x306f2  Family=0x6  Model=0x3f  Stepping=2
  Features=0xbfebfbff<FPU,VME,DE,PSE,TSC,MSR,PAE,MCE,CX8,APIC,SEP,MTRR,PGE,MCA,CMOV,PAT,PSE36,CLFLUSH,DTS,ACPI,MMX,FXSR,SSE,SSE2,SS,HTT,TM,PBE>
  Features2=0x7ffefbf7<SSE3,PCLMULQDQ,DTES64,DS_CPL,VMX,SMX,EST,TM2,SSSE3,SDBG,FMA,CX16,xTPR,PDCM,PCID,DCA,SSE4.1,SSE4.2,x2APIC,MOVBE,POPCNT,TSCDLT,AESNI,XSAVE,OSXSAVE,AVX,F16C,RDRAND>
  AMD Features=0x2c100800<SYSCALL,NX,Page1GB,RDTSCP,LM>
  AMD Features2=0x21<LAHF,ABM>
  Structured Extended Features=0x37ab<FSGSBASE,TSCADJ,BMI1,AVX2,SMEP,BMI2,ERMS,INVPCID,PQM,NFPUSG>
  XSAVE Features=0x1<XSAVEOPT>
  VT-x: PAT,HLT,MTF,PAUSE,EPT,UG,VPID,VID,PostIntr
  TSC: P-state invariant, performance statistics
real memory  = 343597383680 (327680 MB)
avail memory = 334233575424 (318749 MB)
Event timer "LAPIC" quality 600
ACPI APIC Table: <INSYDE HSW-LPT>
FreeBSD/SMP: Multiprocessor System Detected: 72 CPUs
FreeBSD/SMP: 2 package(s) x 18 core(s) x 2 hardware threads
random: registering fast source Intel Secure Key RNG
random: fast provider: "Intel Secure Key RNG"
random: unblocking device.
ioapic0 <Version 2.0> irqs 0-23
ioapic1 <Version 2.0> irqs 24-47
ioapic2 <Version 2.0> irqs 48-71
Launching APs: 1 38 13 41 61 37 31 35 60 21 2 33 46 39 62 18 45 22 20 4 47 10 51 50 36 63 19 11 66 59 6 32 71 70 48 26 14 44 58 29 28 25 67 57 7 43 42 27 23 53 15 16 49 5 55 3 56 8 12 54 34 17 65 30 64 9 40 68 24 52 69
random: entropy device external interface
kbd1 at kbdmux0
vtvga0: <VT VGA driver>
smbios0: <System Management BIOS> at iomem 0xfe120-0xfe13e
smbios0: Entry point: v2.1 (32-bit), Version: 2.8, BCD Revision: 2.8
aesni0: <AES-CBC,AES-CCM,AES-GCM,AES-ICM,AES-XTS>
acpi0: <INSYDE HSW-LPT>
acpi0: Power Button (fixed)
cpu0: <ACPI CPU> numa-domain 0 on acpi0
hpet0: <High Precision Event Timer> iomem 0xfed00000-0xfed003ff on acpi0
Timecounter "HPET" frequency 14318180 Hz quality 950
Event timer "HPET" frequency 14318180 Hz quality 350
Event timer "HPET1" frequency 14318180 Hz quality 340
Event timer "HPET2" frequency 14318180 Hz quality 340
Event timer "HPET3" frequency 14318180 Hz quality 340
Event timer "HPET4" frequency 14318180 Hz quality 340
Event timer "HPET5" frequency 14318180 Hz quality 340
Event timer "HPET6" frequency 14318180 Hz quality 340
Event timer "HPET7" frequency 14318180 Hz quality 340
atrtc0: <AT realtime clock> port 0x70-0x77 irq 8 on acpi0
atrtc0: Warning: Couldn't map I/O.
atrtc0: registered as a time-of-day clock, resolution 1.000000s
Event timer "RTC" frequency 32768 Hz quality 0
attimer0: <AT timer> port 0x40-0x43,0x50-0x53 irq 0 on acpi0
Timecounter "i8254" frequency 1193182 Hz quality 0
Event timer "i8254" frequency 1193182 Hz quality 100
Timecounter "ACPI-fast" frequency 3579545 Hz quality 900
acpi_timer0: <24-bit timer at 3.579545MHz> port 0x408-0x40b on acpi0
pcib0: <ACPI Host-PCI bridge> port 0xcf8-0xcff numa-domain 0 on acpi0
pci0: <ACPI PCI bus> numa-domain 0 on pcib0
pcib1: <ACPI PCI-PCI bridge> irq 26 at device 1.0 numa-domain 0 on pci0
pci1: <ACPI PCI bus> numa-domain 0 on pcib1
mpr0: <Avago Technologies (LSI) SAS3008> port 0x3000-0x30ff mem 0x9b540000-0x9b54ffff,0x9b500000-0x9b53ffff irq 26 at device 0.0 numa-domain 0 on pci1
mpr0: Firmware: 16.00.10.00, Driver: 23.00.00.00-fbsd
mpr0: IOCCapabilities: 7a85c<ScsiTaskFull,DiagTrace,SnapBuf,EEDP,TransRetry,EventReplay,MSIXIndex,HostDisc,FastPath,RDPQArray>
pcib2: <ACPI PCI-PCI bridge> irq 32 at device 2.0 numa-domain 0 on pci0
pci2: <ACPI PCI bus> numa-domain 0 on pcib2
ix0: <Intel(R) X520 82599ES (SFI/SFP+)> port 0x2020-0x203f mem 0x9ac00000-0x9affffff,0x9b004000-0x9b007fff irq 32 at device 0.0 numa-domain 0 on pci2
ix0: Using 2048 TX descriptors and 2048 RX descriptors
ix0: Using 16 RX queues 16 TX queues
ix0: Using MSI-X interrupts with 17 vectors
ix0: allocated for 16 queues
ix0: allocated for 16 rx queues
<6>ix0: Ethernet address: a4:dc:be:f1:2d:36
ix0: PCI Express Bus: Speed 5.0GT/s Width x8
ix0: eTrack 0x800003df
<6>ix0: netmap queues/slots: TX 16/2048, RX 16/2048
ix1: <Intel(R) X520 82599ES (SFI/SFP+)> port 0x2000-0x201f mem 0x9a800000-0x9abfffff,0x9b000000-0x9b003fff irq 36 at device 0.1 numa-domain 0 on pci2
ix1: Using 2048 TX descriptors and 2048 RX descriptors
ix1: Using 16 RX queues 16 TX queues
ix1: Using MSI-X interrupts with 17 vectors
ix1: allocated for 16 queues
ix1: allocated for 16 rx queues
<6>ix1: Ethernet address: a4:dc:be:f1:2d:37
ix1: PCI Express Bus: Speed 5.0GT/s Width x8
ix1: eTrack 0x800003df
<6>ix1: netmap queues/slots: TX 16/2048, RX 16/2048
pcib3: <ACPI PCI-PCI bridge> irq 32 at device 2.2 numa-domain 0 on pci0
pci3: <ACPI PCI bus> numa-domain 0 on pcib3
pci3: <network, ethernet> at device 0.0 (no driver attached)
pcib4: <ACPI PCI-PCI bridge> irq 40 at device 3.0 numa-domain 0 on pci0
pci4: <ACPI PCI bus> numa-domain 0 on pcib4
pci4: <network, ethernet> at device 0.0 (no driver attached)
pci4: <network, ethernet> at device 0.1 (no driver attached)
pci0: <unknown> at device 17.0 (no driver attached)
xhci0: <Intel Wellsburg USB 3.0 controller> mem 0x23ffff00000-0x23ffff0ffff irq 16 at device 20.0 numa-domain 0 on pci0
xhci0: 32 bytes context size, 64-bit DMA
usbus0: waiting for BIOS to give up control
usbus0 numa-domain 0 on xhci0
usbus0: 5.0Gbps Super Speed USB v3.0
pci0: <simple comms> at device 22.0 (no driver attached)
pci0: <simple comms> at device 22.1 (no driver attached)
ehci0: <Intel Wellsburg USB 2.0 controller> mem 0x9b602000-0x9b6023ff irq 16 at device 26.0 numa-domain 0 on pci0
usbus1: EHCI version 1.0
usbus1 numa-domain 0 on ehci0
usbus1: 480Mbps High Speed USB v2.0
pcib5: <ACPI PCI-PCI bridge> irq 16 at device 28.0 numa-domain 0 on pci0
pci5: <ACPI PCI bus> numa-domain 0 on pcib5
pcib6: <ACPI PCI-PCI bridge> irq 18 at device 28.2 numa-domain 0 on pci0
pci6: <ACPI PCI bus> numa-domain 0 on pcib6
vgapci0: <VGA-compatible display> mem 0x98000000-0x99ffffff,0x9b200000-0x9b3fffff irq 18 at device 0.0 numa-domain 0 on pci6
vgapci0: Boot video device
pcib7: <ACPI PCI-PCI bridge> irq 19 at device 28.3 numa-domain 0 on pci0
pci7: <ACPI PCI bus> numa-domain 0 on pcib7
ehci1: <Intel Wellsburg USB 2.0 controller> mem 0x9b601000-0x9b6013ff irq 23 at device 29.0 numa-domain 0 on pci0
usbus2: EHCI version 1.0
usbus2 numa-domain 0 on ehci1
usbus2: 480Mbps High Speed USB v2.0
isab0: <PCI-ISA bridge> at device 31.0 numa-domain 0 on pci0
isa0: <ISA bus> numa-domain 0 on isab0
pcib8: <ACPI Host-PCI bridge> port 0xcf8-0xcff numa-domain 1 on acpi0
pci8: <ACPI PCI bus> numa-domain 1 on pcib8
pcib9: <ACPI PCI-PCI bridge> irq 56 at device 2.0 numa-domain 1 on pci8
pci9: <ACPI PCI bus> numa-domain 1 on pcib9
igb0: <Intel(R) PRO/1000 82576> port 0x8020-0x803f mem 0xc9020000-0xc903ffff,0xc8c00000-0xc8ffffff,0xc9044000-0xc9047fff irq 56 at device 0.0 numa-domain 1 on pci9
igb0: EEPROM V1.2-1
igb0: Using 1024 TX descriptors and 1024 RX descriptors
igb0: Using 8 RX queues 8 TX queues
igb0: Using MSI-X interrupts with 9 vectors
<6>igb0: Ethernet address: 90:e2:ba:94:83:dc
<6>igb0: netmap queues/slots: TX 8/1024, RX 8/1024
igb1: <Intel(R) PRO/1000 82576> port 0x8000-0x801f mem 0xc9000000-0xc901ffff,0xc8800000-0xc8bfffff,0xc9040000-0xc9043fff irq 60 at device 0.1 numa-domain 1 on pci9
igb1: EEPROM V1.2-1
igb1: Using 1024 TX descriptors and 1024 RX descriptors
igb1: Using 8 RX queues 8 TX queues
igb1: Using MSI-X interrupts with 9 vectors
<6>igb1: Ethernet address: 90:e2:ba:94:83:dd
<6>igb1: netmap queues/slots: TX 8/1024, RX 8/1024
pcib10: <ACPI PCI-PCI bridge> irq 56 at device 2.2 numa-domain 1 on pci8
pci10: <ACPI PCI bus> numa-domain 1 on pcib10
pci10: <network, ethernet> at device 0.0 (no driver attached)
apei0: <ACPI Platform Error Interface> on acpi0
pcib11: <ACPI Host-PCI bridge> on acpi0
pci11: <ACPI PCI bus> on pcib11
pci11: <dasp, performance counters> at device 8.2 (no driver attached)
pci11: <dasp, performance counters> at device 9.2 (no driver attached)
pci11: <dasp, performance counters> at device 11.1 (no driver attached)
pci11: <dasp, performance counters> at device 11.2 (no driver attached)
pci11: <dasp, performance counters> at device 16.1 (no driver attached)
pci11: <dasp, performance counters> at device 16.6 (no driver attached)
pci11: <dasp, performance counters> at device 18.1 (no driver attached)
pci11: <dasp, performance counters> at device 18.5 (no driver attached)
pcib12: <ACPI Host-PCI bridge> on acpi0
pci12: <ACPI PCI bus> on pcib12
pci12: <dasp, performance counters> at device 8.2 (no driver attached)
pci12: <dasp, performance counters> at device 9.2 (no driver attached)
pci12: <dasp, performance counters> at device 11.1 (no driver attached)
pci12: <dasp, performance counters> at device 11.2 (no driver attached)
pci12: <dasp, performance counters> at device 16.1 (no driver attached)
pci12: <dasp, performance counters> at device 16.6 (no driver attached)
pci12: <dasp, performance counters> at device 18.1 (no driver attached)
pci12: <dasp, performance counters> at device 18.5 (no driver attached)
acpi_syscontainer0: <System Container> on acpi0
acpi_syscontainer1: <System Container> on acpi0
acpi_syscontainer2: <System Container> on acpi0
uart0: <16650 or compatible> port 0x3f8-0x3ff irq 4 flags 0x10 on acpi0
orm0: <ISA Option ROMs> at iomem 0xc0000-0xc7fff,0xd8800-0xd97ff,0xd9800-0xda7ff pnpid ORM0000 on isa0
vga0: <Generic ISA VGA> at port 0x3c0-0x3df iomem 0xa0000-0xbffff pnpid PNP0900 on isa0
est0: <Enhanced SpeedStep Frequency Control> numa-domain 0 on cpu0
est: CPU supports Enhanced Speedstep, but is not recognized.
est: cpu_vendor GenuineIntel, msr 199500001700
device_attach: est0 attach returned 6
est: CPU supports Enhanced Speedstep, but is not recognized.
est: cpu_vendor GenuineIntel, msr 199500001700
device_attach: est1 attach returned 6
est: CPU supports Enhanced Speedstep, but is not recognized.
est: cpu_vendor GenuineIntel, msr 199500001700
device_attach: est2 attach returned 6
est: CPU supports Enhanced Speedstep, but is not recognized.
est: cpu_vendor GenuineIntel, msr 199500001700
device_attach: est3 attach returned 6
est: CPU supports Enhanced Speedstep, but is not recognized.
est: cpu_vendor GenuineIntel, msr 199500001700
device_attach: est4 attach returned 6
est: CPU supports Enhanced Speedstep, but is not recognized.
est: cpu_vendor GenuineIntel, msr 199500001700
device_attach: est5 attach returned 6
est: CPU supports Enhanced Speedstep, but is not recognized.
est: cpu_vendor GenuineIntel, msr 199500001700
device_attach: est6 attach returned 6
est: CPU supports Enhanced Speedstep, but is not recognized.
est: cpu_vendor GenuineIntel, msr 199500001700
device_attach: est7 attach returned 6
est: CPU supports Enhanced Speedstep, but is not recognized.
est: cpu_vendor GenuineIntel, msr 199500001700
device_attach: est8 attach returned 6
est: CPU supports Enhanced Speedstep, but is not recognized.
est: cpu_vendor GenuineIntel, msr 199500001700
device_attach: est9 attach returned 6
est: CPU supports Enhanced Speedstep, but is not recognized.
est: cpu_vendor GenuineIntel, msr 199500001700
device_attach: est10 attach returned 6
est: CPU supports Enhanced Speedstep, but is not recognized.
est: cpu_vendor GenuineIntel, msr 199500001700
device_attach: est11 attach returned 6
est: CPU supports Enhanced Speedstep, but is not recognized.
est: cpu_vendor GenuineIntel, msr 199500001700
device_attach: est12 attach returned 6
est: CPU supports Enhanced Speedstep, but is not recognized.
est: cpu_vendor GenuineIntel, msr 199500001700
device_attach: est13 attach returned 6
est: CPU supports Enhanced Speedstep, but is not recognized.
est: cpu_vendor GenuineIntel, msr 199500001700
device_attach: est14 attach returned 6
est: CPU supports Enhanced Speedstep, but is not recognized.
est: cpu_vendor GenuineIntel, msr 199500001700
device_attach: est15 attach returned 6
est: CPU supports Enhanced Speedstep, but is not recognized.
est: cpu_vendor GenuineIntel, msr 199500001700
device_attach: est16 attach returned 6
est: CPU supports Enhanced Speedstep, but is not recognized.
est: cpu_vendor GenuineIntel, msr 199500001700
device_attach: est17 attach returned 6
est: CPU supports Enhanced Speedstep, but is not recognized.
est: cpu_vendor GenuineIntel, msr 199500001700
device_attach: est18 attach returned 6
est: CPU supports Enhanced Speedstep, but is not recognized.
est: cpu_vendor GenuineIntel, msr 199500001700
device_attach: est19 attach returned 6
est: CPU supports Enhanced Speedstep, but is not recognized.
est: cpu_vendor GenuineIntel, msr 199500001700
device_attach: est20 attach returned 6
est: CPU supports Enhanced Speedstep, but is not recognized.
est: cpu_vendor GenuineIntel, msr 199500001700
device_attach: est21 attach returned 6
est: CPU supports Enhanced Speedstep, but is not recognized.
est: cpu_vendor GenuineIntel, msr 199500001700
device_attach: est22 attach returned 6
est: CPU supports Enhanced Speedstep, but is not recognized.
est: cpu_vendor GenuineIntel, msr 199500001700
device_attach: est23 attach returned 6
est: CPU supports Enhanced Speedstep, but is not recognized.
est: cpu_vendor GenuineIntel, msr 199500001700
device_attach: est24 attach returned 6
est: CPU supports Enhanced Speedstep, but is not recognized.
est: cpu_vendor GenuineIntel, msr 199500001700
device_attach: est25 attach returned 6
est: CPU supports Enhanced Speedstep, but is not recognized.
est: cpu_vendor GenuineIntel, msr 199500001700
device_attach: est26 attach returned 6
est: CPU supports Enhanced Speedstep, but is not recognized.
est: cpu_vendor GenuineIntel, msr 199500001700
device_attach: est27 attach returned 6
est: CPU supports Enhanced Speedstep, but is not recognized.
est: cpu_vendor GenuineIntel, msr 199500001700
device_attach: est28 attach returned 6
est: CPU supports Enhanced Speedstep, but is not recognized.
est: cpu_vendor GenuineIntel, msr 199500001700
device_attach: est29 attach returned 6
est: CPU supports Enhanced Speedstep, but is not recognized.
est: cpu_vendor GenuineIntel, msr 199500001700
device_attach: est30 attach returned 6
est: CPU supports Enhanced Speedstep, but is not recognized.
est: cpu_vendor GenuineIntel, msr 199500001700
device_attach: est31 attach returned 6
est: CPU supports Enhanced Speedstep, but is not recognized.
est: cpu_vendor GenuineIntel, msr 199500001700
device_attach: est32 attach returned 6
est: CPU supports Enhanced Speedstep, but is not recognized.
est: cpu_vendor GenuineIntel, msr 199500001700
device_attach: est33 attach returned 6
est: CPU supports Enhanced Speedstep, but is not recognized.
est: cpu_vendor GenuineIntel, msr 199500001700
device_attach: est34 attach returned 6
est: CPU supports Enhanced Speedstep, but is not recognized.
est: cpu_vendor GenuineIntel, msr 199500001700
device_attach: est35 attach returned 6
est: CPU supports Enhanced Speedstep, but is not recognized.
est: cpu_vendor GenuineIntel, msr 199500001700
device_attach: est36 attach returned 6
est: CPU supports Enhanced Speedstep, but is not recognized.
est: cpu_vendor GenuineIntel, msr 199500001700
device_attach: est37 attach returned 6
est: CPU supports Enhanced Speedstep, but is not recognized.
est: cpu_vendor GenuineIntel, msr 199500001700
device_attach: est38 attach returned 6
est: CPU supports Enhanced Speedstep, but is not recognized.
est: cpu_vendor GenuineIntel, msr 199500001700
device_attach: est39 attach returned 6
est: CPU supports Enhanced Speedstep, but is not recognized.
est: cpu_vendor GenuineIntel, msr 199500001700
device_attach: est40 attach returned 6
est: CPU supports Enhanced Speedstep, but is not recognized.
est: cpu_vendor GenuineIntel, msr 199500001700
device_attach: est41 attach returned 6
est: CPU supports Enhanced Speedstep, but is not recognized.
est: cpu_vendor GenuineIntel, msr 199500001700
device_attach: est42 attach returned 6
est: CPU supports Enhanced Speedstep, but is not recognized.
est: cpu_vendor GenuineIntel, msr 199500001700
device_attach: est43 attach returned 6
est: CPU supports Enhanced Speedstep, but is not recognized.
est: cpu_vendor GenuineIntel, msr 199500001700
device_attach: est44 attach returned 6
est: CPU supports Enhanced Speedstep, but is not recognized.
est: cpu_vendor GenuineIntel, msr 199500001700
device_attach: est45 attach returned 6
est: CPU supports Enhanced Speedstep, but is not recognized.
est: cpu_vendor GenuineIntel, msr 199500001700
device_attach: est46 attach returned 6
est: CPU supports Enhanced Speedstep, but is not recognized.
est: cpu_vendor GenuineIntel, msr 199500001700
device_attach: est47 attach returned 6
est: CPU supports Enhanced Speedstep, but is not recognized.
est: cpu_vendor GenuineIntel, msr 199500001700
device_attach: est48 attach returned 6
est: CPU supports Enhanced Speedstep, but is not recognized.
est: cpu_vendor GenuineIntel, msr 199500001700
device_attach: est49 attach returned 6
est: CPU supports Enhanced Speedstep, but is not recognized.
est: cpu_vendor GenuineIntel, msr 199500001700
device_attach: est50 attach returned 6
est: CPU supports Enhanced Speedstep, but is not recognized.
est: cpu_vendor GenuineIntel, msr 199500001700
device_attach: est51 attach returned 6
est: CPU supports Enhanced Speedstep, but is not recognized.
est: cpu_vendor GenuineIntel, msr 199500001700
device_attach: est52 attach returned 6
est: CPU supports Enhanced Speedstep, but is not recognized.
est: cpu_vendor GenuineIntel, msr 199500001700
device_attach: est53 attach returned 6
est: CPU supports Enhanced Speedstep, but is not recognized.
est: cpu_vendor GenuineIntel, msr 199500001700
device_attach: est54 attach returned 6
est: CPU supports Enhanced Speedstep, but is not recognized.
est: cpu_vendor GenuineIntel, msr 199500001700
device_attach: est55 attach returned 6
est: CPU supports Enhanced Speedstep, but is not recognized.
est: cpu_vendor GenuineIntel, msr 199500001700
device_attach: est56 attach returned 6
est: CPU supports Enhanced Speedstep, but is not recognized.
est: cpu_vendor GenuineIntel, msr 199500001700
device_attach: est57 attach returned 6
est: CPU supports Enhanced Speedstep, but is not recognized.
est: cpu_vendor GenuineIntel, msr 199500001700
device_attach: est58 attach returned 6
est: CPU supports Enhanced Speedstep, but is not recognized.
est: cpu_vendor GenuineIntel, msr 199500001700
device_attach: est59 attach returned 6
est: CPU supports Enhanced Speedstep, but is not recognized.
est: cpu_vendor GenuineIntel, msr 199500001700
device_attach: est60 attach returned 6
est: CPU supports Enhanced Speedstep, but is not recognized.
est: cpu_vendor GenuineIntel, msr 199500001700
device_attach: est61 attach returned 6
est: CPU supports Enhanced Speedstep, but is not recognized.
est: cpu_vendor GenuineIntel, msr 199500001700
device_attach: est62 attach returned 6
est: CPU supports Enhanced Speedstep, but is not recognized.
est: cpu_vendor GenuineIntel, msr 199500001700
device_attach: est63 attach returned 6
est: CPU supports Enhanced Speedstep, but is not recognized.
est: cpu_vendor GenuineIntel, msr 199500001700
device_attach: est64 attach returned 6
est: CPU supports Enhanced Speedstep, but is not recognized.
est: cpu_vendor GenuineIntel, msr 199500001700
device_attach: est65 attach returned 6
est: CPU supports Enhanced Speedstep, but is not recognized.
est: cpu_vendor GenuineIntel, msr 199500001700
device_attach: est66 attach returned 6
est: CPU supports Enhanced Speedstep, but is not recognized.
est: cpu_vendor GenuineIntel, msr 199500001700
device_attach: est67 attach returned 6
est: CPU supports Enhanced Speedstep, but is not recognized.
est: cpu_vendor GenuineIntel, msr 199500001700
device_attach: est68 attach returned 6
est: CPU supports Enhanced Speedstep, but is not recognized.
est: cpu_vendor GenuineIntel, msr 199500001700
device_attach: est69 attach returned 6
est: CPU supports Enhanced Speedstep, but is not recognized.
est: cpu_vendor GenuineIntel, msr 199500001700
device_attach: est70 attach returned 6
est: CPU supports Enhanced Speedstep, but is not recognized.
est: cpu_vendor GenuineIntel, msr 199500001700
device_attach: est71 attach returned 6
Timecounter "TSC-low" frequency 1147343065 Hz quality 1000
Timecounters tick every 1.000 msec
ugen2.1: <Intel EHCI root HUB> at usbus2
ugen0.1: <Intel XHCI root HUB> at usbus0
uhub0 numa-domain 0 on usbus2
uhub0: <Intel EHCI root HUB, class 9/0, rev 2.00/1.00, addr 1> on usbus2
ugen1.1: <Intel EHCI root HUB> at usbus1
uhub1 numa-domain 0 on usbus0
uhub1: <Intel XHCI root HUB, class 9/0, rev 3.00/1.00, addr 1> on usbus0
uhub2 numa-domain 0 on usbus1
uhub2: <Intel EHCI root HUB, class 9/0, rev 2.00/1.00, addr 1> on usbus1
ZFS filesystem version: 5
ZFS storage pool version: features support (5000)
mpr0: Found device <81<SataDev>,End Device> <6.0Gbps> handle<0x000a> enclosureHandle<0x0002> slot 0
mpr0: At enclosure level 0 and connector name (    )
mpr0: Found device <81<SataDev>,End Device> <6.0Gbps> handle<0x000b> enclosureHandle<0x0002> slot 1
mpr0: At enclosure level 0 and connector name (    )
mpr0: Found device <81<SataDev>,End Device> <6.0Gbps> handle<0x000c> enclosureHandle<0x0002> slot 2
mpr0: At enclosure level 0 and connector name (    )
mpr0: Found device <81<SataDev>,End Device> <6.0Gbps> handle<0x000d> enclosureHandle<0x0002> slot 3
mpr0: At enclosure level 0 and connector name (    )
mpr0: Found device <81<SataDev>,End Device> <6.0Gbps> handle<0x000e> enclosureHandle<0x0002> slot 4
mpr0: At enclosure level 0 and connector name (    )
mpr0: Found device <81<SataDev>,End Device> <6.0Gbps> handle<0x000f> enclosureHandle<0x0002> slot 5
mpr0: At enclosure level 0 and connector name (    )
mpr0: Found device <81<SataDev>,End Device> <6.0Gbps> handle<0x0010> enclosureHandle<0x0002> slot 6
mpr0: At enclosure level 0 and connector name (    )
mpr0: Found device <81<SataDev>,End Device> <6.0Gbps> handle<0x0011> enclosureHandle<0x0002> slot 7
mpr0: At enclosure level 0 and connector name (    )
mpr0: Found device <401<SspTarg>,End Device> <6.0Gbps> handle<0x0012> enclosureHandle<0x0002> slot 8
mpr0: At enclosure level 0 and connector name (    )
mpr0: Found device <401<SspTarg>,End Device> <6.0Gbps> handle<0x0013> enclosureHandle<0x0002> slot 9
mpr0: At enclosure level 0 and connector name (    )
mpr0: Found device <401<SspTarg>,End Device> <6.0Gbps> handle<0x0014> enclosureHandle<0x0002> slot 10
mpr0: At enclosure level 0 and connector name (    )
mpr0: Found device <401<SspTarg>,End Device> <6.0Gbps> handle<0x0015> enclosureHandle<0x0002> slot 11
mpr0: At enclosure level 0 and connector name (    )
mpr0: Found device <401<SspTarg>,End Device> <6.0Gbps> handle<0x0016> enclosureHandle<0x0002> slot 14
mpr0: At enclosure level 0 and connector name (    )
mpr0: Found device <401<SspTarg>,End Device> <6.0Gbps> handle<0x0017> enclosureHandle<0x0002> slot 15
mpr0: At enclosure level 0 and connector name (    )
mpr0: Found device <4441<SspInit,SspTarg,SepDev>,End Device> <12.0Gbps> handle<0x0018> enclosureHandle<0x0002> slot 24
mpr0: At enclosure level 0 and connector name (    )
ses0 at mpr0 bus 0 scbus0 target 32 lun 0
ses0: <12G SAS Expander RevB> Fixed Enclosure Services SPC-4 SCSI device
ses0: Serial Number 500e004aaaaaaa1e
ses0: 1200.000MB/s transfers
ses0: Command Queueing enabled
ses0: SES Device
da12 at mpr0 bus 0 scbus0 target 22 lun 0
da12: <SEAGATE ST600MM0006 B001> Fixed Direct Access SPC-4 SCSI device
da12: Serial Number S0M5V0RM0000K5525HSK
da12: 600.000MB/s transfers
da12: Command Queueing enabled
da12: 572325MB (1172123568 512 byte sectors)
da10 at mpr0 bus 0 scbus0 target 18 lun 0
da10: <SEAGATE ST2000NM0023 0003> Fixed Direct Access SPC-4 SCSI device
da10: Serial Number Z1X4T8A10000R524FYFH
da10: 600.000MB/s transfers
da10: Command Queueing enabled
da10: 1907729MB (3907029168 512 byte sectors)
da8 at mpr0 bus 0 scbus0 target 16 lun 0
da8: <SEAGATE ST2000NM0023 0003> Fixed Direct Access SPC-4 SCSI device
da8: Serial Number Z1X4T83D0000R524FVHR
da8: 600.000MB/s transfers
da8: Command Queueing enabled
da8: 1907729MB (3907029168 512 byte sectors)
da9 at mpr0 bus 0 scbus0 target 17 lun 0
da9: <SEAGATE ST2000NM0023 0003> Fixed Direct Access SPC-4 SCSI device
da9: Serial Number Z1X2W8PZ0000W45141MD
da9: 600.000MB/s transfers
da9: Command Queueing enabled
da9: 1907729MB (3907029168 512 byte sectors)
da4 at mpr0 bus 0 scbus0 target 12 lun 0
da4: <ATA INTEL SSDSC2KB48 0100> Fixed Direct Access SPC-4 SCSI device
da4: Serial Number BTYI2241068H480BGN
da4: 600.000MB/s transfers
da4: Command Queueing enabled
da4: 457862MB (937703088 512 byte sectors)
da2 at mpr0 bus 0 scbus0 target 10 lun 0
da2: <ATA INTEL SSDSC2KB48 0100> Fixed Direct Access SPC-4 SCSI device
da2: Serial Number BTYI224200AX480BGN
da2: 600.000MB/s transfers
da2: Command Queueing enabled
da2: 457862MB (937703088 512 byte sectors)
da0 at mpr0 bus 0 scbus0 target 8 lun 0
da0: <ATA INTEL SSDSC2KB48 0100> Fixed Direct Access SPC-4 SCSI device
da0: Serial Number BTYI22410684480BGN
da0: 600.000MB/s transfers
da0: Command Queueing enabled
da0: 457862MB (937703088 512 byte sectors)
da5 at mpr0 bus 0 scbus0 target 13 lun 0
da5: <ATA INTEL SSDSC2KB48 0100> Fixed Direct Access SPC-4 SCSI device
da5: Serial Number BTYI22420634480BGN
da5: 600.000MB/s transfers
da5: Command Queueing enabled
da5: 457862MB (937703088 512 byte sectors)
da7 at mpr0 bus 0 scbus0 target 15 lun 0
da7: <ATA INTEL SSDSC2KB48 0100> Fixed Direct Access SPC-4 SCSI device
da7: Serial Number BTYI2242065K480BGN
da7: 600.000MB/s transfers
da7: Command Queueing enabled
da7: 457862MB (937703088 512 byte sectors)
da6 at mpr0 bus 0 scbus0 target 14 lun 0
da6: <ATA INTEL SSDSC2KB48 0100> Fixed Direct Access SPC-4 SCSI device
da6: Serial Number BTYI224200BG480BGN
da6: 600.000MB/s transfers
da6: Command Queueing enabled
da6: 457862MB (937703088 512 byte sectors)
da3 at mpr0 bus 0 scbus0 target 11 lun 0
da3: <ATA INTEL SSDSC2KB48 0100> Fixed Direct Access SPC-4 SCSI device
da3: Serial Number BTYI2242063X480BGN
da3: 600.000MB/s transfers
da3: Command Queueing enabled
da3: 457862MB (937703088 512 byte sectors)
da1 at mpr0 bus 0 scbus0 target 9 lun 0
da1: <ATA INTEL SSDSC2KB48 0100> Fixed Direct Access SPC-4 SCSI device
da1: Serial Number BTYI224200BP480BGN
da1: 600.000MB/s transfers
da1: Command Queueing enabled
da1: 457862MB (937703088 512 byte sectors)
da11 at mpr0 bus 0 scbus0 target 19 lun 0
da11: <SEAGATE ST2000NM0023 0003> Fixed Direct Access SPC-4 SCSI device
da11: Serial Number Z1X4T8600000R524FVHN
da11: 600.000MB/s transfers
da11: Command Queueing enabled
da11: Attempt to query device size failed: NOT READY, Logical unit not ready, cause not reportable
da13 at mpr0 bus 0 scbus0 target 23 lun 0
da13: <SEAGATE ST600MM0006 B001> Fixed Direct Access SPC-4 SCSI device
da13: Serial Number S0M5V0H30000M55266UJ
da13: 600.000MB/s transfers
da13: Command Queueing enabled
da13: 572325MB (1172123568 512 byte sectors)
mlx5_core0: <mlx5_core> mem 0x96000000-0x97ffffff irq 40 at device 0.0 numa-domain 0 on pci4
mlx5: Mellanox Core driver 3.7.1 (November 2021)GEOM: da0: the primary GPT table is corrupt or invalid.
GEOM: da0: using the secondary instead -- recovery strongly advised.
mlx5_core0: INFO: mlx5_port_module_event:709:(pid 12): Module 0, status: plugged and enabled
uhub0: 2 ports with 2 removable, self powered
uhub2: 2 ports with 2 removable, self powered
uhub1: 21 ports with 21 removable, self powered
ugen1.2: <vendor 0x8087 product 0x800a> at usbus1
uhub3 numa-domain 0 on uhub2
uhub3: <vendor 0x8087 product 0x800a, class 9/0, rev 2.00/0.05, addr 2> on usbus1
ugen2.2: <vendor 0x8087 product 0x8002> at usbus2
uhub4 numa-domain 0 on uhub0
uhub4: <vendor 0x8087 product 0x8002, class 9/0, rev 2.00/0.05, addr 2> on usbus2
uhub3: 6 ports with 6 removable, self powered
uhub4: 8 ports with 8 removable, self powered
ugen2.3: <vendor 0x12d1 Keyboard/Mouse KVM 1.1.0> at usbus2
ukbd0 numa-domain 0 on uhub4
ukbd0: <vendor 0x12d1 Keyboard/Mouse KVM 1.1.0, class 0/0, rev 1.10/1.00, addr 3> on usbus2
kbd2 at ukbd0
mlx5_core: INFO: (mlx5_core0): E-Switch: Total vports 9, l2 table size(65536), per vport: max uc(1024) max mc(16384)
mlx5_core1: <mlx5_core> mem 0x94000000-0x95ffffff irq 44 at device 0.1 numa-domain 0 on pci4
mlx5_core1: INFO: mlx5_port_module_event:709:(pid 12): Module 1, status: plugged and enabled
mlx5_core: INFO: (mlx5_core1): E-Switch: Total vports 9, l2 table size(65536), per vport: max uc(1024) max mc(16384)
mlx4_core0: <mlx4_core> mem 0x9b400000-0x9b4fffff,0x9a000000-0x9a7fffff irq 34 at device 0.0 numa-domain 0 on pci3
<6>mlx4_core: Mellanox ConnectX core driver v3.7.1 (November 2021)
<6>mlx4_core: Initializing 0000:03:00.0
mlx4_core0: Unable to determine PCI device chain minimum BW
mlx4_core1: <mlx4_core> mem 0xc9100000-0xc91fffff,0xc8000000-0xc87fffff irq 58 at device 0.0 numa-domain 1 on pci10
<6>mlx4_core: Initializing 0000:129:00.0
mlx4_core1: Unable to determine PCI device chain minimum BW
<6>mce0: Ethernet address: 98:03:9b:c6:ba:b4
<6>mce0: link state changed to DOWN
<6>mce1: Ethernet address: 98:03:9b:c6:ba:b5
<6>mce1: link state changed to DOWN
<6>mlx4_en mlx4_core0: Activating port:1
<6>mlxen0: link state changed to DOWN
<6>mlxen0: Ethernet address: e4:1d:2d:b9:36:90
<4>mlx4_en: mlx4_core0: Port 1: Using 32 TX rings
<4>mlx4_en: mlx4_core0: Port 1: Using 16 RX rings
<4>mlx4_en: mlxen0: Using 32 TX rings
<4>mlx4_en: mlxen0: Using 16 RX rings
<4>mlx4_en: mlxen0: Initializing port
<6>mlx4_en mlx4_core1: Activating port:1
<6>mlxen2: link state changed to DOWN
<6>mlxen2: Ethernet address: 00:02:c9:1b:ab:00
<4>mlx4_en: mlx4_core1: Port 1: Using 32 TX rings
<4>mlx4_en: mlx4_core1: Port 1: Using 16 RX rings
<4>mlx4_en: mlxen2: Using 32 TX rings
<4>mlx4_en: mlxen2: Using 16 RX rings
<4>mlx4_en: mlxen2: Initializing port
Trying to mount root from zfs:zroot2/ROOT/default []...
<118>Setting hostuuid: 2afe7efa-1dd2-11b2-92eb-0018e1c5d866.
<118>Setting hostid: 0x7854dabf.
<118>cannot import 'POOL-01': no such pool or dataset
<118>	Destroy and re-create the pool from
<118>	a backup source.
<118>cachefile import failed, retrying
<118>no pools available to import
<118>Starting file system checks:
<118>Mounting local filesystems:.
<118>Autoloading module: ichsmb
ichsmb0: <Intel Wellsburg SMBus controller> port 0x4000-0x401f mem 0x9b603000-0x9b6030ff irq 18 at device 31.3 numa-domain 0 on pci0
smbus0: <System Management Bus> numa-domain 0 on ichsmb0
<118>ELF ldconfig path: /lib /usr/lib /usr/lib/compat /usr/local/lib /usr/local/lib/compat/pkg /usr/local/lib/compat/pkg /usr/local/lib/perl5/5.42/mach/CORE
<118>32-bit compatibility ldconfig path: /usr/lib32
<118>Setting hostname: fr-1.
<118>Setting up harvesting: PURE_RDRAND,[CALLOUT],[UMA],[FS_ATIME],SWI,INTERRUPT,NET_NG,[NET_ETHER],NET_TUN,MOUSE,KEYBOARD,ATTACH,CACHED
<118>Feeding entropy: .
<118>Created clone interfaces: lagg0 lagg1 lagg2 lagg3 vlan55 vlan34 vlan33 vlan11 vlan12.
<6>igb0: link state changed to UP
<6>igb1: link state changed to UP
<6>lo0: link state changed to UP
<6>ix0: link state changed to UP
<6>igb0: link state changed to DOWN
<6>ix1: link state changed to UP
<6>igb1: link state changed to DOWN
<6>mce0: link state changed to UP
<6>mce0: link state changed to DOWN
<6>mce0: link state changed to UP
<6>mce1: link state changed to UP
<6>mce1: link state changed to DOWN
<6>igb0: link state changed to UP
<6>mce1: link state changed to UP
<6>igb1: link state changed to UP
<6>mlxen0: link state changed to UP
<6>mlx4_en: mlxen0: Link Down
<6>mlxen0: link state changed to DOWN
<6>mlxen2: link state changed to UP
<6>mlx4_en: mlxen2: Link Down
<6>mlxen2: link state changed to DOWN
<6>igb1: link state changed to DOWN
<6>ix1: link state changed to DOWN
<6>mce1: link state changed to DOWN
<6>mce1: link state changed to UP
<6>ix1: link state changed to UP
<118>Starting Network: lo0 ix0 ix1 igb0 igb1 mce0 mce1 mlxen0 mlxen2 lagg0 lagg1 lagg2 lagg3 vlan55 vlan34 vlan33 vlan11 vlan12.
<118>lo0: flags=1008049<UP,LOOPBACK,RUNNING,MULTICAST,LOWER_UP> metric 0 mtu 16384
<118>	options=680003<RXCSUM,TXCSUM,LINKSTATE,RXCSUM_IPV6,TXCSUM_IPV6>
<118>	inet 127.0.0.1 netmask 0xff000000
<118>	inet6 ::1 prefixlen 128
<118>	inet6 fe80::1%lo0 prefixlen 64 scopeid 0x5
<118>	groups: lo
<118>	nd6 options=21<PERFORMNUD,AUTO_LINKLOCAL>
<118>ix0: flags=1008843<UP,BROADCAST,RUNNING,SIMPLEX,MULTICAST,LOWER_UP> metric 0 mtu 9000
<118>	options=4e53fbb<RXCSUM,TXCSUM,VLAN_MTU,VLAN_HWTAGGING,JUMBO_MTU,VLAN_HWCSUM,TSO4,TSO6,LRO,WOL_UCAST,WOL_MCAST,WOL_MAGIC,VLAN_HWFILTER,VLAN_HWTSO,RXCSUM_IPV6,TXCSUM_IPV6,HWSTATS,MEXTPG>
<118>	ether a4:dc:be:f1:2d:36
<118>	media: Ethernet autoselect (10Gbase-Twinax <full-duplex,rxpause,txpause>)
<118>	status: active
<118>	nd6 options=29<PERFORMNUD,IFDISABLED,AUTO_LINKLOCAL>
<118>ix1: flags=1008843<UP,BROADCAST,RUNNING,SIMPLEX,MULTICAST,LOWER_UP> metric 0 mtu 9000
<118>	options=4e53fbb<RXCSUM,TXCSUM,VLAN_MTU,VLAN_HWTAGGING,JUMBO_MTU,VLAN_HWCSUM,TSO4,TSO6,LRO,WOL_UCAST,WOL_MCAST,WOL_MAGIC,VLAN_HWFILTER,VLAN_HWTSO,RXCSUM_IPV6,TXCSUM_IPV6,HWSTATS,MEXTPG>
<118>	ether a4:dc:be:f1:2d:36
<118>	hwaddr a4:dc:be:f1:2d:37
<118>	media: Ethernet autoselect (10Gbase-Twinax <full-duplex,rxpause,txpause>)
<118>	status: active
<118>	nd6 options=29<PERFORMNUD,IFDISABLED,AUTO_LINKLOCAL>
<118>igb0: flags=1008843<UP,BROADCAST,RUNNING,SIMPLEX,MULTICAST,LOWER_UP> metric 0 mtu 1500
<118>	options=4e507bb<RXCSUM,TXCSUM,VLAN_MTU,VLAN_HWTAGGING,JUMBO_MTU,VLAN_HWCSUM,TSO4,TSO6,LRO,VLAN_HWFILTER,VLAN_HWTSO,RXCSUM_IPV6,TXCSUM_IPV6,HWSTATS,MEXTPG>
<118>	ether 90:e2:ba:94:83:dc
<118>	media: Ethernet autoselect (1000baseT <full-duplex>)
<118>	status: active
<118>	nd6 options=29<PERFORMNUD,IFDISABLED,AUTO_LINKLOCAL>
<118>igb1: flags=1008843<UP,BROADCAST,RUNNING,SIMPLEX,MULTICAST,LOWER_UP> metric 0 mtu 1500
<118>	options=4e507bb<RXCSUM,TXCSUM,VLAN_MTU,VLAN_HWTAGGING,JUMBO_MTU,VLAN_HWCSUM,TSO4,TSO6,LRO,VLAN_HWFILTER,VLAN_HWTSO,RXCSUM_IPV6,TXCSUM_IPV6,HWSTATS,MEXTPG>
<118>	ether 90:e2:ba:94:83:dc
<118>	hwaddr 90:e2:ba:94:83:dd
<118>	media: Ethernet autoselect
<118>	status: no carrier
<118>	nd6 options=29<PERFORMNUD,IFDISABLED,AUTO_LINKLOCAL>
<118>mce0: flags=1008843<UP,BROADCAST,RUNNING,SIMPLEX,MULTICAST,LOWER_UP> metric 0 mtu 9000
<118>	options=66ef07bb<RXCSUM,TXCSUM,VLAN_MTU,VLAN_HWTAGGING,JUMBO_MTU,VLAN_HWCSUM,TSO4,TSO6,LRO,VLAN_HWFILTER,NV,VLAN_HWTSO,LINKSTATE,RXCSUM_IPV6,TXCSUM_IPV6,HWSTATS,HWRXTSTMP,MEXTPG,VXLAN_HWCSUM,VXLAN_HWTSO>
<118>	ether 98:03:9b:c6:ba:b4
<118>	media: Ethernet 40Gbase-CR4 <full-duplex,rxpause,txpause>
<118>	status: active
<118>	nd6 options=29<PERFORMNUD,IFDISABLED,AUTO_LINKLOCAL>
<118>mce1: flags=1008843<UP,BROADCAST,RUNNING,SIMPLEX,MULTICAST,LOWER_UP> metric 0 mtu 9000
<118>	options=66ef07bb<RXCSUM,TXCSUM,VLAN_MTU,VLAN_HWTAGGING,JUMBO_MTU,VLAN_HWCSUM,TSO4,TSO6,LRO,VLAN_HWFILTER,NV,VLAN_HWTSO,LINKSTATE,RXCSUM_IPV6,TXCSUM_IPV6,HWSTATS,HWRXTSTMP,MEXTPG,VXLAN_HWCSUM,VXLAN_HWTSO>
<118>	ether 98:03:9b:c6:ba:b4
<118>	hwaddr 98:03:9b:c6:ba:b5
<118>	media: Ethernet 40Gbase-CR4 <full-duplex,rxpause,txpause>
<118>	status: active
<118>	nd6 options=29<PERFORMNUD,IFDISABLED,AUTO_LINKLOCAL>
<118>mlxen0: flags=1008843<UP,BROADCAST,RUNNING,SIMPLEX,MULTICAST,LOWER_UP> metric 0 mtu 9000
<118>	options=ed07bb<RXCSUM,TXCSUM,VLAN_MTU,VLAN_HWTAGGING,JUMBO_MTU,VLAN_HWCSUM,TSO4,TSO6,LRO,VLAN_HWFILTER,VLAN_HWTSO,LINKSTATE,RXCSUM_IPV6,TXCSUM_IPV6,HWSTATS>
<118>	ether e4:1d:2d:b9:36:90
<118>	media: Ethernet autoselect
<118>	status: no carrier
<118>	nd6 options=29<PERFORMNUD,IFDISABLED,AUTO_LINKLOCAL>
<118>mlxen2: flags=1008843<UP,BROADCAST,RUNNING,SIMPLEX,MULTICAST,LOWER_UP> metric 0 mtu 9000
<118>	options=ed07bb<RXCSUM,TXCSUM,VLAN_MTU,VLAN_HWTAGGING,JUMBO_MTU,VLAN_HWCSUM,TSO4,TSO6,LRO,VLAN_HWFILTER,VLAN_HWTSO,LINKSTATE,RXCSUM_IPV6,TXCSUM_IPV6,HWSTATS>
<118>	ether e4:1d:2d:b9:36:90
<118>	hwaddr 00:02:c9:1b:ab:00
<118>	media: Ethernet autoselect
<118>	status: no carrier
<118>	nd6 options=29<PERFORMNUD,IFDISABLED,AUTO_LINKLOCAL>
<118>lagg0: flags=1008843<UP,BROADCAST,RUNNING,SIMPLEX,MULTICAST,LOWER_UP> metric 0 mtu 1500
<118>	description: 1G
<118>	options=4e507bb<RXCSUM,TXCSUM,VLAN_MTU,VLAN_HWTAGGING,JUMBO_MTU,VLAN_HWCSUM,TSO4,TSO6,LRO,VLAN_HWFILTER,VLAN_HWTSO,RXCSUM_IPV6,TXCSUM_IPV6,HWSTATS,MEXTPG>
<118>	ether 90:e2:ba:94:83:dc
<118>	hwaddr 00:00:00:00:00:00
<118>	laggproto lacp lagghash l2,l3,l4
<118>	laggport: igb0 flags=0<>
<118>	laggport: igb1 flags=0<>
<118>	groups: lagg
<118>	media: Ethernet autoselect
<118>	status: active
<118>	nd6 options=29<PERFORMNUD,IFDISABLED,AUTO_LINKLOCAL>
<118>lagg1: flags=1008843<UP,BROADCAST,RUNNING,SIMPLEX,MULTICAST,LOWER_UP> metric 0 mtu 9000
<118>	description: 10G
<118>	options=4e53fbb<RXCSUM,TXCSUM,VLAN_MTU,VLAN_HWTAGGING,JUMBO_MTU,VLAN_HWCSUM,TSO4,TSO6,LRO,WOL_UCAST,WOL_MCAST,WOL_MAGIC,VLAN_HWFILTER,VLAN_HWTSO,RXCSUM_IPV6,TXCSUM_IPV6,HWSTATS,MEXTPG>
<118>	ether a4:dc:be:f1:2d:36
<118>	hwaddr 00:00:00:00:00:00
<118>	laggproto lacp lagghash l2,l3,l4
<118>	laggport: ix0 flags=0<>
<118>	laggport: ix1 flags=0<>
<118>	groups: lagg
<118>	media: Ethernet autoselect
<118>	status: active
<118>	nd6 options=29<PERFORMNUD,IFDISABLED,AUTO_LINKLOCAL>
<118>lagg2: flags=1008843<UP,BROADCAST,RUNNING,SIMPLEX,MULTICAST,LOWER_UP> metric 0 mtu 9000
<118>	description: 40G
<118>	options=66ef07bb<RXCSUM,TXCSUM,VLAN_MTU,VLAN_HWTAGGING,JUMBO_MTU,VLAN_HWCSUM,TSO4,TSO6,LRO,VLAN_HWFILTER,NV,VLAN_HWTSO,LINKSTATE,RXCSUM_IPV6,TXCSUM_IPV6,HWSTATS,HWRXTSTMP,MEXTPG,VXLAN_HWCSUM,VXLAN_HWTSO>
<118>	ether 98:03:9b:c6:ba:b4
<118>	hwaddr 00:00:00:00:00:00
<118>	laggproto lacp lagghash l2,l3,l4
<118>	laggport: mce0 flags=0<>
<118>	laggport: mce1 flags=0<>
<118>	groups: lagg
<118>	media: Ethernet autoselect
<118>	status: active
<118>	nd6 options=29<PERFORMNUD,IFDISABLED,AUTO_LINKLOCAL>
<118>lagg3: flags=8843<UP,BROADCAST,RUNNING,SIMPLEX,MULTICAST> metric 0 mtu 9000
<118>	description: 40G
<118>	options=ed07bb<RXCSUM,TXCSUM,VLAN_MTU,VLAN_HWTAGGING,JUMBO_MTU,VLAN_HWCSUM,TSO4,TSO6,LRO,VLAN_HWFILTER,VLAN_HWTSO,LINKSTATE,RXCSUM_IPV6,TXCSUM_IPV6,HWSTATS>
<118>	ether e4:1d:2d:b9:36:90
<118>	hwaddr 00:00:00:00:00:00
<118>	laggproto lacp lagghash l2,l3,l4
<118>	laggport: mlxen0 flags=0<>
<118>	laggport: mlxen2 flags=0<>
<118>	groups: lagg
<118>	media: Ethernet autoselect
<118>	status: no carrier
<118>	nd6 options=29<PERFORMNUD,IFDISABLED,AUTO_LINKLOCAL>
<118>vlan55: flags=1008843<UP,BROADCAST,RUNNING,SIMPLEX,MULTICAST,LOWER_UP> metric 0 mtu 1500
<118>	description: SSH
<118>	options=4600703<RXCSUM,TXCSUM,TSO4,TSO6,LRO,RXCSUM_IPV6,TXCSUM_IPV6,MEXTPG>
<118>	ether 90:e2:ba:94:83:dc
<118>	inet 100.69.55.1 netmask 0xffffff00 broadcast 100.69.55.255
<118>	groups: vlan
<118>	vlan: 55 vlanproto: 802.1q vlanpcp: 0 parent interface: lagg0
<118>	media: Ethernet autoselect
<118>	status: active
<118>	nd6 options=29<PERFORMNUD,IFDISABLED,AUTO_LINKLOCAL>
<118>vlan34: flags=1008843<UP,BROADCAST,RUNNING,SIMPLEX,MULTICAST,LOWER_UP> metric 0 mtu 9000
<118>	description: BACKUP
<118>	options=4600703<RXCSUM,TXCSUM,TSO4,TSO6,LRO,RXCSUM_IPV6,TXCSUM_IPV6,MEXTPG>
<118>	ether a4:dc:be:f1:2d:36
<118>	inet 100.68.34.1 netmask 0xffffff00 broadcast 100.68.34.255
<118>	groups: vlan
<118>	vlan: 34 vlanproto: 802.1q vlanpcp: 0 parent interface: lagg1
<118>	media: Ethernet autoselect
<118>	status: active
<118>	nd6 options=29<PERFORMNUD,IFDISABLED,AUTO_LINKLOCAL>
<118>vlan33: flags=1008843<UP,BROADCAST,RUNNING,SIMPLEX,MULTICAST,LOWER_UP> metric 0 mtu 9000
<118>	description: NFS
<118>	options=4680703<RXCSUM,TXCSUM,TSO4,TSO6,LRO,LINKSTATE,RXCSUM_IPV6,TXCSUM_IPV6,MEXTPG>
<118>	ether 98:03:9b:c6:ba:b4
<118>	inet 100.68.33.1 netmask 0xffffff00 broadcast 100.68.33.255
<118>	groups: vlan
<118>	vlan: 33 vlanproto: 802.1q vlanpcp: 0 parent interface: lagg2
<118>	media: Ethernet autoselect
<118>	status: active
<118>	nd6 options=29<PERFORMNUD,IFDISABLED,AUTO_LINKLOCAL>
<118>vlan11: flags=8843<UP,BROADCAST,RUNNING,SIMPLEX,MULTICAST> metric 0 mtu 9000
<118>	description: ISCSI
<118>	options=680703<RXCSUM,TXCSUM,TSO4,TSO6,LRO,LINKSTATE,RXCSUM_IPV6,TXCSUM_IPV6>
<118>	ether e4:1d:2d:b9:36:90
<118>	inet 100.69.11.1 netmask 0xffffff00 broadcast 100.69.11.255
<118>	groups: vlan
<118>	vlan: 11 vlanproto: 802.1q vlanpcp: 0 parent interface: lagg3
<118>	media: Ethernet autoselect
<118>	status: no carrier
<118>	nd6 options=29<PERFORMNUD,IFDISABLED,AUTO_LINKLOCAL>
<118>vlan12: flags=8843<UP,BROADCAST,RUNNING,SIMPLEX,MULTICAST> metric 0 mtu 9000
<118>	description: ISCSI
<118>	options=680703<RXCSUM,TXCSUM,TSO4,TSO6,LRO,LINKSTATE,RXCSUM_IPV6,TXCSUM_IPV6>
<118>	ether e4:1d:2d:b9:36:90
<118>	inet 100.69.12.1 netmask 0xffffff00 broadcast 100.69.12.255
<118>	groups: vlan
<118>	vlan: 12 vlanproto: 802.1q vlanpcp: 0 parent interface: lagg3
<118>	media: Ethernet autoselect
<118>	status: no carrier
<118>	nd6 options=29<PERFORMNUD,IFDISABLED,AUTO_LINKLOCAL>
<118>Starting devd.
<6>mlx4_en: mlxen0: Link Up
<6>mlxen0: link state changed to UP
<6>igb1: link state changed to UP
<6>mlx4_en: mlxen2: Link Up
<6>mlxen2: link state changed to UP
<118>Autoloading module: mlx5
<118>Autoloading module: mlx5
<6>lagg2: link state changed to UP
<6>vlan33: link state changed to UP
<6>lagg1: link state changed to UP
<6>vlan34: link state changed to UP
<6>lagg0: link state changed to UP
<6>vlan55: link state changed to UP
<6>lagg3: link state changed to UP
<6>vlan11: link state changed to UP
<6>vlan12: link state changed to UP
<118>Autoloading module: uhid
<118>Autoloading module: ums
<118>Autoloading module: usbhid
ums0 numa-domain 0 on uhub4
ums0: <vendor 0x12d1 Keyboard/Mouse KVM 1.1.0, class 0/0, rev 1.10/1.00, addr 3> on usbus2
<118>add host 127.0.0.1: gateway lo0 fib 0: route already in table
<118>add net default: gateway 100.69.55.254
<118>add host ::1: gateway lo0 fib 0: route already in table
<118>add net fe80::: gateway ::1
<118>add net ff02::: gateway ::1
<118>add net ::ffff:0.0.0.0: gateway ::1
<118>add net ::0.0.0.0: gateway ::1
<118>Waiting for vlan11, interface present, got link.
<118>Waiting for 100.69.11.4 to respond to ICMP ping, got response.
<118>Starting iscsid.
<118>Starting iscsictl.
da14 at iscsi2 bus 0 scbus1 target 0 lun 0
da14: <FR-4 Z1X2W8B50000W451 0001> Fixed Direct Access SPC-5 SCSI device
da14: Serial Number Z1X2W8B50000W451
da14: 150.000MB/s transfers
da14: Command Queueing enabled
da14: 1907729MB (488378646 4096 byte sectors)
da15 at iscsi2 bus 0 scbus1 target 0 lun 1
da15: <FR-4 Z1X2X1SE0000W451 0001> Fixed Direct Access SPC-5 SCSI device
da15: Serial Number Z1X2X1SE0000W451
da15: 150.000MB/s transfers
da15: Command Queueing enabled
da15: 1907729MB (488378646 4096 byte sectors)
da16 at iscsi2 bus 0 scbus1 target 0 lun 2
da16: <FR-4 Z1X2WB2000009445 0001> Fixed Direct Access SPC-5 SCSI device
da16: Serial Number Z1X2WB2000009445
da16: 150.000MB/s transfers
da16: Command Queueing enabled
da16: 1907729MB (488378646 4096 byte sectors)
da17 at iscsi3 bus 0 scbus2 target 0 lun 0
da17: <FR-5 Z1X2WAX10000W451 0001> Fixed Direct Access SPC-5 SCSI device
da17: Serial Number Z1X2WAX10000W451
da17: 150.000MB/s transfers
da17: Command Queueing enabled
da17: 1907729MB (488378646 4096 byte sectors)
da18 at iscsi2 bus 0 scbus1 target 0 lun 3
da18: <FR-4 Z1X2W8VZ0000W451 0001> Fixed Direct Access SPC-5 SCSI device
da18: Serial Number Z1X2W8VZ0000W451
da18: 150.000MB/s transfers
da18: Command Queueing enabled
da18: 1907729MB (488378646 4096 byte sectors)
da19 at iscsi3 bus 0 scbus2 target 0 lun 1
da19: <FR-5 Z1X2WB6J0000W451 0001> Fixed Direct Access SPC-5 SCSI device
da19: Serial Number Z1X2WB6J0000W451
da19: 150.000MB/s transfers
da19: Command Queueing enabled
da19: 1907729MB (488378646 4096 byte sectors)
da20 at iscsi4 bus 0 scbus4 target 0 lun 0
da20: <FR-5 Z1X2WAX10000W451 0001> Fixed Direct Access SPC-5 SCSI device
da20: Serial Number Z1X2WAX10000W451
da20: 150.000MB/s transfers
da20: Command Queueing enabled
da20: 1907729MB (488378646 4096 byte sectors)
da21 at iscsi2 bus 0 scbus1 target 0 lun 4
da21: <FR-4 Z1X2WAXN0000W451 0001> Fixed Direct Access SPC-5 SCSI device
da21: Serial Number Z1X2WAXN0000W451
da21: 150.000MB/s transfers
da21: Command Queueing enabled
da21: 1907729MB (488378646 4096 byte sectors)
da22 at iscsi3 bus 0 scbus2 target 0 lun 2
da22: <FR-5 Z1X2W8DM0000W451 0001> Fixed Direct Access SPC-5 SCSI device
da22: Serial Number Z1X2W8DM0000W451
da22: 150.000MB/s transfers
da22: Command Queueing enabled
da22: 1907729MB (488378646 4096 byte sectors)
da23 at iscsi4 bus 0 scbus4 target 0 lun 1
da23: <FR-5 Z1X2WB6J0000W451 0001> Fixed Direct Access SPC-5 SCSI device
da23: Serial Number Z1X2WB6J0000W451
da23: 150.000MB/s transfers
da23: Command Queueing enabled
da23: 1907729MB (488378646 4096 byte sectors)
da24 at iscsi2 bus 0 scbus1 target 0 lun 5
da24: <FR-4 Z1X2W8Y50000W451 0001> Fixed Direct Access SPC-5 SCSI device
da24: Serial Number Z1X2W8Y50000W451
da24: 150.000MB/s transfers
da24: Command Queueing enabled
da24: 1907729MB (488378646 4096 byte sectors)
da25 at iscsi3 bus 0 scbus2 target 0 lun 3
da25: <FR-5 Z1X2W8E20000W451 0001> Fixed Direct Access SPC-5 SCSI device
da25: Serial Number Z1X2W8E20000W451
da25: 150.000MB/s transfers
da25: Command Queueing enabled
da25: 1907729MB (488378646 4096 byte sectors)
da26 at iscsi4 bus 0 scbus4 target 0 lun 2
da26: <FR-5 Z1X2W8DM0000W451 0001> Fixed Direct Access SPC-5 SCSI device
da26: Serial Number Z1X2W8DM0000W451
da26: 150.000MB/s transfers
da26: Command Queueing enabled
da26: 1907729MB (488378646 4096 byte sectors)
<118>Updating /var/run/os-release 
da27 at iscsi2 bus 0 scbus1 target 0 lun 6
da27: <FR-4 Z1X2WB3D0000W451 0001> Fixed Direct Access SPC-5 SCSI device
da27: Serial Number Z1X2WB3D0000W451
da27: 150.000MB/s transfers
da27: Command Queueing enabled
da27: 1907729MB (488378646 4096 byte sectors)
da28 at iscsi3 bus 0 scbus2 target 0 lun 4
da28: <FR-5 Z1X2RSTA00009438 0001> Fixed Direct Access SPC-5 SCSI device
da28: Serial Number Z1X2RSTA00009438
da28: 150.000MB/s transfers
da28: Command Queueing enabled
da28: 1907729MB (488378646 4096 byte sectors)
da29 at iscsi4 bus 0 scbus4 target 0 lun 3
da29: <FR-5 Z1X2W8E20000W451 0001> Fixed Direct Access SPC-5 SCSI device
da29: Serial Number Z1X2W8E20000W451
da29: 150.000MB/s transfers
da29: Command Queueing enabled
da29: 1907729MB (488378646 4096 byte sectors)
da30 at iscsi2 bus 0 scbus1 target 0 lun 7
da30: <FR-4 Z1X2W8VB0000W451 0001> Fixed Direct Access SPC-5 SCSI device
da30: Serial Number Z1X2W8VB0000W451
da30: 150.000MB/s transfers
da30: Command Queueing enabled
da30: 1907729MB (488378646 4096 byte sectors)
da31 at iscsi3 bus 0 scbus2 target 0 lun 5
da31: <FR-5 Z1X2W8FD0000W451 0001> Fixed Direct Access SPC-5 SCSI device
da31: Serial Number Z1X2W8FD0000W451
da31: 150.000MB/s transfers
da31: Command Queueing enabled
da31: 1907729MB (488378646 4096 byte sectors)
da32 at iscsi4 bus 0 scbus4 target 0 lun 4
da32: <FR-5 Z1X2RSTA00009438 0001> Fixed Direct Access SPC-5 SCSI device
da32: Serial Number Z1X2RSTA00009438
da32: 150.000MB/s transfers
da32: Command Queueing enabled
da32: 1907729MB (488378646 4096 byte sectors)
da33 at iscsi2 bus 0 scbus1 target 0 lun 8
da33: <FR-4 Z1X2WB9Q0000W448 0001> Fixed Direct Access SPC-5 SCSI device
da33: Serial Number Z1X2WB9Q0000W448
da33: 150.000MB/s transfers
da33: Command Queueing enabled
da33: 1907729MB (488378646 4096 byte sectors)
da34 at iscsi3 bus 0 scbus2 target 0 lun 6
da34: <FR-5 Z1X2W94N0000W451 0001> Fixed Direct Access SPC-5 SCSI device
da34: Serial Number Z1X2W94N0000W451
da34: 150.000MB/s transfers
da34: Command Queueing enabled
da34: 1907729MB (488378646 4096 byte sectors)
da35 at iscsi4 bus 0 scbus4 target 0 lun 5
da35: <FR-5 Z1X2W8FD0000W451 0001> Fixed Direct Access SPC-5 SCSI device
da35: Serial Number Z1X2W8FD0000W451
da35: 150.000MB/s transfers
da35: Command Queueing enabled
da35: 1907729MB (488378646 4096 byte sectors)
da36 at iscsi3 bus 0 scbus2 target 0 lun 7
da36: <FR-5 Z1X2W8YY0000W451 0001> Fixed Direct Access SPC-5 SCSI device
da36: Serial Number Z1X2W8YY0000W451
da36: 150.000MB/s transfers
da36: Command Queueing enabled
da36: 1907729MB (488378646 4096 byte sectors)
da37 at iscsi2 bus 0 scbus1 target 0 lun 9
da37: <FR-4 Z1X2WB3500009445 0001> Fixed Direct Access SPC-5 SCSI device
da37: Serial Number Z1X2WB3500009445
da37: 150.000MB/s transfers
da37: Command Queueing enabled
da37: 1907729MB (488378646 4096 byte sectors)
da38 at iscsi4 bus 0 scbus4 target 0 lun 6
da38: <FR-5 Z1X2W94N0000W451 0001> Fixed Direct Access SPC-5 SCSI device
da38: Serial Number Z1X2W94N0000W451
da38: 150.000MB/s transfers
da38: Command Queueing enabled
da38: 1907729MB (488378646 4096 byte sectors)
da39 at iscsi3 bus 0 scbus2 target 0 lun 8
da39: <FR-5 Z1X2W8A00000W451 0001> Fixed Direct Access SPC-5 SCSI device
da39: Serial Number Z1X2W8A00000W451
da39: 150.000MB/s transfers
da39: Command Queueing enabled
da39: 1907729MB (488378646 4096 byte sectors)
da40 at iscsi2 bus 0 scbus1 target 0 lun a
da40: <FR-4 Z1X2W89T0000W451 0001> Fixed Direct Access SPC-5 SCSI device
da40: Serial Number Z1X2W89T0000W451
da40: 150.000MB/s transfers
da40: Command Queueing enabled
da40: 1907729MB (488378646 4096 byte sectors)
da41 at iscsi4 bus 0 scbus4 target 0 lun 7
da41: <FR-5 Z1X2W8YY0000W451 0001> Fixed Direct Access SPC-5 SCSI device
da41: Serial Number Z1X2W8YY0000W451
da41: 150.000MB/s transfers
da41: Command Queueing enabled
da41: 1907729MB (488378646 4096 byte sectors)
da42 at iscsi3 bus 0 scbus2 target 0 lun 9
da42: <FR-5 Z1X2W84M0000W451 0001> Fixed Direct Access SPC-5 SCSI device
da42: Serial Number Z1X2W84M0000W451
da42: 150.000MB/s transfers
da42: Command Queueing enabled
da42: 1907729MB (488378646 4096 byte sectors)
da43 at iscsi2 bus 0 scbus1 target 0 lun d
da43: <FR-4 Z1X4SMSL0000R535 0001> Fixed Direct Access SPC-5 SCSI device
da43: Serial Number Z1X4SMSL0000R535
da43: 150.000MB/s transfers
da43: Command Queueing enabled
da43: 1907729MB (488378646 4096 byte sectors)
da44 at iscsi3 bus 0 scbus2 target 0 lun a
da44: <FR-5 Z1X2W8GN0000W451 0001> Fixed Direct Access SPC-5 SCSI device
da44: Serial Number Z1X2W8GN0000W451
da44: 150.000MB/s transfers
da44: Command Queueing enabled
da44: 1907729MB (488378646 4096 byte sectors)
da45 at iscsi4 bus 0 scbus4 target 0 lun 8
da45: <FR-5 Z1X2W8A00000W451 0001> Fixed Direct Access SPC-5 SCSI device
da45: Serial Number Z1X2W8A00000W451
da45: 150.000MB/s transfers
da45: Command Queueing enabled
da45: 1907729MB (488378646 4096 byte sectors)
da46 at iscsi3 bus 0 scbus2 target 0 lun d
da46: <FR-5 Z1X2WB3L00009445 0001> Fixed Direct Access SPC-5 SCSI device
da46: Serial Number Z1X2WB3L00009445
da46: 150.000MB/s transfers
da46: Command Queueing enabled
da46: 1907729MB (488378646 4096 byte sectors)
da47 at iscsi4 bus 0 scbus4 target 0 lun 9
da47: <FR-5 Z1X2W84M0000W451 0001> Fixed Direct Access SPC-5 SCSI device
da47: Serial Number Z1X2W84M0000W451
da47: 150.000MB/s transfers
da47: Command Queueing enabled
da47: 1907729MB (488378646 4096 byte sectors)
da48 at iscsi4 bus 0 scbus4 target 0 lun a
da48: <FR-5 Z1X2W8GN0000W451 0001> Fixed Direct Access SPC-5 SCSI device
da48: Serial Number Z1X2W8GN0000W451
da48: 150.000MB/s transfers
da48: Command Queueing enabled
da48: 1907729MB (488378646 4096 byte sectors)
da49 at iscsi4 bus 0 scbus4 target 0 lun d
da49: <FR-5 Z1X2WB3L00009445 0001> Fixed Direct Access SPC-5 SCSI device
da49: Serial Number Z1X2WB3L00009445
da49: 150.000MB/s transfers
da49: Command Queueing enabled
da49: 1907729MB (488378646 4096 byte sectors)
da51 at iscsi1 bus 0 scbus3 target 0 lun 1
da51: <FR-4 Z1X2X1SE0000W451 0001> Fixed Direct Access SPC-5 SCSI device
da51: Serial Number Z1X2X1SE0000W451
da51: 150.000MB/s transfers
da51: Command Queueing enabled
da51: 1907729MB (488378646 4096 byte sectors)
da52 at iscsi1 bus 0 scbus3 target 0 lun 2
da52: <FR-4 Z1X2WB2000009445 0001> Fixed Direct Access SPC-5 SCSI device
da52: Serial Number Z1X2WB2000009445
da52: 150.000MB/s transfers
da52: Command Queueing enabled
da52: 1907729MB (488378646 4096 byte sectors)
da53 at iscsi1 bus 0 scbus3 target 0 lun 3
da53: <FR-4 Z1X2W8VZ0000W451 0001> Fixed Direct Access SPC-5 SCSI device
da53: Serial Number Z1X2W8VZ0000W451
da53: 150.000MB/s transfers
da53: Command Queueing enabled
da53: 1907729MB (488378646 4096 byte sectors)
da54 at iscsi1 bus 0 scbus3 target 0 lun 4
da54: <FR-4 Z1X2WAXN0000W451 0001> Fixed Direct Access SPC-5 SCSI device
da54: Serial Number Z1X2WAXN0000W451
da54: 150.000MB/s transfers
da54: Command Queueing enabled
da54: 1907729MB (488378646 4096 byte sectors)
da55 at iscsi1 bus 0 scbus3 target 0 lun 5
da55: <FR-4 Z1X2W8Y50000W451 0001> Fixed Direct Access SPC-5 SCSI device
da55: Serial Number Z1X2W8Y50000W451
da55: 150.000MB/s transfers
da55: Command Queueing enabled
da55: 1907729MB (488378646 4096 byte sectors)
da56 at iscsi1 bus 0 scbus3 target 0 lun 6
da56: <FR-4 Z1X2WB3D0000W451 0001> Fixed Direct Access SPC-5 SCSI device
da56: Serial Number Z1X2WB3D0000W451
da56: 150.000MB/s transfers
da56: Command Queueing enabled
da56: 1907729MB (488378646 4096 byte sectors)
da57 at iscsi1 bus 0 scbus3 target 0 lun 7
da57: <FR-4 Z1X2W8VB0000W451 0001> Fixed Direct Access SPC-5 SCSI device
da57: Serial Number Z1X2W8VB0000W451
da57: 150.000MB/s transfers
da57: Command Queueing enabled
da57: 1907729MB (488378646 4096 byte sectors)
da58 at iscsi1 bus 0 scbus3 target 0 lun 8
da58: <FR-4 Z1X2WB9Q0000W448 0001> Fixed Direct Access SPC-5 SCSI device
da58: Serial Number Z1X2WB9Q0000W448
da58: 150.000MB/s transfers
da58: Command Queueing enabled
da58: 1907729MB (488378646 4096 byte sectors)
da59 at iscsi1 bus 0 scbus3 target 0 lun 9
da59: <FR-4 Z1X2WB3500009445 0001> Fixed Direct Access SPC-5 SCSI device
da59: Serial Number Z1X2WB3500009445
da59: 150.000MB/s transfers
da59: Command Queueing enabled
da59: 1907729MB (488378646 4096 byte sectors)
da50 at iscsi1 bus 0 scbus3 target 0 lun 0
da50: <FR-4 Z1X2W8B50000W451 0001> Fixed Direct Access SPC-5 SCSI device
da50: Serial Number Z1X2W8B50000W451
da50: 150.000MB/s transfers
da50: Command Queueing enabled
da50: 1907729MB (488378646 4096 byte sectors)
da60 at iscsi1 bus 0 scbus3 target 0 lun a
da60: <FR-4 Z1X2W89T0000W451 0001> Fixed Direct Access SPC-5 SCSI device
da60: Serial Number Z1X2W89T0000W451
da60: 150.000MB/s transfers
da60: Command Queueing enabled
da60: 1907729MB (488378646 4096 byte sectors)
da61 at iscsi1 bus 0 scbus3 target 0 lun d
da61: <FR-4 Z1X4SMSL0000R535 0001> Fixed Direct Access SPC-5 SCSI device
da61: Serial Number Z1X4SMSL0000R535
da61: 150.000MB/s transfers
da61: Command Queueing enabled
da61: 1907729MB (488378646 4096 byte sectors)
<118>done.
GEOM_MULTIPATH: fr-4-Z1X2W8B500 created
GEOM_MULTIPATH: da14 added to fr-4-Z1X2W8B500
<118>Clearing /tmp (X related).
GEOM_MULTIPATH: fr-4-Z1X2X1SE00 created
GEOM_MULTIPATH: da15 added to fr-4-Z1X2X1SE00
<118>Updating motd:
GEOM_MULTIPATH: fr-4-Z1X2WB2000 created
GEOM_MULTIPATH: da16 added to fr-4-Z1X2WB2000
GEOM_MULTIPATH: fr-5-Z1X2WAX100 created
GEOM_MULTIPATH: da17 added to fr-5-Z1X2WAX100
GEOM_MULTIPATH: fr-4-Z1X2W8VZ00 created
GEOM_MULTIPATH: da18 added to fr-4-Z1X2W8VZ00
GEOM_MULTIPATH: fr-5-Z1X2WB6J00 created
GEOM_MULTIPATH: da19 added to fr-5-Z1X2WB6J00
GEOM_MULTIPATH: da20 added to fr-5-Z1X2WAX100
GEOM_MULTIPATH: fr-4-Z1X2WAXN00 created
GEOM_MULTIPATH: da21 added to fr-4-Z1X2WAXN00
GEOM_MULTIPATH: fr-5-Z1X2W8DM00 created
GEOM_MULTIPATH: da22 added to fr-5-Z1X2W8DM00
GEOM_MULTIPATH: da23 added to fr-5-Z1X2WB6J00
GEOM_MULTIPATH: fr-4-Z1X2W8Y500 created
GEOM_MULTIPATH: da24 added to fr-4-Z1X2W8Y500
GEOM_MULTIPATH: fr-5-Z1X2W8E200 created
GEOM_MULTIPATH: da25 added to fr-5-Z1X2W8E200
GEOM_MULTIPATH: da26 added to fr-5-Z1X2W8DM00
GEOM_MULTIPATH: fr-4-Z1X2WB3D00 created
GEOM_MULTIPATH: da27 added to fr-4-Z1X2WB3D00
GEOM_MULTIPATH: fr-5-Z1X2RSTA00 created
GEOM_MULTIPATH: da28 added to fr-5-Z1X2RSTA00
GEOM_MULTIPATH: da29 added to fr-5-Z1X2W8E200
<118>.
<118>Creating and/or trimming log files.
GEOM_MULTIPATH: fr-4-Z1X2W8VB00 created
GEOM_MULTIPATH: da30 added to fr-4-Z1X2W8VB00
GEOM_MULTIPATH: fr-5-Z1X2W8FD00 created
GEOM_MULTIPATH: da31 added to fr-5-Z1X2W8FD00
GEOM_MULTIPATH: da32 added to fr-5-Z1X2RSTA00
GEOM_MULTIPATH: fr-4-Z1X2WB9Q00 created
GEOM_MULTIPATH: da33 added to fr-4-Z1X2WB9Q00
GEOM_MULTIPATH: fr-5-Z1X2W94N00 created
GEOM_MULTIPATH: da34 added to fr-5-Z1X2W94N00
GEOM_MULTIPATH: da35 added to fr-5-Z1X2W8FD00
GEOM_MULTIPATH: fr-5-Z1X2W8YY00 created
GEOM_MULTIPATH: da36 added to fr-5-Z1X2W8YY00
GEOM_MULTIPATH: fr-4-Z1X2WB3500 created
GEOM_MULTIPATH: da37 added to fr-4-Z1X2WB3500
GEOM_MULTIPATH: da38 added to fr-5-Z1X2W94N00
GEOM_MULTIPATH: fr-5-Z1X2W8A000 created
GEOM_MULTIPATH: da39 added to fr-5-Z1X2W8A000
GEOM_MULTIPATH: fr-4-Z1X2W89T00 created
GEOM_MULTIPATH: da40 added to fr-4-Z1X2W89T00
GEOM_MULTIPATH: da41 added to fr-5-Z1X2W8YY00
GEOM_MULTIPATH: fr-5-Z1X2W84M00 created
GEOM_MULTIPATH: da42 added to fr-5-Z1X2W84M00
GEOM_MULTIPATH: fr-4-Z1X4SMSL00 created
GEOM_MULTIPATH: da43 added to fr-4-Z1X4SMSL00
GEOM_MULTIPATH: fr-5-Z1X2W8GN00 created
GEOM_MULTIPATH: da44 added to fr-5-Z1X2W8GN00
GEOM_MULTIPATH: da45 added to fr-5-Z1X2W8A000
GEOM_MULTIPATH: fr-5-Z1X2WB3L00 created
GEOM_MULTIPATH: da46 added to fr-5-Z1X2WB3L00
GEOM_MULTIPATH: da47 added to fr-5-Z1X2W84M00
GEOM_MULTIPATH: da48 added to fr-5-Z1X2W8GN00
GEOM_MULTIPATH: da49 added to fr-5-Z1X2WB3L00
GEOM_MULTIPATH: da51 added to fr-4-Z1X2X1SE00
GEOM_MULTIPATH: da52 added to fr-4-Z1X2WB2000
GEOM_MULTIPATH: da53 added to fr-4-Z1X2W8VZ00
GEOM_MULTIPATH: da54 added to fr-4-Z1X2WAXN00
GEOM_MULTIPATH: da55 added to fr-4-Z1X2W8Y500
GEOM_MULTIPATH: da56 added to fr-4-Z1X2WB3D00
GEOM_MULTIPATH: da57 added to fr-4-Z1X2W8VB00
GEOM_MULTIPATH: da58 added to fr-4-Z1X2WB9Q00
GEOM_MULTIPATH: da59 added to fr-4-Z1X2WB3500
GEOM_MULTIPATH: da50 added to fr-4-Z1X2W8B500
GEOM_MULTIPATH: da60 added to fr-4-Z1X2W89T00
GEOM_MULTIPATH: da61 added to fr-4-Z1X4SMSL00
<118>Starting syslogd.
<118>Dec 20 22:11:08 fr-1 kernel: mlx4_en: mlx4_core0: Port 1: Using 32 TX rings
<118>Dec 20 22:11:08 fr-1 kernel: mlx4_en: mlx4_core0: Port 1: Using 16 RX rings
<118>Dec 20 22:11:08 fr-1 kernel: mlx4_en: mlxen0: Using 32 TX rings
<118>Dec 20 22:11:08 fr-1 kernel: mlx4_en: mlxen0: Using 16 RX rings
<118>Dec 20 22:11:08 fr-1 kernel: mlx4_en: mlxen0: Initializing port
<118>Dec 20 22:11:08 fr-1 kernel: mlx4_en: mlx4_core1: Port 1: Using 32 TX rings
<118>Dec 20 22:11:08 fr-1 kernel: mlx4_en: mlx4_core1: Port 1: Using 16 RX rings
<118>Dec 20 22:11:08 fr-1 kernel: mlx4_en: mlxen2: Using 32 TX rings
<118>Dec 20 22:11:08 fr-1 kernel: mlx4_en: mlxen2: Using 16 RX rings
<118>Dec 20 22:11:08 fr-1 kernel: mlx4_en: mlxen2: Initializing port
<118>Starting powerd.
<118>powerd: no cpufreq(4) support -- aborting: No such file or directory
<118>/etc/rc: WARNING: failed to start powerd
Security policy loaded: MAC/ntpd (mac_ntpd)
<118>Starting ntpd.
<118>Dec 20 22:11:08 fr-1 ntpd[5495]: leapsecond file ('/var/db/ntpd.leap-seconds.list'): expired 176 days ago
<118>Mounting late filesystems:.
<118>Starting cron.
<118>Performing sanity check on sshd configuration.
<118>Starting sshd.
<118>Starting background file system checks in 60 seconds.
<118>
<118>Sat Dec 20 22:11:09 MSK 2025
WARNING: 100.69.11.5:3260 (iqn.2005-10.org.freenas.ctl:fr-5): connection error; reconnecting
WARNING: 100.69.12.5:3260 (iqn.2005-10.org.freenas.ctl:fr-5): connection error; reconnecting
<118>Dec 20 22:14:15 fr-1 iscsid[5698]: 100.69.12.5:3260 (iqn.2005-10.org.freenas.ctl:fr-5): failed to connect to 100.69.12.5:3260: Connection refused
<118>Dec 20 22:14:15 fr-1 iscsid[5697]: 100.69.11.5:3260 (iqn.2005-10.org.freenas.ctl:fr-5): failed to connect to 100.69.11.5:3260: Connection refused
WARNING: 100.69.12.5:3260 (iqn.2005-10.org.freenas.ctl:fr-5): login timed out after 61 seconds; reconnecting
WARNING: 100.69.11.5:3260 (iqn.2005-10.org.freenas.ctl:fr-5): login timed out after 61 seconds; reconnecting
<118>Dec 20 22:16:17 fr-1 iscsid[5712]: 100.69.11.5:3260 (iqn.2005-10.org.freenas.ctl:fr-5): failed to connect to 100.69.11.5:3260: Operation timed out
<118>Dec 20 22:16:17 fr-1 iscsid[5711]: 100.69.12.5:3260 (iqn.2005-10.org.freenas.ctl:fr-5): failed to connect to 100.69.12.5:3260: Operation timed out
WARNING: 100.69.11.5:3260 (iqn.2005-10.org.freenas.ctl:fr-5): login timed out after 61 seconds; reconnecting
WARNING: 100.69.12.5:3260 (iqn.2005-10.org.freenas.ctl:fr-5): login timed out after 61 seconds; reconnecting
<118>Dec 20 22:16:21 fr-1 iscsid[5717]: 100.69.11.5:3260 (iqn.2005-10.org.freenas.ctl:fr-5): failed to connect to 100.69.11.5:3260: Connection refused
<118>Dec 20 22:16:21 fr-1 iscsid[5718]: 100.69.12.5:3260 (iqn.2005-10.org.freenas.ctl:fr-5): failed to connect to 100.69.12.5:3260: Connection refused
WARNING: 100.69.12.5:3260 (iqn.2005-10.org.freenas.ctl:fr-5): login timed out after 61 seconds; reconnecting
WARNING: 100.69.11.5:3260 (iqn.2005-10.org.freenas.ctl:fr-5): login timed out after 61 seconds; reconnecting
(da42:iscsi3:0:0:9): READ(10). CDB: 28 00 00 48 4f ab 00 00 01 00 
(da42:iscsi3:0:0:9): CAM status: SCSI Status Error
(da42:iscsi3:0:0:9): SCSI status: Check Condition
(da42:iscsi3:0:0:9): SCSI sense: UNIT ATTENTION asc:29,1 (Power on occurred)
(da42:iscsi3:0:0:9): Retrying command (per sense data)
(da23:iscsi4:0:0:1): READ(10). CDB: 28 00 01 03 52 eb 00 00 06 00 
(da23:iscsi4:0:0:1): CAM status: SCSI Status Error
(da23:iscsi4:0:0:1): SCSI status: Check Condition
(da23:iscsi4:0:0:1): SCSI sense: UNIT ATTENTION asc:29,1 (Power on occurred)
(da23:iscsi4:0:0:1): Retrying command (per sense data)
(da32:iscsi4:0:0:4): READ(10). CDB: 28 00 01 40 0e a3 00 00 08 00 
(da38:iscsi4:0:0:6): READ(10). CDB: 28 00 00 40 0c 92 00 00 08 00 
(da20:iscsi4:0:0:0): READ(10). CDB: 28 00 00 80 10 62 00 00 08 00 
(da46:iscsi3:0:0:d): READ(10). CDB: 28 00 00 80 0e 4b 00 00 09 00 
(da32:iscsi4:0:0:4): CAM status: SCSI Status Error
(da20:iscsi4:0:0:0): CAM status: SCSI Status Error
(da20:iscsi4:0:0:0): SCSI status: Check Condition
(da20:iscsi4:0:0:0): SCSI sense: UNIT ATTENTION asc:29,1 (Power on occurred)
(da46:iscsi3:0:0:d): CAM status: SCSI Status Error
(da46:iscsi3:0:0:d): SCSI status: Check Condition
(da46:iscsi3:0:0:d): SCSI sense: UNIT ATTENTION asc:29,1 (Power on occurred)
(da46:iscsi3:0:0:d): Retrying command (per sense data)
(da20:iscsi4:0:0:0): Retrying command (per sense data)
(da19:iscsi3:0:0:1): READ(10). CDB: 28 00 00 80 0f cc 00 00 08 00 
(da17:iscsi3:0:0:0): READ(10). CDB: 28 00 00 80 0f 73 00 00 09 00 
(da28:iscsi3:0:0:4): READ(10). CDB: 28 00 01 40 0f 6d 00 00 09 00 
(da17:iscsi3:0:0:0): CAM status: SCSI Status Error
(da17:iscsi3:0:0:0): SCSI status: Check Condition
(da17:iscsi3:0:0:0): SCSI sense: UNIT ATTENTION asc:29,1 (Power on occurred)
(da19:iscsi3:0:0:1): CAM status: SCSI Status Error
(da19:iscsi3:0:0:1): SCSI status: Check Condition
(da19:iscsi3:0:0:1): SCSI sense: UNIT ATTENTION asc:29,1 (Power on occurred)
(da17:iscsi3:0:0:0): Retrying command (per sense data)
(da19:iscsi3:0:0:1): Retrying command (per sense data)
(da32:iscsi4:0:0:4): SCSI status: Check Condition
(da32:iscsi4:0:0:4): SCSI sense: UNIT ATTENTION asc:29,1 (Power on occurred)
(da32:iscsi4:0:0:4): Retrying command (per sense data)
(da34:iscsi3:0:0:6): READ(10). CDB: 28 00 00 40 0d 8a 00 00 08 00 
(da34:iscsi3:0:0:6): CAM status: SCSI Status Error
(da34:iscsi3:0:0:6): SCSI status: Check Condition
(da34:iscsi3:0:0:6): SCSI sense: UNIT ATTENTION asc:29,1 (Power on occurred)
(da34:iscsi3:0:0:6): Retrying command (per sense data)
(da28:iscsi3:0:0:4): CAM status: SCSI Status Error
(da28:iscsi3:0:0:4): SCSI status: Check Condition
(da28:iscsi3:0:0:4): SCSI sense: UNIT ATTENTION asc:29,1 (Power on occurred)
(da28:iscsi3:0:0:4): Retrying command (per sense data)
(da45:iscsi4:0:0:8): READ(10). CDB: 28 00 00 c0 0e f8 00 00 08 00 
(da45:iscsi4:0:0:8): CAM status: SCSI Status Error
(da47:iscsi4:0:0:9): READ(10). CDB: 28 00 00 c0 0e e0 00 00 08 00 
(da45:iscsi4:0:0:8): SCSI status: Check Condition
(da47:iscsi4:0:0:9): CAM status: SCSI Status Error
(da47:iscsi4:0:0:9): SCSI status: Check Condition
(da47:iscsi4:0:0:9): SCSI sense: UNIT ATTENTION asc:29,1 (Power on occurred)
(da45:iscsi4:0:0:8): SCSI sense: UNIT ATTENTION asc:29,1 (Power on occurred)
(da47:iscsi4:0:0:9): Retrying command (per sense data)
(da45:iscsi4:0:0:8): Retrying command (per sense data)
(da38:iscsi4:0:0:6): CAM status: SCSI Status Error
(da38:iscsi4:0:0:6): SCSI status: Check Condition
(da38:iscsi4:0:0:6): SCSI sense: UNIT ATTENTION asc:29,1 (Power on occurred)
(da38:iscsi4:0:0:6): Retrying command (per sense data)
(da29:iscsi4:0:0:3): READ(10). CDB: 28 00 00 d3 cd 2d 00 00 20 00 
(da29:iscsi4:0:0:3): CAM status: SCSI Status Error
(da29:iscsi4:0:0:3): SCSI status: Check Condition
(da29:iscsi4:0:0:3): SCSI sense: UNIT ATTENTION asc:29,1 (Power on occurred)
(da29:iscsi4:0:0:3): Retrying command (per sense data)
(da25:iscsi3:0:0:3): READ(10). CDB: 28 00 00 d3 49 8d 00 00 20 00 
(da25:iscsi3:0:0:3): CAM status: SCSI Status Error
(da25:iscsi3:0:0:3): SCSI status: Check Condition
(da25:iscsi3:0:0:3): SCSI sense: UNIT ATTENTION asc:29,1 (Power on occurred)
(da25:iscsi3:0:0:3): Retrying command (per sense data)
(da44:iscsi3:0:0:a): READ(10). CDB: 28 00 00 d5 5f 84 00 00 20 00 
(da44:iscsi3:0:0:a): CAM status: SCSI Status Error
(da44:iscsi3:0:0:a): SCSI status: Check Condition
(da44:iscsi3:0:0:a): SCSI sense: UNIT ATTENTION asc:29,1 (Power on occurred)
(da44:iscsi3:0:0:a): Retrying command (per sense data)
(da36:iscsi3:0:0:7): READ(10). CDB: 28 00 00 cd f6 5d 00 00 20 00 
(da36:iscsi3:0:0:7): CAM status: SCSI Status Error
(da36:iscsi3:0:0:7): SCSI status: Check Condition
(da36:iscsi3:0:0:7): SCSI sense: UNIT ATTENTION asc:29,1 (Power on occurred)
(da36:iscsi3:0:0:7): Retrying command (per sense data)
(da22:iscsi3:0:0:2): READ(10). CDB: 28 00 00 c7 2d 5a 00 00 20 00 
(da22:iscsi3:0:0:2): CAM status: SCSI Status Error
(da22:iscsi3:0:0:2): SCSI status: Check Condition
(da22:iscsi3:0:0:2): SCSI sense: UNIT ATTENTION asc:29,1 (Power on occurred)
(da22:iscsi3:0:0:2): Retrying command (per sense data)
(da26:iscsi4:0:0:2): READ(10). CDB: 28 00 00 c8 74 5a 00 00 20 00 
(da26:iscsi4:0:0:2): CAM status: SCSI Status Error
(da26:iscsi4:0:0:2): SCSI status: Check Condition
(da26:iscsi4:0:0:2): SCSI sense: UNIT ATTENTION asc:29,1 (Power on occurred)
(da26:iscsi4:0:0:2): Retrying command (per sense data)
(da39:iscsi3:0:0:8): READ(10). CDB: 28 00 01 0e bb 97 00 00 20 00 
(da39:iscsi3:0:0:8): CAM status: SCSI Status Error
(da39:iscsi3:0:0:8): SCSI status: Check Condition
(da39:iscsi3:0:0:8): SCSI sense: UNIT ATTENTION asc:29,1 (Power on occurred)
(da39:iscsi3:0:0:8): Retrying command (per sense data)
(da49:iscsi4:0:0:d): READ(10). CDB: 28 00 01 0a af 74 00 00 20 00 
(da49:iscsi4:0:0:d): CAM status: SCSI Status Error
(da49:iscsi4:0:0:d): SCSI status: Check Condition
(da49:iscsi4:0:0:d): SCSI sense: UNIT ATTENTION asc:29,1 (Power on occurred)
(da49:iscsi4:0:0:d): Retrying command (per sense data)
(da48:iscsi4:0:0:a): READ(10). CDB: 28 00 00 d5 5f 84 00 00 20 00 
(da48:iscsi4:0:0:a): CAM status: SCSI Status Error
(da48:iscsi4:0:0:a): SCSI status: Check Condition
(da48:iscsi4:0:0:a): SCSI sense: UNIT ATTENTION asc:29,1 (Power on occurred)
(da48:iscsi4:0:0:a): Retrying command (per sense data)
(da41:iscsi4:0:0:7): READ(10). CDB: 28 00 00 cd f6 5d 00 00 20 00 
(da41:iscsi4:0:0:7): CAM status: SCSI Status Error
(da41:iscsi4:0:0:7): SCSI status: Check Condition
(da41:iscsi4:0:0:7): SCSI sense: UNIT ATTENTION asc:29,1 (Power on occurred)
(da41:iscsi4:0:0:7): Retrying command (per sense data)
(da31:iscsi3:0:0:5): READ(10). CDB: 28 00 00 40 0f 41 00 00 09 00 
(da31:iscsi3:0:0:5): CAM status: SCSI Status Error
(da31:iscsi3:0:0:5): SCSI status: Check Condition
(da31:iscsi3:0:0:5): SCSI sense: UNIT ATTENTION asc:29,1 (Power on occurred)
(da31:iscsi3:0:0:5): Retrying command (per sense data)
(da35:iscsi4:0:0:5): READ(10). CDB: 28 00 00 40 0e 6e 00 00 08 00 
(da35:iscsi4:0:0:5): CAM status: SCSI Status Error
(da35:iscsi4:0:0:5): SCSI status: Check Condition
(da35:iscsi4:0:0:5): SCSI sense: UNIT ATTENTION asc:29,1 (Power on occurred)
(da35:iscsi4:0:0:5): Retrying command (per sense data)
WARNING: 100.69.11.5:3260 (iqn.2005-10.org.freenas.ctl:fr-5): connection error; reconnecting
WARNING: 100.69.12.5:3260 (iqn.2005-10.org.freenas.ctl:fr-5): connection error; reconnecting
<118>Dec 20 22:18:24 fr-1 iscsid[5766]: 100.69.12.5:3260 (iqn.2005-10.org.freenas.ctl:fr-5): read: Connection reset by peer
<118>Dec 20 22:18:24 fr-1 iscsid[5765]: 100.69.11.5:3260 (iqn.2005-10.org.freenas.ctl:fr-5): read: Connection reset by peer
WARNING: 100.69.11.5:3260 (iqn.2005-10.org.freenas.ctl:fr-5): login timed out after 61 seconds; reconnecting
WARNING: 100.69.12.5:3260 (iqn.2005-10.org.freenas.ctl:fr-5): login timed out after 61 seconds; reconnecting
<118>Dec 20 22:20:24 fr-1 iscsid[5767]: 100.69.11.5:3260 (iqn.2005-10.org.freenas.ctl:fr-5): failed to connect to 100.69.11.5:3260: Operation timed out
WARNING: 100.69.11.5:3260 (iqn.2005-10.org.freenas.ctl:fr-5): login timed out after 61 seconds; reconnecting
<118>Dec 20 22:20:25 fr-1 iscsid[5768]: 100.69.12.5:3260 (iqn.2005-10.org.freenas.ctl:fr-5): failed to connect to 100.69.12.5:3260: Operation timed out
WARNING: 100.69.12.5:3260 (iqn.2005-10.org.freenas.ctl:fr-5): login timed out after 61 seconds; reconnecting
(da19:iscsi3:0:0:1): READ(10). CDB: 28 00 01 0c a2 dd 00 00 20 00 
(da19:iscsi3:0:0:1): CAM status: SCSI Status Error
(da19:iscsi3:0:0:1): SCSI status: Check Condition
(da19:iscsi3:0:0:1): SCSI sense: UNIT ATTENTION asc:29,1 (Power on occurred)
(da19:iscsi3:0:0:1): Retrying command (per sense data)
(da31:iscsi3:0:0:5): READ(10). CDB: 28 00 00 cc 6f fb 00 00 20 00 
(da42:iscsi3:0:0:9): READ(10). CDB: 28 00 01 15 c3 1e 00 00 20 00 
(da31:iscsi3:0:0:5): CAM status: SCSI Status Error
(da34:iscsi3:0:0:6): READ(10). CDB: 28 00 01 0c af 1b 00 00 20 00 
(da44:iscsi3:0:0:a): READ(10). CDB: 28 00 00 cb 53 04 00 00 20 00 
(da36:iscsi3:0:0:7): READ(10). CDB: 28 00 00 d2 b9 c9 00 00 20 00 
(da42:iscsi3:0:0:9): CAM status: SCSI Status Error
(da22:iscsi3:0:0:2): READ(10). CDB: 28 00 00 c5 9a 59 00 00 20 00 
(da25:iscsi3:0:0:3): READ(10). CDB: 28 00 00 c6 1d c1 00 00 20 00 
(da44:iscsi3:0:0:a): CAM status: SCSI Status Error
(da46:iscsi3:0:0:d): READ(10). CDB: 28 00 01 10 37 74 00 00 20 00 
(da28:iscsi3:0:0:4): READ(10). CDB: 28 00 00 55 76 26 00 00 20 00 
(da42:iscsi3:0:0:9): SCSI status: Check Condition
(da25:iscsi3:0:0:3): CAM status: SCSI Status Error
(da42:iscsi3:0:0:9): SCSI sense: UNIT ATTENTION asc:29,1 (Power on occurred)
(da25:iscsi3:0:0:3): SCSI status: Check Condition
(da46:iscsi3:0:0:d): CAM status: SCSI Status Error
(da39:iscsi3:0:0:8): READ(10). CDB: 28 00 01 12 1c f7 00 00 20 00 
(da46:iscsi3:0:0:d): SCSI status: Check Condition
(da39:iscsi3:0:0:8): CAM status: SCSI Status Error
(da46:iscsi3:0:0:d): SCSI sense: UNIT ATTENTION asc:29,1 (Power on occurred)
(da39:iscsi3:0:0:8): SCSI status: Check Condition
(da46:iscsi3:0:0:d): Retrying command (per sense data)
(da36:iscsi3:0:0:7): CAM status: SCSI Status Error
(da36:iscsi3:0:0:7): SCSI status: Check Condition
(da36:iscsi3:0:0:7): SCSI sense: UNIT ATTENTION asc:29,1 (Power on occurred)
(da36:iscsi3:0:0:7): Retrying command (per sense data)
(da17:iscsi3:0:0:0): READ(10). CDB: 28 00 01 0d 82 97 00 00 20 00 
(da17:iscsi3:0:0:0): CAM status: SCSI Status Error
(da17:iscsi3:0:0:0): SCSI status: Check Condition
(da17:iscsi3:0:0:0): SCSI sense: UNIT ATTENTION asc:29,1 (Power on occurred)
(da31:iscsi3:0:0:5): SCSI status: Check Condition
(da17:iscsi3:0:0:0): Retrying command (per sense data)
(da22:iscsi3:0:0:2): CAM status: SCSI Status Error
(da22:iscsi3:0:0:2): SCSI status: Check Condition
(da22:iscsi3:0:0:2): SCSI sense: UNIT ATTENTION asc:29,1 (Power on occurred)
(da22:iscsi3:0:0:2): Retrying command (per sense data)
(da39:iscsi3:0:0:8): SCSI sense: UNIT ATTENTION asc:29,1 (Power on occurred)
(da39:iscsi3:0:0:8): Retrying command (per sense data)
(da34:iscsi3:0:0:6): CAM status: SCSI Status Error
(da34:iscsi3:0:0:6): SCSI status: Check Condition
(da34:iscsi3:0:0:6): SCSI sense: UNIT ATTENTION asc:29,1 (Power on occurred)
(da28:iscsi3:0:0:4): CAM status: SCSI Status Error
(da28:iscsi3:0:0:4): SCSI status: Check Condition
(da28:iscsi3:0:0:4): SCSI sense: UNIT ATTENTION asc:29,1 (Power on occurred)
(da34:iscsi3:0:0:6): Retrying command (per sense data)
(da28:iscsi3:0:0:4): Retrying command (per sense data)
(da31:iscsi3:0:0:5): SCSI sense: UNIT ATTENTION asc:29,1 (Power on occurred)
(da31:iscsi3:0:0:5): Retrying command (per sense data)
(da42:iscsi3:0:0:9): Retrying command (per sense data)
(da44:iscsi3:0:0:a): SCSI status: Check Condition
(da44:iscsi3:0:0:a): SCSI sense: UNIT ATTENTION asc:29,1 (Power on occurred)
(da44:iscsi3:0:0:a): Retrying command (per sense data)
(da25:iscsi3:0:0:3): SCSI sense: UNIT ATTENTION asc:29,1 (Power on occurred)
(da25:iscsi3:0:0:3): Retrying command (per sense data)
(da45:iscsi4:0:0:8): READ(10). CDB: 28 00 01 0f 55 97 00 00 20 00 
(da45:iscsi4:0:0:8): CAM status: SCSI Status Error
(da45:iscsi4:0:0:8): SCSI status: Check Condition
(da45:iscsi4:0:0:8): SCSI sense: UNIT ATTENTION asc:29,1 (Power on occurred)
(da45:iscsi4:0:0:8): Retrying command (per sense data)
(da47:iscsi4:0:0:9): READ(10). CDB: 28 00 01 11 33 55 00 00 20 00 
(da32:iscsi4:0:0:4): READ(10). CDB: 28 00 00 52 03 be 00 00 20 00 
(da29:iscsi4:0:0:3): READ(10). CDB: 28 00 00 d5 0e 6d 00 00 20 00 
(da35:iscsi4:0:0:5): READ(10). CDB: 28 00 00 d5 0a 5b 00 00 20 00 
(da48:iscsi4:0:0:a): READ(10). CDB: 28 00 00 c9 94 83 00 00 20 00 
(da47:iscsi4:0:0:9): CAM status: SCSI Status Error
(da23:iscsi4:0:0:1): READ(10). CDB: 28 00 01 13 f7 45 00 00 20 00 
(da48:iscsi4:0:0:a): CAM status: SCSI Status Error
(da49:iscsi4:0:0:d): READ(10). CDB: 28 00 01 05 6e 54 00 00 20 00 
(da26:iscsi4:0:0:2): READ(10). CDB: 28 00 00 cf 4f ba 00 00 20 00 
(da32:iscsi4:0:0:4): CAM status: SCSI Status Error
(da41:iscsi4:0:0:7): READ(10). CDB: 28 00 00 ce c6 fd 00 00 20 00 
(da38:iscsi4:0:0:6): READ(10). CDB: 28 00 01 0b 53 9b 00 00 20 00 
(da26:iscsi4:0:0:2): CAM status: SCSI Status Error
(da38:iscsi4:0:0:6): CAM status: SCSI Status Error
(da38:iscsi4:0:0:6): SCSI status: Check Condition
(da38:iscsi4:0:0:6): SCSI sense: UNIT ATTENTION asc:29,1 (Power on occurred)
(da26:iscsi4:0:0:2): SCSI status: Check Condition
(da26:iscsi4:0:0:2): SCSI sense: UNIT ATTENTION asc:29,1 (Power on occurred)
(da26:iscsi4:0:0:2): Retrying command (per sense data)
(da38:iscsi4:0:0:6): Retrying command (per sense data)
(da47:iscsi4:0:0:9): SCSI status: Check Condition
(da49:iscsi4:0:0:d): CAM status: SCSI Status Error
(da49:iscsi4:0:0:d): SCSI status: Check Condition
(da47:iscsi4:0:0:9): SCSI sense: UNIT ATTENTION asc:29,1 (Power on occurred)
(da49:iscsi4:0:0:d): SCSI sense: UNIT ATTENTION asc:29,1 (Power on occurred)
(da47:iscsi4:0:0:9): Retrying command (per sense data)
(da49:iscsi4:0:0:d): Retrying command (per sense data)
(da23:iscsi4:0:0:1): CAM status: SCSI Status Error
(da20:iscsi4:0:0:0): READ(10). CDB: 28 00 01 10 93 b9 00 00 20 00 
(da23:iscsi4:0:0:1): SCSI status: Check Condition
(da20:iscsi4:0:0:0): CAM status: SCSI Status Error
(da20:iscsi4:0:0:0): SCSI status: Check Condition
(da20:iscsi4:0:0:0): SCSI sense: UNIT ATTENTION asc:29,1 (Power on occurred)
(da23:iscsi4:0:0:1): SCSI sense: UNIT ATTENTION asc:29,1 (Power on occurred)
(da20:iscsi4:0:0:0): Retrying command (per sense data)
(da23:iscsi4:0:0:1): Retrying command (per sense data)
(da35:iscsi4:0:0:5): CAM status: SCSI Status Error
(da35:iscsi4:0:0:5): SCSI status: Check Condition
(da35:iscsi4:0:0:5): SCSI sense: UNIT ATTENTION asc:29,1 (Power on occurred)
(da35:iscsi4:0:0:5): Retrying command (per sense data)
(da29:iscsi4:0:0:3): CAM status: SCSI Status Error
(da29:iscsi4:0:0:3): SCSI status: Check Condition
(da29:iscsi4:0:0:3): SCSI sense: UNIT ATTENTION asc:29,1 (Power on occurred)
(da29:iscsi4:0:0:3): Retrying command (per sense data)
(da48:iscsi4:0:0:a): SCSI status: Check Condition
(da48:iscsi4:0:0:a): SCSI sense: UNIT ATTENTION asc:29,1 (Power on occurred)
(da48:iscsi4:0:0:a): Retrying command (per sense data)
(da32:iscsi4:0:0:4): SCSI status: Check Condition
(da32:iscsi4:0:0:4): SCSI sense: UNIT ATTENTION asc:29,1 (Power on occurred)
(da32:iscsi4:0:0:4): Retrying command (per sense data)
(da41:iscsi4:0:0:7): CAM status: SCSI Status Error
(da41:iscsi4:0:0:7): SCSI status: Check Condition
(da41:iscsi4:0:0:7): SCSI sense: UNIT ATTENTION asc:29,1 (Power on occurred)
(da41:iscsi4:0:0:7): Retrying command (per sense data)
WARNING: 100.69.11.5:3260 (iqn.2005-10.org.freenas.ctl:fr-5): connection error; reconnecting
(da44:iscsi3:0:0:a): Invalidating pack
da17 at iscsi3 bus 0 scbus2 target 0 lun 0
da17: <FR-5 Z1X2WAX10000W451 0001>  s/n Z1X2WAX10000W451 detached
(da36:iscsi3:0:0:7): Invalidating pack
(da46:iscsi3:0:0:d): Invalidating pack
(da28:iscsi3:0:0:4): Invalidating pack
(da31:iscsi3:0:0:5): Invalidating pack
GEOM_MULTIPATH: Error 6, da44 in fr-5-Z1X2W8GN00 marked FAIL
da19 at iscsi3 bus 0 scbus2 target 0 lun 1
da19: <FR-5 Z1X2WB6J0000W451 0001>  s/n Z1X2WB6J0000W451 detached
GEOM_MULTIPATH: da17 in fr-5-Z1X2WAX100 was disconnected
GEOM_MULTIPATH: Error 6, da28 in fr-5-Z1X2RSTA00 marked FAIL
da22 at iscsi3 bus 0 scbus2 target 0 lun 2
da22: <FR-5 Z1X2W8DM0000W451 0001>  s/n Z1X2W8DM0000W451 detached
da25 at iscsi3 bus 0 scbus2 target 0 lun 3
da25: <FR-5 Z1X2W8E20000W451 0001>  s/n Z1X2W8E20000W451 detached
da28 at iscsi3 bus 0 scbus2 target 0 lun 4
da28: <FR-5 Z1X2RSTA00009438 0001>  s/n Z1X2RSTA00009438 detached
da31 at iscsi3 bus 0 scbus2 target 0 lun 5
da31: <FR-5 Z1X2W8FD0000W451 0001>  s/n Z1X2W8FD0000W451 detached
da34 at iscsi3 bus 0 scbus2 target 0 lun 6
da34: <FR-5 Z1X2W94N0000W451 0001>  s/n Z1X2W94N0000W451 detached
GEOM_MULTIPATH: da19 in fr-5-Z1X2WB6J00 was disconnected
GEOM_MULTIPATH: da22 in fr-5-Z1X2W8DM00 was disconnected
da36 at iscsi3 bus 0 scbus2 target 0 lun 7
da36: <FR-5 Z1X2W8YY0000W451 0001>  s/n Z1X2W8YY0000W451 detached
GEOM_MULTIPATH: da25 in fr-5-Z1X2W8E200 was disconnected
da39 at iscsi3 bus 0 scbus2 target 0 lun 8
da39: <FR-5 Z1X2W8A00000W451 0001>  s/n Z1X2W8A00000W451 detached
GEOM_MULTIPATH: da28 in fr-5-Z1X2RSTA00 was disconnected
da42 at iscsi3 bus 0 scbus2 target 0 lun 9
da42: <FR-5 Z1X2W84M0000W451 0001>  s/n Z1X2W84M0000W451 detached
da44 at iscsi3 bus 0 scbus2 target 0 lun a
da44: <FR-5 Z1X2W8GN0000W451 0001>  s/n Z1X2W8GN0000W451 detached
da46 at iscsi3 bus 0 scbus2 target 0 lun d
da46: <FR-5 Z1X2WB3L00009445 0001>  s/n Z1X2WB3L00009445 detached
GEOM_MULTIPATH: Error 6, da31 in fr-5-Z1X2W8FD00 marked FAIL
GEOM_MULTIPATH: da31 in fr-5-Z1X2W8FD00 was disconnected
GEOM_MULTIPATH: Error 6, da36 in fr-5-Z1X2W8YY00 marked FAIL
GEOM_MULTIPATH: da34 in fr-5-Z1X2W94N00 was disconnected
GEOM_MULTIPATH: Error 6, da46 in fr-5-Z1X2WB3L00 marked FAIL
GEOM_MULTIPATH: da36 in fr-5-Z1X2W8YY00 was disconnected
GEOM_MULTIPATH: Error 6, da17 in fr-5-Z1X2WAX100 marked FAIL
GEOM_MULTIPATH: da39 in fr-5-Z1X2W8A000 was disconnected
GEOM_MULTIPATH: da42 in fr-5-Z1X2W84M00 was disconnected
GEOM_MULTIPATH: da44 in fr-5-Z1X2W8GN00 was disconnected
GEOM_MULTIPATH: da46 in fr-5-Z1X2WB3L00 was disconnected
GEOM_MULTIPATH: da19 removed from fr-5-Z1X2WB6J00
GEOM_MULTIPATH: da22 removed from fr-5-Z1X2W8DM00
GEOM_MULTIPATH: da25 removed from fr-5-Z1X2W8E200
GEOM_MULTIPATH: da28 removed from fr-5-Z1X2RSTA00
GEOM_MULTIPATH: da31 removed from fr-5-Z1X2W8FD00
GEOM_MULTIPATH: da34 removed from fr-5-Z1X2W94N00
GEOM_MULTIPATH: da36 removed from fr-5-Z1X2W8YY00
GEOM_MULTIPATH: da39 removed from fr-5-Z1X2W8A000
GEOM_MULTIPATH: da42 removed from fr-5-Z1X2W84M00
GEOM_MULTIPATH: da44 removed from fr-5-Z1X2W8GN00
GEOM_MULTIPATH: da46 removed from fr-5-Z1X2WB3L00
GEOM_MULTIPATH: da17 removed from fr-5-Z1X2WAX100
(da46:iscsi3:0:0:d): Periph destroyed
(da44:iscsi3:0:0:a): Periph destroyed
(da42:iscsi3:0:0:9): Periph destroyed
(da39:iscsi3:0:0:8): Periph destroyed
(da36:iscsi3:0:0:7): Periph destroyed
(da34:iscsi3:0:0:6): Periph destroyed
(da31:iscsi3:0:0:5): Periph destroyed
(da28:iscsi3:0:0:4): Periph destroyed
(da25:iscsi3:0:0:3): Periph destroyed
(da22:iscsi3:0:0:2): Periph destroyed
(da19:iscsi3:0:0:1): Periph destroyed
(da17:iscsi3:0:0:0): Periph destroyed
WARNING: 100.69.12.5:3260 (iqn.2005-10.org.freenas.ctl:fr-5): connection error; reconnecting
(da41:iscsi4:0:0:7): Invalidating pack
(da35:iscsi4:0:0:5): Invalidating pack
(da49:iscsi4:0:0:d): Invalidating pack
(da48:iscsi4:0:0:a): Invalidating pack
(da32:iscsi4:0:0:4): Invalidating pack
GEOM_MULTIPATH: Error 6, da41 in fr-5-Z1X2W8YY00 marked FAIL
(da29:iscsi4:0:0:3): Invalidating pack
(da23:iscsi4:0:0:1): Invalidating pack
(da20:iscsi4:0:0:0): Invalidating pack
(da38:iscsi4:0:0:6): Invalidating pack
da41 at iscsi4 bus 0 scbus4 target 0 lun 7
da41: <FR-5 Z1X2W8YY0000W451 0001>  s/n Z1X2W8YY0000W451 detached
GEOM_MULTIPATH: all paths in fr-5-Z1X2W8YY00 were marked FAIL, restore da41
GEOM_MULTIPATH: Error 6, da49 in fr-5-Z1X2WB3L00 marked FAIL
GEOM_MULTIPATH: all paths in fr-5-Z1X2WB3L00 were marked FAIL, restore da49
GEOM_MULTIPATH: da41 in fr-5-Z1X2W8YY00 was disconnected
GEOM_MULTIPATH: Error 6, da48 in fr-5-Z1X2W8GN00 marked FAIL
GEOM_MULTIPATH: out of providers for fr-5-Z1X2W8YY00
GEOM_MULTIPATH: all paths in fr-5-Z1X2W8GN00 were marked FAIL, restore da48
GEOM_MULTIPATH: Error 6, da41 in fr-5-Z1X2W8YY00 marked FAIL
GEOM_MULTIPATH: Error 6, da35 in fr-5-Z1X2W8FD00 marked FAIL
GEOM_MULTIPATH: all paths in fr-5-Z1X2W8FD00 were marked FAIL, restore da35
GEOM_MULTIPATH: Error 6, da32 in fr-5-Z1X2RSTA00 marked FAIL
GEOM_MULTIPATH: all paths in fr-5-Z1X2RSTA00 were marked FAIL, restore da32
GEOM_MULTIPATH: Error 6, da29 in fr-5-Z1X2W8E200 marked FAIL
GEOM_MULTIPATH: all paths in fr-5-Z1X2W8E200 were marked FAIL, restore da29
GEOM_MULTIPATH: Error 6, da48 in fr-5-Z1X2W8GN00 marked FAIL
GEOM_MULTIPATH: all paths in fr-5-Z1X2W8GN00 were marked FAIL, restore da48
GEOM_MULTIPATH: Error 6, da35 in fr-5-Z1X2W8FD00 marked FAIL
GEOM_MULTIPATH: all paths in fr-5-Z1X2W8FD00 were marked FAIL, restore da35
da35 at iscsi4 bus 0 scbus4 target 0 lun 5
da35: <FR-5 Z1X2W8FD0000W451 0001>  s/n Z1X2W8FD0000W451 detached
GEOM_MULTIPATH: Error 6, da20 in fr-5-Z1X2WAX100 marked FAIL
GEOM_MULTIPATH: all paths in fr-5-Z1X2WAX100 were marked FAIL, restore da20
da49 at iscsi4 bus 0 scbus4 target 0 lun d
da49: <FR-5 Z1X2WB3L00009445 0001>  s/n Z1X2WB3L00009445 detached
GEOM_MULTIPATH: da35 in fr-5-Z1X2W8FD00 was disconnected
GEOM_MULTIPATH: Error 6, da48 in fr-5-Z1X2W8GN00 marked FAIL
GEOM_MULTIPATH: out of providers for fr-5-Z1X2W8FD00
GEOM_MULTIPATH: all paths in fr-5-Z1X2W8GN00 were marked FAIL, restore da48
GEOM_MULTIPATH: Error 6, da49 in fr-5-Z1X2WB3L00 marked FAIL
da48 at iscsi4 bus 0 scbus4 target 0 lun a
da48: <FR-5 Z1X2W8GN0000W451 0001>  s/n Z1X2W8GN0000W451 detached
GEOM_MULTIPATH: da49 in fr-5-Z1X2WB3L00 was disconnected
GEOM_MULTIPATH: all paths in fr-5-Z1X2WB3L00 were marked FAIL, restore da49
GEOM_MULTIPATH: out of providers for fr-5-Z1X2WB3L00
GEOM_MULTIPATH: Error 6, da38 in fr-5-Z1X2W94N00 marked FAIL
da20 at iscsi4 bus 0 scbus4 target 0 lun 0
da20: <FR-5 Z1X2WAX10000W451 0001>  s/n Z1X2WAX10000W451 detached
GEOM_MULTIPATH: da48 in fr-5-Z1X2W8GN00 was disconnected
da23 at iscsi4 bus 0 scbus4 target 0 lun 1
da23: <FR-5 Z1X2WB6J0000W451 0001>  s/n Z1X2WB6J0000W451 detached
GEOM_MULTIPATH: out of providers for fr-5-Z1X2W8GN00
da26 at iscsi4 bus 0 scbus4 target 0 lun 2
da26: <FR-5 Z1X2W8DM0000W451 0001>  s/n Z1X2W8DM0000W451 detached
GEOM_MULTIPATH: da20 in fr-5-Z1X2WAX100 was disconnected
da29 at iscsi4 bus 0 scbus4 target 0 lun 3
da29: <FR-5 Z1X2W8E20000W451 0001>  s/n Z1X2W8E20000W451 detached
GEOM_MULTIPATH: out of providers for fr-5-Z1X2WAX100
da32 at iscsi4 bus 0 scbus4 target 0 lun 4
da32: <FR-5 Z1X2RSTA00009438 0001>  s/n Z1X2RSTA00009438 detached
GEOM_MULTIPATH: all paths in fr-5-Z1X2W94N00 were marked FAIL, restore da38
da38 at iscsi4 bus 0 scbus4 target 0 lun 6
da38: <FR-5 Z1X2W94N0000W451 0001>  s/n Z1X2W94N0000W451 detached
da45 at iscsi4 bus 0 scbus4 target 0 lun 8
da45: <FR-5 Z1X2W8A00000W451 0001>  s/n Z1X2W8A00000W451 detached
da47 at iscsi4 bus 0 scbus4 target 0 lun 9
da47: <FR-5 Z1X2W84M0000W451 0001>  s/n Z1X2W84M0000W451 detached
GEOM_MULTIPATH: da23 in fr-5-Z1X2WB6J00 was disconnected
GEOM_MULTIPATH: out of providers for fr-5-Z1X2WB6J00
GEOM_MULTIPATH: da26 in fr-5-Z1X2W8DM00 was disconnected
GEOM_MULTIPATH: out of providers for fr-5-Z1X2W8DM00
GEOM_MULTIPATH: Error 6, da20 in fr-5-Z1X2WAX100 marked FAIL
GEOM_MULTIPATH: da29 in fr-5-Z1X2W8E200 was disconnected
GEOM_MULTIPATH: out of providers for fr-5-Z1X2W8E200
GEOM_MULTIPATH: Error 6, da49 in fr-5-Z1X2WB3L00 marked FAIL
GEOM_MULTIPATH: da32 in fr-5-Z1X2RSTA00 was disconnected
GEOM_MULTIPATH: Error 6, da48 in fr-5-Z1X2W8GN00 marked FAIL
GEOM_MULTIPATH: out of providers for fr-5-Z1X2RSTA00
GEOM_MULTIPATH: Error 6, da35 in fr-5-Z1X2W8FD00 marked FAIL
GEOM_MULTIPATH: da38 in fr-5-Z1X2W94N00 was disconnected
GEOM_MULTIPATH: out of providers for fr-5-Z1X2W94N00
GEOM_MULTIPATH: Error 6, da23 in fr-5-Z1X2WB6J00 marked FAIL
GEOM_MULTIPATH: da45 in fr-5-Z1X2W8A000 was disconnected
GEOM_MULTIPATH: Error 6, da32 in fr-5-Z1X2RSTA00 marked FAIL
GEOM_MULTIPATH: out of providers for fr-5-Z1X2W8A000
GEOM_MULTIPATH: Error 6, da29 in fr-5-Z1X2W8E200 marked FAIL
GEOM_MULTIPATH: da47 in fr-5-Z1X2W84M00 was disconnected
GEOM_MULTIPATH: out of providers for fr-5-Z1X2W84M00
GEOM_MULTIPATH: Error 6, da38 in fr-5-Z1X2W94N00 marked FAIL
GEOM_MULTIPATH: da26 removed from fr-5-Z1X2W8DM00
GEOM_MULTIPATH: destroying fr-5-Z1X2W8DM00
GEOM_MULTIPATH: da45 removed from fr-5-Z1X2W8A000
GEOM_MULTIPATH: destroying fr-5-Z1X2W8A000
GEOM_MULTIPATH: da47 removed from fr-5-Z1X2W84M00
GEOM_MULTIPATH: destroying fr-5-Z1X2W84M00
GEOM_MULTIPATH: da41 removed from fr-5-Z1X2W8YY00
GEOM_MULTIPATH: destroying fr-5-Z1X2W8YY00
GEOM_MULTIPATH: da49 removed from fr-5-Z1X2WB3L00
GEOM_MULTIPATH: destroying fr-5-Z1X2WB3L00
GEOM_MULTIPATH: da48 removed from fr-5-Z1X2W8GN00
GEOM_MULTIPATH: destroying fr-5-Z1X2W8GN00
GEOM_MULTIPATH: da23 removed from fr-5-Z1X2WB6J00
GEOM_MULTIPATH: destroying fr-5-Z1X2WB6J00
GEOM_MULTIPATH: da32 removed from fr-5-Z1X2RSTA00
GEOM_MULTIPATH: destroying fr-5-Z1X2RSTA00
GEOM_MULTIPATH: da29 removed from fr-5-Z1X2W8E200
GEOM_MULTIPATH: destroying fr-5-Z1X2W8E200
GEOM_MULTIPATH: da35 removed from fr-5-Z1X2W8FD00
GEOM_MULTIPATH: destroying fr-5-Z1X2W8FD00
GEOM_MULTIPATH: da20 removed from fr-5-Z1X2WAX100
GEOM_MULTIPATH: destroying fr-5-Z1X2WAX100
GEOM_MULTIPATH: da38 removed from fr-5-Z1X2W94N00
GEOM_MULTIPATH: destroying fr-5-Z1X2W94N00
(da49:iscsi4:0:0:d): Periph destroyed
(da48:iscsi4:0:0:a): Periph destroyed
(da47:iscsi4:0:0:9): Periph destroyed
(da45:iscsi4:0:0:8): Periph destroyed
(da41:iscsi4:0:0:7): Periph destroyed
(da38:iscsi4:0:0:6): Periph destroyed
(da35:iscsi4:0:0:5): Periph destroyed
(da32:iscsi4:0:0:4): Periph destroyed
(da29:iscsi4:0:0:3): Periph destroyed
(da26:iscsi4:0:0:2): Periph destroyed
(da23:iscsi4:0:0:1): Periph destroyed
(da20:iscsi4:0:0:0): Periph destroyed
<118>Dec 20 22:23:29 fr-1 ZFS[5858]: vdev probe failure, zpool=POOL-01 path=/dev/gpt/fr-5-Z1X2W8YY00
<118>Dec 20 22:23:29 fr-1 ZFS[5874]: vdev probe failure, zpool=POOL-01 path=/dev/gpt/fr-5-Z1X2WB3L00
<118>Dec 20 22:23:29 fr-1 ZFS[5924]: vdev probe failure, zpool=POOL-01 path=/dev/gpt/fr-5-Z1X2W8GN00
<118>Dec 20 22:23:29 fr-1 ZFS[5984]: vdev probe failure, zpool=POOL-01 path=/dev/gpt/fr-5-Z1X2WAX100
<118>Dec 20 22:23:29 fr-1 ZFS[5988]: vdev probe failure, zpool=POOL-01 path=/dev/gpt/fr-5-Z1X2W94N00
<118>Dec 20 22:23:30 fr-1 iscsid[5832]: 100.69.12.5:3260 (iqn.2005-10.org.freenas.ctl:fr-5): read: Connection reset by peer
<118>Dec 20 22:23:30 fr-1 iscsid[5827]: 100.69.11.5:3260 (iqn.2005-10.org.freenas.ctl:fr-5): read: Connection reset by peer
GEOM_MULTIPATH: fr-5-Z1X2RSTA00 destroyed
GEOM_MULTIPATH: fr-5-Z1X2W84M00 destroyed
GEOM_MULTIPATH: fr-5-Z1X2W8A000 destroyed
GEOM_MULTIPATH: fr-5-Z1X2W8DM00 destroyed
GEOM_MULTIPATH: fr-5-Z1X2W8E200 destroyed
GEOM_MULTIPATH: fr-5-Z1X2W8FD00 destroyed
GEOM_MULTIPATH: fr-5-Z1X2W8GN00 destroyed
GEOM_MULTIPATH: fr-5-Z1X2W8YY00 destroyed
GEOM_MULTIPATH: fr-5-Z1X2W94N00 destroyed
GEOM_MULTIPATH: fr-5-Z1X2WAX100 destroyed
GEOM_MULTIPATH: fr-5-Z1X2WB3L00 destroyed
GEOM_MULTIPATH: fr-5-Z1X2WB6J00 destroyed
WARNING: 100.69.12.5:3260 (iqn.2005-10.org.freenas.ctl:fr-5): login timed out after 61 seconds; reconnecting
WARNING: 100.69.11.5:3260 (iqn.2005-10.org.freenas.ctl:fr-5): login timed out after 61 seconds; reconnecting
<118>Dec 20 22:25:30 fr-1 iscsid[6152]: 100.69.11.5:3260 (iqn.2005-10.org.freenas.ctl:fr-5): failed to connect to 100.69.11.5:3260: Operation timed out
<118>Dec 20 22:25:30 fr-1 iscsid[6151]: 100.69.12.5:3260 (iqn.2005-10.org.freenas.ctl:fr-5): failed to connect to 100.69.12.5:3260: Operation timed out
WARNING: 100.69.11.5:3260 (iqn.2005-10.org.freenas.ctl:fr-5): login timed out after 61 seconds; reconnecting
WARNING: 100.69.12.5:3260 (iqn.2005-10.org.freenas.ctl:fr-5): login timed out after 61 seconds; reconnecting
da17 at iscsi3 bus 0 scbus2 target 0 lun 0
da17: <FR-5 Z1X2WAX10000W451 0001> Fixed Direct Access SPC-5 SCSI device
da17: Serial Number Z1X2WAX10000W451
da17: 150.000MB/s transfers
da17: Command Queueing enabled
da17: 1907729MB (488378646 4096 byte sectors)
da19 at iscsi3 bus 0 scbus2 target 0 lun 1
da19: <FR-5 Z1X2WB6J0000W451 0001> Fixed Direct Access SPC-5 SCSI device
da19: Serial Number Z1X2WB6J0000W451
da19: 150.000MB/s transfers
da19: Command Queueing enabled
da19: 1907729MB (488378646 4096 byte sectors)
da20 at iscsi3 bus 0 scbus2 target 0 lun 2
da20: <FR-5 Z1X2W8DM0000W451 0001> Fixed Direct Access SPC-5 SCSI device
da20: Serial Number Z1X2W8DM0000W451
da20: 150.000MB/s transfers
da20: Command Queueing enabled
da20: 1907729MB (488378646 4096 byte sectors)
GEOM_MULTIPATH: fr-5-Z1X2WAX100 created
da22 at iscsi4 bus 0 scbus4 target 0 lun 0
da22: <FR-5 Z1X2WAX10000W451 0001> Fixed Direct Access SPC-5 SCSI device
da22: Serial Number Z1X2WAX10000W451
da22: 150.000MB/s transfers
da22: Command Queueing enabled
da22: 1907729MB (488378646 4096 byte sectors)
GEOM_MULTIPATH: da17 added to fr-5-Z1X2WAX100
da23 at iscsi3 bus 0 scbus2 target 0 lun 3
da23: <FR-5 Z1X2W8E20000W451 0001> Fixed Direct Access SPC-5 SCSI device
da23: Serial Number Z1X2W8E20000W451
da23: 150.000MB/s transfers
da23: Command Queueing enabled
da23: 1907729MB (488378646 4096 byte sectors)
da25 at iscsi4 bus 0 scbus4 target 0 lun 1
da25: <FR-5 Z1X2WB6J0000W451 0001> Fixed Direct Access SPC-5 SCSI device
da25: Serial Number Z1X2WB6J0000W451
da25: 150.000MB/s transfers
da25: Command Queueing enabled
da25: 1907729MB (488378646 4096 byte sectors)
da26 at iscsi3 bus 0 scbus2 target 0 lun 4
da26: <FR-5 Z1X2RSTA00009438 0001> Fixed Direct Access SPC-5 SCSI device
da26: Serial Number Z1X2RSTA00009438
da26: 150.000MB/s transfers
da26: Command Queueing enabled
da26: 1907729MB (488378646 4096 byte sectors)
da28 at iscsi4 bus 0 scbus4 target 0 lun 2
da28: <FR-5 Z1X2W8DM0000W451 0001> Fixed Direct Access SPC-5 SCSI device
da28: Serial Number Z1X2W8DM0000W451
da28: 150.000MB/s transfers
da28: Command Queueing enabled
da28: 1907729MB (488378646 4096 byte sectors)
da29 at iscsi3 bus 0 scbus2 target 0 lun 5
da29: <FR-5 Z1X2W8FD0000W451 0001> Fixed Direct Access SPC-5 SCSI device
da29: Serial Number Z1X2W8FD0000W451
da29: 150.000MB/s transfers
da29: Command Queueing enabled
da29: 1907729MB (488378646 4096 byte sectors)
da31 at iscsi4 bus 0 scbus4 target 0 lun 3
da31: <FR-5 Z1X2W8E20000W451 0001> Fixed Direct Access SPC-5 SCSI device
da31: Serial Number Z1X2W8E20000W451
da31: 150.000MB/s transfers
da31: Command Queueing enabled
da31: 1907729MB (488378646 4096 byte sectors)
da32 at iscsi3 bus 0 scbus2 target 0 lun 6
da32: <FR-5 Z1X2W94N0000W451 0001> Fixed Direct Access SPC-5 SCSI device
da32: Serial Number Z1X2W94N0000W451
da32: 150.000MB/s transfers
da32: Command Queueing enabled
da32: 1907729MB (488378646 4096 byte sectors)
da34 at iscsi4 bus 0 scbus4 target 0 lun 4
da34: <FR-5 Z1X2RSTA00009438 0001> Fixed Direct Access SPC-5 SCSI device
da34: Serial Number Z1X2RSTA00009438
da34: 150.000MB/s transfers
da34: Command Queueing enabled
da34: 1907729MB (488378646 4096 byte sectors)
da35 at iscsi3 bus 0 scbus2 target 0 lun 7
da35: <FR-5 Z1X2W8YY0000W451 0001> Fixed Direct Access SPC-5 SCSI device
da35: Serial Number Z1X2W8YY0000W451
da35: 150.000MB/s transfers
da35: Command Queueing enabled
da35: 1907729MB (488378646 4096 byte sectors)
da36 at iscsi4 bus 0 scbus4 target 0 lun 5
da36: <FR-5 Z1X2W8FD0000W451 0001> Fixed Direct Access SPC-5 SCSI device
da36: Serial Number Z1X2W8FD0000W451
da36: 150.000MB/s transfers
da36: Command Queueing enabled
da36: 1907729MB (488378646 4096 byte sectors)
da38 at iscsi3 bus 0 scbus2 target 0 lun 8
da38: <FR-5 Z1X2W8A00000W451 0001> Fixed Direct Access SPC-5 SCSI device
da38: Serial Number Z1X2W8A00000W451
da38: 150.000MB/s transfers
da38: Command Queueing enabled
da38: 1907729MB (488378646 4096 byte sectors)
da39 at iscsi4 bus 0 scbus4 target 0 lun 6
da39: <FR-5 Z1X2W94N0000W451 0001> Fixed Direct Access SPC-5 SCSI device
da39: Serial Number Z1X2W94N0000W451
da39: 150.000MB/s transfers
da39: Command Queueing enabled
da39: 1907729MB (488378646 4096 byte sectors)
da41 at iscsi3 bus 0 scbus2 target 0 lun 9
da41: <FR-5 Z1X2W84M0000W451 0001> Fixed Direct Access SPC-5 SCSI device
da41: Serial Number Z1X2W84M0000W451
da41: 150.000MB/s transfers
da41: Command Queueing enabled
da41: 1907729MB (488378646 4096 byte sectors)
da42 at iscsi4 bus 0 scbus4 target 0 lun 7
da42: <FR-5 Z1X2W8YY0000W451 0001> Fixed Direct Access SPC-5 SCSI device
da42: Serial Number Z1X2W8YY0000W451
da42: 150.000MB/s transfers
da42: Command Queueing enabled
da42: 1907729MB (488378646 4096 byte sectors)
da44 at iscsi3 bus 0 scbus2 target 0 lun a
da44: <FR-5 Z1X2W8GN0000W451 0001> Fixed Direct Access SPC-5 SCSI device
da44: Serial Number Z1X2W8GN0000W451
da44: 150.000MB/s transfers
da44: Command Queueing enabled
da44: 1907729MB (488378646 4096 byte sectors)
da45 at iscsi4 bus 0 scbus4 target 0 lun 8
